2026-10-02 00:22:12,868 INFO     benchmark — 10/4000  A:60%  207.06 matches/s  ETA 19s
2026-10-02 00:22:12,902 INFO     benchmark — 20/4000  A:50%  243.86 matches/s  ETA 16s
2026-10-02 00:22:12,953 INFO     benchmark — 30/4000  A:43%  224.60 matches/s  ETA 18s
2026-10-02 00:22:13,002 INFO     benchmark — 40/4000  A:42%  218.98 matches/s  ETA 18s
2026-10-02 00:22:13,041 INFO     benchmark — 50/4000  A:44%  226.26 matches/s  ETA 17s
2026-10-02 00:22:13,081 INFO     benchmark — 60/4000  A:50%  229.29 matches/s  ETA 17s
2026-10-02 00:22:13,124 INFO     benchmark — 70/4000  A:53%  230.31 matches/s  ETA 17s
2026-10-02 00:22:13,173 INFO     benchmark — 80/4000  A:51%  226.61 matches/s  ETA 17s
2026-10-02 00:22:13,224 INFO     benchmark — 90/4000  A:54%  222.26 matches/s  ETA 18s
2026-10-02 00:22:13,278 INFO     benchmark — 100/4000  A:56%  218.07 matches/s  ETA 18s
2026-10-02 00:22:13,303 INFO     benchmark — 110/4000  A:55%  227.41 matches/s  ETA 17s
2026-10-02 00:22:13,359 INFO     benchmark — 120/4000  A:58%  222.49 matches/s  ETA 17s
2026-10-02 00:22:13,409 INFO     benchmark — 130/4000  A:56%  220.72 matches/s  ETA 18s
2026-10-02 00:22:13,465 INFO     benchmark — 140/4000  A:55%  216.77 matches/s  ETA 18s
2026-10-02 00:22:13,512 INFO     benchmark — 150/4000  A:55%  216.64 matches/s  ETA 18s
2026-10-02 00:22:13,552 INFO     benchmark — 160/4000  A:54%  218.54 matches/s  ETA 18s
2026-10-02 00:22:13,598 INFO     benchmark — 170/4000  A:53%  218.51 matches/s  ETA 18s
2026-10-02 00:22:13,653 INFO     benchmark — 180/4000  A:53%  215.86 matches/s  ETA 18s
2026-10-02 00:22:13,700 INFO     benchmark — 190/4000  A:54%  215.90 matches/s  ETA 18s
2026-10-02 00:22:13,760 INFO     benchmark — 200/4000  A:54%  212.72 matches/s  ETA 18s
2026-10-02 00:22:13,796 INFO     benchmark — 210/4000  A:53%  215.09 matches/s  ETA 18s
2026-10-02 00:22:13,843 INFO     benchmark — 220/4000  A:52%  214.87 matches/s  ETA 18s
2026-10-02 00:22:13,891 INFO     benchmark — 230/4000  A:51%  214.76 matches/s  ETA 18s
2026-10-02 00:22:13,930 INFO     benchmark — 240/4000  A:50%  216.08 matches/s  ETA 17s
2026-10-02 00:22:13,973 INFO     benchmark — 250/4000  A:49%  216.66 matches/s  ETA 17s
2026-10-02 00:22:14,023 INFO     benchmark — 260/4000  A:50%  216.05 matches/s  ETA 17s
2026-10-02 00:22:14,061 INFO     benchmark — 270/4000  A:50%  217.41 matches/s  ETA 17s
2026-10-02 00:22:14,106 INFO     benchmark — 280/4000  A:49%  217.63 matches/s  ETA 17s
2026-10-02 00:22:14,145 INFO     benchmark — 290/4000  A:50%  218.75 matches/s  ETA 17s
2026-10-02 00:22:14,198 INFO     benchmark — 300/4000  A:50%  217.69 matches/s  ETA 17s
2026-10-02 00:22:14,239 INFO     benchmark — 310/4000  A:50%  218.47 matches/s  ETA 17s
2026-10-02 00:22:14,290 INFO     benchmark — 320/4000  A:50%  217.65 matches/s  ETA 17s
2026-10-02 00:22:14,338 INFO     benchmark — 330/4000  A:50%  217.38 matches/s  ETA 17s
2026-10-02 00:22:14,391 INFO     benchmark — 340/4000  A:49%  216.43 matches/s  ETA 17s
2026-10-02 00:22:14,440 INFO     benchmark — 350/4000  A:50%  216.04 matches/s  ETA 17s
2026-10-02 00:22:14,478 INFO     benchmark — 360/4000  A:50%  217.02 matches/s  ETA 17s
2026-10-02 00:22:14,523 INFO     benchmark — 370/4000  A:49%  217.26 matches/s  ETA 17s
2026-10-02 00:22:14,567 INFO     benchmark — 380/4000  A:49%  217.48 matches/s  ETA 17s
2026-10-02 00:22:14,617 INFO     benchmark — 390/4000  A:49%  217.02 matches/s  ETA 17s
2026-10-02 00:22:14,675 INFO     benchmark — 400/4000  A:49%  215.60 matches/s  ETA 17s
2026-10-02 00:22:14,712 INFO     benchmark — 410/4000  A:49%  216.68 matches/s  ETA 17s
2026-10-02 00:22:14,757 INFO     benchmark — 420/4000  A:49%  216.75 matches/s  ETA 17s
2026-10-02 00:22:14,813 INFO     benchmark — 430/4000  A:49%  215.65 matches/s  ETA 17s
2026-10-02 00:22:14,844 INFO     benchmark — 440/4000  A:49%  217.36 matches/s  ETA 16s
2026-10-02 00:22:14,902 INFO     benchmark — 450/4000  A:49%  216.07 matches/s  ETA 16s
2026-10-02 00:22:14,928 INFO     benchmark — 460/4000  A:48%  218.15 matches/s  ETA 16s
2026-10-02 00:22:14,987 INFO     benchmark — 470/4000  A:49%  216.86 matches/s  ETA 16s
2026-10-02 00:22:15,049 INFO     benchmark — 480/4000  A:49%  215.34 matches/s  ETA 16s
2026-10-02 00:22:15,086 INFO     benchmark — 490/4000  A:48%  216.24 matches/s  ETA 16s
2026-10-02 00:22:15,117 INFO     benchmark — 500/4000  A:49%  217.63 matches/s  ETA 16s
2026-10-02 00:22:15,153 INFO     benchmark — 510/4000  A:49%  218.60 matches/s  ETA 16s
2026-10-02 00:22:15,208 INFO     benchmark — 520/4000  A:49%  217.69 matches/s  ETA 16s
2026-10-02 00:22:15,268 INFO     benchmark — 530/4000  A:49%  216.47 matches/s  ETA 16s
2026-10-02 00:22:15,309 INFO     benchmark — 540/4000  A:49%  216.89 matches/s  ETA 16s
2026-10-02 00:22:15,343 INFO     benchmark — 550/4000  A:49%  217.97 matches/s  ETA 16s
2026-10-02 00:22:15,484 INFO     benchmark — 560/4000  A:49%  210.15 matches/s  ETA 16s
2026-10-02 00:22:15,533 INFO     benchmark — 570/4000  A:49%  210.10 matches/s  ETA 16s
2026-10-02 00:22:15,568 INFO     benchmark — 580/4000  A:49%  211.01 matches/s  ETA 16s
2026-10-02 00:22:15,621 INFO     benchmark — 590/4000  A:49%  210.64 matches/s  ETA 16s
2026-10-02 00:22:15,666 INFO     benchmark — 600/4000  A:49%  210.81 matches/s  ETA 16s
2026-10-02 00:22:15,710 INFO     benchmark — 610/4000  A:49%  211.02 matches/s  ETA 16s
2026-10-02 00:22:15,764 INFO     benchmark — 620/4000  A:49%  210.56 matches/s  ETA 16s
2026-10-02 00:22:15,816 INFO     benchmark — 630/4000  A:49%  210.27 matches/s  ETA 16s
2026-10-02 00:22:15,861 INFO     benchmark — 640/4000  A:49%  210.43 matches/s  ETA 16s
2026-10-02 00:22:15,926 INFO     benchmark — 650/4000  A:49%  209.27 matches/s  ETA 16s
2026-10-02 00:22:15,993 INFO     benchmark — 660/4000  A:49%  207.98 matches/s  ETA 16s
2026-10-02 00:22:16,042 INFO     benchmark — 670/4000  A:49%  207.90 matches/s  ETA 16s
2026-10-02 00:22:16,069 INFO     benchmark — 680/4000  A:49%  209.24 matches/s  ETA 16s
2026-10-02 00:22:16,102 INFO     benchmark — 690/4000  A:49%  210.20 matches/s  ETA 16s
2026-10-02 00:22:16,138 INFO     benchmark — 700/4000  A:49%  210.97 matches/s  ETA 16s
2026-10-02 00:22:16,194 INFO     benchmark — 710/4000  A:50%  210.39 matches/s  ETA 16s
2026-10-02 00:22:16,230 INFO     benchmark — 720/4000  A:50%  211.13 matches/s  ETA 16s
2026-10-02 00:22:16,265 INFO     benchmark — 730/4000  A:50%  211.87 matches/s  ETA 15s
2026-10-02 00:22:16,302 INFO     benchmark — 740/4000  A:49%  212.51 matches/s  ETA 15s
2026-10-02 00:22:16,358 INFO     benchmark — 750/4000  A:50%  211.96 matches/s  ETA 15s
2026-10-02 00:22:16,387 INFO     benchmark — 760/4000  A:50%  213.03 matches/s  ETA 15s
2026-10-02 00:22:16,431 INFO     benchmark — 770/4000  A:50%  213.24 matches/s  ETA 15s
2026-10-02 00:22:16,475 INFO     benchmark — 780/4000  A:49%  213.37 matches/s  ETA 15s
2026-10-02 00:22:16,518 INFO     benchmark — 790/4000  A:49%  213.60 matches/s  ETA 15s
2026-10-02 00:22:16,578 INFO     benchmark — 800/4000  A:50%  212.84 matches/s  ETA 15s
2026-10-02 00:22:16,622 INFO     benchmark — 810/4000  A:50%  213.03 matches/s  ETA 15s
2026-10-02 00:22:16,671 INFO     benchmark — 820/4000  A:50%  212.91 matches/s  ETA 15s
2026-10-02 00:22:16,714 INFO     benchmark — 830/4000  A:50%  213.14 matches/s  ETA 15s
2026-10-02 00:22:16,759 INFO     benchmark — 840/4000  A:50%  213.22 matches/s  ETA 15s
2026-10-02 00:22:16,816 INFO     benchmark — 850/4000  A:50%  212.71 matches/s  ETA 15s
2026-10-02 00:22:16,867 INFO     benchmark — 860/4000  A:50%  212.49 matches/s  ETA 15s
2026-10-02 00:22:16,902 INFO     benchmark — 870/4000  A:50%  213.10 matches/s  ETA 15s
2026-10-02 00:22:16,935 INFO     benchmark — 880/4000  A:50%  213.83 matches/s  ETA 15s
2026-10-02 00:22:16,977 INFO     benchmark — 890/4000  A:50%  214.06 matches/s  ETA 15s
2026-10-02 00:22:17,024 INFO     benchmark — 900/4000  A:50%  214.07 matches/s  ETA 14s
2026-10-02 00:22:17,067 INFO     benchmark — 910/4000  A:50%  214.26 matches/s  ETA 14s
2026-10-02 00:22:17,105 INFO     benchmark — 920/4000  A:50%  214.68 matches/s  ETA 14s
2026-10-02 00:22:17,155 INFO     benchmark — 930/4000  A:50%  214.51 matches/s  ETA 14s
2026-10-02 00:22:17,204 INFO     benchmark — 940/4000  A:51%  214.42 matches/s  ETA 14s
2026-10-02 00:22:17,237 INFO     benchmark — 950/4000  A:51%  215.04 matches/s  ETA 14s
2026-10-02 00:22:17,276 INFO     benchmark — 960/4000  A:51%  215.43 matches/s  ETA 14s
2026-10-02 00:22:17,315 INFO     benchmark — 970/4000  A:51%  215.78 matches/s  ETA 14s
2026-10-02 00:22:17,354 INFO     benchmark — 980/4000  A:51%  216.13 matches/s  ETA 14s
2026-10-02 00:22:17,395 INFO     benchmark — 990/4000  A:51%  216.35 matches/s  ETA 14s
2026-10-02 00:22:17,433 INFO     benchmark — 1000/4000  A:51%  216.78 matches/s  ETA 14s
2026-10-02 00:22:17,480 INFO     benchmark — 1010/4000  A:51%  216.70 matches/s  ETA 14s
2026-10-02 00:22:17,528 INFO     benchmark — 1020/4000  A:51%  216.63 matches/s  ETA 14s
2026-10-02 00:22:17,566 INFO     benchmark — 1030/4000  A:51%  217.01 matches/s  ETA 14s
2026-10-02 00:22:17,603 INFO     benchmark — 1040/4000  A:51%  217.41 matches/s  ETA 14s
2026-10-02 00:22:17,632 INFO     benchmark — 1050/4000  A:51%  218.21 matches/s  ETA 14s
2026-10-02 00:22:17,677 INFO     benchmark — 1060/4000  A:51%  218.24 matches/s  ETA 13s
2026-10-02 00:22:17,714 INFO     benchmark — 1070/4000  A:51%  218.62 matches/s  ETA 13s
2026-10-02 00:22:17,764 INFO     benchmark — 1080/4000  A:51%  218.41 matches/s  ETA 13s
2026-10-02 00:22:17,802 INFO     benchmark — 1090/4000  A:51%  218.76 matches/s  ETA 13s
2026-10-02 00:22:17,848 INFO     benchmark — 1100/4000  A:51%  218.77 matches/s  ETA 13s
2026-10-02 00:22:17,884 INFO     benchmark — 1110/4000  A:51%  219.16 matches/s  ETA 13s
2026-10-02 00:22:17,938 INFO     benchmark — 1120/4000  A:51%  218.80 matches/s  ETA 13s
2026-10-02 00:22:17,991 INFO     benchmark — 1130/4000  A:51%  218.52 matches/s  ETA 13s
2026-10-02 00:22:18,038 INFO     benchmark — 1140/4000  A:51%  218.46 matches/s  ETA 13s
2026-10-02 00:22:18,088 INFO     benchmark — 1150/4000  A:51%  218.27 matches/s  ETA 13s
2026-10-02 00:22:18,115 INFO     benchmark — 1160/4000  A:51%  219.07 matches/s  ETA 13s
2026-10-02 00:22:18,167 INFO     benchmark — 1170/4000  A:51%  218.78 matches/s  ETA 13s
2026-10-02 00:22:18,215 INFO     benchmark — 1180/4000  A:51%  218.70 matches/s  ETA 13s
2026-10-02 00:22:18,267 INFO     benchmark — 1190/4000  A:51%  218.47 matches/s  ETA 13s
2026-10-02 00:22:18,305 INFO     benchmark — 1200/4000  A:51%  218.76 matches/s  ETA 13s
2026-10-02 00:22:18,359 INFO     benchmark — 1210/4000  A:52%  218.44 matches/s  ETA 13s
2026-10-02 00:22:18,398 INFO     benchmark — 1220/4000  A:51%  218.70 matches/s  ETA 13s
2026-10-02 00:22:18,436 INFO     benchmark — 1230/4000  A:51%  219.00 matches/s  ETA 13s
2026-10-02 00:22:18,479 INFO     benchmark — 1240/4000  A:52%  219.12 matches/s  ETA 13s
2026-10-02 00:22:18,516 INFO     benchmark — 1250/4000  A:51%  219.43 matches/s  ETA 13s
2026-10-02 00:22:18,557 INFO     benchmark — 1260/4000  A:51%  219.61 matches/s  ETA 12s
2026-10-02 00:22:18,614 INFO     benchmark — 1270/4000  A:51%  219.16 matches/s  ETA 12s
2026-10-02 00:22:18,660 INFO     benchmark — 1280/4000  A:51%  219.16 matches/s  ETA 12s
2026-10-02 00:22:18,707 INFO     benchmark — 1290/4000  A:51%  219.12 matches/s  ETA 12s
2026-10-02 00:22:18,747 INFO     benchmark — 1300/4000  A:51%  219.33 matches/s  ETA 12s
2026-10-02 00:22:18,775 INFO     benchmark — 1310/4000  A:51%  219.97 matches/s  ETA 12s
2026-10-02 00:22:18,835 INFO     benchmark — 1320/4000  A:51%  219.43 matches/s  ETA 12s
2026-10-02 00:22:18,859 INFO     benchmark — 1330/4000  A:51%  220.21 matches/s  ETA 12s
2026-10-02 00:22:18,898 INFO     benchmark — 1340/4000  A:51%  220.45 matches/s  ETA 12s
2026-10-02 00:22:18,950 INFO     benchmark — 1350/4000  A:51%  220.20 matches/s  ETA 12s
2026-10-02 00:22:18,992 INFO     benchmark — 1360/4000  A:51%  220.35 matches/s  ETA 12s
2026-10-02 00:22:19,033 INFO     benchmark — 1370/4000  A:51%  220.48 matches/s  ETA 12s
2026-10-02 00:22:19,076 INFO     benchmark — 1380/4000  A:51%  220.58 matches/s  ETA 12s
2026-10-02 00:22:19,131 INFO     benchmark — 1390/4000  A:51%  220.25 matches/s  ETA 12s
2026-10-02 00:22:19,184 INFO     benchmark — 1400/4000  A:51%  219.99 matches/s  ETA 12s
2026-10-02 00:22:19,237 INFO     benchmark — 1410/4000  A:51%  219.72 matches/s  ETA 12s
2026-10-02 00:22:19,287 INFO     benchmark — 1420/4000  A:51%  219.57 matches/s  ETA 12s
2026-10-02 00:22:19,327 INFO     benchmark — 1430/4000  A:51%  219.75 matches/s  ETA 12s
2026-10-02 00:22:19,369 INFO     benchmark — 1440/4000  A:51%  219.87 matches/s  ETA 12s
2026-10-02 00:22:19,417 INFO     benchmark — 1450/4000  A:51%  219.79 matches/s  ETA 12s
2026-10-02 00:22:19,450 INFO     benchmark — 1460/4000  A:51%  220.19 matches/s  ETA 12s
2026-10-02 00:22:19,501 INFO     benchmark — 1470/4000  A:51%  220.02 matches/s  ETA 11s
2026-10-02 00:22:19,539 INFO     benchmark — 1480/4000  A:51%  220.25 matches/s  ETA 11s
2026-10-02 00:22:19,574 INFO     benchmark — 1490/4000  A:51%  220.60 matches/s  ETA 11s
2026-10-02 00:22:19,619 INFO     benchmark — 1500/4000  A:51%  220.60 matches/s  ETA 11s
2026-10-02 00:22:19,664 INFO     benchmark — 1510/4000  A:51%  220.63 matches/s  ETA 11s
2026-10-02 00:22:19,704 INFO     benchmark — 1520/4000  A:51%  220.80 matches/s  ETA 11s
2026-10-02 00:22:19,755 INFO     benchmark — 1530/4000  A:51%  220.59 matches/s  ETA 11s
2026-10-02 00:22:19,797 INFO     benchmark — 1540/4000  A:51%  220.71 matches/s  ETA 11s
2026-10-02 00:22:19,839 INFO     benchmark — 1550/4000  A:51%  220.83 matches/s  ETA 11s
2026-10-02 00:22:19,893 INFO     benchmark — 1560/4000  A:51%  220.54 matches/s  ETA 11s
2026-10-02 00:22:19,946 INFO     benchmark — 1570/4000  A:51%  220.30 matches/s  ETA 11s
2026-10-02 00:22:19,988 INFO     benchmark — 1580/4000  A:51%  220.41 matches/s  ETA 11s
2026-10-02 00:22:20,046 INFO     benchmark — 1590/4000  A:51%  220.03 matches/s  ETA 11s
2026-10-02 00:22:20,083 INFO     benchmark — 1600/4000  A:51%  220.29 matches/s  ETA 11s
2026-10-02 00:22:20,125 INFO     benchmark — 1610/4000  A:51%  220.38 matches/s  ETA 11s
2026-10-02 00:22:20,172 INFO     benchmark — 1620/4000  A:51%  220.33 matches/s  ETA 11s
2026-10-02 00:22:20,198 INFO     benchmark — 1630/4000  A:51%  220.92 matches/s  ETA 11s
2026-10-02 00:22:20,258 INFO     benchmark — 1640/4000  A:51%  220.48 matches/s  ETA 11s
2026-10-02 00:22:20,289 INFO     benchmark — 1650/4000  A:51%  220.90 matches/s  ETA 11s
2026-10-02 00:22:20,324 INFO     benchmark — 1660/4000  A:51%  221.21 matches/s  ETA 11s
2026-10-02 00:22:20,365 INFO     benchmark — 1670/4000  A:51%  221.33 matches/s  ETA 11s
2026-10-02 00:22:20,405 INFO     benchmark — 1680/4000  A:51%  221.48 matches/s  ETA 10s
2026-10-02 00:22:20,434 INFO     benchmark — 1690/4000  A:51%  221.94 matches/s  ETA 10s
2026-10-02 00:22:20,463 INFO     benchmark — 1700/4000  A:51%  222.42 matches/s  ETA 10s
2026-10-02 00:22:20,500 INFO     benchmark — 1710/4000  A:51%  222.63 matches/s  ETA 10s
2026-10-02 00:22:20,531 INFO     benchmark — 1720/4000  A:51%  223.04 matches/s  ETA 10s
2026-10-02 00:22:20,563 INFO     benchmark — 1730/4000  A:51%  223.41 matches/s  ETA 10s
2026-10-02 00:22:20,605 INFO     benchmark — 1740/4000  A:51%  223.51 matches/s  ETA 10s
2026-10-02 00:22:20,651 INFO     benchmark — 1750/4000  A:51%  223.45 matches/s  ETA 10s
2026-10-02 00:22:20,694 INFO     benchmark — 1760/4000  A:51%  223.51 matches/s  ETA 10s
2026-10-02 00:22:20,738 INFO     benchmark — 1770/4000  A:51%  223.53 matches/s  ETA 10s
2026-10-02 00:22:20,776 INFO     benchmark — 1780/4000  A:51%  223.71 matches/s  ETA 10s
2026-10-02 00:22:20,815 INFO     benchmark — 1790/4000  A:51%  223.89 matches/s  ETA 10s
2026-10-02 00:22:20,852 INFO     benchmark — 1800/4000  A:51%  224.10 matches/s  ETA 10s
2026-10-02 00:22:20,879 INFO     benchmark — 1810/4000  A:51%  224.58 matches/s  ETA 10s
2026-10-02 00:22:20,924 INFO     benchmark — 1820/4000  A:51%  224.57 matches/s  ETA 10s
2026-10-02 00:22:20,963 INFO     benchmark — 1830/4000  A:51%  224.71 matches/s  ETA 10s
2026-10-02 00:22:21,006 INFO     benchmark — 1840/4000  A:51%  224.75 matches/s  ETA 10s
2026-10-02 00:22:21,049 INFO     benchmark — 1850/4000  A:51%  224.80 matches/s  ETA 10s
2026-10-02 00:22:21,102 INFO     benchmark — 1860/4000  A:51%  224.58 matches/s  ETA 10s
2026-10-02 00:22:21,139 INFO     benchmark — 1870/4000  A:51%  224.77 matches/s  ETA 9s
2026-10-02 00:22:21,180 INFO     benchmark — 1880/4000  A:51%  224.87 matches/s  ETA 9s
2026-10-02 00:22:21,209 INFO     benchmark — 1890/4000  A:51%  225.28 matches/s  ETA 9s
2026-10-02 00:22:21,252 INFO     benchmark — 1900/4000  A:51%  225.33 matches/s  ETA 9s
2026-10-02 00:22:21,298 INFO     benchmark — 1910/4000  A:51%  225.28 matches/s  ETA 9s
2026-10-02 00:22:21,335 INFO     benchmark — 1920/4000  A:51%  225.48 matches/s  ETA 9s
2026-10-02 00:22:21,385 INFO     benchmark — 1930/4000  A:51%  225.34 matches/s  ETA 9s
2026-10-02 00:22:21,433 INFO     benchmark — 1940/4000  A:51%  225.22 matches/s  ETA 9s
2026-10-02 00:22:21,480 INFO     benchmark — 1950/4000  A:51%  225.15 matches/s  ETA 9s
2026-10-02 00:22:21,532 INFO     benchmark — 1960/4000  A:51%  224.96 matches/s  ETA 9s
2026-10-02 00:22:21,564 INFO     benchmark — 1970/4000  A:51%  225.29 matches/s  ETA 9s
2026-10-02 00:22:21,605 INFO     benchmark — 1980/4000  A:51%  225.37 matches/s  ETA 9s
2026-10-02 00:22:21,651 INFO     benchmark — 1990/4000  A:51%  225.33 matches/s  ETA 9s
2026-10-02 00:22:21,679 INFO     benchmark — 2000/4000  A:51%  225.76 matches/s  ETA 9s
2026-10-02 00:22:21,727 INFO     benchmark — 2010/4000  A:51%  225.66 matches/s  ETA 9s
2026-10-02 00:22:21,763 INFO     benchmark — 2020/4000  A:51%  225.87 matches/s  ETA 9s
2026-10-02 00:22:21,805 INFO     benchmark — 2030/4000  A:51%  225.92 matches/s  ETA 9s
2026-10-02 00:22:21,847 INFO     benchmark — 2040/4000  A:51%  225.97 matches/s  ETA 9s
2026-10-02 00:22:21,882 INFO     benchmark — 2050/4000  A:51%  226.22 matches/s  ETA 9s
2026-10-02 00:22:21,927 INFO     benchmark — 2060/4000  A:51%  226.19 matches/s  ETA 9s
2026-10-02 00:22:21,971 INFO     benchmark — 2070/4000  A:51%  226.19 matches/s  ETA 9s
2026-10-02 00:22:21,997 INFO     benchmark — 2080/4000  A:51%  226.64 matches/s  ETA 8s
2026-10-02 00:22:22,023 INFO     benchmark — 2090/4000  A:51%  227.10 matches/s  ETA 8s
2026-10-02 00:22:22,052 INFO     benchmark — 2100/4000  A:51%  227.46 matches/s  ETA 8s
2026-10-02 00:22:22,093 INFO     benchmark — 2110/4000  A:51%  227.53 matches/s  ETA 8s
2026-10-02 00:22:22,130 INFO     benchmark — 2120/4000  A:51%  227.70 matches/s  ETA 8s
2026-10-02 00:22:22,175 INFO     benchmark — 2130/4000  A:51%  227.68 matches/s  ETA 8s
2026-10-02 00:22:22,227 INFO     benchmark — 2140/4000  A:51%  227.47 matches/s  ETA 8s
2026-10-02 00:22:22,274 INFO     benchmark — 2150/4000  A:51%  227.41 matches/s  ETA 8s
2026-10-02 00:22:22,301 INFO     benchmark — 2160/4000  A:51%  227.81 matches/s  ETA 8s
2026-10-02 00:22:22,348 INFO     benchmark — 2170/4000  A:51%  227.75 matches/s  ETA 8s
2026-10-02 00:22:22,392 INFO     benchmark — 2180/4000  A:51%  227.75 matches/s  ETA 8s
2026-10-02 00:22:22,435 INFO     benchmark — 2190/4000  A:51%  227.76 matches/s  ETA 8s
2026-10-02 00:22:22,476 INFO     benchmark — 2200/4000  A:51%  227.83 matches/s  ETA 8s
2026-10-02 00:22:22,522 INFO     benchmark — 2210/4000  A:51%  227.78 matches/s  ETA 8s
2026-10-02 00:22:22,562 INFO     benchmark — 2220/4000  A:51%  227.87 matches/s  ETA 8s
2026-10-02 00:22:22,622 INFO     benchmark — 2230/4000  A:51%  227.50 matches/s  ETA 8s
2026-10-02 00:22:22,656 INFO     benchmark — 2240/4000  A:51%  227.72 matches/s  ETA 8s
2026-10-02 00:22:22,707 INFO     benchmark — 2250/4000  A:51%  227.56 matches/s  ETA 8s
2026-10-02 00:22:22,747 INFO     benchmark — 2260/4000  A:51%  227.65 matches/s  ETA 8s
2026-10-02 00:22:22,790 INFO     benchmark — 2270/4000  A:51%  227.67 matches/s  ETA 8s
2026-10-02 00:22:22,832 INFO     benchmark — 2280/4000  A:51%  227.71 matches/s  ETA 8s
2026-10-02 00:22:22,875 INFO     benchmark — 2290/4000  A:51%  227.73 matches/s  ETA 8s
2026-10-02 00:22:22,924 INFO     benchmark — 2300/4000  A:51%  227.63 matches/s  ETA 7s
2026-10-02 00:22:22,969 INFO     benchmark — 2310/4000  A:51%  227.59 matches/s  ETA 7s
2026-10-02 00:22:23,007 INFO     benchmark — 2320/4000  A:51%  227.73 matches/s  ETA 7s
2026-10-02 00:22:23,052 INFO     benchmark — 2330/4000  A:51%  227.70 matches/s  ETA 7s
2026-10-02 00:22:23,087 INFO     benchmark — 2340/4000  A:51%  227.90 matches/s  ETA 7s
2026-10-02 00:22:23,135 INFO     benchmark — 2350/4000  A:51%  227.82 matches/s  ETA 7s
2026-10-02 00:22:23,173 INFO     benchmark — 2360/4000  A:51%  227.95 matches/s  ETA 7s
2026-10-02 00:22:23,203 INFO     benchmark — 2370/4000  A:51%  228.26 matches/s  ETA 7s
2026-10-02 00:22:23,249 INFO     benchmark — 2380/4000  A:51%  228.20 matches/s  ETA 7s
2026-10-02 00:22:23,294 INFO     benchmark — 2390/4000  A:51%  228.17 matches/s  ETA 7s
2026-10-02 00:22:23,347 INFO     benchmark — 2400/4000  A:51%  227.97 matches/s  ETA 7s
2026-10-02 00:22:23,388 INFO     benchmark — 2410/4000  A:51%  228.03 matches/s  ETA 7s
2026-10-02 00:22:23,441 INFO     benchmark — 2420/4000  A:51%  227.83 matches/s  ETA 7s
2026-10-02 00:22:23,486 INFO     benchmark — 2430/4000  A:51%  227.82 matches/s  ETA 7s
2026-10-02 00:22:23,529 INFO     benchmark — 2440/4000  A:51%  227.84 matches/s  ETA 7s
2026-10-02 00:22:23,573 INFO     benchmark — 2450/4000  A:51%  227.83 matches/s  ETA 7s
2026-10-02 00:22:23,617 INFO     benchmark — 2460/4000  A:51%  227.83 matches/s  ETA 7s
2026-10-02 00:22:23,660 INFO     benchmark — 2470/4000  A:51%  227.84 matches/s  ETA 7s
2026-10-02 00:22:23,714 INFO     benchmark — 2480/4000  A:51%  227.64 matches/s  ETA 7s
2026-10-02 00:22:23,763 INFO     benchmark — 2490/4000  A:51%  227.54 matches/s  ETA 7s
2026-10-02 00:22:23,801 INFO     benchmark — 2500/4000  A:51%  227.66 matches/s  ETA 7s
2026-10-02 00:22:23,829 INFO     benchmark — 2510/4000  A:51%  227.99 matches/s  ETA 7s
2026-10-02 00:22:23,869 INFO     benchmark — 2520/4000  A:51%  228.06 matches/s  ETA 6s
2026-10-02 00:22:23,915 INFO     benchmark — 2530/4000  A:51%  228.03 matches/s  ETA 6s
2026-10-02 00:22:23,945 INFO     benchmark — 2540/4000  A:51%  228.31 matches/s  ETA 6s
2026-10-02 00:22:23,987 INFO     benchmark — 2550/4000  A:51%  228.34 matches/s  ETA 6s
2026-10-02 00:22:24,039 INFO     benchmark — 2560/4000  A:52%  228.17 matches/s  ETA 6s
2026-10-02 00:22:24,069 INFO     benchmark — 2570/4000  A:52%  228.45 matches/s  ETA 6s
2026-10-02 00:22:24,114 INFO     benchmark — 2580/4000  A:52%  228.43 matches/s  ETA 6s
2026-10-02 00:22:24,158 INFO     benchmark — 2590/4000  A:52%  228.43 matches/s  ETA 6s
2026-10-02 00:22:24,206 INFO     benchmark — 2600/4000  A:52%  228.34 matches/s  ETA 6s
2026-10-02 00:22:24,251 INFO     benchmark — 2610/4000  A:51%  228.33 matches/s  ETA 6s
2026-10-02 00:22:24,290 INFO     benchmark — 2620/4000  A:51%  228.41 matches/s  ETA 6s
2026-10-02 00:22:24,336 INFO     benchmark — 2630/4000  A:51%  228.36 matches/s  ETA 6s
2026-10-02 00:22:24,383 INFO     benchmark — 2640/4000  A:52%  228.31 matches/s  ETA 6s
2026-10-02 00:22:24,439 INFO     benchmark — 2650/4000  A:52%  228.07 matches/s  ETA 6s
2026-10-02 00:22:24,475 INFO     benchmark — 2660/4000  A:52%  228.22 matches/s  ETA 6s
2026-10-02 00:22:24,505 INFO     benchmark — 2670/4000  A:52%  228.49 matches/s  ETA 6s
2026-10-02 00:22:24,528 INFO     benchmark — 2680/4000  A:52%  228.89 matches/s  ETA 6s
2026-10-02 00:22:24,573 INFO     benchmark — 2690/4000  A:52%  228.87 matches/s  ETA 6s
2026-10-02 00:22:24,622 INFO     benchmark — 2700/4000  A:52%  228.77 matches/s  ETA 6s
2026-10-02 00:22:24,655 INFO     benchmark — 2710/4000  A:52%  228.96 matches/s  ETA 6s
2026-10-02 00:22:24,695 INFO     benchmark — 2720/4000  A:52%  229.04 matches/s  ETA 6s
2026-10-02 00:22:24,738 INFO     benchmark — 2730/4000  A:52%  229.05 matches/s  ETA 6s
2026-10-02 00:22:24,787 INFO     benchmark — 2740/4000  A:52%  228.96 matches/s  ETA 6s
2026-10-02 00:22:24,833 INFO     benchmark — 2750/4000  A:52%  228.91 matches/s  ETA 5s
2026-10-02 00:22:24,870 INFO     benchmark — 2760/4000  A:52%  229.04 matches/s  ETA 5s
2026-10-02 00:22:24,911 INFO     benchmark — 2770/4000  A:52%  229.09 matches/s  ETA 5s
2026-10-02 00:22:24,961 INFO     benchmark — 2780/4000  A:52%  228.97 matches/s  ETA 5s
2026-10-02 00:22:24,988 INFO     benchmark — 2790/4000  A:52%  229.27 matches/s  ETA 5s
2026-10-02 00:22:25,030 INFO     benchmark — 2800/4000  A:52%  229.30 matches/s  ETA 5s
2026-10-02 00:22:25,071 INFO     benchmark — 2810/4000  A:52%  229.36 matches/s  ETA 5s
2026-10-02 00:22:25,111 INFO     benchmark — 2820/4000  A:52%  229.43 matches/s  ETA 5s
2026-10-02 00:22:25,155 INFO     benchmark — 2830/4000  A:52%  229.42 matches/s  ETA 5s
2026-10-02 00:22:25,203 INFO     benchmark — 2840/4000  A:52%  229.35 matches/s  ETA 5s
2026-10-02 00:22:25,245 INFO     benchmark — 2850/4000  A:52%  229.37 matches/s  ETA 5s
2026-10-02 00:22:25,289 INFO     benchmark — 2860/4000  A:52%  229.36 matches/s  ETA 5s
2026-10-02 00:22:25,339 INFO     benchmark — 2870/4000  A:52%  229.24 matches/s  ETA 5s
2026-10-02 00:22:25,375 INFO     benchmark — 2880/4000  A:52%  229.39 matches/s  ETA 5s
2026-10-02 00:22:25,418 INFO     benchmark — 2890/4000  A:52%  229.40 matches/s  ETA 5s
2026-10-02 00:22:25,487 INFO     benchmark — 2900/4000  A:52%  228.94 matches/s  ETA 5s
2026-10-02 00:22:25,535 INFO     benchmark — 2910/4000  A:52%  228.86 matches/s  ETA 5s
2026-10-02 00:22:25,587 INFO     benchmark — 2920/4000  A:52%  228.70 matches/s  ETA 5s
2026-10-02 00:22:25,635 INFO     benchmark — 2930/4000  A:52%  228.64 matches/s  ETA 5s
2026-10-02 00:22:25,672 INFO     benchmark — 2940/4000  A:52%  228.74 matches/s  ETA 5s
2026-10-02 00:22:25,715 INFO     benchmark — 2950/4000  A:52%  228.76 matches/s  ETA 5s
2026-10-02 00:22:25,759 INFO     benchmark — 2960/4000  A:52%  228.76 matches/s  ETA 5s
2026-10-02 00:22:25,799 INFO     benchmark — 2970/4000  A:52%  228.82 matches/s  ETA 5s
2026-10-02 00:22:25,838 INFO     benchmark — 2980/4000  A:52%  228.91 matches/s  ETA 4s
2026-10-02 00:22:25,873 INFO     benchmark — 2990/4000  A:52%  229.06 matches/s  ETA 4s
2026-10-02 00:22:25,919 INFO     benchmark — 3000/4000  A:52%  229.01 matches/s  ETA 4s
2026-10-02 00:22:25,969 INFO     benchmark — 3010/4000  A:52%  228.91 matches/s  ETA 4s
2026-10-02 00:22:26,019 INFO     benchmark — 3020/4000  A:52%  228.79 matches/s  ETA 4s
2026-10-02 00:22:26,056 INFO     benchmark — 3030/4000  A:52%  228.92 matches/s  ETA 4s
2026-10-02 00:22:26,111 INFO     benchmark — 3040/4000  A:52%  228.71 matches/s  ETA 4s
2026-10-02 00:22:26,153 INFO     benchmark — 3050/4000  A:52%  228.75 matches/s  ETA 4s
2026-10-02 00:22:26,193 INFO     benchmark — 3060/4000  A:52%  228.81 matches/s  ETA 4s
2026-10-02 00:22:26,237 INFO     benchmark — 3070/4000  A:52%  228.80 matches/s  ETA 4s
2026-10-02 00:22:26,271 INFO     benchmark — 3080/4000  A:52%  228.97 matches/s  ETA 4s
2026-10-02 00:22:26,320 INFO     benchmark — 3090/4000  A:53%  228.89 matches/s  ETA 4s
2026-10-02 00:22:26,372 INFO     benchmark — 3100/4000  A:53%  228.74 matches/s  ETA 4s
2026-10-02 00:22:26,404 INFO     benchmark — 3110/4000  A:53%  228.94 matches/s  ETA 4s
2026-10-02 00:22:26,454 INFO     benchmark — 3120/4000  A:53%  228.83 matches/s  ETA 4s
2026-10-02 00:22:26,488 INFO     benchmark — 3130/4000  A:53%  229.00 matches/s  ETA 4s
2026-10-02 00:22:26,527 INFO     benchmark — 3140/4000  A:53%  229.07 matches/s  ETA 4s
2026-10-02 00:22:26,566 INFO     benchmark — 3150/4000  A:53%  229.15 matches/s  ETA 4s
2026-10-02 00:22:26,610 INFO     benchmark — 3160/4000  A:53%  229.14 matches/s  ETA 4s
2026-10-02 00:22:26,654 INFO     benchmark — 3170/4000  A:53%  229.14 matches/s  ETA 4s
2026-10-02 00:22:26,698 INFO     benchmark — 3180/4000  A:53%  229.13 matches/s  ETA 4s
2026-10-02 00:22:26,737 INFO     benchmark — 3190/4000  A:53%  229.21 matches/s  ETA 4s
2026-10-02 00:22:26,778 INFO     benchmark — 3200/4000  A:53%  229.26 matches/s  ETA 3s
2026-10-02 00:22:26,822 INFO     benchmark — 3210/4000  A:53%  229.25 matches/s  ETA 3s
2026-10-02 00:22:26,872 INFO     benchmark — 3220/4000  A:53%  229.14 matches/s  ETA 3s
2026-10-02 00:22:26,916 INFO     benchmark — 3230/4000  A:52%  229.14 matches/s  ETA 3s
2026-10-02 00:22:26,962 INFO     benchmark — 3240/4000  A:53%  229.09 matches/s  ETA 3s
2026-10-02 00:22:27,005 INFO     benchmark — 3250/4000  A:53%  229.10 matches/s  ETA 3s
2026-10-02 00:22:27,051 INFO     benchmark — 3260/4000  A:53%  229.08 matches/s  ETA 3s
2026-10-02 00:22:27,083 INFO     benchmark — 3270/4000  A:53%  229.26 matches/s  ETA 3s
2026-10-02 00:22:27,133 INFO     benchmark — 3280/4000  A:53%  229.16 matches/s  ETA 3s
2026-10-02 00:22:27,156 INFO     benchmark — 3290/4000  A:53%  229.48 matches/s  ETA 3s
2026-10-02 00:22:27,193 INFO     benchmark — 3300/4000  A:53%  229.60 matches/s  ETA 3s
2026-10-02 00:22:27,230 INFO     benchmark — 3310/4000  A:53%  229.69 matches/s  ETA 3s
2026-10-02 00:22:27,271 INFO     benchmark — 3320/4000  A:53%  229.73 matches/s  ETA 3s
2026-10-02 00:22:27,321 INFO     benchmark — 3330/4000  A:53%  229.63 matches/s  ETA 3s
2026-10-02 00:22:27,370 INFO     benchmark — 3340/4000  A:53%  229.54 matches/s  ETA 3s
2026-10-02 00:22:27,394 INFO     benchmark — 3350/4000  A:53%  229.86 matches/s  ETA 3s
2026-10-02 00:22:27,444 INFO     benchmark — 3360/4000  A:53%  229.75 matches/s  ETA 3s
2026-10-02 00:22:27,489 INFO     benchmark — 3370/4000  A:53%  229.72 matches/s  ETA 3s
2026-10-02 00:22:27,530 INFO     benchmark — 3380/4000  A:53%  229.77 matches/s  ETA 3s
2026-10-02 00:22:27,569 INFO     benchmark — 3390/4000  A:53%  229.84 matches/s  ETA 3s
2026-10-02 00:22:27,610 INFO     benchmark — 3400/4000  A:53%  229.88 matches/s  ETA 3s
2026-10-02 00:22:27,643 INFO     benchmark — 3410/4000  A:53%  230.04 matches/s  ETA 3s
2026-10-02 00:22:27,705 INFO     benchmark — 3420/4000  A:53%  229.75 matches/s  ETA 3s
2026-10-02 00:22:27,743 INFO     benchmark — 3430/4000  A:52%  229.84 matches/s  ETA 2s
2026-10-02 00:22:27,798 INFO     benchmark — 3440/4000  A:52%  229.67 matches/s  ETA 2s
2026-10-02 00:22:27,837 INFO     benchmark — 3450/4000  A:52%  229.74 matches/s  ETA 2s
2026-10-02 00:22:27,876 INFO     benchmark — 3460/4000  A:52%  229.80 matches/s  ETA 2s
2026-10-02 00:22:27,912 INFO     benchmark — 3470/4000  A:52%  229.92 matches/s  ETA 2s
2026-10-02 00:22:27,946 INFO     benchmark — 3480/4000  A:52%  230.07 matches/s  ETA 2s
2026-10-02 00:22:27,985 INFO     benchmark — 3490/4000  A:52%  230.13 matches/s  ETA 2s
2026-10-02 00:22:28,024 INFO     benchmark — 3500/4000  A:52%  230.19 matches/s  ETA 2s
2026-10-02 00:22:28,065 INFO     benchmark — 3510/4000  A:52%  230.23 matches/s  ETA 2s
2026-10-02 00:22:28,107 INFO     benchmark — 3520/4000  A:52%  230.26 matches/s  ETA 2s
2026-10-02 00:22:28,156 INFO     benchmark — 3530/4000  A:52%  230.18 matches/s  ETA 2s
2026-10-02 00:22:28,210 INFO     benchmark — 3540/4000  A:52%  230.01 matches/s  ETA 2s
2026-10-02 00:22:28,259 INFO     benchmark — 3550/4000  A:52%  229.93 matches/s  ETA 2s
2026-10-02 00:22:28,298 INFO     benchmark — 3560/4000  A:52%  230.00 matches/s  ETA 2s
2026-10-02 00:22:28,338 INFO     benchmark — 3570/4000  A:52%  230.04 matches/s  ETA 2s
2026-10-02 00:22:28,367 INFO     benchmark — 3580/4000  A:52%  230.26 matches/s  ETA 2s
2026-10-02 00:22:28,411 INFO     benchmark — 3590/4000  A:52%  230.25 matches/s  ETA 2s
2026-10-02 00:22:28,457 INFO     benchmark — 3600/4000  A:52%  230.22 matches/s  ETA 2s
2026-10-02 00:22:28,507 INFO     benchmark — 3610/4000  A:52%  230.11 matches/s  ETA 2s
2026-10-02 00:22:28,546 INFO     benchmark — 3620/4000  A:52%  230.18 matches/s  ETA 2s
2026-10-02 00:22:28,587 INFO     benchmark — 3630/4000  A:52%  230.22 matches/s  ETA 2s
2026-10-02 00:22:28,614 INFO     benchmark — 3640/4000  A:52%  230.46 matches/s  ETA 2s
2026-10-02 00:22:28,669 INFO     benchmark — 3650/4000  A:52%  230.30 matches/s  ETA 2s
2026-10-02 00:22:28,724 INFO     benchmark — 3660/4000  A:52%  230.12 matches/s  ETA 1s
2026-10-02 00:22:28,769 INFO     benchmark — 3670/4000  A:52%  230.10 matches/s  ETA 1s
2026-10-02 00:22:28,817 INFO     benchmark — 3680/4000  A:52%  230.03 matches/s  ETA 1s
2026-10-02 00:22:28,869 INFO     benchmark — 3690/4000  A:52%  229.91 matches/s  ETA 1s
2026-10-02 00:22:28,910 INFO     benchmark — 3700/4000  A:52%  229.95 matches/s  ETA 1s
2026-10-02 00:22:28,955 INFO     benchmark — 3710/4000  A:52%  229.92 matches/s  ETA 1s
2026-10-02 00:22:28,988 INFO     benchmark — 3720/4000  A:52%  230.08 matches/s  ETA 1s
2026-10-02 00:22:29,022 INFO     benchmark — 3730/4000  A:52%  230.22 matches/s  ETA 1s
2026-10-02 00:22:29,081 INFO     benchmark — 3740/4000  A:52%  229.99 matches/s  ETA 1s
2026-10-02 00:22:29,115 INFO     benchmark — 3750/4000  A:52%  230.12 matches/s  ETA 1s
2026-10-02 00:22:29,158 INFO     benchmark — 3760/4000  A:52%  230.13 matches/s  ETA 1s
2026-10-02 00:22:29,203 INFO     benchmark — 3770/4000  A:52%  230.11 matches/s  ETA 1s
2026-10-02 00:22:29,224 INFO     benchmark — 3780/4000  A:52%  230.43 matches/s  ETA 1s
2026-10-02 00:22:29,255 INFO     benchmark — 3790/4000  A:52%  230.60 matches/s  ETA 1s
2026-10-02 00:22:29,303 INFO     benchmark — 3800/4000  A:52%  230.54 matches/s  ETA 1s
2026-10-02 00:22:29,346 INFO     benchmark — 3810/4000  A:52%  230.54 matches/s  ETA 1s
2026-10-02 00:22:29,385 INFO     benchmark — 3820/4000  A:52%  230.60 matches/s  ETA 1s
2026-10-02 00:22:29,431 INFO     benchmark — 3830/4000  A:52%  230.56 matches/s  ETA 1s
2026-10-02 00:22:29,474 INFO     benchmark — 3840/4000  A:52%  230.57 matches/s  ETA 1s
2026-10-02 00:22:29,513 INFO     benchmark — 3850/4000  A:52%  230.63 matches/s  ETA 1s
2026-10-02 00:22:29,562 INFO     benchmark — 3860/4000  A:52%  230.55 matches/s  ETA 1s
2026-10-02 00:22:29,606 INFO     benchmark — 3870/4000  A:52%  230.54 matches/s  ETA 1s
2026-10-02 00:22:29,642 INFO     benchmark — 3880/4000  A:52%  230.65 matches/s  ETA 1s
2026-10-02 00:22:29,680 INFO     benchmark — 3890/4000  A:52%  230.72 matches/s  ETA 0s
2026-10-02 00:22:29,728 INFO     benchmark — 3900/4000  A:52%  230.65 matches/s  ETA 0s
2026-10-02 00:22:29,778 INFO     benchmark — 3910/4000  A:52%  230.56 matches/s  ETA 0s
2026-10-02 00:22:29,820 INFO     benchmark — 3920/4000  A:52%  230.58 matches/s  ETA 0s
2026-10-02 00:22:29,880 INFO     benchmark — 3930/4000  A:52%  230.36 matches/s  ETA 0s
2026-10-02 00:22:29,926 INFO     benchmark — 3940/4000  A:52%  230.33 matches/s  ETA 0s
2026-10-02 00:22:29,966 INFO     benchmark — 3950/4000  A:52%  230.37 matches/s  ETA 0s
2026-10-02 00:22:30,005 INFO     benchmark — 3960/4000  A:52%  230.43 matches/s  ETA 0s
2026-10-02 00:22:30,045 INFO     benchmark — 3970/4000  A:52%  230.47 matches/s  ETA 0s
2026-10-02 00:22:30,071 INFO     benchmark — 3980/4000  A:52%  230.71 matches/s  ETA 0s
2026-10-02 00:22:30,112 INFO     benchmark — 3990/4000  A:52%  230.73 matches/s  ETA 0s
2026-10-02 00:22:30,162 INFO     benchmark — 4000/4000  A:52%  230.65 matches/s  ETA 0s
2026-10-02 00:22:30,188 INFO     benchmark — wrote results/008/baseline_thr_vs_rnd.json

──────────────────────────────────────────────────
Mode:        match_threshold_vs_random
Matches:      4,000
──────────────────────────────────────────────────
Threshold wins:  2,088  (52.2%)
Random wins:  1,912  (47.8%)
Ties:        0  (0.0%)
──────────────────────────────────────────────────

