2026-10-01 23:40:02,181 INFO     benchmark — 10/4000  A:60%  9.03 matches/s  ETA 442s
2026-10-01 23:40:03,398 INFO     benchmark — 20/4000  A:55%  8.60 matches/s  ETA 463s
2026-10-01 23:40:04,680 INFO     benchmark — 30/4000  A:50%  8.32 matches/s  ETA 477s
2026-10-01 23:40:05,888 INFO     benchmark — 40/4000  A:45%  8.31 matches/s  ETA 477s
2026-10-01 23:40:07,206 INFO     benchmark — 50/4000  A:48%  8.15 matches/s  ETA 484s
2026-10-01 23:40:08,412 INFO     benchmark — 60/4000  A:50%  8.18 matches/s  ETA 482s
2026-10-01 23:40:09,614 INFO     benchmark — 70/4000  A:51%  8.20 matches/s  ETA 479s
2026-10-01 23:40:10,884 INFO     benchmark — 80/4000  A:50%  8.15 matches/s  ETA 481s
2026-10-01 23:40:12,148 INFO     benchmark — 90/4000  A:49%  8.13 matches/s  ETA 481s
2026-10-01 23:40:13,384 INFO     benchmark — 100/4000  A:49%  8.12 matches/s  ETA 480s
2026-10-01 23:40:14,840 INFO     benchmark — 110/4000  A:51%  7.99 matches/s  ETA 487s
2026-10-01 23:40:15,941 INFO     benchmark — 120/4000  A:51%  8.07 matches/s  ETA 481s
2026-10-01 23:40:17,310 INFO     benchmark — 130/4000  A:50%  8.01 matches/s  ETA 483s
2026-10-01 23:40:18,447 INFO     benchmark — 140/4000  A:50%  8.06 matches/s  ETA 479s
2026-10-01 23:40:19,736 INFO     benchmark — 150/4000  A:49%  8.04 matches/s  ETA 479s
2026-10-01 23:40:21,015 INFO     benchmark — 160/4000  A:49%  8.02 matches/s  ETA 479s
2026-10-01 23:40:22,265 INFO     benchmark — 170/4000  A:50%  8.02 matches/s  ETA 477s
2026-10-01 23:40:23,464 INFO     benchmark — 180/4000  A:51%  8.04 matches/s  ETA 475s
2026-10-01 23:40:24,866 INFO     benchmark — 190/4000  A:51%  7.99 matches/s  ETA 477s
2026-10-01 23:40:25,981 INFO     benchmark — 200/4000  A:50%  8.03 matches/s  ETA 473s
2026-10-01 23:40:27,208 INFO     benchmark — 210/4000  A:50%  8.04 matches/s  ETA 472s
2026-10-01 23:40:28,434 INFO     benchmark — 220/4000  A:50%  8.04 matches/s  ETA 470s
2026-10-01 23:40:29,781 INFO     benchmark — 230/4000  A:49%  8.01 matches/s  ETA 471s
2026-10-01 23:40:31,247 INFO     benchmark — 240/4000  A:49%  7.95 matches/s  ETA 473s
2026-10-01 23:40:32,445 INFO     benchmark — 250/4000  A:50%  7.97 matches/s  ETA 471s
2026-10-01 23:40:33,716 INFO     benchmark — 260/4000  A:50%  7.97 matches/s  ETA 470s
2026-10-01 23:40:35,009 INFO     benchmark — 270/4000  A:50%  7.96 matches/s  ETA 469s
2026-10-01 23:40:36,216 INFO     benchmark — 280/4000  A:50%  7.97 matches/s  ETA 467s
2026-10-01 23:40:37,481 INFO     benchmark — 290/4000  A:49%  7.97 matches/s  ETA 466s
2026-10-01 23:40:38,847 INFO     benchmark — 300/4000  A:50%  7.94 matches/s  ETA 466s
2026-10-01 23:40:39,905 INFO     benchmark — 310/4000  A:50%  7.98 matches/s  ETA 462s
2026-10-01 23:40:41,281 INFO     benchmark — 320/4000  A:49%  7.96 matches/s  ETA 462s
2026-10-01 23:40:42,425 INFO     benchmark — 330/4000  A:49%  7.98 matches/s  ETA 460s
2026-10-01 23:40:43,663 INFO     benchmark — 340/4000  A:49%  7.98 matches/s  ETA 458s
2026-10-01 23:40:44,938 INFO     benchmark — 350/4000  A:49%  7.98 matches/s  ETA 457s
2026-10-01 23:40:46,358 INFO     benchmark — 360/4000  A:49%  7.95 matches/s  ETA 458s
2026-10-01 23:40:47,427 INFO     benchmark — 370/4000  A:49%  7.98 matches/s  ETA 455s
2026-10-01 23:40:48,885 INFO     benchmark — 380/4000  A:48%  7.95 matches/s  ETA 455s
2026-10-01 23:40:50,205 INFO     benchmark — 390/4000  A:48%  7.94 matches/s  ETA 455s
2026-10-01 23:40:51,398 INFO     benchmark — 400/4000  A:49%  7.95 matches/s  ETA 453s
2026-10-01 23:40:52,654 INFO     benchmark — 410/4000  A:49%  7.95 matches/s  ETA 452s
2026-10-01 23:40:54,021 INFO     benchmark — 420/4000  A:49%  7.93 matches/s  ETA 451s
2026-10-01 23:40:55,280 INFO     benchmark — 430/4000  A:49%  7.93 matches/s  ETA 450s
2026-10-01 23:40:56,658 INFO     benchmark — 440/4000  A:49%  7.92 matches/s  ETA 450s
2026-10-01 23:40:57,924 INFO     benchmark — 450/4000  A:49%  7.92 matches/s  ETA 448s
2026-10-01 23:40:59,028 INFO     benchmark — 460/4000  A:48%  7.94 matches/s  ETA 446s
2026-10-01 23:41:00,206 INFO     benchmark — 470/4000  A:49%  7.95 matches/s  ETA 444s
2026-10-01 23:41:01,336 INFO     benchmark — 480/4000  A:48%  7.97 matches/s  ETA 442s
2026-10-01 23:41:02,413 INFO     benchmark — 490/4000  A:49%  7.99 matches/s  ETA 439s
2026-10-01 23:41:03,382 INFO     benchmark — 500/4000  A:49%  8.02 matches/s  ETA 436s
2026-10-01 23:41:04,644 INFO     benchmark — 510/4000  A:49%  8.02 matches/s  ETA 435s
2026-10-01 23:41:05,881 INFO     benchmark — 520/4000  A:49%  8.02 matches/s  ETA 434s
2026-10-01 23:41:07,256 INFO     benchmark — 530/4000  A:49%  8.01 matches/s  ETA 433s
2026-10-01 23:41:08,403 INFO     benchmark — 540/4000  A:50%  8.02 matches/s  ETA 431s
2026-10-01 23:41:09,806 INFO     benchmark — 550/4000  A:50%  8.00 matches/s  ETA 431s
2026-10-01 23:41:11,146 INFO     benchmark — 560/4000  A:50%  7.99 matches/s  ETA 430s
2026-10-01 23:41:12,532 INFO     benchmark — 570/4000  A:50%  7.98 matches/s  ETA 430s
2026-10-01 23:41:13,824 INFO     benchmark — 580/4000  A:50%  7.97 matches/s  ETA 429s
2026-10-01 23:41:15,192 INFO     benchmark — 590/4000  A:50%  7.96 matches/s  ETA 428s
2026-10-01 23:41:16,360 INFO     benchmark — 600/4000  A:50%  7.97 matches/s  ETA 427s
2026-10-01 23:41:17,873 INFO     benchmark — 610/4000  A:50%  7.94 matches/s  ETA 427s
2026-10-01 23:41:19,374 INFO     benchmark — 620/4000  A:50%  7.92 matches/s  ETA 427s
2026-10-01 23:41:20,803 INFO     benchmark — 630/4000  A:50%  7.90 matches/s  ETA 426s
2026-10-01 23:41:22,183 INFO     benchmark — 640/4000  A:50%  7.89 matches/s  ETA 426s
2026-10-01 23:41:23,334 INFO     benchmark — 650/4000  A:50%  7.90 matches/s  ETA 424s
2026-10-01 23:41:24,656 INFO     benchmark — 660/4000  A:50%  7.90 matches/s  ETA 423s
2026-10-01 23:41:25,954 INFO     benchmark — 670/4000  A:50%  7.89 matches/s  ETA 422s
2026-10-01 23:41:27,345 INFO     benchmark — 680/4000  A:50%  7.88 matches/s  ETA 421s
2026-10-01 23:41:28,785 INFO     benchmark — 690/4000  A:50%  7.87 matches/s  ETA 421s
2026-10-01 23:41:29,895 INFO     benchmark — 700/4000  A:51%  7.88 matches/s  ETA 419s
2026-10-01 23:41:31,017 INFO     benchmark — 710/4000  A:51%  7.89 matches/s  ETA 417s
2026-10-01 23:41:32,403 INFO     benchmark — 720/4000  A:51%  7.88 matches/s  ETA 416s
2026-10-01 23:41:33,670 INFO     benchmark — 730/4000  A:51%  7.88 matches/s  ETA 415s
2026-10-01 23:41:34,962 INFO     benchmark — 740/4000  A:51%  7.88 matches/s  ETA 414s
2026-10-01 23:41:36,357 INFO     benchmark — 750/4000  A:51%  7.87 matches/s  ETA 413s
2026-10-01 23:41:37,673 INFO     benchmark — 760/4000  A:51%  7.87 matches/s  ETA 412s
2026-10-01 23:41:38,950 INFO     benchmark — 770/4000  A:51%  7.87 matches/s  ETA 411s
2026-10-01 23:41:39,894 INFO     benchmark — 780/4000  A:51%  7.89 matches/s  ETA 408s
2026-10-01 23:41:41,126 INFO     benchmark — 790/4000  A:51%  7.90 matches/s  ETA 407s
2026-10-01 23:41:42,446 INFO     benchmark — 800/4000  A:51%  7.89 matches/s  ETA 405s
2026-10-01 23:41:43,853 INFO     benchmark — 810/4000  A:51%  7.88 matches/s  ETA 405s
2026-10-01 23:41:44,996 INFO     benchmark — 820/4000  A:51%  7.89 matches/s  ETA 403s
2026-10-01 23:41:46,232 INFO     benchmark — 830/4000  A:51%  7.89 matches/s  ETA 402s
2026-10-01 23:41:47,586 INFO     benchmark — 840/4000  A:51%  7.89 matches/s  ETA 401s
2026-10-01 23:41:48,907 INFO     benchmark — 850/4000  A:51%  7.88 matches/s  ETA 400s
2026-10-01 23:41:50,046 INFO     benchmark — 860/4000  A:51%  7.89 matches/s  ETA 398s
2026-10-01 23:41:51,247 INFO     benchmark — 870/4000  A:51%  7.90 matches/s  ETA 396s
2026-10-01 23:41:52,560 INFO     benchmark — 880/4000  A:51%  7.89 matches/s  ETA 395s
2026-10-01 23:41:53,765 INFO     benchmark — 890/4000  A:51%  7.90 matches/s  ETA 394s
2026-10-01 23:41:55,038 INFO     benchmark — 900/4000  A:51%  7.90 matches/s  ETA 393s
2026-10-01 23:41:56,142 INFO     benchmark — 910/4000  A:51%  7.91 matches/s  ETA 391s
2026-10-01 23:41:57,334 INFO     benchmark — 920/4000  A:51%  7.91 matches/s  ETA 389s
2026-10-01 23:41:58,691 INFO     benchmark — 930/4000  A:51%  7.91 matches/s  ETA 388s
2026-10-01 23:41:59,798 INFO     benchmark — 940/4000  A:51%  7.92 matches/s  ETA 386s
2026-10-01 23:42:01,115 INFO     benchmark — 950/4000  A:51%  7.91 matches/s  ETA 385s
2026-10-01 23:42:02,440 INFO     benchmark — 960/4000  A:51%  7.91 matches/s  ETA 384s
2026-10-01 23:42:03,915 INFO     benchmark — 970/4000  A:51%  7.90 matches/s  ETA 384s
2026-10-01 23:42:05,513 INFO     benchmark — 980/4000  A:51%  7.88 matches/s  ETA 383s
2026-10-01 23:42:06,527 INFO     benchmark — 990/4000  A:51%  7.89 matches/s  ETA 381s
2026-10-01 23:42:07,678 INFO     benchmark — 1000/4000  A:52%  7.90 matches/s  ETA 380s
2026-10-01 23:42:08,846 INFO     benchmark — 1010/4000  A:51%  7.90 matches/s  ETA 378s
2026-10-01 23:42:09,939 INFO     benchmark — 1020/4000  A:51%  7.92 matches/s  ETA 376s
2026-10-01 23:42:11,250 INFO     benchmark — 1030/4000  A:51%  7.91 matches/s  ETA 375s
2026-10-01 23:42:12,546 INFO     benchmark — 1040/4000  A:51%  7.91 matches/s  ETA 374s
2026-10-01 23:42:13,730 INFO     benchmark — 1050/4000  A:51%  7.92 matches/s  ETA 373s
2026-10-01 23:42:15,076 INFO     benchmark — 1060/4000  A:51%  7.91 matches/s  ETA 372s
2026-10-01 23:42:16,174 INFO     benchmark — 1070/4000  A:51%  7.92 matches/s  ETA 370s
2026-10-01 23:42:17,602 INFO     benchmark — 1080/4000  A:51%  7.91 matches/s  ETA 369s
2026-10-01 23:42:18,679 INFO     benchmark — 1090/4000  A:51%  7.92 matches/s  ETA 367s
2026-10-01 23:42:19,971 INFO     benchmark — 1100/4000  A:51%  7.92 matches/s  ETA 366s
2026-10-01 23:42:21,485 INFO     benchmark — 1110/4000  A:51%  7.91 matches/s  ETA 366s
2026-10-01 23:42:22,872 INFO     benchmark — 1120/4000  A:51%  7.90 matches/s  ETA 365s
2026-10-01 23:42:24,121 INFO     benchmark — 1130/4000  A:51%  7.90 matches/s  ETA 363s
2026-10-01 23:42:25,483 INFO     benchmark — 1140/4000  A:51%  7.89 matches/s  ETA 362s
2026-10-01 23:42:26,673 INFO     benchmark — 1150/4000  A:51%  7.90 matches/s  ETA 361s
2026-10-01 23:42:28,133 INFO     benchmark — 1160/4000  A:51%  7.89 matches/s  ETA 360s
2026-10-01 23:42:29,436 INFO     benchmark — 1170/4000  A:51%  7.89 matches/s  ETA 359s
2026-10-01 23:42:30,572 INFO     benchmark — 1180/4000  A:51%  7.89 matches/s  ETA 357s
2026-10-01 23:42:32,065 INFO     benchmark — 1190/4000  A:51%  7.88 matches/s  ETA 357s
2026-10-01 23:42:33,450 INFO     benchmark — 1200/4000  A:51%  7.88 matches/s  ETA 356s
2026-10-01 23:42:34,715 INFO     benchmark — 1210/4000  A:51%  7.88 matches/s  ETA 354s
2026-10-01 23:42:35,876 INFO     benchmark — 1220/4000  A:51%  7.88 matches/s  ETA 353s
2026-10-01 23:42:37,377 INFO     benchmark — 1230/4000  A:51%  7.87 matches/s  ETA 352s
2026-10-01 23:42:38,590 INFO     benchmark — 1240/4000  A:51%  7.87 matches/s  ETA 351s
2026-10-01 23:42:39,782 INFO     benchmark — 1250/4000  A:51%  7.88 matches/s  ETA 349s
2026-10-01 23:42:41,050 INFO     benchmark — 1260/4000  A:51%  7.88 matches/s  ETA 348s
2026-10-01 23:42:42,423 INFO     benchmark — 1270/4000  A:51%  7.87 matches/s  ETA 347s
2026-10-01 23:42:43,621 INFO     benchmark — 1280/4000  A:51%  7.87 matches/s  ETA 345s
2026-10-01 23:42:45,106 INFO     benchmark — 1290/4000  A:51%  7.86 matches/s  ETA 345s
2026-10-01 23:42:46,420 INFO     benchmark — 1300/4000  A:52%  7.86 matches/s  ETA 343s
2026-10-01 23:42:47,526 INFO     benchmark — 1310/4000  A:52%  7.87 matches/s  ETA 342s
2026-10-01 23:42:48,435 INFO     benchmark — 1320/4000  A:52%  7.89 matches/s  ETA 340s
2026-10-01 23:42:49,612 INFO     benchmark — 1330/4000  A:51%  7.89 matches/s  ETA 338s
2026-10-01 23:42:50,850 INFO     benchmark — 1340/4000  A:51%  7.89 matches/s  ETA 337s
2026-10-01 23:42:52,171 INFO     benchmark — 1350/4000  A:51%  7.89 matches/s  ETA 336s
2026-10-01 23:42:53,660 INFO     benchmark — 1360/4000  A:51%  7.88 matches/s  ETA 335s
2026-10-01 23:42:54,968 INFO     benchmark — 1370/4000  A:51%  7.88 matches/s  ETA 334s
2026-10-01 23:42:56,217 INFO     benchmark — 1380/4000  A:51%  7.88 matches/s  ETA 333s
2026-10-01 23:42:57,496 INFO     benchmark — 1390/4000  A:51%  7.88 matches/s  ETA 331s
2026-10-01 23:42:58,747 INFO     benchmark — 1400/4000  A:51%  7.88 matches/s  ETA 330s
2026-10-01 23:43:00,079 INFO     benchmark — 1410/4000  A:51%  7.88 matches/s  ETA 329s
2026-10-01 23:43:01,001 INFO     benchmark — 1420/4000  A:51%  7.89 matches/s  ETA 327s
2026-10-01 23:43:02,311 INFO     benchmark — 1430/4000  A:51%  7.89 matches/s  ETA 326s
2026-10-01 23:43:03,414 INFO     benchmark — 1440/4000  A:51%  7.90 matches/s  ETA 324s
2026-10-01 23:43:04,619 INFO     benchmark — 1450/4000  A:51%  7.90 matches/s  ETA 323s
2026-10-01 23:43:05,875 INFO     benchmark — 1460/4000  A:51%  7.90 matches/s  ETA 322s
2026-10-01 23:43:07,235 INFO     benchmark — 1470/4000  A:51%  7.90 matches/s  ETA 320s
2026-10-01 23:43:08,604 INFO     benchmark — 1480/4000  A:51%  7.89 matches/s  ETA 319s
2026-10-01 23:43:09,818 INFO     benchmark — 1490/4000  A:51%  7.89 matches/s  ETA 318s
2026-10-01 23:43:10,814 INFO     benchmark — 1500/4000  A:51%  7.91 matches/s  ETA 316s
2026-10-01 23:43:12,075 INFO     benchmark — 1510/4000  A:51%  7.91 matches/s  ETA 315s
2026-10-01 23:43:13,392 INFO     benchmark — 1520/4000  A:52%  7.90 matches/s  ETA 314s
2026-10-01 23:43:14,777 INFO     benchmark — 1530/4000  A:52%  7.90 matches/s  ETA 313s
2026-10-01 23:43:15,989 INFO     benchmark — 1540/4000  A:51%  7.90 matches/s  ETA 311s
2026-10-01 23:43:17,193 INFO     benchmark — 1550/4000  A:51%  7.90 matches/s  ETA 310s
2026-10-01 23:43:18,658 INFO     benchmark — 1560/4000  A:51%  7.90 matches/s  ETA 309s
2026-10-01 23:43:19,939 INFO     benchmark — 1570/4000  A:51%  7.89 matches/s  ETA 308s
2026-10-01 23:43:21,234 INFO     benchmark — 1580/4000  A:52%  7.89 matches/s  ETA 307s
2026-10-01 23:43:22,656 INFO     benchmark — 1590/4000  A:52%  7.89 matches/s  ETA 306s
2026-10-01 23:43:23,849 INFO     benchmark — 1600/4000  A:52%  7.89 matches/s  ETA 304s
2026-10-01 23:43:25,178 INFO     benchmark — 1610/4000  A:52%  7.89 matches/s  ETA 303s
2026-10-01 23:43:26,317 INFO     benchmark — 1620/4000  A:52%  7.89 matches/s  ETA 302s
2026-10-01 23:43:27,736 INFO     benchmark — 1630/4000  A:52%  7.89 matches/s  ETA 300s
2026-10-01 23:43:28,801 INFO     benchmark — 1640/4000  A:52%  7.89 matches/s  ETA 299s
2026-10-01 23:43:29,999 INFO     benchmark — 1650/4000  A:52%  7.90 matches/s  ETA 298s
2026-10-01 23:43:31,447 INFO     benchmark — 1660/4000  A:52%  7.89 matches/s  ETA 297s
2026-10-01 23:43:32,831 INFO     benchmark — 1670/4000  A:52%  7.89 matches/s  ETA 295s
2026-10-01 23:43:33,998 INFO     benchmark — 1680/4000  A:52%  7.89 matches/s  ETA 294s
2026-10-01 23:43:35,093 INFO     benchmark — 1690/4000  A:52%  7.90 matches/s  ETA 293s
2026-10-01 23:43:36,385 INFO     benchmark — 1700/4000  A:52%  7.90 matches/s  ETA 291s
2026-10-01 23:43:37,555 INFO     benchmark — 1710/4000  A:52%  7.90 matches/s  ETA 290s
2026-10-01 23:43:38,945 INFO     benchmark — 1720/4000  A:52%  7.89 matches/s  ETA 289s
2026-10-01 23:43:40,300 INFO     benchmark — 1730/4000  A:52%  7.89 matches/s  ETA 288s
2026-10-01 23:43:41,552 INFO     benchmark — 1740/4000  A:52%  7.89 matches/s  ETA 286s
2026-10-01 23:43:42,789 INFO     benchmark — 1750/4000  A:52%  7.89 matches/s  ETA 285s
2026-10-01 23:43:43,828 INFO     benchmark — 1760/4000  A:52%  7.90 matches/s  ETA 284s
2026-10-01 23:43:45,127 INFO     benchmark — 1770/4000  A:52%  7.90 matches/s  ETA 282s
2026-10-01 23:43:46,523 INFO     benchmark — 1780/4000  A:52%  7.90 matches/s  ETA 281s
2026-10-01 23:43:47,891 INFO     benchmark — 1790/4000  A:52%  7.89 matches/s  ETA 280s
2026-10-01 23:43:49,066 INFO     benchmark — 1800/4000  A:52%  7.90 matches/s  ETA 279s
2026-10-01 23:43:50,463 INFO     benchmark — 1810/4000  A:52%  7.89 matches/s  ETA 278s
2026-10-01 23:43:51,763 INFO     benchmark — 1820/4000  A:52%  7.89 matches/s  ETA 276s
2026-10-01 23:43:53,064 INFO     benchmark — 1830/4000  A:52%  7.89 matches/s  ETA 275s
2026-10-01 23:43:54,357 INFO     benchmark — 1840/4000  A:52%  7.89 matches/s  ETA 274s
2026-10-01 23:43:55,638 INFO     benchmark — 1850/4000  A:52%  7.89 matches/s  ETA 273s
2026-10-01 23:43:56,803 INFO     benchmark — 1860/4000  A:52%  7.89 matches/s  ETA 271s
2026-10-01 23:43:58,245 INFO     benchmark — 1870/4000  A:52%  7.88 matches/s  ETA 270s
2026-10-01 23:43:59,236 INFO     benchmark — 1880/4000  A:52%  7.89 matches/s  ETA 269s
2026-10-01 23:44:00,614 INFO     benchmark — 1890/4000  A:52%  7.89 matches/s  ETA 267s
2026-10-01 23:44:02,066 INFO     benchmark — 1900/4000  A:52%  7.88 matches/s  ETA 266s
2026-10-01 23:44:03,340 INFO     benchmark — 1910/4000  A:52%  7.88 matches/s  ETA 265s
2026-10-01 23:44:04,576 INFO     benchmark — 1920/4000  A:52%  7.88 matches/s  ETA 264s
2026-10-01 23:44:05,649 INFO     benchmark — 1930/4000  A:52%  7.89 matches/s  ETA 262s
2026-10-01 23:44:07,056 INFO     benchmark — 1940/4000  A:52%  7.89 matches/s  ETA 261s
2026-10-01 23:44:08,168 INFO     benchmark — 1950/4000  A:52%  7.89 matches/s  ETA 260s
2026-10-01 23:44:09,601 INFO     benchmark — 1960/4000  A:51%  7.89 matches/s  ETA 259s
2026-10-01 23:44:11,020 INFO     benchmark — 1970/4000  A:51%  7.88 matches/s  ETA 258s
2026-10-01 23:44:12,422 INFO     benchmark — 1980/4000  A:52%  7.88 matches/s  ETA 256s
2026-10-01 23:44:13,726 INFO     benchmark — 1990/4000  A:51%  7.88 matches/s  ETA 255s
2026-10-01 23:44:14,801 INFO     benchmark — 2000/4000  A:51%  7.88 matches/s  ETA 254s
2026-10-01 23:44:16,035 INFO     benchmark — 2010/4000  A:52%  7.88 matches/s  ETA 252s
2026-10-01 23:44:17,133 INFO     benchmark — 2020/4000  A:52%  7.89 matches/s  ETA 251s
2026-10-01 23:44:18,511 INFO     benchmark — 2030/4000  A:51%  7.89 matches/s  ETA 250s
2026-10-01 23:44:19,716 INFO     benchmark — 2040/4000  A:52%  7.89 matches/s  ETA 248s
2026-10-01 23:44:21,078 INFO     benchmark — 2050/4000  A:51%  7.88 matches/s  ETA 247s
2026-10-01 23:44:22,343 INFO     benchmark — 2060/4000  A:52%  7.88 matches/s  ETA 246s
2026-10-01 23:44:23,743 INFO     benchmark — 2070/4000  A:52%  7.88 matches/s  ETA 245s
2026-10-01 23:44:24,900 INFO     benchmark — 2080/4000  A:52%  7.88 matches/s  ETA 244s
2026-10-01 23:44:26,262 INFO     benchmark — 2090/4000  A:52%  7.88 matches/s  ETA 242s
2026-10-01 23:44:27,323 INFO     benchmark — 2100/4000  A:52%  7.89 matches/s  ETA 241s
2026-10-01 23:44:28,605 INFO     benchmark — 2110/4000  A:52%  7.89 matches/s  ETA 240s
2026-10-01 23:44:30,131 INFO     benchmark — 2120/4000  A:51%  7.88 matches/s  ETA 239s
2026-10-01 23:44:31,667 INFO     benchmark — 2130/4000  A:52%  7.87 matches/s  ETA 238s
2026-10-01 23:44:32,702 INFO     benchmark — 2140/4000  A:51%  7.88 matches/s  ETA 236s
2026-10-01 23:44:33,926 INFO     benchmark — 2150/4000  A:51%  7.88 matches/s  ETA 235s
2026-10-01 23:44:35,004 INFO     benchmark — 2160/4000  A:51%  7.89 matches/s  ETA 233s
2026-10-01 23:44:36,239 INFO     benchmark — 2170/4000  A:51%  7.89 matches/s  ETA 232s
2026-10-01 23:44:37,449 INFO     benchmark — 2180/4000  A:51%  7.89 matches/s  ETA 231s
2026-10-01 23:44:38,721 INFO     benchmark — 2190/4000  A:51%  7.89 matches/s  ETA 229s
2026-10-01 23:44:40,013 INFO     benchmark — 2200/4000  A:51%  7.89 matches/s  ETA 228s
2026-10-01 23:44:41,370 INFO     benchmark — 2210/4000  A:51%  7.88 matches/s  ETA 227s
2026-10-01 23:44:42,814 INFO     benchmark — 2220/4000  A:51%  7.88 matches/s  ETA 226s
2026-10-01 23:44:44,084 INFO     benchmark — 2230/4000  A:51%  7.88 matches/s  ETA 225s
2026-10-01 23:44:45,175 INFO     benchmark — 2240/4000  A:51%  7.88 matches/s  ETA 223s
2026-10-01 23:44:46,400 INFO     benchmark — 2250/4000  A:51%  7.89 matches/s  ETA 222s
2026-10-01 23:44:47,764 INFO     benchmark — 2260/4000  A:51%  7.88 matches/s  ETA 221s
2026-10-01 23:44:49,184 INFO     benchmark — 2270/4000  A:51%  7.88 matches/s  ETA 220s
2026-10-01 23:44:50,262 INFO     benchmark — 2280/4000  A:51%  7.88 matches/s  ETA 218s
2026-10-01 23:44:51,729 INFO     benchmark — 2290/4000  A:51%  7.88 matches/s  ETA 217s
2026-10-01 23:44:52,965 INFO     benchmark — 2300/4000  A:51%  7.88 matches/s  ETA 216s
2026-10-01 23:44:54,326 INFO     benchmark — 2310/4000  A:51%  7.88 matches/s  ETA 215s
2026-10-01 23:44:55,546 INFO     benchmark — 2320/4000  A:51%  7.88 matches/s  ETA 213s
2026-10-01 23:44:56,961 INFO     benchmark — 2330/4000  A:51%  7.87 matches/s  ETA 212s
2026-10-01 23:44:58,337 INFO     benchmark — 2340/4000  A:52%  7.87 matches/s  ETA 211s
2026-10-01 23:44:59,748 INFO     benchmark — 2350/4000  A:52%  7.87 matches/s  ETA 210s
2026-10-01 23:45:01,032 INFO     benchmark — 2360/4000  A:52%  7.87 matches/s  ETA 208s
2026-10-01 23:45:02,328 INFO     benchmark — 2370/4000  A:52%  7.87 matches/s  ETA 207s
2026-10-01 23:45:03,626 INFO     benchmark — 2380/4000  A:52%  7.87 matches/s  ETA 206s
2026-10-01 23:45:04,982 INFO     benchmark — 2390/4000  A:52%  7.86 matches/s  ETA 205s
2026-10-01 23:45:06,294 INFO     benchmark — 2400/4000  A:52%  7.86 matches/s  ETA 203s
2026-10-01 23:45:07,422 INFO     benchmark — 2410/4000  A:52%  7.87 matches/s  ETA 202s
2026-10-01 23:45:08,670 INFO     benchmark — 2420/4000  A:52%  7.87 matches/s  ETA 201s
2026-10-01 23:45:10,070 INFO     benchmark — 2430/4000  A:52%  7.86 matches/s  ETA 200s
2026-10-01 23:45:11,172 INFO     benchmark — 2440/4000  A:52%  7.87 matches/s  ETA 198s
2026-10-01 23:45:12,358 INFO     benchmark — 2450/4000  A:52%  7.87 matches/s  ETA 197s
2026-10-01 23:45:13,575 INFO     benchmark — 2460/4000  A:52%  7.87 matches/s  ETA 196s
2026-10-01 23:45:14,630 INFO     benchmark — 2470/4000  A:52%  7.88 matches/s  ETA 194s
2026-10-01 23:45:15,630 INFO     benchmark — 2480/4000  A:52%  7.88 matches/s  ETA 193s
2026-10-01 23:45:16,973 INFO     benchmark — 2490/4000  A:52%  7.88 matches/s  ETA 192s
2026-10-01 23:45:18,313 INFO     benchmark — 2500/4000  A:52%  7.88 matches/s  ETA 190s
2026-10-01 23:45:19,578 INFO     benchmark — 2510/4000  A:52%  7.88 matches/s  ETA 189s
2026-10-01 23:45:20,912 INFO     benchmark — 2520/4000  A:52%  7.88 matches/s  ETA 188s
2026-10-01 23:45:22,249 INFO     benchmark — 2530/4000  A:52%  7.88 matches/s  ETA 187s
2026-10-01 23:45:23,647 INFO     benchmark — 2540/4000  A:52%  7.87 matches/s  ETA 185s
2026-10-01 23:45:25,010 INFO     benchmark — 2550/4000  A:52%  7.87 matches/s  ETA 184s
2026-10-01 23:45:26,345 INFO     benchmark — 2560/4000  A:52%  7.87 matches/s  ETA 183s
2026-10-01 23:45:27,500 INFO     benchmark — 2570/4000  A:52%  7.87 matches/s  ETA 182s
2026-10-01 23:45:28,771 INFO     benchmark — 2580/4000  A:51%  7.87 matches/s  ETA 180s
2026-10-01 23:45:30,184 INFO     benchmark — 2590/4000  A:51%  7.87 matches/s  ETA 179s
2026-10-01 23:45:31,516 INFO     benchmark — 2600/4000  A:51%  7.87 matches/s  ETA 178s
2026-10-01 23:45:32,850 INFO     benchmark — 2610/4000  A:51%  7.87 matches/s  ETA 177s
2026-10-01 23:45:34,042 INFO     benchmark — 2620/4000  A:51%  7.87 matches/s  ETA 175s
2026-10-01 23:45:35,323 INFO     benchmark — 2630/4000  A:51%  7.87 matches/s  ETA 174s
2026-10-01 23:45:36,656 INFO     benchmark — 2640/4000  A:51%  7.87 matches/s  ETA 173s
2026-10-01 23:45:38,056 INFO     benchmark — 2650/4000  A:51%  7.86 matches/s  ETA 172s
2026-10-01 23:45:39,088 INFO     benchmark — 2660/4000  A:51%  7.87 matches/s  ETA 170s
2026-10-01 23:45:40,445 INFO     benchmark — 2670/4000  A:51%  7.87 matches/s  ETA 169s
2026-10-01 23:45:41,732 INFO     benchmark — 2680/4000  A:51%  7.87 matches/s  ETA 168s
2026-10-01 23:45:43,006 INFO     benchmark — 2690/4000  A:51%  7.87 matches/s  ETA 167s
2026-10-01 23:45:44,387 INFO     benchmark — 2700/4000  A:51%  7.86 matches/s  ETA 165s
2026-10-01 23:45:45,662 INFO     benchmark — 2710/4000  A:51%  7.86 matches/s  ETA 164s
2026-10-01 23:45:46,808 INFO     benchmark — 2720/4000  A:51%  7.87 matches/s  ETA 163s
2026-10-01 23:45:48,056 INFO     benchmark — 2730/4000  A:51%  7.87 matches/s  ETA 161s
2026-10-01 23:45:49,256 INFO     benchmark — 2740/4000  A:51%  7.87 matches/s  ETA 160s
2026-10-01 23:45:50,516 INFO     benchmark — 2750/4000  A:51%  7.87 matches/s  ETA 159s
2026-10-01 23:45:51,873 INFO     benchmark — 2760/4000  A:51%  7.87 matches/s  ETA 158s
2026-10-01 23:45:53,258 INFO     benchmark — 2770/4000  A:51%  7.87 matches/s  ETA 156s
2026-10-01 23:45:54,608 INFO     benchmark — 2780/4000  A:51%  7.86 matches/s  ETA 155s
2026-10-01 23:45:55,891 INFO     benchmark — 2790/4000  A:51%  7.86 matches/s  ETA 154s
2026-10-01 23:45:57,212 INFO     benchmark — 2800/4000  A:51%  7.86 matches/s  ETA 153s
2026-10-01 23:45:58,484 INFO     benchmark — 2810/4000  A:51%  7.86 matches/s  ETA 151s
2026-10-01 23:45:59,724 INFO     benchmark — 2820/4000  A:51%  7.86 matches/s  ETA 150s
2026-10-01 23:46:01,089 INFO     benchmark — 2830/4000  A:51%  7.86 matches/s  ETA 149s
2026-10-01 23:46:02,336 INFO     benchmark — 2840/4000  A:51%  7.86 matches/s  ETA 148s
2026-10-01 23:46:03,809 INFO     benchmark — 2850/4000  A:51%  7.86 matches/s  ETA 146s
2026-10-01 23:46:05,043 INFO     benchmark — 2860/4000  A:51%  7.86 matches/s  ETA 145s
2026-10-01 23:46:06,145 INFO     benchmark — 2870/4000  A:51%  7.86 matches/s  ETA 144s
2026-10-01 23:46:07,536 INFO     benchmark — 2880/4000  A:51%  7.86 matches/s  ETA 143s
2026-10-01 23:46:08,830 INFO     benchmark — 2890/4000  A:51%  7.86 matches/s  ETA 141s
2026-10-01 23:46:10,258 INFO     benchmark — 2900/4000  A:51%  7.86 matches/s  ETA 140s
2026-10-01 23:46:11,560 INFO     benchmark — 2910/4000  A:51%  7.85 matches/s  ETA 139s
2026-10-01 23:46:12,754 INFO     benchmark — 2920/4000  A:51%  7.86 matches/s  ETA 137s
2026-10-01 23:46:13,929 INFO     benchmark — 2930/4000  A:51%  7.86 matches/s  ETA 136s
2026-10-01 23:46:15,286 INFO     benchmark — 2940/4000  A:51%  7.86 matches/s  ETA 135s
2026-10-01 23:46:16,491 INFO     benchmark — 2950/4000  A:51%  7.86 matches/s  ETA 134s
2026-10-01 23:46:17,652 INFO     benchmark — 2960/4000  A:51%  7.86 matches/s  ETA 132s
2026-10-01 23:46:18,927 INFO     benchmark — 2970/4000  A:51%  7.86 matches/s  ETA 131s
2026-10-01 23:46:20,254 INFO     benchmark — 2980/4000  A:51%  7.86 matches/s  ETA 130s
2026-10-01 23:46:21,635 INFO     benchmark — 2990/4000  A:51%  7.86 matches/s  ETA 129s
2026-10-01 23:46:22,974 INFO     benchmark — 3000/4000  A:51%  7.86 matches/s  ETA 127s
2026-10-01 23:46:24,160 INFO     benchmark — 3010/4000  A:51%  7.86 matches/s  ETA 126s
2026-10-01 23:46:25,475 INFO     benchmark — 3020/4000  A:51%  7.86 matches/s  ETA 125s
2026-10-01 23:46:26,708 INFO     benchmark — 3030/4000  A:51%  7.86 matches/s  ETA 123s
2026-10-01 23:46:28,000 INFO     benchmark — 3040/4000  A:51%  7.86 matches/s  ETA 122s
2026-10-01 23:46:29,189 INFO     benchmark — 3050/4000  A:51%  7.86 matches/s  ETA 121s
2026-10-01 23:46:30,556 INFO     benchmark — 3060/4000  A:51%  7.86 matches/s  ETA 120s
2026-10-01 23:46:31,839 INFO     benchmark — 3070/4000  A:51%  7.86 matches/s  ETA 118s
2026-10-01 23:46:33,189 INFO     benchmark — 3080/4000  A:51%  7.85 matches/s  ETA 117s
2026-10-01 23:46:34,426 INFO     benchmark — 3090/4000  A:51%  7.86 matches/s  ETA 116s
2026-10-01 23:46:35,701 INFO     benchmark — 3100/4000  A:51%  7.86 matches/s  ETA 115s
2026-10-01 23:46:37,047 INFO     benchmark — 3110/4000  A:51%  7.85 matches/s  ETA 113s
2026-10-01 23:46:38,230 INFO     benchmark — 3120/4000  A:51%  7.86 matches/s  ETA 112s
2026-10-01 23:46:39,513 INFO     benchmark — 3130/4000  A:51%  7.86 matches/s  ETA 111s
2026-10-01 23:46:40,949 INFO     benchmark — 3140/4000  A:51%  7.85 matches/s  ETA 110s
2026-10-01 23:46:42,083 INFO     benchmark — 3150/4000  A:51%  7.86 matches/s  ETA 108s
2026-10-01 23:46:43,190 INFO     benchmark — 3160/4000  A:51%  7.86 matches/s  ETA 107s
2026-10-01 23:46:44,511 INFO     benchmark — 3170/4000  A:51%  7.86 matches/s  ETA 106s
2026-10-01 23:46:45,959 INFO     benchmark — 3180/4000  A:51%  7.85 matches/s  ETA 104s
2026-10-01 23:46:47,309 INFO     benchmark — 3190/4000  A:51%  7.85 matches/s  ETA 103s
2026-10-01 23:46:48,487 INFO     benchmark — 3200/4000  A:51%  7.85 matches/s  ETA 102s
2026-10-01 23:46:49,882 INFO     benchmark — 3210/4000  A:51%  7.85 matches/s  ETA 101s
2026-10-01 23:46:51,345 INFO     benchmark — 3220/4000  A:51%  7.85 matches/s  ETA 99s
2026-10-01 23:46:52,537 INFO     benchmark — 3230/4000  A:51%  7.85 matches/s  ETA 98s
2026-10-01 23:46:53,768 INFO     benchmark — 3240/4000  A:51%  7.85 matches/s  ETA 97s
2026-10-01 23:46:54,917 INFO     benchmark — 3250/4000  A:51%  7.85 matches/s  ETA 96s
2026-10-01 23:46:56,004 INFO     benchmark — 3260/4000  A:51%  7.86 matches/s  ETA 94s
2026-10-01 23:46:57,363 INFO     benchmark — 3270/4000  A:51%  7.86 matches/s  ETA 93s
2026-10-01 23:46:58,663 INFO     benchmark — 3280/4000  A:51%  7.85 matches/s  ETA 92s
2026-10-01 23:46:59,765 INFO     benchmark — 3290/4000  A:51%  7.86 matches/s  ETA 90s
2026-10-01 23:47:00,777 INFO     benchmark — 3300/4000  A:51%  7.86 matches/s  ETA 89s
2026-10-01 23:47:02,130 INFO     benchmark — 3310/4000  A:51%  7.86 matches/s  ETA 88s
2026-10-01 23:47:03,122 INFO     benchmark — 3320/4000  A:51%  7.87 matches/s  ETA 86s
2026-10-01 23:47:04,308 INFO     benchmark — 3330/4000  A:51%  7.87 matches/s  ETA 85s
2026-10-01 23:47:05,476 INFO     benchmark — 3340/4000  A:51%  7.87 matches/s  ETA 84s
2026-10-01 23:47:06,929 INFO     benchmark — 3350/4000  A:51%  7.87 matches/s  ETA 83s
2026-10-01 23:47:08,320 INFO     benchmark — 3360/4000  A:51%  7.86 matches/s  ETA 81s
2026-10-01 23:47:09,571 INFO     benchmark — 3370/4000  A:51%  7.86 matches/s  ETA 80s
2026-10-01 23:47:10,831 INFO     benchmark — 3380/4000  A:51%  7.86 matches/s  ETA 79s
2026-10-01 23:47:12,122 INFO     benchmark — 3390/4000  A:51%  7.86 matches/s  ETA 78s
2026-10-01 23:47:13,540 INFO     benchmark — 3400/4000  A:51%  7.86 matches/s  ETA 76s
2026-10-01 23:47:14,502 INFO     benchmark — 3410/4000  A:51%  7.87 matches/s  ETA 75s
2026-10-01 23:47:15,807 INFO     benchmark — 3420/4000  A:51%  7.87 matches/s  ETA 74s
2026-10-01 23:47:17,236 INFO     benchmark — 3430/4000  A:51%  7.86 matches/s  ETA 72s
2026-10-01 23:47:18,432 INFO     benchmark — 3440/4000  A:52%  7.87 matches/s  ETA 71s
2026-10-01 23:47:19,540 INFO     benchmark — 3450/4000  A:52%  7.87 matches/s  ETA 70s
2026-10-01 23:47:20,543 INFO     benchmark — 3460/4000  A:52%  7.87 matches/s  ETA 69s
2026-10-01 23:47:21,755 INFO     benchmark — 3470/4000  A:51%  7.87 matches/s  ETA 67s
2026-10-01 23:47:22,848 INFO     benchmark — 3480/4000  A:52%  7.88 matches/s  ETA 66s
2026-10-01 23:47:23,984 INFO     benchmark — 3490/4000  A:52%  7.88 matches/s  ETA 65s
2026-10-01 23:47:25,425 INFO     benchmark — 3500/4000  A:52%  7.88 matches/s  ETA 63s
2026-10-01 23:47:26,811 INFO     benchmark — 3510/4000  A:52%  7.87 matches/s  ETA 62s
2026-10-01 23:47:27,999 INFO     benchmark — 3520/4000  A:52%  7.88 matches/s  ETA 61s
2026-10-01 23:47:29,317 INFO     benchmark — 3530/4000  A:52%  7.88 matches/s  ETA 60s
2026-10-01 23:47:30,593 INFO     benchmark — 3540/4000  A:51%  7.88 matches/s  ETA 58s
2026-10-01 23:47:31,954 INFO     benchmark — 3550/4000  A:51%  7.87 matches/s  ETA 57s
2026-10-01 23:47:33,147 INFO     benchmark — 3560/4000  A:51%  7.87 matches/s  ETA 56s
2026-10-01 23:47:34,266 INFO     benchmark — 3570/4000  A:51%  7.88 matches/s  ETA 55s
2026-10-01 23:47:35,632 INFO     benchmark — 3580/4000  A:51%  7.88 matches/s  ETA 53s
2026-10-01 23:47:37,103 INFO     benchmark — 3590/4000  A:51%  7.87 matches/s  ETA 52s
2026-10-01 23:47:38,471 INFO     benchmark — 3600/4000  A:51%  7.87 matches/s  ETA 51s
2026-10-01 23:47:39,491 INFO     benchmark — 3610/4000  A:51%  7.87 matches/s  ETA 50s
2026-10-01 23:47:40,757 INFO     benchmark — 3620/4000  A:51%  7.87 matches/s  ETA 48s
2026-10-01 23:47:42,161 INFO     benchmark — 3630/4000  A:51%  7.87 matches/s  ETA 47s
2026-10-01 23:47:43,357 INFO     benchmark — 3640/4000  A:51%  7.87 matches/s  ETA 46s
2026-10-01 23:47:44,566 INFO     benchmark — 3650/4000  A:51%  7.87 matches/s  ETA 44s
2026-10-01 23:47:45,956 INFO     benchmark — 3660/4000  A:51%  7.87 matches/s  ETA 43s
2026-10-01 23:47:47,207 INFO     benchmark — 3670/4000  A:51%  7.87 matches/s  ETA 42s
2026-10-01 23:47:48,569 INFO     benchmark — 3680/4000  A:51%  7.87 matches/s  ETA 41s
2026-10-01 23:47:49,821 INFO     benchmark — 3690/4000  A:51%  7.87 matches/s  ETA 39s
2026-10-01 23:47:51,127 INFO     benchmark — 3700/4000  A:51%  7.87 matches/s  ETA 38s
2026-10-01 23:47:52,543 INFO     benchmark — 3710/4000  A:51%  7.87 matches/s  ETA 37s
2026-10-01 23:47:54,441 INFO     benchmark — 3720/4000  A:51%  7.86 matches/s  ETA 36s
2026-10-01 23:47:56,940 INFO     benchmark — 3730/4000  A:51%  7.84 matches/s  ETA 34s
2026-10-01 23:47:59,048 INFO     benchmark — 3740/4000  A:51%  7.82 matches/s  ETA 33s
2026-10-01 23:48:00,800 INFO     benchmark — 3750/4000  A:51%  7.82 matches/s  ETA 32s
2026-10-01 23:48:02,727 INFO     benchmark — 3760/4000  A:51%  7.81 matches/s  ETA 31s
2026-10-01 23:48:04,874 INFO     benchmark — 3770/4000  A:51%  7.79 matches/s  ETA 30s
2026-10-01 23:48:06,947 INFO     benchmark — 3780/4000  A:51%  7.78 matches/s  ETA 28s
2026-10-01 23:48:08,961 INFO     benchmark — 3790/4000  A:51%  7.77 matches/s  ETA 27s
2026-10-01 23:48:11,038 INFO     benchmark — 3800/4000  A:51%  7.76 matches/s  ETA 26s
2026-10-01 23:48:12,870 INFO     benchmark — 3810/4000  A:51%  7.75 matches/s  ETA 25s
2026-10-01 23:48:14,247 INFO     benchmark — 3820/4000  A:51%  7.75 matches/s  ETA 23s
2026-10-01 23:48:15,960 INFO     benchmark — 3830/4000  A:51%  7.74 matches/s  ETA 22s
2026-10-01 23:48:18,092 INFO     benchmark — 3840/4000  A:51%  7.73 matches/s  ETA 21s
2026-10-01 23:48:20,574 INFO     benchmark — 3850/4000  A:51%  7.71 matches/s  ETA 19s
2026-10-01 23:48:23,463 INFO     benchmark — 3860/4000  A:51%  7.68 matches/s  ETA 18s
2026-10-01 23:48:25,815 INFO     benchmark — 3870/4000  A:51%  7.67 matches/s  ETA 17s
2026-10-01 23:48:28,591 INFO     benchmark — 3880/4000  A:51%  7.65 matches/s  ETA 16s
2026-10-01 23:48:31,717 INFO     benchmark — 3890/4000  A:51%  7.62 matches/s  ETA 14s
2026-10-01 23:48:35,254 INFO     benchmark — 3900/4000  A:51%  7.58 matches/s  ETA 13s
2026-10-01 23:48:38,185 INFO     benchmark — 3910/4000  A:51%  7.56 matches/s  ETA 12s
2026-10-01 23:48:41,458 INFO     benchmark — 3920/4000  A:51%  7.53 matches/s  ETA 11s
2026-10-01 23:48:43,855 INFO     benchmark — 3930/4000  A:51%  7.52 matches/s  ETA 9s
2026-10-01 23:48:45,873 INFO     benchmark — 3940/4000  A:51%  7.51 matches/s  ETA 8s
2026-10-01 23:48:47,775 INFO     benchmark — 3950/4000  A:51%  7.50 matches/s  ETA 7s
2026-10-01 23:48:49,504 INFO     benchmark — 3960/4000  A:51%  7.49 matches/s  ETA 5s
2026-10-01 23:48:51,552 INFO     benchmark — 3970/4000  A:51%  7.48 matches/s  ETA 4s
2026-10-01 23:48:54,254 INFO     benchmark — 3980/4000  A:51%  7.46 matches/s  ETA 3s
2026-10-01 23:48:57,120 INFO     benchmark — 3990/4000  A:51%  7.44 matches/s  ETA 1s
2026-10-01 23:49:00,724 INFO     benchmark — 4000/4000  A:51%  7.41 matches/s  ETA 0s
2026-10-01 23:49:00,814 INFO     benchmark — wrote results/008/bc_vs_thr.json

──────────────────────────────────────────────────
Mode:        match_rl_vs_threshold
Matches:      4,000
──────────────────────────────────────────────────
RL(bc_init) wins:  2,052  (51.3%)
Threshold wins:  1,948  (48.7%)
Ties:        0  (0.0%)
──────────────────────────────────────────────────

