2026-10-02 00:18:19,743 INFO     benchmark — 10/4000  A:60%  8.29 matches/s  ETA 481s
2026-10-02 00:18:20,821 INFO     benchmark — 20/4000  A:55%  8.76 matches/s  ETA 455s
2026-10-02 00:18:22,816 INFO     benchmark — 30/4000  A:53%  7.01 matches/s  ETA 566s
2026-10-02 00:18:24,589 INFO     benchmark — 40/4000  A:58%  6.61 matches/s  ETA 599s
2026-10-02 00:18:25,832 INFO     benchmark — 50/4000  A:52%  6.85 matches/s  ETA 576s
2026-10-02 00:18:27,588 INFO     benchmark — 60/4000  A:58%  6.63 matches/s  ETA 594s
2026-10-02 00:18:28,959 INFO     benchmark — 70/4000  A:60%  6.72 matches/s  ETA 585s
2026-10-02 00:18:31,149 INFO     benchmark — 80/4000  A:62%  6.34 matches/s  ETA 618s
2026-10-02 00:18:32,597 INFO     benchmark — 90/4000  A:60%  6.40 matches/s  ETA 611s
2026-10-02 00:18:34,301 INFO     benchmark — 100/4000  A:59%  6.34 matches/s  ETA 615s
2026-10-02 00:18:36,188 INFO     benchmark — 110/4000  A:60%  6.23 matches/s  ETA 624s
2026-10-02 00:18:37,120 INFO     benchmark — 120/4000  A:60%  6.46 matches/s  ETA 601s
2026-10-02 00:18:38,419 INFO     benchmark — 130/4000  A:58%  6.54 matches/s  ETA 592s
2026-10-02 00:18:39,574 INFO     benchmark — 140/4000  A:56%  6.65 matches/s  ETA 580s
2026-10-02 00:18:41,367 INFO     benchmark — 150/4000  A:55%  6.57 matches/s  ETA 586s
2026-10-02 00:18:43,115 INFO     benchmark — 160/4000  A:55%  6.51 matches/s  ETA 590s
2026-10-02 00:18:44,146 INFO     benchmark — 170/4000  A:55%  6.64 matches/s  ETA 577s
2026-10-02 00:18:45,472 INFO     benchmark — 180/4000  A:55%  6.68 matches/s  ETA 572s
2026-10-02 00:18:46,697 INFO     benchmark — 190/4000  A:55%  6.75 matches/s  ETA 565s
2026-10-02 00:18:48,186 INFO     benchmark — 200/4000  A:55%  6.75 matches/s  ETA 563s
2026-10-02 00:18:49,258 INFO     benchmark — 210/4000  A:55%  6.84 matches/s  ETA 554s
2026-10-02 00:18:50,558 INFO     benchmark — 220/4000  A:55%  6.87 matches/s  ETA 550s
2026-10-02 00:18:51,873 INFO     benchmark — 230/4000  A:54%  6.90 matches/s  ETA 546s
2026-10-02 00:18:53,459 INFO     benchmark — 240/4000  A:53%  6.87 matches/s  ETA 547s
2026-10-02 00:18:54,934 INFO     benchmark — 250/4000  A:54%  6.87 matches/s  ETA 546s
2026-10-02 00:18:55,976 INFO     benchmark — 260/4000  A:53%  6.94 matches/s  ETA 539s
2026-10-02 00:18:57,144 INFO     benchmark — 270/4000  A:53%  6.99 matches/s  ETA 533s
2026-10-02 00:18:58,442 INFO     benchmark — 280/4000  A:52%  7.02 matches/s  ETA 530s
2026-10-02 00:18:59,490 INFO     benchmark — 290/4000  A:53%  7.08 matches/s  ETA 524s
2026-10-02 00:19:00,589 INFO     benchmark — 300/4000  A:54%  7.13 matches/s  ETA 519s
2026-10-02 00:19:01,843 INFO     benchmark — 310/4000  A:53%  7.16 matches/s  ETA 515s
2026-10-02 00:19:03,011 INFO     benchmark — 320/4000  A:52%  7.20 matches/s  ETA 511s
2026-10-02 00:19:04,235 INFO     benchmark — 330/4000  A:52%  7.22 matches/s  ETA 508s
2026-10-02 00:19:05,066 INFO     benchmark — 340/4000  A:52%  7.31 matches/s  ETA 501s
2026-10-02 00:19:06,354 INFO     benchmark — 350/4000  A:52%  7.32 matches/s  ETA 499s
2026-10-02 00:19:07,418 INFO     benchmark — 360/4000  A:51%  7.36 matches/s  ETA 494s
2026-10-02 00:19:08,826 INFO     benchmark — 370/4000  A:52%  7.36 matches/s  ETA 493s
2026-10-02 00:19:09,972 INFO     benchmark — 380/4000  A:51%  7.39 matches/s  ETA 490s
2026-10-02 00:19:10,577 INFO     benchmark — 390/4000  A:51%  7.49 matches/s  ETA 482s
2026-10-02 00:19:11,827 INFO     benchmark — 400/4000  A:51%  7.51 matches/s  ETA 480s
2026-10-02 00:19:13,025 INFO     benchmark — 410/4000  A:51%  7.52 matches/s  ETA 477s
2026-10-02 00:19:14,157 INFO     benchmark — 420/4000  A:50%  7.55 matches/s  ETA 474s
2026-10-02 00:19:15,624 INFO     benchmark — 430/4000  A:51%  7.53 matches/s  ETA 474s
2026-10-02 00:19:17,536 INFO     benchmark — 440/4000  A:50%  7.46 matches/s  ETA 477s
2026-10-02 00:19:18,644 INFO     benchmark — 450/4000  A:50%  7.49 matches/s  ETA 474s
2026-10-02 00:19:19,806 INFO     benchmark — 460/4000  A:49%  7.51 matches/s  ETA 472s
2026-10-02 00:19:21,234 INFO     benchmark — 470/4000  A:49%  7.50 matches/s  ETA 471s
2026-10-02 00:19:22,753 INFO     benchmark — 480/4000  A:49%  7.47 matches/s  ETA 471s
2026-10-02 00:19:23,941 INFO     benchmark — 490/4000  A:49%  7.49 matches/s  ETA 469s
2026-10-02 00:19:25,336 INFO     benchmark — 500/4000  A:49%  7.49 matches/s  ETA 468s
2026-10-02 00:19:26,646 INFO     benchmark — 510/4000  A:48%  7.49 matches/s  ETA 466s
2026-10-02 00:19:27,552 INFO     benchmark — 520/4000  A:49%  7.53 matches/s  ETA 462s
2026-10-02 00:19:28,763 INFO     benchmark — 530/4000  A:49%  7.55 matches/s  ETA 460s
2026-10-02 00:19:29,702 INFO     benchmark — 540/4000  A:49%  7.59 matches/s  ETA 456s
2026-10-02 00:19:30,926 INFO     benchmark — 550/4000  A:49%  7.60 matches/s  ETA 454s
2026-10-02 00:19:32,136 INFO     benchmark — 560/4000  A:48%  7.61 matches/s  ETA 452s
2026-10-02 00:19:33,419 INFO     benchmark — 570/4000  A:48%  7.61 matches/s  ETA 451s
2026-10-02 00:19:34,406 INFO     benchmark — 580/4000  A:49%  7.64 matches/s  ETA 447s
2026-10-02 00:19:35,839 INFO     benchmark — 590/4000  A:49%  7.63 matches/s  ETA 447s
2026-10-02 00:19:37,004 INFO     benchmark — 600/4000  A:49%  7.65 matches/s  ETA 445s
2026-10-02 00:19:38,023 INFO     benchmark — 610/4000  A:49%  7.67 matches/s  ETA 442s
2026-10-02 00:19:39,072 INFO     benchmark — 620/4000  A:49%  7.70 matches/s  ETA 439s
2026-10-02 00:19:40,234 INFO     benchmark — 630/4000  A:49%  7.71 matches/s  ETA 437s
2026-10-02 00:19:41,749 INFO     benchmark — 640/4000  A:48%  7.69 matches/s  ETA 437s
2026-10-02 00:19:42,936 INFO     benchmark — 650/4000  A:48%  7.70 matches/s  ETA 435s
2026-10-02 00:19:43,853 INFO     benchmark — 660/4000  A:48%  7.74 matches/s  ETA 432s
2026-10-02 00:19:44,872 INFO     benchmark — 670/4000  A:48%  7.76 matches/s  ETA 429s
2026-10-02 00:19:45,508 INFO     benchmark — 680/4000  A:48%  7.82 matches/s  ETA 425s
2026-10-02 00:19:46,876 INFO     benchmark — 690/4000  A:48%  7.81 matches/s  ETA 424s
2026-10-02 00:19:48,423 INFO     benchmark — 700/4000  A:48%  7.79 matches/s  ETA 424s
2026-10-02 00:19:49,908 INFO     benchmark — 710/4000  A:48%  7.77 matches/s  ETA 423s
2026-10-02 00:19:51,304 INFO     benchmark — 720/4000  A:48%  7.76 matches/s  ETA 423s
2026-10-02 00:19:52,155 INFO     benchmark — 730/4000  A:48%  7.80 matches/s  ETA 419s
2026-10-02 00:19:53,571 INFO     benchmark — 740/4000  A:48%  7.79 matches/s  ETA 419s
2026-10-02 00:19:55,069 INFO     benchmark — 750/4000  A:48%  7.77 matches/s  ETA 418s
2026-10-02 00:19:56,491 INFO     benchmark — 760/4000  A:48%  7.76 matches/s  ETA 418s
2026-10-02 00:19:57,826 INFO     benchmark — 770/4000  A:48%  7.76 matches/s  ETA 416s
2026-10-02 00:19:58,807 INFO     benchmark — 780/4000  A:48%  7.78 matches/s  ETA 414s
2026-10-02 00:20:00,032 INFO     benchmark — 790/4000  A:48%  7.78 matches/s  ETA 412s
2026-10-02 00:20:01,474 INFO     benchmark — 800/4000  A:48%  7.77 matches/s  ETA 412s
2026-10-02 00:20:02,819 INFO     benchmark — 810/4000  A:48%  7.77 matches/s  ETA 411s
2026-10-02 00:20:04,039 INFO     benchmark — 820/4000  A:48%  7.77 matches/s  ETA 409s
2026-10-02 00:20:05,358 INFO     benchmark — 830/4000  A:48%  7.77 matches/s  ETA 408s
2026-10-02 00:20:06,188 INFO     benchmark — 840/4000  A:47%  7.80 matches/s  ETA 405s
2026-10-02 00:20:07,203 INFO     benchmark — 850/4000  A:47%  7.82 matches/s  ETA 403s
2026-10-02 00:20:08,610 INFO     benchmark — 860/4000  A:47%  7.81 matches/s  ETA 402s
2026-10-02 00:20:09,804 INFO     benchmark — 870/4000  A:47%  7.82 matches/s  ETA 400s
2026-10-02 00:20:11,426 INFO     benchmark — 880/4000  A:47%  7.80 matches/s  ETA 400s
2026-10-02 00:20:12,642 INFO     benchmark — 890/4000  A:47%  7.80 matches/s  ETA 399s
2026-10-02 00:20:13,736 INFO     benchmark — 900/4000  A:47%  7.81 matches/s  ETA 397s
2026-10-02 00:20:15,029 INFO     benchmark — 910/4000  A:47%  7.81 matches/s  ETA 396s
2026-10-02 00:20:15,874 INFO     benchmark — 920/4000  A:47%  7.84 matches/s  ETA 393s
2026-10-02 00:20:16,592 INFO     benchmark — 930/4000  A:47%  7.88 matches/s  ETA 390s
2026-10-02 00:20:17,763 INFO     benchmark — 940/4000  A:47%  7.88 matches/s  ETA 388s
2026-10-02 00:20:18,601 INFO     benchmark — 950/4000  A:48%  7.91 matches/s  ETA 385s
2026-10-02 00:20:19,790 INFO     benchmark — 960/4000  A:48%  7.92 matches/s  ETA 384s
2026-10-02 00:20:20,842 INFO     benchmark — 970/4000  A:48%  7.93 matches/s  ETA 382s
2026-10-02 00:20:21,924 INFO     benchmark — 980/4000  A:48%  7.94 matches/s  ETA 380s
2026-10-02 00:20:23,462 INFO     benchmark — 990/4000  A:48%  7.92 matches/s  ETA 380s
2026-10-02 00:20:24,639 INFO     benchmark — 1000/4000  A:48%  7.93 matches/s  ETA 378s
2026-10-02 00:20:26,014 INFO     benchmark — 1010/4000  A:48%  7.92 matches/s  ETA 377s
2026-10-02 00:20:26,878 INFO     benchmark — 1020/4000  A:48%  7.95 matches/s  ETA 375s
2026-10-02 00:20:28,151 INFO     benchmark — 1030/4000  A:48%  7.95 matches/s  ETA 374s
2026-10-02 00:20:29,280 INFO     benchmark — 1040/4000  A:48%  7.95 matches/s  ETA 372s
2026-10-02 00:20:30,625 INFO     benchmark — 1050/4000  A:48%  7.95 matches/s  ETA 371s
2026-10-02 00:20:31,749 INFO     benchmark — 1060/4000  A:48%  7.96 matches/s  ETA 369s
2026-10-02 00:20:33,353 INFO     benchmark — 1070/4000  A:48%  7.94 matches/s  ETA 369s
2026-10-02 00:20:34,664 INFO     benchmark — 1080/4000  A:48%  7.93 matches/s  ETA 368s
2026-10-02 00:20:35,696 INFO     benchmark — 1090/4000  A:48%  7.95 matches/s  ETA 366s
2026-10-02 00:20:36,794 INFO     benchmark — 1100/4000  A:48%  7.96 matches/s  ETA 364s
2026-10-02 00:20:38,104 INFO     benchmark — 1110/4000  A:48%  7.95 matches/s  ETA 363s
2026-10-02 00:20:39,652 INFO     benchmark — 1120/4000  A:48%  7.94 matches/s  ETA 363s
2026-10-02 00:20:40,766 INFO     benchmark — 1130/4000  A:48%  7.94 matches/s  ETA 361s
2026-10-02 00:20:41,974 INFO     benchmark — 1140/4000  A:48%  7.95 matches/s  ETA 360s
2026-10-02 00:20:43,154 INFO     benchmark — 1150/4000  A:48%  7.95 matches/s  ETA 358s
2026-10-02 00:20:44,275 INFO     benchmark — 1160/4000  A:48%  7.96 matches/s  ETA 357s
2026-10-02 00:20:45,754 INFO     benchmark — 1170/4000  A:48%  7.95 matches/s  ETA 356s
2026-10-02 00:20:47,272 INFO     benchmark — 1180/4000  A:48%  7.93 matches/s  ETA 355s
2026-10-02 00:20:48,067 INFO     benchmark — 1190/4000  A:48%  7.96 matches/s  ETA 353s
2026-10-02 00:20:49,645 INFO     benchmark — 1200/4000  A:48%  7.94 matches/s  ETA 353s
2026-10-02 00:20:50,937 INFO     benchmark — 1210/4000  A:48%  7.94 matches/s  ETA 351s
2026-10-02 00:20:51,952 INFO     benchmark — 1220/4000  A:48%  7.95 matches/s  ETA 350s
2026-10-02 00:20:53,042 INFO     benchmark — 1230/4000  A:48%  7.96 matches/s  ETA 348s
2026-10-02 00:20:54,318 INFO     benchmark — 1240/4000  A:48%  7.96 matches/s  ETA 347s
2026-10-02 00:20:55,286 INFO     benchmark — 1250/4000  A:48%  7.97 matches/s  ETA 345s
2026-10-02 00:20:56,328 INFO     benchmark — 1260/4000  A:48%  7.99 matches/s  ETA 343s
2026-10-02 00:20:57,625 INFO     benchmark — 1270/4000  A:48%  7.98 matches/s  ETA 342s
2026-10-02 00:20:58,525 INFO     benchmark — 1280/4000  A:47%  8.00 matches/s  ETA 340s
2026-10-02 00:20:59,861 INFO     benchmark — 1290/4000  A:48%  8.00 matches/s  ETA 339s
2026-10-02 00:21:01,307 INFO     benchmark — 1300/4000  A:47%  7.99 matches/s  ETA 338s
2026-10-02 00:21:02,626 INFO     benchmark — 1310/4000  A:47%  7.98 matches/s  ETA 337s
2026-10-02 00:21:03,893 INFO     benchmark — 1320/4000  A:47%  7.98 matches/s  ETA 336s
2026-10-02 00:21:05,149 INFO     benchmark — 1330/4000  A:47%  7.98 matches/s  ETA 334s
2026-10-02 00:21:06,589 INFO     benchmark — 1340/4000  A:48%  7.97 matches/s  ETA 334s
2026-10-02 00:21:07,744 INFO     benchmark — 1350/4000  A:48%  7.98 matches/s  ETA 332s
2026-10-02 00:21:08,367 INFO     benchmark — 1360/4000  A:48%  8.01 matches/s  ETA 330s
2026-10-02 00:21:09,745 INFO     benchmark — 1370/4000  A:48%  8.00 matches/s  ETA 329s
2026-10-02 00:21:10,676 INFO     benchmark — 1380/4000  A:48%  8.02 matches/s  ETA 327s
2026-10-02 00:21:12,216 INFO     benchmark — 1390/4000  A:48%  8.00 matches/s  ETA 326s
2026-10-02 00:21:13,150 INFO     benchmark — 1400/4000  A:48%  8.02 matches/s  ETA 324s
2026-10-02 00:21:14,156 INFO     benchmark — 1410/4000  A:48%  8.03 matches/s  ETA 323s
2026-10-02 00:21:15,451 INFO     benchmark — 1420/4000  A:48%  8.03 matches/s  ETA 321s
2026-10-02 00:21:16,725 INFO     benchmark — 1430/4000  A:48%  8.03 matches/s  ETA 320s
2026-10-02 00:21:17,770 INFO     benchmark — 1440/4000  A:48%  8.03 matches/s  ETA 319s
2026-10-02 00:21:18,683 INFO     benchmark — 1450/4000  A:48%  8.05 matches/s  ETA 317s
2026-10-02 00:21:19,789 INFO     benchmark — 1460/4000  A:48%  8.06 matches/s  ETA 315s
2026-10-02 00:21:21,186 INFO     benchmark — 1470/4000  A:48%  8.05 matches/s  ETA 314s
2026-10-02 00:21:22,381 INFO     benchmark — 1480/4000  A:48%  8.05 matches/s  ETA 313s
2026-10-02 00:21:23,713 INFO     benchmark — 1490/4000  A:48%  8.05 matches/s  ETA 312s
2026-10-02 00:21:25,002 INFO     benchmark — 1500/4000  A:48%  8.04 matches/s  ETA 311s
2026-10-02 00:21:26,038 INFO     benchmark — 1510/4000  A:48%  8.05 matches/s  ETA 309s
2026-10-02 00:21:27,362 INFO     benchmark — 1520/4000  A:48%  8.05 matches/s  ETA 308s
2026-10-02 00:21:28,925 INFO     benchmark — 1530/4000  A:48%  8.04 matches/s  ETA 307s
2026-10-02 00:21:30,063 INFO     benchmark — 1540/4000  A:48%  8.04 matches/s  ETA 306s
2026-10-02 00:21:31,387 INFO     benchmark — 1550/4000  A:48%  8.04 matches/s  ETA 305s
2026-10-02 00:21:32,384 INFO     benchmark — 1560/4000  A:48%  8.05 matches/s  ETA 303s
2026-10-02 00:21:33,895 INFO     benchmark — 1570/4000  A:48%  8.04 matches/s  ETA 302s
2026-10-02 00:21:35,384 INFO     benchmark — 1580/4000  A:48%  8.03 matches/s  ETA 301s
2026-10-02 00:21:36,476 INFO     benchmark — 1590/4000  A:48%  8.03 matches/s  ETA 300s
2026-10-02 00:21:37,500 INFO     benchmark — 1600/4000  A:48%  8.04 matches/s  ETA 298s
2026-10-02 00:21:38,818 INFO     benchmark — 1610/4000  A:48%  8.04 matches/s  ETA 297s
2026-10-02 00:21:40,341 INFO     benchmark — 1620/4000  A:48%  8.03 matches/s  ETA 296s
2026-10-02 00:21:41,407 INFO     benchmark — 1630/4000  A:48%  8.03 matches/s  ETA 295s
2026-10-02 00:21:42,672 INFO     benchmark — 1640/4000  A:48%  8.03 matches/s  ETA 294s
2026-10-02 00:21:44,097 INFO     benchmark — 1650/4000  A:48%  8.03 matches/s  ETA 293s
2026-10-02 00:21:45,486 INFO     benchmark — 1660/4000  A:48%  8.02 matches/s  ETA 292s
2026-10-02 00:21:47,052 INFO     benchmark — 1670/4000  A:47%  8.01 matches/s  ETA 291s
2026-10-02 00:21:48,285 INFO     benchmark — 1680/4000  A:48%  8.01 matches/s  ETA 290s
2026-10-02 00:21:49,736 INFO     benchmark — 1690/4000  A:48%  8.00 matches/s  ETA 289s
2026-10-02 00:21:50,927 INFO     benchmark — 1700/4000  A:48%  8.00 matches/s  ETA 287s
2026-10-02 00:21:51,643 INFO     benchmark — 1710/4000  A:48%  8.02 matches/s  ETA 285s
2026-10-02 00:21:52,482 INFO     benchmark — 1720/4000  A:48%  8.04 matches/s  ETA 284s
2026-10-02 00:21:53,703 INFO     benchmark — 1730/4000  A:48%  8.04 matches/s  ETA 282s
2026-10-02 00:21:54,894 INFO     benchmark — 1740/4000  A:48%  8.04 matches/s  ETA 281s
2026-10-02 00:21:56,010 INFO     benchmark — 1750/4000  A:48%  8.05 matches/s  ETA 280s
2026-10-02 00:21:57,337 INFO     benchmark — 1760/4000  A:48%  8.04 matches/s  ETA 278s
2026-10-02 00:21:58,367 INFO     benchmark — 1770/4000  A:47%  8.05 matches/s  ETA 277s
2026-10-02 00:21:59,515 INFO     benchmark — 1780/4000  A:47%  8.06 matches/s  ETA 276s
2026-10-02 00:22:00,957 INFO     benchmark — 1790/4000  A:47%  8.05 matches/s  ETA 275s
2026-10-02 00:22:02,008 INFO     benchmark — 1800/4000  A:47%  8.05 matches/s  ETA 273s
2026-10-02 00:22:03,375 INFO     benchmark — 1810/4000  A:48%  8.05 matches/s  ETA 272s
2026-10-02 00:22:04,990 INFO     benchmark — 1820/4000  A:48%  8.04 matches/s  ETA 271s
2026-10-02 00:22:06,379 INFO     benchmark — 1830/4000  A:47%  8.03 matches/s  ETA 270s
2026-10-02 00:22:07,350 INFO     benchmark — 1840/4000  A:47%  8.04 matches/s  ETA 269s
2026-10-02 00:22:08,401 INFO     benchmark — 1850/4000  A:47%  8.05 matches/s  ETA 267s
2026-10-02 00:22:09,335 INFO     benchmark — 1860/4000  A:47%  8.06 matches/s  ETA 266s
2026-10-02 00:22:10,506 INFO     benchmark — 1870/4000  A:47%  8.06 matches/s  ETA 264s
2026-10-02 00:22:11,993 INFO     benchmark — 1880/4000  A:47%  8.05 matches/s  ETA 263s
2026-10-02 00:22:13,144 INFO     benchmark — 1890/4000  A:47%  8.06 matches/s  ETA 262s
2026-10-02 00:22:14,093 INFO     benchmark — 1900/4000  A:47%  8.07 matches/s  ETA 260s
2026-10-02 00:22:15,332 INFO     benchmark — 1910/4000  A:47%  8.07 matches/s  ETA 259s
2026-10-02 00:22:16,363 INFO     benchmark — 1920/4000  A:47%  8.07 matches/s  ETA 258s
2026-10-02 00:22:17,164 INFO     benchmark — 1930/4000  A:47%  8.09 matches/s  ETA 256s
2026-10-02 00:22:18,476 INFO     benchmark — 1940/4000  A:47%  8.09 matches/s  ETA 255s
2026-10-02 00:22:19,500 INFO     benchmark — 1950/4000  A:47%  8.09 matches/s  ETA 253s
2026-10-02 00:22:20,616 INFO     benchmark — 1960/4000  A:47%  8.10 matches/s  ETA 252s
2026-10-02 00:22:21,821 INFO     benchmark — 1970/4000  A:47%  8.10 matches/s  ETA 251s
2026-10-02 00:22:22,994 INFO     benchmark — 1980/4000  A:47%  8.10 matches/s  ETA 249s
2026-10-02 00:22:24,169 INFO     benchmark — 1990/4000  A:47%  8.10 matches/s  ETA 248s
2026-10-02 00:22:25,777 INFO     benchmark — 2000/4000  A:48%  8.09 matches/s  ETA 247s
2026-10-02 00:22:26,954 INFO     benchmark — 2010/4000  A:48%  8.09 matches/s  ETA 246s
2026-10-02 00:22:28,362 INFO     benchmark — 2020/4000  A:48%  8.09 matches/s  ETA 245s
2026-10-02 00:22:29,357 INFO     benchmark — 2030/4000  A:48%  8.09 matches/s  ETA 243s
2026-10-02 00:22:30,815 INFO     benchmark — 2040/4000  A:48%  8.09 matches/s  ETA 242s
2026-10-02 00:22:32,025 INFO     benchmark — 2050/4000  A:48%  8.09 matches/s  ETA 241s
2026-10-02 00:22:33,069 INFO     benchmark — 2060/4000  A:48%  8.09 matches/s  ETA 240s
2026-10-02 00:22:33,778 INFO     benchmark — 2070/4000  A:48%  8.11 matches/s  ETA 238s
2026-10-02 00:22:34,415 INFO     benchmark — 2080/4000  A:48%  8.13 matches/s  ETA 236s
2026-10-02 00:22:35,249 INFO     benchmark — 2090/4000  A:48%  8.14 matches/s  ETA 235s
2026-10-02 00:22:36,082 INFO     benchmark — 2100/4000  A:48%  8.15 matches/s  ETA 233s
2026-10-02 00:22:36,968 INFO     benchmark — 2110/4000  A:48%  8.16 matches/s  ETA 231s
2026-10-02 00:22:37,902 INFO     benchmark — 2120/4000  A:48%  8.17 matches/s  ETA 230s
2026-10-02 00:22:38,918 INFO     benchmark — 2130/4000  A:48%  8.18 matches/s  ETA 229s
2026-10-02 00:22:39,956 INFO     benchmark — 2140/4000  A:48%  8.19 matches/s  ETA 227s
2026-10-02 00:22:40,690 INFO     benchmark — 2150/4000  A:48%  8.20 matches/s  ETA 226s
2026-10-02 00:22:41,327 INFO     benchmark — 2160/4000  A:48%  8.22 matches/s  ETA 224s
2026-10-02 00:22:42,347 INFO     benchmark — 2170/4000  A:48%  8.23 matches/s  ETA 222s
2026-10-02 00:22:43,202 INFO     benchmark — 2180/4000  A:48%  8.24 matches/s  ETA 221s
2026-10-02 00:22:43,906 INFO     benchmark — 2190/4000  A:48%  8.25 matches/s  ETA 219s
2026-10-02 00:22:44,694 INFO     benchmark — 2200/4000  A:48%  8.27 matches/s  ETA 218s
2026-10-02 00:22:45,511 INFO     benchmark — 2210/4000  A:48%  8.28 matches/s  ETA 216s
2026-10-02 00:22:46,533 INFO     benchmark — 2220/4000  A:48%  8.28 matches/s  ETA 215s
2026-10-02 00:22:47,147 INFO     benchmark — 2230/4000  A:48%  8.30 matches/s  ETA 213s
2026-10-02 00:22:47,938 INFO     benchmark — 2240/4000  A:48%  8.31 matches/s  ETA 212s
2026-10-02 00:22:48,474 INFO     benchmark — 2250/4000  A:48%  8.34 matches/s  ETA 210s
2026-10-02 00:22:49,458 INFO     benchmark — 2260/4000  A:48%  8.34 matches/s  ETA 209s
2026-10-02 00:22:50,097 INFO     benchmark — 2270/4000  A:48%  8.36 matches/s  ETA 207s
2026-10-02 00:22:50,951 INFO     benchmark — 2280/4000  A:48%  8.37 matches/s  ETA 206s
2026-10-02 00:22:51,641 INFO     benchmark — 2290/4000  A:48%  8.39 matches/s  ETA 204s
2026-10-02 00:22:52,687 INFO     benchmark — 2300/4000  A:48%  8.39 matches/s  ETA 203s
2026-10-02 00:22:53,590 INFO     benchmark — 2310/4000  A:48%  8.40 matches/s  ETA 201s
2026-10-02 00:22:54,612 INFO     benchmark — 2320/4000  A:48%  8.40 matches/s  ETA 200s
2026-10-02 00:22:55,939 INFO     benchmark — 2330/4000  A:48%  8.40 matches/s  ETA 199s
2026-10-02 00:22:57,151 INFO     benchmark — 2340/4000  A:48%  8.40 matches/s  ETA 198s
2026-10-02 00:22:58,273 INFO     benchmark — 2350/4000  A:48%  8.40 matches/s  ETA 196s
2026-10-02 00:22:59,637 INFO     benchmark — 2360/4000  A:48%  8.40 matches/s  ETA 195s
2026-10-02 00:23:00,460 INFO     benchmark — 2370/4000  A:48%  8.41 matches/s  ETA 194s
2026-10-02 00:23:01,673 INFO     benchmark — 2380/4000  A:48%  8.41 matches/s  ETA 193s
2026-10-02 00:23:02,719 INFO     benchmark — 2390/4000  A:48%  8.41 matches/s  ETA 191s
2026-10-02 00:23:03,381 INFO     benchmark — 2400/4000  A:48%  8.43 matches/s  ETA 190s
2026-10-02 00:23:04,462 INFO     benchmark — 2410/4000  A:47%  8.43 matches/s  ETA 189s
2026-10-02 00:23:05,333 INFO     benchmark — 2420/4000  A:47%  8.44 matches/s  ETA 187s
2026-10-02 00:23:06,854 INFO     benchmark — 2430/4000  A:47%  8.43 matches/s  ETA 186s
2026-10-02 00:23:07,578 INFO     benchmark — 2440/4000  A:48%  8.44 matches/s  ETA 185s
2026-10-02 00:23:08,499 INFO     benchmark — 2450/4000  A:48%  8.45 matches/s  ETA 183s
2026-10-02 00:23:09,626 INFO     benchmark — 2460/4000  A:48%  8.45 matches/s  ETA 182s
2026-10-02 00:23:10,512 INFO     benchmark — 2470/4000  A:48%  8.46 matches/s  ETA 181s
2026-10-02 00:23:11,747 INFO     benchmark — 2480/4000  A:48%  8.46 matches/s  ETA 180s
2026-10-02 00:23:12,724 INFO     benchmark — 2490/4000  A:48%  8.46 matches/s  ETA 178s
2026-10-02 00:23:14,120 INFO     benchmark — 2500/4000  A:48%  8.46 matches/s  ETA 177s
2026-10-02 00:23:15,223 INFO     benchmark — 2510/4000  A:48%  8.46 matches/s  ETA 176s
2026-10-02 00:23:16,033 INFO     benchmark — 2520/4000  A:48%  8.47 matches/s  ETA 175s
2026-10-02 00:23:16,543 INFO     benchmark — 2530/4000  A:48%  8.49 matches/s  ETA 173s
2026-10-02 00:23:17,540 INFO     benchmark — 2540/4000  A:48%  8.49 matches/s  ETA 172s
2026-10-02 00:23:18,362 INFO     benchmark — 2550/4000  A:48%  8.50 matches/s  ETA 170s
2026-10-02 00:23:19,236 INFO     benchmark — 2560/4000  A:48%  8.51 matches/s  ETA 169s
2026-10-02 00:23:19,862 INFO     benchmark — 2570/4000  A:48%  8.53 matches/s  ETA 168s
2026-10-02 00:23:20,633 INFO     benchmark — 2580/4000  A:48%  8.54 matches/s  ETA 166s
2026-10-02 00:23:21,124 INFO     benchmark — 2590/4000  A:48%  8.56 matches/s  ETA 165s
2026-10-02 00:23:21,967 INFO     benchmark — 2600/4000  A:48%  8.57 matches/s  ETA 163s
2026-10-02 00:23:23,406 INFO     benchmark — 2610/4000  A:48%  8.56 matches/s  ETA 162s
2026-10-02 00:23:24,229 INFO     benchmark — 2620/4000  A:48%  8.57 matches/s  ETA 161s
2026-10-02 00:23:25,202 INFO     benchmark — 2630/4000  A:48%  8.58 matches/s  ETA 160s
2026-10-02 00:23:26,327 INFO     benchmark — 2640/4000  A:48%  8.58 matches/s  ETA 159s
2026-10-02 00:23:27,545 INFO     benchmark — 2650/4000  A:48%  8.58 matches/s  ETA 157s
2026-10-02 00:23:28,722 INFO     benchmark — 2660/4000  A:48%  8.58 matches/s  ETA 156s
2026-10-02 00:23:29,623 INFO     benchmark — 2670/4000  A:48%  8.58 matches/s  ETA 155s
2026-10-02 00:23:30,884 INFO     benchmark — 2680/4000  A:48%  8.58 matches/s  ETA 154s
2026-10-02 00:23:31,779 INFO     benchmark — 2690/4000  A:48%  8.59 matches/s  ETA 153s
2026-10-02 00:23:32,940 INFO     benchmark — 2700/4000  A:48%  8.59 matches/s  ETA 151s
2026-10-02 00:23:33,876 INFO     benchmark — 2710/4000  A:48%  8.59 matches/s  ETA 150s
2026-10-02 00:23:35,003 INFO     benchmark — 2720/4000  A:48%  8.59 matches/s  ETA 149s
2026-10-02 00:23:36,724 INFO     benchmark — 2730/4000  A:48%  8.58 matches/s  ETA 148s
2026-10-02 00:23:38,121 INFO     benchmark — 2740/4000  A:48%  8.57 matches/s  ETA 147s
2026-10-02 00:23:39,228 INFO     benchmark — 2750/4000  A:48%  8.58 matches/s  ETA 146s
2026-10-02 00:23:40,122 INFO     benchmark — 2760/4000  A:48%  8.58 matches/s  ETA 144s
2026-10-02 00:23:41,317 INFO     benchmark — 2770/4000  A:48%  8.58 matches/s  ETA 143s
2026-10-02 00:23:42,257 INFO     benchmark — 2780/4000  A:48%  8.59 matches/s  ETA 142s
2026-10-02 00:23:43,085 INFO     benchmark — 2790/4000  A:48%  8.60 matches/s  ETA 141s
2026-10-02 00:23:43,897 INFO     benchmark — 2800/4000  A:48%  8.61 matches/s  ETA 139s
2026-10-02 00:23:44,786 INFO     benchmark — 2810/4000  A:48%  8.61 matches/s  ETA 138s
2026-10-02 00:23:45,522 INFO     benchmark — 2820/4000  A:48%  8.62 matches/s  ETA 137s
2026-10-02 00:23:46,184 INFO     benchmark — 2830/4000  A:48%  8.64 matches/s  ETA 135s
2026-10-02 00:23:46,783 INFO     benchmark — 2840/4000  A:48%  8.65 matches/s  ETA 134s
2026-10-02 00:23:47,336 INFO     benchmark — 2850/4000  A:48%  8.67 matches/s  ETA 133s
2026-10-02 00:23:48,263 INFO     benchmark — 2860/4000  A:48%  8.67 matches/s  ETA 131s
2026-10-02 00:23:49,296 INFO     benchmark — 2870/4000  A:48%  8.68 matches/s  ETA 130s
2026-10-02 00:23:50,280 INFO     benchmark — 2880/4000  A:48%  8.68 matches/s  ETA 129s
2026-10-02 00:23:51,186 INFO     benchmark — 2890/4000  A:48%  8.69 matches/s  ETA 128s
2026-10-02 00:23:51,866 INFO     benchmark — 2900/4000  A:48%  8.70 matches/s  ETA 126s
2026-10-02 00:23:52,561 INFO     benchmark — 2910/4000  A:48%  8.71 matches/s  ETA 125s
2026-10-02 00:23:53,247 INFO     benchmark — 2920/4000  A:48%  8.72 matches/s  ETA 124s
2026-10-02 00:23:54,096 INFO     benchmark — 2930/4000  A:48%  8.73 matches/s  ETA 123s
2026-10-02 00:23:55,039 INFO     benchmark — 2940/4000  A:48%  8.74 matches/s  ETA 121s
2026-10-02 00:23:56,120 INFO     benchmark — 2950/4000  A:48%  8.74 matches/s  ETA 120s
2026-10-02 00:23:56,976 INFO     benchmark — 2960/4000  A:48%  8.75 matches/s  ETA 119s
2026-10-02 00:23:57,544 INFO     benchmark — 2970/4000  A:48%  8.76 matches/s  ETA 118s
2026-10-02 00:23:58,580 INFO     benchmark — 2980/4000  A:48%  8.76 matches/s  ETA 116s
2026-10-02 00:23:59,571 INFO     benchmark — 2990/4000  A:47%  8.77 matches/s  ETA 115s
2026-10-02 00:24:00,304 INFO     benchmark — 3000/4000  A:47%  8.78 matches/s  ETA 114s
2026-10-02 00:24:01,167 INFO     benchmark — 3010/4000  A:47%  8.78 matches/s  ETA 113s
2026-10-02 00:24:01,934 INFO     benchmark — 3020/4000  A:47%  8.79 matches/s  ETA 111s
2026-10-02 00:24:02,826 INFO     benchmark — 3030/4000  A:47%  8.80 matches/s  ETA 110s
2026-10-02 00:24:03,575 INFO     benchmark — 3040/4000  A:48%  8.81 matches/s  ETA 109s
2026-10-02 00:24:04,312 INFO     benchmark — 3050/4000  A:48%  8.82 matches/s  ETA 108s
2026-10-02 00:24:04,862 INFO     benchmark — 3060/4000  A:48%  8.84 matches/s  ETA 106s
2026-10-02 00:24:05,472 INFO     benchmark — 3070/4000  A:48%  8.85 matches/s  ETA 105s
2026-10-02 00:24:06,155 INFO     benchmark — 3080/4000  A:48%  8.86 matches/s  ETA 104s
2026-10-02 00:24:07,234 INFO     benchmark — 3090/4000  A:48%  8.86 matches/s  ETA 103s
2026-10-02 00:24:08,360 INFO     benchmark — 3100/4000  A:48%  8.86 matches/s  ETA 102s
2026-10-02 00:24:09,125 INFO     benchmark — 3110/4000  A:48%  8.87 matches/s  ETA 100s
2026-10-02 00:24:10,063 INFO     benchmark — 3120/4000  A:48%  8.88 matches/s  ETA 99s
2026-10-02 00:24:10,646 INFO     benchmark — 3130/4000  A:47%  8.89 matches/s  ETA 98s
2026-10-02 00:24:11,363 INFO     benchmark — 3140/4000  A:48%  8.90 matches/s  ETA 97s
2026-10-02 00:24:11,871 INFO     benchmark — 3150/4000  A:48%  8.92 matches/s  ETA 95s
2026-10-02 00:24:12,768 INFO     benchmark — 3160/4000  A:48%  8.92 matches/s  ETA 94s
2026-10-02 00:24:13,469 INFO     benchmark — 3170/4000  A:48%  8.93 matches/s  ETA 93s
2026-10-02 00:24:14,372 INFO     benchmark — 3180/4000  A:48%  8.94 matches/s  ETA 92s
2026-10-02 00:24:14,985 INFO     benchmark — 3190/4000  A:48%  8.95 matches/s  ETA 91s
2026-10-02 00:24:15,886 INFO     benchmark — 3200/4000  A:48%  8.95 matches/s  ETA 89s
2026-10-02 00:24:16,819 INFO     benchmark — 3210/4000  A:48%  8.96 matches/s  ETA 88s
2026-10-02 00:24:17,395 INFO     benchmark — 3220/4000  A:48%  8.97 matches/s  ETA 87s
2026-10-02 00:24:18,210 INFO     benchmark — 3230/4000  A:48%  8.98 matches/s  ETA 86s
2026-10-02 00:24:19,043 INFO     benchmark — 3240/4000  A:48%  8.99 matches/s  ETA 85s
2026-10-02 00:24:19,960 INFO     benchmark — 3250/4000  A:48%  8.99 matches/s  ETA 83s
2026-10-02 00:24:20,723 INFO     benchmark — 3260/4000  A:48%  9.00 matches/s  ETA 82s
2026-10-02 00:24:21,596 INFO     benchmark — 3270/4000  A:47%  9.01 matches/s  ETA 81s
2026-10-02 00:24:22,539 INFO     benchmark — 3280/4000  A:47%  9.01 matches/s  ETA 80s
2026-10-02 00:24:23,172 INFO     benchmark — 3290/4000  A:47%  9.02 matches/s  ETA 79s
2026-10-02 00:24:24,131 INFO     benchmark — 3300/4000  A:47%  9.03 matches/s  ETA 78s
2026-10-02 00:24:24,940 INFO     benchmark — 3310/4000  A:47%  9.03 matches/s  ETA 76s
2026-10-02 00:24:25,959 INFO     benchmark — 3320/4000  A:47%  9.04 matches/s  ETA 75s
2026-10-02 00:24:26,902 INFO     benchmark — 3330/4000  A:47%  9.04 matches/s  ETA 74s
2026-10-02 00:24:27,581 INFO     benchmark — 3340/4000  A:47%  9.05 matches/s  ETA 73s
2026-10-02 00:24:28,535 INFO     benchmark — 3350/4000  A:47%  9.05 matches/s  ETA 72s
2026-10-02 00:24:29,200 INFO     benchmark — 3360/4000  A:47%  9.06 matches/s  ETA 71s
2026-10-02 00:24:29,973 INFO     benchmark — 3370/4000  A:47%  9.07 matches/s  ETA 69s
2026-10-02 00:24:30,806 INFO     benchmark — 3380/4000  A:47%  9.08 matches/s  ETA 68s
2026-10-02 00:24:31,265 INFO     benchmark — 3390/4000  A:47%  9.10 matches/s  ETA 67s
2026-10-02 00:24:31,874 INFO     benchmark — 3400/4000  A:47%  9.11 matches/s  ETA 66s
2026-10-02 00:24:32,637 INFO     benchmark — 3410/4000  A:47%  9.12 matches/s  ETA 65s
2026-10-02 00:24:33,532 INFO     benchmark — 3420/4000  A:47%  9.12 matches/s  ETA 64s
2026-10-02 00:24:34,503 INFO     benchmark — 3430/4000  A:47%  9.12 matches/s  ETA 62s
2026-10-02 00:24:35,198 INFO     benchmark — 3440/4000  A:47%  9.13 matches/s  ETA 61s
2026-10-02 00:24:35,973 INFO     benchmark — 3450/4000  A:47%  9.14 matches/s  ETA 60s
2026-10-02 00:24:36,690 INFO     benchmark — 3460/4000  A:47%  9.15 matches/s  ETA 59s
2026-10-02 00:24:37,454 INFO     benchmark — 3470/4000  A:47%  9.16 matches/s  ETA 58s
2026-10-02 00:24:38,176 INFO     benchmark — 3480/4000  A:47%  9.17 matches/s  ETA 57s
2026-10-02 00:24:38,876 INFO     benchmark — 3490/4000  A:47%  9.18 matches/s  ETA 56s
2026-10-02 00:24:39,527 INFO     benchmark — 3500/4000  A:47%  9.19 matches/s  ETA 54s
2026-10-02 00:24:39,999 INFO     benchmark — 3510/4000  A:47%  9.20 matches/s  ETA 53s
2026-10-02 00:24:40,876 INFO     benchmark — 3520/4000  A:47%  9.21 matches/s  ETA 52s
2026-10-02 00:24:41,686 INFO     benchmark — 3530/4000  A:47%  9.21 matches/s  ETA 51s
2026-10-02 00:24:42,407 INFO     benchmark — 3540/4000  A:47%  9.22 matches/s  ETA 50s
2026-10-02 00:24:43,224 INFO     benchmark — 3550/4000  A:47%  9.23 matches/s  ETA 49s
2026-10-02 00:24:43,906 INFO     benchmark — 3560/4000  A:47%  9.24 matches/s  ETA 48s
2026-10-02 00:24:44,790 INFO     benchmark — 3570/4000  A:47%  9.24 matches/s  ETA 47s
2026-10-02 00:24:45,848 INFO     benchmark — 3580/4000  A:47%  9.24 matches/s  ETA 45s
2026-10-02 00:24:46,722 INFO     benchmark — 3590/4000  A:47%  9.25 matches/s  ETA 44s
2026-10-02 00:24:47,709 INFO     benchmark — 3600/4000  A:47%  9.25 matches/s  ETA 43s
2026-10-02 00:24:48,405 INFO     benchmark — 3610/4000  A:47%  9.26 matches/s  ETA 42s
2026-10-02 00:24:49,300 INFO     benchmark — 3620/4000  A:47%  9.26 matches/s  ETA 41s
2026-10-02 00:24:50,425 INFO     benchmark — 3630/4000  A:47%  9.26 matches/s  ETA 40s
2026-10-02 00:24:51,393 INFO     benchmark — 3640/4000  A:47%  9.27 matches/s  ETA 39s
2026-10-02 00:24:52,331 INFO     benchmark — 3650/4000  A:47%  9.27 matches/s  ETA 38s
2026-10-02 00:24:53,085 INFO     benchmark — 3660/4000  A:47%  9.28 matches/s  ETA 37s
2026-10-02 00:24:54,122 INFO     benchmark — 3670/4000  A:47%  9.28 matches/s  ETA 36s
2026-10-02 00:24:55,131 INFO     benchmark — 3680/4000  A:47%  9.28 matches/s  ETA 34s
2026-10-02 00:24:55,947 INFO     benchmark — 3690/4000  A:47%  9.29 matches/s  ETA 33s
2026-10-02 00:24:56,953 INFO     benchmark — 3700/4000  A:47%  9.29 matches/s  ETA 32s
2026-10-02 00:24:57,835 INFO     benchmark — 3710/4000  A:47%  9.29 matches/s  ETA 31s
2026-10-02 00:24:58,630 INFO     benchmark — 3720/4000  A:47%  9.30 matches/s  ETA 30s
2026-10-02 00:24:59,444 INFO     benchmark — 3730/4000  A:47%  9.30 matches/s  ETA 29s
2026-10-02 00:25:00,436 INFO     benchmark — 3740/4000  A:47%  9.31 matches/s  ETA 28s
2026-10-02 00:25:01,138 INFO     benchmark — 3750/4000  A:47%  9.31 matches/s  ETA 27s
2026-10-02 00:25:02,029 INFO     benchmark — 3760/4000  A:47%  9.32 matches/s  ETA 26s
2026-10-02 00:25:02,778 INFO     benchmark — 3770/4000  A:47%  9.33 matches/s  ETA 25s
2026-10-02 00:25:03,428 INFO     benchmark — 3780/4000  A:47%  9.34 matches/s  ETA 24s
2026-10-02 00:25:04,392 INFO     benchmark — 3790/4000  A:47%  9.34 matches/s  ETA 22s
2026-10-02 00:25:05,204 INFO     benchmark — 3800/4000  A:47%  9.34 matches/s  ETA 21s
2026-10-02 00:25:06,044 INFO     benchmark — 3810/4000  A:47%  9.35 matches/s  ETA 20s
2026-10-02 00:25:06,763 INFO     benchmark — 3820/4000  A:47%  9.36 matches/s  ETA 19s
2026-10-02 00:25:07,535 INFO     benchmark — 3830/4000  A:47%  9.36 matches/s  ETA 18s
2026-10-02 00:25:08,152 INFO     benchmark — 3840/4000  A:47%  9.37 matches/s  ETA 17s
2026-10-02 00:25:08,929 INFO     benchmark — 3850/4000  A:47%  9.38 matches/s  ETA 16s
2026-10-02 00:25:09,777 INFO     benchmark — 3860/4000  A:47%  9.39 matches/s  ETA 15s
2026-10-02 00:25:10,692 INFO     benchmark — 3870/4000  A:47%  9.39 matches/s  ETA 14s
2026-10-02 00:25:11,336 INFO     benchmark — 3880/4000  A:47%  9.40 matches/s  ETA 13s
2026-10-02 00:25:12,381 INFO     benchmark — 3890/4000  A:47%  9.40 matches/s  ETA 12s
2026-10-02 00:25:13,055 INFO     benchmark — 3900/4000  A:47%  9.41 matches/s  ETA 11s
2026-10-02 00:25:14,077 INFO     benchmark — 3910/4000  A:47%  9.41 matches/s  ETA 10s
2026-10-02 00:25:14,755 INFO     benchmark — 3920/4000  A:47%  9.42 matches/s  ETA 8s
2026-10-02 00:25:15,575 INFO     benchmark — 3930/4000  A:47%  9.42 matches/s  ETA 7s
2026-10-02 00:25:16,037 INFO     benchmark — 3940/4000  A:47%  9.44 matches/s  ETA 6s
2026-10-02 00:25:17,072 INFO     benchmark — 3950/4000  A:47%  9.44 matches/s  ETA 5s
2026-10-02 00:25:17,862 INFO     benchmark — 3960/4000  A:47%  9.44 matches/s  ETA 4s
2026-10-02 00:25:18,702 INFO     benchmark — 3970/4000  A:47%  9.45 matches/s  ETA 3s
2026-10-02 00:25:19,269 INFO     benchmark — 3980/4000  A:47%  9.46 matches/s  ETA 2s
2026-10-02 00:25:20,086 INFO     benchmark — 3990/4000  A:47%  9.47 matches/s  ETA 1s
2026-10-02 00:25:20,948 INFO     benchmark — 4000/4000  A:47%  9.47 matches/s  ETA 0s
2026-10-02 00:25:20,974 INFO     benchmark — wrote results/008/bc_vs_rnd.json

──────────────────────────────────────────────────
Mode:        match_rl_vs_random
Matches:      4,000
──────────────────────────────────────────────────
RL(bc_init) wins:  1,887  (47.2%)
Random wins:  2,113  (52.8%)
Ties:        0  (0.0%)
──────────────────────────────────────────────────

