2026-10-02 00:19:51,626 INFO     benchmark — 10/4000  A:60%  17.44 matches/s  ETA 229s
2026-10-02 00:19:52,054 INFO     benchmark — 20/4000  A:60%  19.98 matches/s  ETA 199s
2026-10-02 00:19:52,881 INFO     benchmark — 30/4000  A:63%  16.41 matches/s  ETA 242s
2026-10-02 00:19:53,439 INFO     benchmark — 40/4000  A:65%  16.76 matches/s  ETA 236s
2026-10-02 00:19:54,341 INFO     benchmark — 50/4000  A:70%  15.21 matches/s  ETA 260s
2026-10-02 00:19:55,214 INFO     benchmark — 60/4000  A:68%  14.42 matches/s  ETA 273s
2026-10-02 00:19:55,835 INFO     benchmark — 70/4000  A:67%  14.64 matches/s  ETA 268s
2026-10-02 00:19:56,618 INFO     benchmark — 80/4000  A:68%  14.37 matches/s  ETA 273s
2026-10-02 00:19:57,383 INFO     benchmark — 90/4000  A:70%  14.22 matches/s  ETA 275s
2026-10-02 00:19:58,393 INFO     benchmark — 100/4000  A:69%  13.62 matches/s  ETA 286s
2026-10-02 00:19:58,795 INFO     benchmark — 110/4000  A:66%  14.21 matches/s  ETA 274s
2026-10-02 00:19:59,238 INFO     benchmark — 120/4000  A:68%  14.66 matches/s  ETA 265s
2026-10-02 00:20:00,244 INFO     benchmark — 130/4000  A:68%  14.14 matches/s  ETA 274s
2026-10-02 00:20:00,823 INFO     benchmark — 140/4000  A:66%  14.33 matches/s  ETA 269s
2026-10-02 00:20:01,643 INFO     benchmark — 150/4000  A:67%  14.16 matches/s  ETA 272s
2026-10-02 00:20:02,528 INFO     benchmark — 160/4000  A:67%  13.94 matches/s  ETA 275s
2026-10-02 00:20:03,243 INFO     benchmark — 170/4000  A:68%  13.95 matches/s  ETA 275s
2026-10-02 00:20:04,387 INFO     benchmark — 180/4000  A:68%  13.50 matches/s  ETA 283s
2026-10-02 00:20:04,935 INFO     benchmark — 190/4000  A:67%  13.69 matches/s  ETA 278s
2026-10-02 00:20:05,328 INFO     benchmark — 200/4000  A:67%  14.01 matches/s  ETA 271s
2026-10-02 00:20:05,935 INFO     benchmark — 210/4000  A:68%  14.11 matches/s  ETA 269s
2026-10-02 00:20:07,011 INFO     benchmark — 220/4000  A:68%  13.79 matches/s  ETA 274s
2026-10-02 00:20:07,802 INFO     benchmark — 230/4000  A:69%  13.73 matches/s  ETA 275s
2026-10-02 00:20:08,516 INFO     benchmark — 240/4000  A:69%  13.74 matches/s  ETA 274s
2026-10-02 00:20:09,101 INFO     benchmark — 250/4000  A:68%  13.85 matches/s  ETA 271s
2026-10-02 00:20:09,741 INFO     benchmark — 260/4000  A:68%  13.91 matches/s  ETA 269s
2026-10-02 00:20:10,467 INFO     benchmark — 270/4000  A:69%  13.91 matches/s  ETA 268s
2026-10-02 00:20:11,023 INFO     benchmark — 280/4000  A:70%  14.02 matches/s  ETA 265s
2026-10-02 00:20:11,669 INFO     benchmark — 290/4000  A:69%  14.07 matches/s  ETA 264s
2026-10-02 00:20:12,174 INFO     benchmark — 300/4000  A:70%  14.20 matches/s  ETA 261s
2026-10-02 00:20:12,757 INFO     benchmark — 310/4000  A:70%  14.28 matches/s  ETA 258s
2026-10-02 00:20:13,299 INFO     benchmark — 320/4000  A:70%  14.38 matches/s  ETA 256s
2026-10-02 00:20:13,980 INFO     benchmark — 330/4000  A:71%  14.39 matches/s  ETA 255s
2026-10-02 00:20:14,452 INFO     benchmark — 340/4000  A:71%  14.53 matches/s  ETA 252s
2026-10-02 00:20:15,314 INFO     benchmark — 350/4000  A:70%  14.43 matches/s  ETA 253s
2026-10-02 00:20:15,841 INFO     benchmark — 360/4000  A:70%  14.52 matches/s  ETA 251s
2026-10-02 00:20:16,739 INFO     benchmark — 370/4000  A:69%  14.40 matches/s  ETA 252s
2026-10-02 00:20:17,543 INFO     benchmark — 380/4000  A:69%  14.34 matches/s  ETA 252s
2026-10-02 00:20:18,402 INFO     benchmark — 390/4000  A:68%  14.26 matches/s  ETA 253s
2026-10-02 00:20:19,102 INFO     benchmark — 400/4000  A:68%  14.26 matches/s  ETA 252s
2026-10-02 00:20:19,580 INFO     benchmark — 410/4000  A:67%  14.37 matches/s  ETA 250s
2026-10-02 00:20:20,231 INFO     benchmark — 420/4000  A:68%  14.39 matches/s  ETA 249s
2026-10-02 00:20:20,831 INFO     benchmark — 430/4000  A:67%  14.44 matches/s  ETA 247s
2026-10-02 00:20:21,326 INFO     benchmark — 440/4000  A:68%  14.53 matches/s  ETA 245s
2026-10-02 00:20:21,958 INFO     benchmark — 450/4000  A:68%  14.56 matches/s  ETA 244s
2026-10-02 00:20:22,694 INFO     benchmark — 460/4000  A:68%  14.54 matches/s  ETA 243s
2026-10-02 00:20:23,193 INFO     benchmark — 470/4000  A:68%  14.62 matches/s  ETA 241s
2026-10-02 00:20:23,537 INFO     benchmark — 480/4000  A:68%  14.78 matches/s  ETA 238s
2026-10-02 00:20:24,365 INFO     benchmark — 490/4000  A:68%  14.71 matches/s  ETA 239s
2026-10-02 00:20:24,851 INFO     benchmark — 500/4000  A:68%  14.79 matches/s  ETA 237s
2026-10-02 00:20:25,482 INFO     benchmark — 510/4000  A:68%  14.81 matches/s  ETA 236s
2026-10-02 00:20:26,036 INFO     benchmark — 520/4000  A:68%  14.86 matches/s  ETA 234s
2026-10-02 00:20:26,589 INFO     benchmark — 530/4000  A:67%  14.91 matches/s  ETA 233s
2026-10-02 00:20:27,128 INFO     benchmark — 540/4000  A:67%  14.97 matches/s  ETA 231s
2026-10-02 00:20:27,949 INFO     benchmark — 550/4000  A:67%  14.91 matches/s  ETA 231s
2026-10-02 00:20:28,565 INFO     benchmark — 560/4000  A:67%  14.93 matches/s  ETA 230s
2026-10-02 00:20:29,323 INFO     benchmark — 570/4000  A:67%  14.89 matches/s  ETA 230s
2026-10-02 00:20:30,019 INFO     benchmark — 580/4000  A:67%  14.88 matches/s  ETA 230s
2026-10-02 00:20:30,739 INFO     benchmark — 590/4000  A:67%  14.87 matches/s  ETA 229s
2026-10-02 00:20:31,466 INFO     benchmark — 600/4000  A:67%  14.85 matches/s  ETA 229s
2026-10-02 00:20:31,936 INFO     benchmark — 610/4000  A:67%  14.92 matches/s  ETA 227s
2026-10-02 00:20:32,434 INFO     benchmark — 620/4000  A:67%  14.98 matches/s  ETA 226s
2026-10-02 00:20:33,313 INFO     benchmark — 630/4000  A:67%  14.91 matches/s  ETA 226s
2026-10-02 00:20:33,909 INFO     benchmark — 640/4000  A:67%  14.93 matches/s  ETA 225s
2026-10-02 00:20:34,508 INFO     benchmark — 650/4000  A:66%  14.96 matches/s  ETA 224s
2026-10-02 00:20:35,039 INFO     benchmark — 660/4000  A:66%  15.00 matches/s  ETA 223s
2026-10-02 00:20:35,752 INFO     benchmark — 670/4000  A:66%  14.99 matches/s  ETA 222s
2026-10-02 00:20:36,676 INFO     benchmark — 680/4000  A:66%  14.90 matches/s  ETA 223s
2026-10-02 00:20:37,250 INFO     benchmark — 690/4000  A:66%  14.94 matches/s  ETA 222s
2026-10-02 00:20:37,986 INFO     benchmark — 700/4000  A:66%  14.91 matches/s  ETA 221s
2026-10-02 00:20:38,713 INFO     benchmark — 710/4000  A:66%  14.90 matches/s  ETA 221s
2026-10-02 00:20:39,208 INFO     benchmark — 720/4000  A:66%  14.95 matches/s  ETA 219s
2026-10-02 00:20:39,859 INFO     benchmark — 730/4000  A:66%  14.96 matches/s  ETA 219s
2026-10-02 00:20:40,431 INFO     benchmark — 740/4000  A:66%  14.99 matches/s  ETA 218s
2026-10-02 00:20:41,227 INFO     benchmark — 750/4000  A:67%  14.95 matches/s  ETA 217s
2026-10-02 00:20:42,097 INFO     benchmark — 760/4000  A:66%  14.89 matches/s  ETA 218s
2026-10-02 00:20:42,689 INFO     benchmark — 770/4000  A:67%  14.91 matches/s  ETA 217s
2026-10-02 00:20:43,372 INFO     benchmark — 780/4000  A:67%  14.91 matches/s  ETA 216s
2026-10-02 00:20:44,115 INFO     benchmark — 790/4000  A:67%  14.89 matches/s  ETA 216s
2026-10-02 00:20:44,707 INFO     benchmark — 800/4000  A:67%  14.91 matches/s  ETA 215s
2026-10-02 00:20:45,494 INFO     benchmark — 810/4000  A:66%  14.88 matches/s  ETA 214s
2026-10-02 00:20:46,249 INFO     benchmark — 820/4000  A:67%  14.86 matches/s  ETA 214s
2026-10-02 00:20:47,101 INFO     benchmark — 830/4000  A:67%  14.81 matches/s  ETA 214s
2026-10-02 00:20:47,614 INFO     benchmark — 840/4000  A:67%  14.85 matches/s  ETA 213s
2026-10-02 00:20:48,124 INFO     benchmark — 850/4000  A:66%  14.89 matches/s  ETA 212s
2026-10-02 00:20:48,797 INFO     benchmark — 860/4000  A:66%  14.89 matches/s  ETA 211s
2026-10-02 00:20:49,191 INFO     benchmark — 870/4000  A:66%  14.96 matches/s  ETA 209s
2026-10-02 00:20:49,642 INFO     benchmark — 880/4000  A:66%  15.02 matches/s  ETA 208s
2026-10-02 00:20:50,575 INFO     benchmark — 890/4000  A:66%  14.95 matches/s  ETA 208s
2026-10-02 00:20:51,469 INFO     benchmark — 900/4000  A:66%  14.90 matches/s  ETA 208s
2026-10-02 00:20:51,979 INFO     benchmark — 910/4000  A:66%  14.94 matches/s  ETA 207s
2026-10-02 00:20:52,463 INFO     benchmark — 920/4000  A:66%  14.98 matches/s  ETA 206s
2026-10-02 00:20:52,959 INFO     benchmark — 930/4000  A:66%  15.02 matches/s  ETA 204s
2026-10-02 00:20:53,739 INFO     benchmark — 940/4000  A:66%  15.00 matches/s  ETA 204s
2026-10-02 00:20:54,628 INFO     benchmark — 950/4000  A:67%  14.94 matches/s  ETA 204s
2026-10-02 00:20:55,308 INFO     benchmark — 960/4000  A:66%  14.94 matches/s  ETA 203s
2026-10-02 00:20:55,723 INFO     benchmark — 970/4000  A:67%  15.00 matches/s  ETA 202s
2026-10-02 00:20:56,571 INFO     benchmark — 980/4000  A:66%  14.96 matches/s  ETA 202s
2026-10-02 00:20:57,128 INFO     benchmark — 990/4000  A:66%  14.98 matches/s  ETA 201s
2026-10-02 00:20:57,736 INFO     benchmark — 1000/4000  A:66%  15.00 matches/s  ETA 200s
2026-10-02 00:20:58,563 INFO     benchmark — 1010/4000  A:67%  14.96 matches/s  ETA 200s
2026-10-02 00:20:59,352 INFO     benchmark — 1020/4000  A:67%  14.93 matches/s  ETA 200s
2026-10-02 00:21:00,021 INFO     benchmark — 1030/4000  A:67%  14.93 matches/s  ETA 199s
2026-10-02 00:21:00,728 INFO     benchmark — 1040/4000  A:66%  14.93 matches/s  ETA 198s
2026-10-02 00:21:01,103 INFO     benchmark — 1050/4000  A:66%  14.99 matches/s  ETA 197s
2026-10-02 00:21:01,702 INFO     benchmark — 1060/4000  A:66%  15.00 matches/s  ETA 196s
2026-10-02 00:21:02,237 INFO     benchmark — 1070/4000  A:66%  15.03 matches/s  ETA 195s
2026-10-02 00:21:02,807 INFO     benchmark — 1080/4000  A:66%  15.05 matches/s  ETA 194s
2026-10-02 00:21:03,411 INFO     benchmark — 1090/4000  A:67%  15.06 matches/s  ETA 193s
2026-10-02 00:21:04,118 INFO     benchmark — 1100/4000  A:67%  15.06 matches/s  ETA 193s
2026-10-02 00:21:05,080 INFO     benchmark — 1110/4000  A:67%  14.99 matches/s  ETA 193s
2026-10-02 00:21:05,650 INFO     benchmark — 1120/4000  A:67%  15.01 matches/s  ETA 192s
2026-10-02 00:21:06,201 INFO     benchmark — 1130/4000  A:67%  15.04 matches/s  ETA 191s
2026-10-02 00:21:06,835 INFO     benchmark — 1140/4000  A:66%  15.04 matches/s  ETA 190s
2026-10-02 00:21:07,467 INFO     benchmark — 1150/4000  A:66%  15.05 matches/s  ETA 189s
2026-10-02 00:21:08,089 INFO     benchmark — 1160/4000  A:67%  15.06 matches/s  ETA 189s
2026-10-02 00:21:08,717 INFO     benchmark — 1170/4000  A:67%  15.06 matches/s  ETA 188s
2026-10-02 00:21:09,108 INFO     benchmark — 1180/4000  A:67%  15.12 matches/s  ETA 187s
2026-10-02 00:21:09,952 INFO     benchmark — 1190/4000  A:67%  15.08 matches/s  ETA 186s
2026-10-02 00:21:10,635 INFO     benchmark — 1200/4000  A:67%  15.08 matches/s  ETA 186s
2026-10-02 00:21:10,963 INFO     benchmark — 1210/4000  A:67%  15.14 matches/s  ETA 184s
2026-10-02 00:21:11,413 INFO     benchmark — 1220/4000  A:67%  15.18 matches/s  ETA 183s
2026-10-02 00:21:12,101 INFO     benchmark — 1230/4000  A:67%  15.18 matches/s  ETA 183s
2026-10-02 00:21:12,781 INFO     benchmark — 1240/4000  A:67%  15.17 matches/s  ETA 182s
2026-10-02 00:21:13,425 INFO     benchmark — 1250/4000  A:67%  15.17 matches/s  ETA 181s
2026-10-02 00:21:14,056 INFO     benchmark — 1260/4000  A:68%  15.18 matches/s  ETA 180s
2026-10-02 00:21:14,767 INFO     benchmark — 1270/4000  A:67%  15.17 matches/s  ETA 180s
2026-10-02 00:21:15,492 INFO     benchmark — 1280/4000  A:67%  15.16 matches/s  ETA 179s
2026-10-02 00:21:15,952 INFO     benchmark — 1290/4000  A:67%  15.19 matches/s  ETA 178s
2026-10-02 00:21:16,410 INFO     benchmark — 1300/4000  A:67%  15.23 matches/s  ETA 177s
2026-10-02 00:21:17,072 INFO     benchmark — 1310/4000  A:67%  15.23 matches/s  ETA 177s
2026-10-02 00:21:17,749 INFO     benchmark — 1320/4000  A:67%  15.23 matches/s  ETA 176s
2026-10-02 00:21:18,227 INFO     benchmark — 1330/4000  A:66%  15.26 matches/s  ETA 175s
2026-10-02 00:21:18,917 INFO     benchmark — 1340/4000  A:66%  15.25 matches/s  ETA 174s
2026-10-02 00:21:19,455 INFO     benchmark — 1350/4000  A:67%  15.27 matches/s  ETA 174s
2026-10-02 00:21:20,040 INFO     benchmark — 1360/4000  A:67%  15.28 matches/s  ETA 173s
2026-10-02 00:21:20,683 INFO     benchmark — 1370/4000  A:67%  15.29 matches/s  ETA 172s
2026-10-02 00:21:21,428 INFO     benchmark — 1380/4000  A:67%  15.27 matches/s  ETA 172s
2026-10-02 00:21:22,039 INFO     benchmark — 1390/4000  A:67%  15.28 matches/s  ETA 171s
2026-10-02 00:21:22,865 INFO     benchmark — 1400/4000  A:67%  15.25 matches/s  ETA 171s
2026-10-02 00:21:23,386 INFO     benchmark — 1410/4000  A:67%  15.27 matches/s  ETA 170s
2026-10-02 00:21:24,392 INFO     benchmark — 1420/4000  A:67%  15.21 matches/s  ETA 170s
2026-10-02 00:21:24,852 INFO     benchmark — 1430/4000  A:67%  15.25 matches/s  ETA 169s
2026-10-02 00:21:25,413 INFO     benchmark — 1440/4000  A:67%  15.26 matches/s  ETA 168s
2026-10-02 00:21:26,069 INFO     benchmark — 1450/4000  A:67%  15.26 matches/s  ETA 167s
2026-10-02 00:21:26,731 INFO     benchmark — 1460/4000  A:67%  15.26 matches/s  ETA 166s
2026-10-02 00:21:27,285 INFO     benchmark — 1470/4000  A:67%  15.28 matches/s  ETA 166s
2026-10-02 00:21:27,877 INFO     benchmark — 1480/4000  A:67%  15.29 matches/s  ETA 165s
2026-10-02 00:21:28,580 INFO     benchmark — 1490/4000  A:67%  15.28 matches/s  ETA 164s
2026-10-02 00:21:29,339 INFO     benchmark — 1500/4000  A:67%  15.26 matches/s  ETA 164s
2026-10-02 00:21:30,061 INFO     benchmark — 1510/4000  A:66%  15.25 matches/s  ETA 163s
2026-10-02 00:21:30,522 INFO     benchmark — 1520/4000  A:66%  15.28 matches/s  ETA 162s
2026-10-02 00:21:31,298 INFO     benchmark — 1530/4000  A:66%  15.26 matches/s  ETA 162s
2026-10-02 00:21:32,196 INFO     benchmark — 1540/4000  A:66%  15.23 matches/s  ETA 162s
2026-10-02 00:21:32,648 INFO     benchmark — 1550/4000  A:67%  15.26 matches/s  ETA 161s
2026-10-02 00:21:33,251 INFO     benchmark — 1560/4000  A:67%  15.26 matches/s  ETA 160s
2026-10-02 00:21:33,864 INFO     benchmark — 1570/4000  A:66%  15.27 matches/s  ETA 159s
2026-10-02 00:21:34,473 INFO     benchmark — 1580/4000  A:66%  15.28 matches/s  ETA 158s
2026-10-02 00:21:34,985 INFO     benchmark — 1590/4000  A:66%  15.30 matches/s  ETA 158s
2026-10-02 00:21:35,593 INFO     benchmark — 1600/4000  A:66%  15.31 matches/s  ETA 157s
2026-10-02 00:21:36,463 INFO     benchmark — 1610/4000  A:66%  15.27 matches/s  ETA 156s
2026-10-02 00:21:37,512 INFO     benchmark — 1620/4000  A:66%  15.22 matches/s  ETA 156s
2026-10-02 00:21:38,251 INFO     benchmark — 1630/4000  A:66%  15.21 matches/s  ETA 156s
2026-10-02 00:21:38,855 INFO     benchmark — 1640/4000  A:66%  15.21 matches/s  ETA 155s
2026-10-02 00:21:39,091 INFO     benchmark — 1650/4000  A:66%  15.27 matches/s  ETA 154s
2026-10-02 00:21:39,595 INFO     benchmark — 1660/4000  A:66%  15.29 matches/s  ETA 153s
2026-10-02 00:21:40,460 INFO     benchmark — 1670/4000  A:66%  15.26 matches/s  ETA 153s
2026-10-02 00:21:40,994 INFO     benchmark — 1680/4000  A:66%  15.28 matches/s  ETA 152s
2026-10-02 00:21:41,445 INFO     benchmark — 1690/4000  A:66%  15.31 matches/s  ETA 151s
2026-10-02 00:21:42,073 INFO     benchmark — 1700/4000  A:66%  15.31 matches/s  ETA 150s
2026-10-02 00:21:42,533 INFO     benchmark — 1710/4000  A:66%  15.34 matches/s  ETA 149s
2026-10-02 00:21:42,868 INFO     benchmark — 1720/4000  A:66%  15.38 matches/s  ETA 148s
2026-10-02 00:21:43,558 INFO     benchmark — 1730/4000  A:66%  15.38 matches/s  ETA 148s
2026-10-02 00:21:44,237 INFO     benchmark — 1740/4000  A:66%  15.37 matches/s  ETA 147s
2026-10-02 00:21:44,945 INFO     benchmark — 1750/4000  A:66%  15.37 matches/s  ETA 146s
2026-10-02 00:21:45,752 INFO     benchmark — 1760/4000  A:66%  15.34 matches/s  ETA 146s
2026-10-02 00:21:46,562 INFO     benchmark — 1770/4000  A:66%  15.32 matches/s  ETA 146s
2026-10-02 00:21:47,140 INFO     benchmark — 1780/4000  A:66%  15.33 matches/s  ETA 145s
2026-10-02 00:21:47,920 INFO     benchmark — 1790/4000  A:66%  15.32 matches/s  ETA 144s
2026-10-02 00:21:48,342 INFO     benchmark — 1800/4000  A:66%  15.35 matches/s  ETA 143s
2026-10-02 00:21:49,175 INFO     benchmark — 1810/4000  A:66%  15.32 matches/s  ETA 143s
2026-10-02 00:21:49,632 INFO     benchmark — 1820/4000  A:66%  15.35 matches/s  ETA 142s
2026-10-02 00:21:50,209 INFO     benchmark — 1830/4000  A:66%  15.36 matches/s  ETA 141s
2026-10-02 00:21:50,764 INFO     benchmark — 1840/4000  A:66%  15.37 matches/s  ETA 141s
2026-10-02 00:21:51,297 INFO     benchmark — 1850/4000  A:66%  15.39 matches/s  ETA 140s
2026-10-02 00:21:52,077 INFO     benchmark — 1860/4000  A:66%  15.37 matches/s  ETA 139s
2026-10-02 00:21:52,739 INFO     benchmark — 1870/4000  A:66%  15.37 matches/s  ETA 139s
2026-10-02 00:21:53,530 INFO     benchmark — 1880/4000  A:66%  15.35 matches/s  ETA 138s
2026-10-02 00:21:54,250 INFO     benchmark — 1890/4000  A:66%  15.34 matches/s  ETA 138s
2026-10-02 00:21:54,991 INFO     benchmark — 1900/4000  A:66%  15.33 matches/s  ETA 137s
2026-10-02 00:21:55,442 INFO     benchmark — 1910/4000  A:66%  15.36 matches/s  ETA 136s
2026-10-02 00:21:56,267 INFO     benchmark — 1920/4000  A:66%  15.33 matches/s  ETA 136s
2026-10-02 00:21:56,676 INFO     benchmark — 1930/4000  A:66%  15.36 matches/s  ETA 135s
2026-10-02 00:21:57,270 INFO     benchmark — 1940/4000  A:66%  15.37 matches/s  ETA 134s
2026-10-02 00:21:57,917 INFO     benchmark — 1950/4000  A:66%  15.37 matches/s  ETA 133s
2026-10-02 00:21:58,571 INFO     benchmark — 1960/4000  A:66%  15.37 matches/s  ETA 133s
2026-10-02 00:21:59,107 INFO     benchmark — 1970/4000  A:66%  15.38 matches/s  ETA 132s
2026-10-02 00:21:59,796 INFO     benchmark — 1980/4000  A:66%  15.38 matches/s  ETA 131s
2026-10-02 00:22:00,270 INFO     benchmark — 1990/4000  A:66%  15.40 matches/s  ETA 131s
2026-10-02 00:22:01,122 INFO     benchmark — 2000/4000  A:66%  15.38 matches/s  ETA 130s
2026-10-02 00:22:01,844 INFO     benchmark — 2010/4000  A:66%  15.37 matches/s  ETA 129s
2026-10-02 00:22:02,392 INFO     benchmark — 2020/4000  A:66%  15.38 matches/s  ETA 129s
2026-10-02 00:22:02,721 INFO     benchmark — 2030/4000  A:66%  15.42 matches/s  ETA 128s
2026-10-02 00:22:03,310 INFO     benchmark — 2040/4000  A:66%  15.42 matches/s  ETA 127s
2026-10-02 00:22:04,027 INFO     benchmark — 2050/4000  A:66%  15.42 matches/s  ETA 126s
2026-10-02 00:22:04,623 INFO     benchmark — 2060/4000  A:66%  15.42 matches/s  ETA 126s
2026-10-02 00:22:05,381 INFO     benchmark — 2070/4000  A:66%  15.41 matches/s  ETA 125s
2026-10-02 00:22:06,335 INFO     benchmark — 2080/4000  A:66%  15.38 matches/s  ETA 125s
2026-10-02 00:22:06,918 INFO     benchmark — 2090/4000  A:66%  15.38 matches/s  ETA 124s
2026-10-02 00:22:07,550 INFO     benchmark — 2100/4000  A:66%  15.38 matches/s  ETA 123s
2026-10-02 00:22:08,337 INFO     benchmark — 2110/4000  A:66%  15.37 matches/s  ETA 123s
2026-10-02 00:22:08,938 INFO     benchmark — 2120/4000  A:66%  15.38 matches/s  ETA 122s
2026-10-02 00:22:09,675 INFO     benchmark — 2130/4000  A:66%  15.37 matches/s  ETA 122s
2026-10-02 00:22:10,258 INFO     benchmark — 2140/4000  A:66%  15.37 matches/s  ETA 121s
2026-10-02 00:22:10,936 INFO     benchmark — 2150/4000  A:66%  15.37 matches/s  ETA 120s
2026-10-02 00:22:11,368 INFO     benchmark — 2160/4000  A:66%  15.39 matches/s  ETA 120s
2026-10-02 00:22:12,083 INFO     benchmark — 2170/4000  A:66%  15.39 matches/s  ETA 119s
2026-10-02 00:22:12,645 INFO     benchmark — 2180/4000  A:66%  15.40 matches/s  ETA 118s
2026-10-02 00:22:13,032 INFO     benchmark — 2190/4000  A:66%  15.42 matches/s  ETA 117s
2026-10-02 00:22:13,507 INFO     benchmark — 2200/4000  A:66%  15.44 matches/s  ETA 117s
2026-10-02 00:22:14,416 INFO     benchmark — 2210/4000  A:66%  15.42 matches/s  ETA 116s
2026-10-02 00:22:14,908 INFO     benchmark — 2220/4000  A:66%  15.43 matches/s  ETA 115s
2026-10-02 00:22:15,499 INFO     benchmark — 2230/4000  A:65%  15.44 matches/s  ETA 115s
2026-10-02 00:22:16,183 INFO     benchmark — 2240/4000  A:66%  15.43 matches/s  ETA 114s
2026-10-02 00:22:16,705 INFO     benchmark — 2250/4000  A:66%  15.45 matches/s  ETA 113s
2026-10-02 00:22:17,171 INFO     benchmark — 2260/4000  A:66%  15.47 matches/s  ETA 112s
2026-10-02 00:22:17,916 INFO     benchmark — 2270/4000  A:66%  15.46 matches/s  ETA 112s
2026-10-02 00:22:18,795 INFO     benchmark — 2280/4000  A:66%  15.43 matches/s  ETA 111s
2026-10-02 00:22:19,549 INFO     benchmark — 2290/4000  A:66%  15.42 matches/s  ETA 111s
2026-10-02 00:22:20,111 INFO     benchmark — 2300/4000  A:66%  15.43 matches/s  ETA 110s
2026-10-02 00:22:20,737 INFO     benchmark — 2310/4000  A:66%  15.43 matches/s  ETA 110s
2026-10-02 00:22:21,255 INFO     benchmark — 2320/4000  A:66%  15.45 matches/s  ETA 109s
2026-10-02 00:22:21,707 INFO     benchmark — 2330/4000  A:66%  15.47 matches/s  ETA 108s
2026-10-02 00:22:22,429 INFO     benchmark — 2340/4000  A:66%  15.46 matches/s  ETA 107s
2026-10-02 00:22:22,877 INFO     benchmark — 2350/4000  A:66%  15.48 matches/s  ETA 107s
2026-10-02 00:22:23,242 INFO     benchmark — 2360/4000  A:66%  15.51 matches/s  ETA 106s
2026-10-02 00:22:23,707 INFO     benchmark — 2370/4000  A:66%  15.53 matches/s  ETA 105s
2026-10-02 00:22:24,141 INFO     benchmark — 2380/4000  A:66%  15.55 matches/s  ETA 104s
2026-10-02 00:22:24,615 INFO     benchmark — 2390/4000  A:66%  15.56 matches/s  ETA 103s
2026-10-02 00:22:25,474 INFO     benchmark — 2400/4000  A:66%  15.54 matches/s  ETA 103s
2026-10-02 00:22:26,024 INFO     benchmark — 2410/4000  A:66%  15.55 matches/s  ETA 102s
2026-10-02 00:22:26,529 INFO     benchmark — 2420/4000  A:66%  15.57 matches/s  ETA 102s
2026-10-02 00:22:27,296 INFO     benchmark — 2430/4000  A:66%  15.55 matches/s  ETA 101s
2026-10-02 00:22:27,715 INFO     benchmark — 2440/4000  A:66%  15.57 matches/s  ETA 100s
2026-10-02 00:22:28,446 INFO     benchmark — 2450/4000  A:66%  15.57 matches/s  ETA 100s
2026-10-02 00:22:28,960 INFO     benchmark — 2460/4000  A:66%  15.58 matches/s  ETA 99s
2026-10-02 00:22:29,674 INFO     benchmark — 2470/4000  A:66%  15.57 matches/s  ETA 98s
2026-10-02 00:22:30,225 INFO     benchmark — 2480/4000  A:66%  15.58 matches/s  ETA 98s
2026-10-02 00:22:30,705 INFO     benchmark — 2490/4000  A:66%  15.60 matches/s  ETA 97s
2026-10-02 00:22:31,287 INFO     benchmark — 2500/4000  A:66%  15.60 matches/s  ETA 96s
2026-10-02 00:22:31,962 INFO     benchmark — 2510/4000  A:66%  15.60 matches/s  ETA 96s
2026-10-02 00:22:32,505 INFO     benchmark — 2520/4000  A:66%  15.61 matches/s  ETA 95s
2026-10-02 00:22:33,108 INFO     benchmark — 2530/4000  A:66%  15.61 matches/s  ETA 94s
2026-10-02 00:22:33,714 INFO     benchmark — 2540/4000  A:66%  15.62 matches/s  ETA 93s
2026-10-02 00:22:34,597 INFO     benchmark — 2550/4000  A:66%  15.59 matches/s  ETA 93s
2026-10-02 00:22:35,427 INFO     benchmark — 2560/4000  A:66%  15.57 matches/s  ETA 92s
2026-10-02 00:22:36,002 INFO     benchmark — 2570/4000  A:66%  15.58 matches/s  ETA 92s
2026-10-02 00:22:36,366 INFO     benchmark — 2580/4000  A:66%  15.61 matches/s  ETA 91s
2026-10-02 00:22:37,132 INFO     benchmark — 2590/4000  A:66%  15.60 matches/s  ETA 90s
2026-10-02 00:22:37,816 INFO     benchmark — 2600/4000  A:66%  15.59 matches/s  ETA 90s
2026-10-02 00:22:38,501 INFO     benchmark — 2610/4000  A:66%  15.59 matches/s  ETA 89s
2026-10-02 00:22:39,178 INFO     benchmark — 2620/4000  A:66%  15.58 matches/s  ETA 89s
2026-10-02 00:22:39,950 INFO     benchmark — 2630/4000  A:66%  15.57 matches/s  ETA 88s
2026-10-02 00:22:40,376 INFO     benchmark — 2640/4000  A:66%  15.59 matches/s  ETA 87s
2026-10-02 00:22:41,073 INFO     benchmark — 2650/4000  A:66%  15.59 matches/s  ETA 87s
2026-10-02 00:22:41,810 INFO     benchmark — 2660/4000  A:66%  15.58 matches/s  ETA 86s
2026-10-02 00:22:42,383 INFO     benchmark — 2670/4000  A:66%  15.58 matches/s  ETA 85s
2026-10-02 00:22:42,848 INFO     benchmark — 2680/4000  A:66%  15.60 matches/s  ETA 85s
2026-10-02 00:22:43,376 INFO     benchmark — 2690/4000  A:66%  15.61 matches/s  ETA 84s
2026-10-02 00:22:44,045 INFO     benchmark — 2700/4000  A:66%  15.61 matches/s  ETA 83s
2026-10-02 00:22:44,489 INFO     benchmark — 2710/4000  A:66%  15.63 matches/s  ETA 83s
2026-10-02 00:22:44,784 INFO     benchmark — 2720/4000  A:66%  15.66 matches/s  ETA 82s
2026-10-02 00:22:45,356 INFO     benchmark — 2730/4000  A:66%  15.66 matches/s  ETA 81s
2026-10-02 00:22:45,750 INFO     benchmark — 2740/4000  A:66%  15.68 matches/s  ETA 80s
2026-10-02 00:22:46,379 INFO     benchmark — 2750/4000  A:66%  15.69 matches/s  ETA 80s
2026-10-02 00:22:47,075 INFO     benchmark — 2760/4000  A:66%  15.68 matches/s  ETA 79s
2026-10-02 00:22:47,667 INFO     benchmark — 2770/4000  A:66%  15.68 matches/s  ETA 78s
2026-10-02 00:22:48,228 INFO     benchmark — 2780/4000  A:66%  15.69 matches/s  ETA 78s
2026-10-02 00:22:49,112 INFO     benchmark — 2790/4000  A:66%  15.67 matches/s  ETA 77s
2026-10-02 00:22:49,640 INFO     benchmark — 2800/4000  A:66%  15.68 matches/s  ETA 77s
2026-10-02 00:22:50,138 INFO     benchmark — 2810/4000  A:66%  15.69 matches/s  ETA 76s
2026-10-02 00:22:50,749 INFO     benchmark — 2820/4000  A:66%  15.69 matches/s  ETA 75s
2026-10-02 00:22:51,281 INFO     benchmark — 2830/4000  A:66%  15.70 matches/s  ETA 75s
2026-10-02 00:22:52,047 INFO     benchmark — 2840/4000  A:66%  15.69 matches/s  ETA 74s
2026-10-02 00:22:52,448 INFO     benchmark — 2850/4000  A:66%  15.71 matches/s  ETA 73s
2026-10-02 00:22:53,034 INFO     benchmark — 2860/4000  A:66%  15.72 matches/s  ETA 73s
2026-10-02 00:22:53,619 INFO     benchmark — 2870/4000  A:66%  15.72 matches/s  ETA 72s
2026-10-02 00:22:54,174 INFO     benchmark — 2880/4000  A:66%  15.73 matches/s  ETA 71s
2026-10-02 00:22:54,805 INFO     benchmark — 2890/4000  A:66%  15.73 matches/s  ETA 71s
2026-10-02 00:22:55,079 INFO     benchmark — 2900/4000  A:66%  15.76 matches/s  ETA 70s
2026-10-02 00:22:55,489 INFO     benchmark — 2910/4000  A:66%  15.78 matches/s  ETA 69s
2026-10-02 00:22:56,015 INFO     benchmark — 2920/4000  A:66%  15.79 matches/s  ETA 68s
2026-10-02 00:22:56,471 INFO     benchmark — 2930/4000  A:66%  15.80 matches/s  ETA 68s
2026-10-02 00:22:57,322 INFO     benchmark — 2940/4000  A:66%  15.78 matches/s  ETA 67s
2026-10-02 00:22:57,913 INFO     benchmark — 2950/4000  A:66%  15.79 matches/s  ETA 67s
2026-10-02 00:22:58,540 INFO     benchmark — 2960/4000  A:66%  15.79 matches/s  ETA 66s
2026-10-02 00:22:59,176 INFO     benchmark — 2970/4000  A:66%  15.79 matches/s  ETA 65s
2026-10-02 00:22:59,739 INFO     benchmark — 2980/4000  A:66%  15.79 matches/s  ETA 65s
2026-10-02 00:22:59,956 INFO     benchmark — 2990/4000  A:66%  15.83 matches/s  ETA 64s
2026-10-02 00:23:00,495 INFO     benchmark — 3000/4000  A:66%  15.84 matches/s  ETA 63s
2026-10-02 00:23:01,150 INFO     benchmark — 3010/4000  A:66%  15.83 matches/s  ETA 63s
2026-10-02 00:23:01,459 INFO     benchmark — 3020/4000  A:66%  15.86 matches/s  ETA 62s
2026-10-02 00:23:01,971 INFO     benchmark — 3030/4000  A:66%  15.87 matches/s  ETA 61s
2026-10-02 00:23:02,324 INFO     benchmark — 3040/4000  A:66%  15.89 matches/s  ETA 60s
2026-10-02 00:23:02,734 INFO     benchmark — 3050/4000  A:66%  15.91 matches/s  ETA 60s
2026-10-02 00:23:03,317 INFO     benchmark — 3060/4000  A:66%  15.92 matches/s  ETA 59s
2026-10-02 00:23:03,956 INFO     benchmark — 3070/4000  A:66%  15.91 matches/s  ETA 58s
2026-10-02 00:23:04,495 INFO     benchmark — 3080/4000  A:66%  15.92 matches/s  ETA 58s
2026-10-02 00:23:04,983 INFO     benchmark — 3090/4000  A:66%  15.93 matches/s  ETA 57s
2026-10-02 00:23:05,343 INFO     benchmark — 3100/4000  A:66%  15.96 matches/s  ETA 56s
2026-10-02 00:23:05,923 INFO     benchmark — 3110/4000  A:66%  15.96 matches/s  ETA 56s
2026-10-02 00:23:06,518 INFO     benchmark — 3120/4000  A:66%  15.96 matches/s  ETA 55s
2026-10-02 00:23:07,118 INFO     benchmark — 3130/4000  A:66%  15.96 matches/s  ETA 54s
2026-10-02 00:23:07,623 INFO     benchmark — 3140/4000  A:66%  15.97 matches/s  ETA 54s
2026-10-02 00:23:08,150 INFO     benchmark — 3150/4000  A:66%  15.98 matches/s  ETA 53s
2026-10-02 00:23:08,482 INFO     benchmark — 3160/4000  A:66%  16.01 matches/s  ETA 52s
2026-10-02 00:23:09,000 INFO     benchmark — 3170/4000  A:66%  16.01 matches/s  ETA 52s
2026-10-02 00:23:09,564 INFO     benchmark — 3180/4000  A:66%  16.02 matches/s  ETA 51s
2026-10-02 00:23:09,909 INFO     benchmark — 3190/4000  A:66%  16.04 matches/s  ETA 50s
2026-10-02 00:23:10,405 INFO     benchmark — 3200/4000  A:66%  16.05 matches/s  ETA 50s
2026-10-02 00:23:10,629 INFO     benchmark — 3210/4000  A:66%  16.08 matches/s  ETA 49s
2026-10-02 00:23:10,878 INFO     benchmark — 3220/4000  A:66%  16.11 matches/s  ETA 48s
2026-10-02 00:23:11,142 INFO     benchmark — 3230/4000  A:66%  16.14 matches/s  ETA 48s
2026-10-02 00:23:11,381 INFO     benchmark — 3240/4000  A:66%  16.17 matches/s  ETA 47s
2026-10-02 00:23:11,869 INFO     benchmark — 3250/4000  A:66%  16.18 matches/s  ETA 46s
2026-10-02 00:23:12,500 INFO     benchmark — 3260/4000  A:66%  16.18 matches/s  ETA 46s
2026-10-02 00:23:13,109 INFO     benchmark — 3270/4000  A:66%  16.18 matches/s  ETA 45s
2026-10-02 00:23:13,627 INFO     benchmark — 3280/4000  A:66%  16.19 matches/s  ETA 44s
2026-10-02 00:23:14,122 INFO     benchmark — 3290/4000  A:66%  16.20 matches/s  ETA 44s
2026-10-02 00:23:14,588 INFO     benchmark — 3300/4000  A:66%  16.21 matches/s  ETA 43s
2026-10-02 00:23:14,970 INFO     benchmark — 3310/4000  A:66%  16.23 matches/s  ETA 43s
2026-10-02 00:23:15,609 INFO     benchmark — 3320/4000  A:66%  16.23 matches/s  ETA 42s
2026-10-02 00:23:16,035 INFO     benchmark — 3330/4000  A:66%  16.25 matches/s  ETA 41s
2026-10-02 00:23:16,454 INFO     benchmark — 3340/4000  A:66%  16.26 matches/s  ETA 41s
2026-10-02 00:23:16,688 INFO     benchmark — 3350/4000  A:66%  16.29 matches/s  ETA 40s
2026-10-02 00:23:17,073 INFO     benchmark — 3360/4000  A:66%  16.31 matches/s  ETA 39s
2026-10-02 00:23:17,338 INFO     benchmark — 3370/4000  A:66%  16.34 matches/s  ETA 39s
2026-10-02 00:23:17,824 INFO     benchmark — 3380/4000  A:66%  16.35 matches/s  ETA 38s
2026-10-02 00:23:18,385 INFO     benchmark — 3390/4000  A:66%  16.35 matches/s  ETA 37s
2026-10-02 00:23:18,844 INFO     benchmark — 3400/4000  A:66%  16.36 matches/s  ETA 37s
2026-10-02 00:23:19,217 INFO     benchmark — 3410/4000  A:66%  16.38 matches/s  ETA 36s
2026-10-02 00:23:19,680 INFO     benchmark — 3420/4000  A:66%  16.39 matches/s  ETA 35s
2026-10-02 00:23:19,939 INFO     benchmark — 3430/4000  A:66%  16.42 matches/s  ETA 35s
2026-10-02 00:23:20,423 INFO     benchmark — 3440/4000  A:66%  16.43 matches/s  ETA 34s
2026-10-02 00:23:20,789 INFO     benchmark — 3450/4000  A:66%  16.45 matches/s  ETA 33s
2026-10-02 00:23:21,255 INFO     benchmark — 3460/4000  A:66%  16.46 matches/s  ETA 33s
2026-10-02 00:23:21,668 INFO     benchmark — 3470/4000  A:66%  16.48 matches/s  ETA 32s
2026-10-02 00:23:22,064 INFO     benchmark — 3480/4000  A:66%  16.49 matches/s  ETA 32s
2026-10-02 00:23:22,498 INFO     benchmark — 3490/4000  A:66%  16.51 matches/s  ETA 31s
2026-10-02 00:23:22,793 INFO     benchmark — 3500/4000  A:66%  16.53 matches/s  ETA 30s
2026-10-02 00:23:23,102 INFO     benchmark — 3510/4000  A:66%  16.55 matches/s  ETA 30s
2026-10-02 00:23:23,720 INFO     benchmark — 3520/4000  A:66%  16.55 matches/s  ETA 29s
2026-10-02 00:23:24,339 INFO     benchmark — 3530/4000  A:66%  16.55 matches/s  ETA 28s
2026-10-02 00:23:25,105 INFO     benchmark — 3540/4000  A:66%  16.54 matches/s  ETA 28s
2026-10-02 00:23:25,487 INFO     benchmark — 3550/4000  A:66%  16.56 matches/s  ETA 27s
2026-10-02 00:23:26,061 INFO     benchmark — 3560/4000  A:66%  16.56 matches/s  ETA 27s
2026-10-02 00:23:26,364 INFO     benchmark — 3570/4000  A:66%  16.58 matches/s  ETA 26s
2026-10-02 00:23:26,833 INFO     benchmark — 3580/4000  A:66%  16.59 matches/s  ETA 25s
2026-10-02 00:23:27,488 INFO     benchmark — 3590/4000  A:66%  16.59 matches/s  ETA 25s
2026-10-02 00:23:28,127 INFO     benchmark — 3600/4000  A:66%  16.58 matches/s  ETA 24s
2026-10-02 00:23:28,602 INFO     benchmark — 3610/4000  A:66%  16.59 matches/s  ETA 24s
2026-10-02 00:23:29,057 INFO     benchmark — 3620/4000  A:66%  16.61 matches/s  ETA 23s
2026-10-02 00:23:29,459 INFO     benchmark — 3630/4000  A:66%  16.62 matches/s  ETA 22s
2026-10-02 00:23:30,130 INFO     benchmark — 3640/4000  A:66%  16.62 matches/s  ETA 22s
2026-10-02 00:23:30,541 INFO     benchmark — 3650/4000  A:66%  16.63 matches/s  ETA 21s
2026-10-02 00:23:30,984 INFO     benchmark — 3660/4000  A:66%  16.64 matches/s  ETA 20s
2026-10-02 00:23:31,536 INFO     benchmark — 3670/4000  A:66%  16.65 matches/s  ETA 20s
2026-10-02 00:23:32,012 INFO     benchmark — 3680/4000  A:66%  16.65 matches/s  ETA 19s
2026-10-02 00:23:32,461 INFO     benchmark — 3690/4000  A:66%  16.67 matches/s  ETA 19s
2026-10-02 00:23:33,122 INFO     benchmark — 3700/4000  A:66%  16.66 matches/s  ETA 18s
2026-10-02 00:23:33,613 INFO     benchmark — 3710/4000  A:66%  16.67 matches/s  ETA 17s
2026-10-02 00:23:34,234 INFO     benchmark — 3720/4000  A:66%  16.67 matches/s  ETA 17s
2026-10-02 00:23:34,935 INFO     benchmark — 3730/4000  A:66%  16.66 matches/s  ETA 16s
2026-10-02 00:23:35,547 INFO     benchmark — 3740/4000  A:66%  16.66 matches/s  ETA 16s
2026-10-02 00:23:36,070 INFO     benchmark — 3750/4000  A:66%  16.67 matches/s  ETA 15s
2026-10-02 00:23:36,428 INFO     benchmark — 3760/4000  A:66%  16.68 matches/s  ETA 14s
2026-10-02 00:23:36,767 INFO     benchmark — 3770/4000  A:66%  16.70 matches/s  ETA 14s
2026-10-02 00:23:37,216 INFO     benchmark — 3780/4000  A:66%  16.71 matches/s  ETA 13s
2026-10-02 00:23:37,767 INFO     benchmark — 3790/4000  A:66%  16.72 matches/s  ETA 13s
2026-10-02 00:23:38,376 INFO     benchmark — 3800/4000  A:66%  16.72 matches/s  ETA 12s
2026-10-02 00:23:38,918 INFO     benchmark — 3810/4000  A:66%  16.72 matches/s  ETA 11s
2026-10-02 00:23:39,345 INFO     benchmark — 3820/4000  A:66%  16.73 matches/s  ETA 11s
2026-10-02 00:23:39,874 INFO     benchmark — 3830/4000  A:66%  16.74 matches/s  ETA 10s
2026-10-02 00:23:40,450 INFO     benchmark — 3840/4000  A:66%  16.74 matches/s  ETA 10s
2026-10-02 00:23:40,798 INFO     benchmark — 3850/4000  A:66%  16.76 matches/s  ETA 9s
2026-10-02 00:23:41,188 INFO     benchmark — 3860/4000  A:66%  16.77 matches/s  ETA 8s
2026-10-02 00:23:41,497 INFO     benchmark — 3870/4000  A:66%  16.79 matches/s  ETA 8s
2026-10-02 00:23:41,979 INFO     benchmark — 3880/4000  A:66%  16.80 matches/s  ETA 7s
2026-10-02 00:23:42,497 INFO     benchmark — 3890/4000  A:66%  16.81 matches/s  ETA 7s
2026-10-02 00:23:43,082 INFO     benchmark — 3900/4000  A:66%  16.81 matches/s  ETA 6s
2026-10-02 00:23:43,612 INFO     benchmark — 3910/4000  A:66%  16.81 matches/s  ETA 5s
2026-10-02 00:23:43,938 INFO     benchmark — 3920/4000  A:66%  16.83 matches/s  ETA 5s
2026-10-02 00:23:44,454 INFO     benchmark — 3930/4000  A:66%  16.84 matches/s  ETA 4s
2026-10-02 00:23:44,854 INFO     benchmark — 3940/4000  A:66%  16.85 matches/s  ETA 4s
2026-10-02 00:23:45,479 INFO     benchmark — 3950/4000  A:66%  16.85 matches/s  ETA 3s
2026-10-02 00:23:46,049 INFO     benchmark — 3960/4000  A:66%  16.85 matches/s  ETA 2s
2026-10-02 00:23:46,470 INFO     benchmark — 3970/4000  A:66%  16.86 matches/s  ETA 2s
2026-10-02 00:23:46,816 INFO     benchmark — 3980/4000  A:66%  16.88 matches/s  ETA 1s
2026-10-02 00:23:47,294 INFO     benchmark — 3990/4000  A:66%  16.89 matches/s  ETA 1s
2026-10-02 00:23:47,672 INFO     benchmark — 4000/4000  A:66%  16.90 matches/s  ETA 0s
2026-10-02 00:23:47,712 INFO     benchmark — wrote results/008/random_vs_rnd.json

──────────────────────────────────────────────────
Mode:        match_rl_vs_random
Matches:      4,000
──────────────────────────────────────────────────
RL(truco_random_final) wins:  2,640  (66.0%)
Random wins:  1,360  (34.0%)
Ties:        0  (0.0%)
──────────────────────────────────────────────────

