2026-10-02 00:02:55,505 INFO     benchmark — 10/4000  A:60%  7.51 matches/s  ETA 531s
2026-10-02 00:02:56,646 INFO     benchmark — 20/4000  A:75%  8.09 matches/s  ETA 492s
2026-10-02 00:02:57,761 INFO     benchmark — 30/4000  A:73%  8.36 matches/s  ETA 475s
2026-10-02 00:02:59,462 INFO     benchmark — 40/4000  A:60%  7.56 matches/s  ETA 524s
2026-10-02 00:03:02,607 WARNING  benchmark — voided hand: >2000 actions (policy cycle)
2026-10-02 00:03:03,134 INFO     benchmark — 50/4000  A:60%  5.58 matches/s  ETA 708s
2026-10-02 00:03:04,113 INFO     benchmark — 60/4000  A:58%  6.04 matches/s  ETA 653s
2026-10-02 00:03:06,943 INFO     benchmark — 70/4000  A:59%  5.48 matches/s  ETA 717s
2026-10-02 00:03:08,120 INFO     benchmark — 80/4000  A:55%  5.74 matches/s  ETA 683s
2026-10-02 00:03:09,621 INFO     benchmark — 90/4000  A:51%  5.83 matches/s  ETA 671s
2026-10-02 00:03:10,908 INFO     benchmark — 100/4000  A:52%  5.98 matches/s  ETA 653s
2026-10-02 00:03:12,261 INFO     benchmark — 110/4000  A:53%  6.08 matches/s  ETA 640s
2026-10-02 00:03:13,889 INFO     benchmark — 120/4000  A:52%  6.09 matches/s  ETA 637s
2026-10-02 00:03:15,224 INFO     benchmark — 130/4000  A:52%  6.18 matches/s  ETA 627s
2026-10-02 00:03:17,017 INFO     benchmark — 140/4000  A:51%  6.13 matches/s  ETA 630s
2026-10-02 00:03:17,952 INFO     benchmark — 150/4000  A:51%  6.31 matches/s  ETA 610s
2026-10-02 00:03:19,021 INFO     benchmark — 160/4000  A:50%  6.44 matches/s  ETA 596s
2026-10-02 00:03:19,895 INFO     benchmark — 170/4000  A:50%  6.61 matches/s  ETA 579s
2026-10-02 00:03:20,986 INFO     benchmark — 180/4000  A:52%  6.71 matches/s  ETA 569s
2026-10-02 00:03:21,954 INFO     benchmark — 190/4000  A:51%  6.84 matches/s  ETA 557s
2026-10-02 00:03:22,785 INFO     benchmark — 200/4000  A:52%  6.99 matches/s  ETA 544s
2026-10-02 00:03:23,536 INFO     benchmark — 210/4000  A:51%  7.15 matches/s  ETA 530s
2026-10-02 00:03:24,611 INFO     benchmark — 220/4000  A:51%  7.23 matches/s  ETA 523s
2026-10-02 00:03:25,624 INFO     benchmark — 230/4000  A:51%  7.31 matches/s  ETA 516s
2026-10-02 00:03:26,552 INFO     benchmark — 240/4000  A:52%  7.41 matches/s  ETA 507s
2026-10-02 00:03:27,850 INFO     benchmark — 250/4000  A:52%  7.42 matches/s  ETA 505s
2026-10-02 00:03:31,177 WARNING  benchmark — voided hand: >2000 actions (policy cycle)
2026-10-02 00:03:31,320 INFO     benchmark — 260/4000  A:52%  7.00 matches/s  ETA 534s
2026-10-02 00:03:32,232 INFO     benchmark — 270/4000  A:53%  7.09 matches/s  ETA 526s
2026-10-02 00:03:33,191 INFO     benchmark — 280/4000  A:53%  7.18 matches/s  ETA 518s
2026-10-02 00:03:37,911 WARNING  benchmark — voided hand: >2000 actions (policy cycle)
2026-10-02 00:03:38,459 INFO     benchmark — 290/4000  A:52%  6.55 matches/s  ETA 567s
2026-10-02 00:03:39,721 INFO     benchmark — 300/4000  A:51%  6.59 matches/s  ETA 562s
2026-10-02 00:03:40,713 INFO     benchmark — 310/4000  A:51%  6.66 matches/s  ETA 554s
2026-10-02 00:03:42,517 INFO     benchmark — 320/4000  A:51%  6.62 matches/s  ETA 556s
2026-10-02 00:03:44,305 INFO     benchmark — 330/4000  A:52%  6.58 matches/s  ETA 558s
2026-10-02 00:03:45,549 INFO     benchmark — 340/4000  A:52%  6.62 matches/s  ETA 553s
2026-10-02 00:03:47,070 INFO     benchmark — 350/4000  A:53%  6.62 matches/s  ETA 552s
2026-10-02 00:03:48,028 INFO     benchmark — 360/4000  A:53%  6.68 matches/s  ETA 545s
2026-10-02 00:03:49,681 INFO     benchmark — 370/4000  A:52%  6.67 matches/s  ETA 545s
2026-10-02 00:03:50,595 INFO     benchmark — 380/4000  A:52%  6.74 matches/s  ETA 537s
2026-10-02 00:03:51,811 INFO     benchmark — 390/4000  A:52%  6.77 matches/s  ETA 534s
2026-10-02 00:03:54,520 WARNING  benchmark — voided hand: >2000 actions (policy cycle)
2026-10-02 00:03:54,993 INFO     benchmark — 400/4000  A:52%  6.58 matches/s  ETA 547s
2026-10-02 00:03:56,100 INFO     benchmark — 410/4000  A:52%  6.62 matches/s  ETA 542s
2026-10-02 00:03:57,027 INFO     benchmark — 420/4000  A:52%  6.68 matches/s  ETA 536s
2026-10-02 00:03:57,922 INFO     benchmark — 430/4000  A:52%  6.75 matches/s  ETA 529s
2026-10-02 00:03:58,982 INFO     benchmark — 440/4000  A:52%  6.79 matches/s  ETA 524s
2026-10-02 00:03:59,992 INFO     benchmark — 450/4000  A:53%  6.84 matches/s  ETA 519s
2026-10-02 00:04:01,966 WARNING  benchmark — voided hand: >2000 actions (policy cycle)
2026-10-02 00:04:02,737 INFO     benchmark — 460/4000  A:53%  6.71 matches/s  ETA 528s
2026-10-02 00:04:03,697 INFO     benchmark — 470/4000  A:53%  6.76 matches/s  ETA 522s
2026-10-02 00:04:04,417 INFO     benchmark — 480/4000  A:52%  6.83 matches/s  ETA 515s
2026-10-02 00:04:05,235 INFO     benchmark — 490/4000  A:53%  6.90 matches/s  ETA 509s
2026-10-02 00:04:05,969 INFO     benchmark — 500/4000  A:53%  6.96 matches/s  ETA 503s
2026-10-02 00:04:06,452 INFO     benchmark — 510/4000  A:53%  7.06 matches/s  ETA 495s
2026-10-02 00:04:07,204 INFO     benchmark — 520/4000  A:53%  7.12 matches/s  ETA 489s
2026-10-02 00:04:07,884 INFO     benchmark — 530/4000  A:52%  7.19 matches/s  ETA 483s
2026-10-02 00:04:09,801 WARNING  benchmark — voided hand: >2000 actions (policy cycle)
2026-10-02 00:04:10,063 INFO     benchmark — 540/4000  A:52%  7.12 matches/s  ETA 486s
2026-10-02 00:04:10,438 INFO     benchmark — 550/4000  A:52%  7.21 matches/s  ETA 478s
2026-10-02 00:04:11,064 INFO     benchmark — 560/4000  A:52%  7.28 matches/s  ETA 472s
2026-10-02 00:04:13,137 WARNING  benchmark — voided hand: >2000 actions (policy cycle)
2026-10-02 00:04:13,246 INFO     benchmark — 570/4000  A:52%  7.21 matches/s  ETA 476s
2026-10-02 00:04:13,768 INFO     benchmark — 580/4000  A:52%  7.29 matches/s  ETA 469s
2026-10-02 00:04:14,546 INFO     benchmark — 590/4000  A:52%  7.34 matches/s  ETA 465s
2026-10-02 00:04:15,194 INFO     benchmark — 600/4000  A:52%  7.41 matches/s  ETA 459s
2026-10-02 00:04:15,972 INFO     benchmark — 610/4000  A:51%  7.46 matches/s  ETA 455s
2026-10-02 00:04:16,597 INFO     benchmark — 620/4000  A:51%  7.52 matches/s  ETA 449s
2026-10-02 00:04:17,309 INFO     benchmark — 630/4000  A:51%  7.58 matches/s  ETA 445s
2026-10-02 00:04:17,935 INFO     benchmark — 640/4000  A:51%  7.64 matches/s  ETA 440s
2026-10-02 00:04:18,620 INFO     benchmark — 650/4000  A:51%  7.70 matches/s  ETA 435s
2026-10-02 00:04:19,410 INFO     benchmark — 660/4000  A:51%  7.74 matches/s  ETA 431s
2026-10-02 00:04:19,996 INFO     benchmark — 670/4000  A:51%  7.81 matches/s  ETA 427s
2026-10-02 00:04:20,896 INFO     benchmark — 680/4000  A:51%  7.84 matches/s  ETA 423s
2026-10-02 00:04:22,743 WARNING  benchmark — voided hand: >2000 actions (policy cycle)
2026-10-02 00:04:23,010 INFO     benchmark — 690/4000  A:52%  7.77 matches/s  ETA 426s
2026-10-02 00:04:23,663 INFO     benchmark — 700/4000  A:52%  7.82 matches/s  ETA 422s
2026-10-02 00:04:24,532 INFO     benchmark — 710/4000  A:51%  7.86 matches/s  ETA 419s
2026-10-02 00:04:25,372 INFO     benchmark — 720/4000  A:51%  7.89 matches/s  ETA 415s
2026-10-02 00:04:26,119 INFO     benchmark — 730/4000  A:51%  7.94 matches/s  ETA 412s
2026-10-02 00:04:27,078 INFO     benchmark — 740/4000  A:51%  7.97 matches/s  ETA 409s
2026-10-02 00:04:27,600 INFO     benchmark — 750/4000  A:51%  8.03 matches/s  ETA 405s
2026-10-02 00:04:28,228 INFO     benchmark — 760/4000  A:51%  8.08 matches/s  ETA 401s
2026-10-02 00:04:29,918 WARNING  benchmark — voided hand: >2000 actions (policy cycle)
2026-10-02 00:04:30,759 INFO     benchmark — 770/4000  A:51%  7.97 matches/s  ETA 405s
2026-10-02 00:04:31,591 INFO     benchmark — 780/4000  A:51%  8.01 matches/s  ETA 402s
2026-10-02 00:04:32,265 INFO     benchmark — 790/4000  A:51%  8.05 matches/s  ETA 399s
2026-10-02 00:04:33,022 INFO     benchmark — 800/4000  A:51%  8.09 matches/s  ETA 395s
2026-10-02 00:04:33,638 INFO     benchmark — 810/4000  A:51%  8.14 matches/s  ETA 392s
2026-10-02 00:04:34,297 INFO     benchmark — 820/4000  A:51%  8.19 matches/s  ETA 388s
2026-10-02 00:04:35,067 INFO     benchmark — 830/4000  A:51%  8.23 matches/s  ETA 385s
2026-10-02 00:04:37,139 WARNING  benchmark — voided hand: >2000 actions (policy cycle)
2026-10-02 00:04:37,272 INFO     benchmark — 840/4000  A:51%  8.15 matches/s  ETA 388s
2026-10-02 00:04:37,931 INFO     benchmark — 850/4000  A:51%  8.19 matches/s  ETA 385s
2026-10-02 00:04:38,450 INFO     benchmark — 860/4000  A:51%  8.25 matches/s  ETA 381s
2026-10-02 00:04:39,168 INFO     benchmark — 870/4000  A:51%  8.29 matches/s  ETA 378s
2026-10-02 00:04:39,814 INFO     benchmark — 880/4000  A:51%  8.33 matches/s  ETA 375s
2026-10-02 00:04:40,581 INFO     benchmark — 890/4000  A:51%  8.36 matches/s  ETA 372s
2026-10-02 00:04:41,263 INFO     benchmark — 900/4000  A:51%  8.40 matches/s  ETA 369s
2026-10-02 00:04:42,316 INFO     benchmark — 910/4000  A:51%  8.41 matches/s  ETA 367s
2026-10-02 00:04:43,361 INFO     benchmark — 920/4000  A:52%  8.43 matches/s  ETA 366s
2026-10-02 00:04:44,207 INFO     benchmark — 930/4000  A:52%  8.45 matches/s  ETA 363s
2026-10-02 00:04:44,827 INFO     benchmark — 940/4000  A:52%  8.49 matches/s  ETA 360s
2026-10-02 00:04:45,364 INFO     benchmark — 950/4000  A:52%  8.54 matches/s  ETA 357s
2026-10-02 00:04:46,026 INFO     benchmark — 960/4000  A:52%  8.58 matches/s  ETA 354s
2026-10-02 00:04:46,711 INFO     benchmark — 970/4000  A:52%  8.62 matches/s  ETA 352s
2026-10-02 00:04:48,807 WARNING  benchmark — voided hand: >2000 actions (policy cycle)
2026-10-02 00:04:48,915 INFO     benchmark — 980/4000  A:52%  8.54 matches/s  ETA 354s
2026-10-02 00:04:50,974 WARNING  benchmark — voided hand: >2000 actions (policy cycle)
2026-10-02 00:04:51,136 INFO     benchmark — 990/4000  A:52%  8.46 matches/s  ETA 356s
2026-10-02 00:04:51,904 INFO     benchmark — 1000/4000  A:52%  8.49 matches/s  ETA 353s
2026-10-02 00:04:52,560 INFO     benchmark — 1010/4000  A:52%  8.53 matches/s  ETA 350s
2026-10-02 00:04:53,044 INFO     benchmark — 1020/4000  A:52%  8.58 matches/s  ETA 347s
2026-10-02 00:04:53,819 INFO     benchmark — 1030/4000  A:52%  8.61 matches/s  ETA 345s
2026-10-02 00:04:54,403 INFO     benchmark — 1040/4000  A:52%  8.65 matches/s  ETA 342s
2026-10-02 00:04:55,207 INFO     benchmark — 1050/4000  A:52%  8.68 matches/s  ETA 340s
2026-10-02 00:04:55,759 INFO     benchmark — 1060/4000  A:52%  8.72 matches/s  ETA 337s
2026-10-02 00:04:56,465 INFO     benchmark — 1070/4000  A:52%  8.75 matches/s  ETA 335s
2026-10-02 00:04:57,300 INFO     benchmark — 1080/4000  A:52%  8.77 matches/s  ETA 333s
2026-10-02 00:04:59,329 WARNING  benchmark — voided hand: >2000 actions (policy cycle)
2026-10-02 00:04:59,347 INFO     benchmark — 1090/4000  A:52%  8.71 matches/s  ETA 334s
2026-10-02 00:05:00,086 INFO     benchmark — 1100/4000  A:52%  8.74 matches/s  ETA 332s
2026-10-02 00:05:00,940 INFO     benchmark — 1110/4000  A:52%  8.76 matches/s  ETA 330s
2026-10-02 00:05:01,535 INFO     benchmark — 1120/4000  A:52%  8.79 matches/s  ETA 328s
2026-10-02 00:05:02,254 INFO     benchmark — 1130/4000  A:52%  8.82 matches/s  ETA 325s
2026-10-02 00:05:02,772 INFO     benchmark — 1140/4000  A:52%  8.86 matches/s  ETA 323s
2026-10-02 00:05:03,483 INFO     benchmark — 1150/4000  A:52%  8.89 matches/s  ETA 320s
2026-10-02 00:05:04,124 INFO     benchmark — 1160/4000  A:52%  8.93 matches/s  ETA 318s
2026-10-02 00:05:04,652 INFO     benchmark — 1170/4000  A:52%  8.97 matches/s  ETA 316s
2026-10-02 00:05:05,433 INFO     benchmark — 1180/4000  A:52%  8.99 matches/s  ETA 314s
2026-10-02 00:05:05,966 INFO     benchmark — 1190/4000  A:52%  9.03 matches/s  ETA 311s
2026-10-02 00:05:06,750 INFO     benchmark — 1200/4000  A:52%  9.05 matches/s  ETA 309s
2026-10-02 00:05:07,274 INFO     benchmark — 1210/4000  A:52%  9.09 matches/s  ETA 307s
2026-10-02 00:05:07,926 INFO     benchmark — 1220/4000  A:52%  9.12 matches/s  ETA 305s
2026-10-02 00:05:08,871 INFO     benchmark — 1230/4000  A:52%  9.13 matches/s  ETA 303s
2026-10-02 00:05:09,564 INFO     benchmark — 1240/4000  A:52%  9.16 matches/s  ETA 301s
2026-10-02 00:05:10,188 INFO     benchmark — 1250/4000  A:52%  9.19 matches/s  ETA 299s
2026-10-02 00:05:10,678 INFO     benchmark — 1260/4000  A:52%  9.23 matches/s  ETA 297s
2026-10-02 00:05:11,454 INFO     benchmark — 1270/4000  A:52%  9.25 matches/s  ETA 295s
2026-10-02 00:05:12,139 INFO     benchmark — 1280/4000  A:52%  9.28 matches/s  ETA 293s
2026-10-02 00:05:12,891 INFO     benchmark — 1290/4000  A:52%  9.30 matches/s  ETA 291s
2026-10-02 00:05:13,526 INFO     benchmark — 1300/4000  A:52%  9.33 matches/s  ETA 289s
2026-10-02 00:05:14,230 INFO     benchmark — 1310/4000  A:52%  9.35 matches/s  ETA 288s
2026-10-02 00:05:14,782 INFO     benchmark — 1320/4000  A:52%  9.39 matches/s  ETA 285s
2026-10-02 00:05:15,573 INFO     benchmark — 1330/4000  A:52%  9.41 matches/s  ETA 284s
2026-10-02 00:05:16,136 INFO     benchmark — 1340/4000  A:52%  9.44 matches/s  ETA 282s
2026-10-02 00:05:17,067 INFO     benchmark — 1350/4000  A:52%  9.45 matches/s  ETA 280s
2026-10-02 00:05:18,933 WARNING  benchmark — voided hand: >2000 actions (policy cycle)
2026-10-02 00:05:19,360 INFO     benchmark — 1360/4000  A:52%  9.37 matches/s  ETA 282s
2026-10-02 00:05:20,341 INFO     benchmark — 1370/4000  A:52%  9.37 matches/s  ETA 281s
2026-10-02 00:05:20,654 INFO     benchmark — 1380/4000  A:52%  9.42 matches/s  ETA 278s
2026-10-02 00:05:21,318 INFO     benchmark — 1390/4000  A:52%  9.45 matches/s  ETA 276s
2026-10-02 00:05:21,986 INFO     benchmark — 1400/4000  A:52%  9.47 matches/s  ETA 275s
2026-10-02 00:05:22,708 INFO     benchmark — 1410/4000  A:52%  9.49 matches/s  ETA 273s
2026-10-02 00:05:23,258 INFO     benchmark — 1420/4000  A:52%  9.52 matches/s  ETA 271s
2026-10-02 00:05:23,938 INFO     benchmark — 1430/4000  A:52%  9.55 matches/s  ETA 269s
2026-10-02 00:05:24,360 INFO     benchmark — 1440/4000  A:52%  9.59 matches/s  ETA 267s
2026-10-02 00:05:25,016 INFO     benchmark — 1450/4000  A:52%  9.61 matches/s  ETA 265s
2026-10-02 00:05:25,722 INFO     benchmark — 1460/4000  A:52%  9.63 matches/s  ETA 264s
2026-10-02 00:05:26,577 INFO     benchmark — 1470/4000  A:52%  9.65 matches/s  ETA 262s
2026-10-02 00:05:27,112 INFO     benchmark — 1480/4000  A:52%  9.68 matches/s  ETA 260s
2026-10-02 00:05:27,605 INFO     benchmark — 1490/4000  A:52%  9.71 matches/s  ETA 258s
2026-10-02 00:05:29,677 WARNING  benchmark — voided hand: >2000 actions (policy cycle)
2026-10-02 00:05:29,961 INFO     benchmark — 1500/4000  A:52%  9.63 matches/s  ETA 260s
2026-10-02 00:05:30,623 INFO     benchmark — 1510/4000  A:52%  9.65 matches/s  ETA 258s
2026-10-02 00:05:31,094 INFO     benchmark — 1520/4000  A:52%  9.69 matches/s  ETA 256s
2026-10-02 00:05:31,720 INFO     benchmark — 1530/4000  A:52%  9.71 matches/s  ETA 254s
2026-10-02 00:05:33,793 WARNING  benchmark — voided hand: >2000 actions (policy cycle)
2026-10-02 00:05:34,015 INFO     benchmark — 1540/4000  A:51%  9.63 matches/s  ETA 255s
2026-10-02 00:05:34,845 INFO     benchmark — 1550/4000  A:51%  9.65 matches/s  ETA 254s
2026-10-02 00:05:35,443 INFO     benchmark — 1560/4000  A:51%  9.67 matches/s  ETA 252s
2026-10-02 00:05:36,409 INFO     benchmark — 1570/4000  A:51%  9.68 matches/s  ETA 251s
2026-10-02 00:05:37,272 INFO     benchmark — 1580/4000  A:51%  9.69 matches/s  ETA 250s
2026-10-02 00:05:38,028 INFO     benchmark — 1590/4000  A:51%  9.70 matches/s  ETA 248s
2026-10-02 00:05:38,573 INFO     benchmark — 1600/4000  A:51%  9.73 matches/s  ETA 247s
2026-10-02 00:05:39,135 INFO     benchmark — 1610/4000  A:51%  9.76 matches/s  ETA 245s
2026-10-02 00:05:39,922 INFO     benchmark — 1620/4000  A:51%  9.77 matches/s  ETA 244s
2026-10-02 00:05:40,634 INFO     benchmark — 1630/4000  A:51%  9.79 matches/s  ETA 242s
2026-10-02 00:05:41,310 INFO     benchmark — 1640/4000  A:51%  9.81 matches/s  ETA 241s
2026-10-02 00:05:42,218 INFO     benchmark — 1650/4000  A:51%  9.82 matches/s  ETA 239s
2026-10-02 00:05:42,951 INFO     benchmark — 1660/4000  A:52%  9.84 matches/s  ETA 238s
2026-10-02 00:05:43,647 INFO     benchmark — 1670/4000  A:52%  9.85 matches/s  ETA 236s
2026-10-02 00:05:44,387 INFO     benchmark — 1680/4000  A:52%  9.87 matches/s  ETA 235s
2026-10-02 00:05:44,866 INFO     benchmark — 1690/4000  A:52%  9.90 matches/s  ETA 233s
2026-10-02 00:05:46,460 WARNING  benchmark — voided hand: >2000 actions (policy cycle)
2026-10-02 00:05:47,024 INFO     benchmark — 1700/4000  A:52%  9.84 matches/s  ETA 234s
2026-10-02 00:05:47,623 INFO     benchmark — 1710/4000  A:52%  9.86 matches/s  ETA 232s
2026-10-02 00:05:48,370 INFO     benchmark — 1720/4000  A:52%  9.87 matches/s  ETA 231s
2026-10-02 00:05:49,379 INFO     benchmark — 1730/4000  A:52%  9.87 matches/s  ETA 230s
2026-10-02 00:05:50,087 INFO     benchmark — 1740/4000  A:52%  9.89 matches/s  ETA 228s
2026-10-02 00:05:51,020 INFO     benchmark — 1750/4000  A:52%  9.90 matches/s  ETA 227s
2026-10-02 00:05:51,767 INFO     benchmark — 1760/4000  A:51%  9.91 matches/s  ETA 226s
2026-10-02 00:05:52,295 INFO     benchmark — 1770/4000  A:51%  9.94 matches/s  ETA 224s
2026-10-02 00:05:52,803 INFO     benchmark — 1780/4000  A:51%  9.96 matches/s  ETA 223s
2026-10-02 00:05:54,384 WARNING  benchmark — voided hand: >2000 actions (policy cycle)
2026-10-02 00:05:55,879 WARNING  benchmark — voided hand: >2000 actions (policy cycle)
2026-10-02 00:05:56,400 INFO     benchmark — 1790/4000  A:51%  9.82 matches/s  ETA 225s
2026-10-02 00:05:56,974 INFO     benchmark — 1800/4000  A:52%  9.85 matches/s  ETA 223s
2026-10-02 00:05:57,707 INFO     benchmark — 1810/4000  A:52%  9.86 matches/s  ETA 222s
2026-10-02 00:05:58,243 INFO     benchmark — 1820/4000  A:51%  9.89 matches/s  ETA 220s
2026-10-02 00:05:59,850 WARNING  benchmark — voided hand: >2000 actions (policy cycle)
2026-10-02 00:06:00,763 INFO     benchmark — 1830/4000  A:51%  9.81 matches/s  ETA 221s
2026-10-02 00:06:01,572 INFO     benchmark — 1840/4000  A:51%  9.82 matches/s  ETA 220s
2026-10-02 00:06:02,293 INFO     benchmark — 1850/4000  A:51%  9.83 matches/s  ETA 219s
2026-10-02 00:06:03,150 INFO     benchmark — 1860/4000  A:51%  9.84 matches/s  ETA 217s
2026-10-02 00:06:03,711 INFO     benchmark — 1870/4000  A:51%  9.87 matches/s  ETA 216s
2026-10-02 00:06:05,773 WARNING  benchmark — voided hand: >2000 actions (policy cycle)
2026-10-02 00:06:05,960 INFO     benchmark — 1880/4000  A:51%  9.80 matches/s  ETA 216s
2026-10-02 00:06:06,580 INFO     benchmark — 1890/4000  A:51%  9.82 matches/s  ETA 215s
2026-10-02 00:06:07,671 INFO     benchmark — 1900/4000  A:51%  9.82 matches/s  ETA 214s
2026-10-02 00:06:09,307 WARNING  benchmark — voided hand: >2000 actions (policy cycle)
2026-10-02 00:06:10,799 WARNING  benchmark — voided hand: >2000 actions (policy cycle)
2026-10-02 00:06:11,372 INFO     benchmark — 1910/4000  A:51%  9.69 matches/s  ETA 216s
2026-10-02 00:06:12,072 INFO     benchmark — 1920/4000  A:51%  9.70 matches/s  ETA 214s
2026-10-02 00:06:12,469 INFO     benchmark — 1930/4000  A:51%  9.73 matches/s  ETA 213s
2026-10-02 00:06:13,034 INFO     benchmark — 1940/4000  A:51%  9.76 matches/s  ETA 211s
2026-10-02 00:06:13,694 INFO     benchmark — 1950/4000  A:51%  9.77 matches/s  ETA 210s
2026-10-02 00:06:14,344 INFO     benchmark — 1960/4000  A:52%  9.79 matches/s  ETA 208s
2026-10-02 00:06:14,987 INFO     benchmark — 1970/4000  A:52%  9.81 matches/s  ETA 207s
2026-10-02 00:06:15,630 INFO     benchmark — 1980/4000  A:52%  9.83 matches/s  ETA 206s
2026-10-02 00:06:16,281 INFO     benchmark — 1990/4000  A:52%  9.85 matches/s  ETA 204s
2026-10-02 00:06:16,964 INFO     benchmark — 2000/4000  A:51%  9.86 matches/s  ETA 203s
2026-10-02 00:06:17,583 INFO     benchmark — 2010/4000  A:51%  9.88 matches/s  ETA 201s
2026-10-02 00:06:18,237 INFO     benchmark — 2020/4000  A:51%  9.90 matches/s  ETA 200s
2026-10-02 00:06:20,239 WARNING  benchmark — voided hand: >2000 actions (policy cycle)
2026-10-02 00:06:20,384 INFO     benchmark — 2030/4000  A:51%  9.84 matches/s  ETA 200s
2026-10-02 00:06:20,895 INFO     benchmark — 2040/4000  A:51%  9.87 matches/s  ETA 199s
2026-10-02 00:06:21,675 INFO     benchmark — 2050/4000  A:51%  9.88 matches/s  ETA 197s
2026-10-02 00:06:22,246 INFO     benchmark — 2060/4000  A:51%  9.90 matches/s  ETA 196s
2026-10-02 00:06:23,841 WARNING  benchmark — voided hand: >2000 actions (policy cycle)
2026-10-02 00:06:24,453 INFO     benchmark — 2070/4000  A:51%  9.84 matches/s  ETA 196s
2026-10-02 00:06:25,142 INFO     benchmark — 2080/4000  A:51%  9.86 matches/s  ETA 195s
2026-10-02 00:06:25,845 INFO     benchmark — 2090/4000  A:51%  9.87 matches/s  ETA 193s
2026-10-02 00:06:26,651 INFO     benchmark — 2100/4000  A:51%  9.88 matches/s  ETA 192s
2026-10-02 00:06:27,210 INFO     benchmark — 2110/4000  A:51%  9.90 matches/s  ETA 191s
2026-10-02 00:06:28,050 INFO     benchmark — 2120/4000  A:51%  9.91 matches/s  ETA 190s
2026-10-02 00:06:28,481 INFO     benchmark — 2130/4000  A:51%  9.94 matches/s  ETA 188s
2026-10-02 00:06:29,092 INFO     benchmark — 2140/4000  A:51%  9.96 matches/s  ETA 187s
2026-10-02 00:06:29,767 INFO     benchmark — 2150/4000  A:51%  9.97 matches/s  ETA 186s
2026-10-02 00:06:30,498 INFO     benchmark — 2160/4000  A:51%  9.98 matches/s  ETA 184s
2026-10-02 00:06:31,367 INFO     benchmark — 2170/4000  A:51%  9.99 matches/s  ETA 183s
2026-10-02 00:06:31,995 INFO     benchmark — 2180/4000  A:51%  10.01 matches/s  ETA 182s
2026-10-02 00:06:32,789 INFO     benchmark — 2190/4000  A:51%  10.02 matches/s  ETA 181s
2026-10-02 00:06:33,465 INFO     benchmark — 2200/4000  A:51%  10.03 matches/s  ETA 179s
2026-10-02 00:06:34,209 INFO     benchmark — 2210/4000  A:51%  10.04 matches/s  ETA 178s
2026-10-02 00:06:35,051 INFO     benchmark — 2220/4000  A:51%  10.05 matches/s  ETA 177s
2026-10-02 00:06:35,699 INFO     benchmark — 2230/4000  A:51%  10.07 matches/s  ETA 176s
2026-10-02 00:06:36,206 INFO     benchmark — 2240/4000  A:51%  10.09 matches/s  ETA 174s
2026-10-02 00:06:36,941 INFO     benchmark — 2250/4000  A:51%  10.10 matches/s  ETA 173s
2026-10-02 00:06:37,644 INFO     benchmark — 2260/4000  A:51%  10.11 matches/s  ETA 172s
2026-10-02 00:06:38,327 INFO     benchmark — 2270/4000  A:51%  10.13 matches/s  ETA 171s
2026-10-02 00:06:38,950 INFO     benchmark — 2280/4000  A:51%  10.14 matches/s  ETA 170s
2026-10-02 00:06:40,660 WARNING  benchmark — voided hand: >2000 actions (policy cycle)
2026-10-02 00:06:41,141 INFO     benchmark — 2290/4000  A:51%  10.09 matches/s  ETA 169s
2026-10-02 00:06:41,720 INFO     benchmark — 2300/4000  A:51%  10.11 matches/s  ETA 168s
2026-10-02 00:06:42,355 INFO     benchmark — 2310/4000  A:51%  10.12 matches/s  ETA 167s
2026-10-02 00:06:43,140 INFO     benchmark — 2320/4000  A:51%  10.13 matches/s  ETA 166s
2026-10-02 00:06:43,834 INFO     benchmark — 2330/4000  A:51%  10.15 matches/s  ETA 165s
2026-10-02 00:06:44,540 INFO     benchmark — 2340/4000  A:51%  10.16 matches/s  ETA 163s
2026-10-02 00:06:45,260 INFO     benchmark — 2350/4000  A:51%  10.17 matches/s  ETA 162s
2026-10-02 00:06:46,027 INFO     benchmark — 2360/4000  A:51%  10.18 matches/s  ETA 161s
2026-10-02 00:06:46,821 INFO     benchmark — 2370/4000  A:51%  10.19 matches/s  ETA 160s
2026-10-02 00:06:47,300 INFO     benchmark — 2380/4000  A:51%  10.21 matches/s  ETA 159s
2026-10-02 00:06:47,825 INFO     benchmark — 2390/4000  A:51%  10.23 matches/s  ETA 157s
2026-10-02 00:06:48,644 INFO     benchmark — 2400/4000  A:51%  10.24 matches/s  ETA 156s
2026-10-02 00:06:49,332 INFO     benchmark — 2410/4000  A:51%  10.25 matches/s  ETA 155s
2026-10-02 00:06:49,998 INFO     benchmark — 2420/4000  A:51%  10.26 matches/s  ETA 154s
2026-10-02 00:06:50,919 INFO     benchmark — 2430/4000  A:51%  10.26 matches/s  ETA 153s
2026-10-02 00:06:51,813 INFO     benchmark — 2440/4000  A:51%  10.27 matches/s  ETA 152s
2026-10-02 00:06:52,623 INFO     benchmark — 2450/4000  A:51%  10.27 matches/s  ETA 151s
2026-10-02 00:06:53,190 INFO     benchmark — 2460/4000  A:51%  10.29 matches/s  ETA 150s
2026-10-02 00:06:54,162 INFO     benchmark — 2470/4000  A:51%  10.29 matches/s  ETA 149s
2026-10-02 00:06:54,617 INFO     benchmark — 2480/4000  A:51%  10.31 matches/s  ETA 147s
2026-10-02 00:06:55,422 INFO     benchmark — 2490/4000  A:51%  10.32 matches/s  ETA 146s
2026-10-02 00:06:56,216 INFO     benchmark — 2500/4000  A:51%  10.33 matches/s  ETA 145s
2026-10-02 00:06:56,871 INFO     benchmark — 2510/4000  A:51%  10.34 matches/s  ETA 144s
2026-10-02 00:06:57,647 INFO     benchmark — 2520/4000  A:51%  10.35 matches/s  ETA 143s
2026-10-02 00:06:58,576 INFO     benchmark — 2530/4000  A:51%  10.35 matches/s  ETA 142s
2026-10-02 00:06:59,090 INFO     benchmark — 2540/4000  A:51%  10.37 matches/s  ETA 141s
2026-10-02 00:06:59,647 INFO     benchmark — 2550/4000  A:51%  10.39 matches/s  ETA 140s
2026-10-02 00:07:00,354 INFO     benchmark — 2560/4000  A:51%  10.40 matches/s  ETA 138s
2026-10-02 00:07:00,970 INFO     benchmark — 2570/4000  A:51%  10.41 matches/s  ETA 137s
2026-10-02 00:07:01,698 INFO     benchmark — 2580/4000  A:51%  10.42 matches/s  ETA 136s
2026-10-02 00:07:02,323 INFO     benchmark — 2590/4000  A:51%  10.44 matches/s  ETA 135s
2026-10-02 00:07:03,162 INFO     benchmark — 2600/4000  A:51%  10.44 matches/s  ETA 134s
2026-10-02 00:07:03,908 INFO     benchmark — 2610/4000  A:51%  10.45 matches/s  ETA 133s
2026-10-02 00:07:04,612 INFO     benchmark — 2620/4000  A:51%  10.46 matches/s  ETA 132s
2026-10-02 00:07:04,970 INFO     benchmark — 2630/4000  A:51%  10.49 matches/s  ETA 131s
2026-10-02 00:07:05,804 INFO     benchmark — 2640/4000  A:51%  10.49 matches/s  ETA 130s
2026-10-02 00:07:06,502 INFO     benchmark — 2650/4000  A:51%  10.50 matches/s  ETA 129s
2026-10-02 00:07:07,319 INFO     benchmark — 2660/4000  A:51%  10.51 matches/s  ETA 128s
2026-10-02 00:07:08,000 INFO     benchmark — 2670/4000  A:51%  10.52 matches/s  ETA 126s
2026-10-02 00:07:08,659 INFO     benchmark — 2680/4000  A:52%  10.53 matches/s  ETA 125s
2026-10-02 00:07:09,438 INFO     benchmark — 2690/4000  A:52%  10.54 matches/s  ETA 124s
2026-10-02 00:07:10,033 INFO     benchmark — 2700/4000  A:52%  10.55 matches/s  ETA 123s
2026-10-02 00:07:10,821 INFO     benchmark — 2710/4000  A:51%  10.56 matches/s  ETA 122s
2026-10-02 00:07:11,382 INFO     benchmark — 2720/4000  A:51%  10.58 matches/s  ETA 121s
2026-10-02 00:07:12,144 INFO     benchmark — 2730/4000  A:51%  10.58 matches/s  ETA 120s
2026-10-02 00:07:12,674 INFO     benchmark — 2740/4000  A:51%  10.60 matches/s  ETA 119s
2026-10-02 00:07:13,163 INFO     benchmark — 2750/4000  A:51%  10.62 matches/s  ETA 118s
2026-10-02 00:07:13,754 INFO     benchmark — 2760/4000  A:51%  10.63 matches/s  ETA 117s
2026-10-02 00:07:14,312 INFO     benchmark — 2770/4000  A:51%  10.65 matches/s  ETA 116s
2026-10-02 00:07:14,762 INFO     benchmark — 2780/4000  A:51%  10.67 matches/s  ETA 114s
2026-10-02 00:07:15,359 INFO     benchmark — 2790/4000  A:51%  10.68 matches/s  ETA 113s
2026-10-02 00:07:15,940 INFO     benchmark — 2800/4000  A:51%  10.70 matches/s  ETA 112s
2026-10-02 00:07:16,735 INFO     benchmark — 2810/4000  A:51%  10.70 matches/s  ETA 111s
2026-10-02 00:07:17,396 INFO     benchmark — 2820/4000  A:51%  10.71 matches/s  ETA 110s
2026-10-02 00:07:17,916 INFO     benchmark — 2830/4000  A:51%  10.73 matches/s  ETA 109s
2026-10-02 00:07:18,836 INFO     benchmark — 2840/4000  A:51%  10.73 matches/s  ETA 108s
2026-10-02 00:07:19,667 INFO     benchmark — 2850/4000  A:51%  10.73 matches/s  ETA 107s
2026-10-02 00:07:20,744 INFO     benchmark — 2860/4000  A:51%  10.73 matches/s  ETA 106s
2026-10-02 00:07:21,867 INFO     benchmark — 2870/4000  A:51%  10.72 matches/s  ETA 105s
2026-10-02 00:07:22,704 INFO     benchmark — 2880/4000  A:51%  10.73 matches/s  ETA 104s
2026-10-02 00:07:23,890 INFO     benchmark — 2890/4000  A:51%  10.71 matches/s  ETA 104s
2026-10-02 00:07:24,577 INFO     benchmark — 2900/4000  A:51%  10.72 matches/s  ETA 103s
2026-10-02 00:07:25,500 INFO     benchmark — 2910/4000  A:51%  10.73 matches/s  ETA 102s
2026-10-02 00:07:26,485 INFO     benchmark — 2920/4000  A:51%  10.72 matches/s  ETA 101s
2026-10-02 00:07:27,709 INFO     benchmark — 2930/4000  A:51%  10.71 matches/s  ETA 100s
2026-10-02 00:07:28,642 INFO     benchmark — 2940/4000  A:51%  10.71 matches/s  ETA 99s
2026-10-02 00:07:30,973 WARNING  benchmark — voided hand: >2000 actions (policy cycle)
2026-10-02 00:07:31,828 INFO     benchmark — 2950/4000  A:51%  10.62 matches/s  ETA 99s
2026-10-02 00:07:33,005 INFO     benchmark — 2960/4000  A:51%  10.62 matches/s  ETA 98s
2026-10-02 00:07:33,770 INFO     benchmark — 2970/4000  A:51%  10.62 matches/s  ETA 97s
2026-10-02 00:07:34,682 INFO     benchmark — 2980/4000  A:51%  10.62 matches/s  ETA 96s
2026-10-02 00:07:35,882 INFO     benchmark — 2990/4000  A:51%  10.61 matches/s  ETA 95s
2026-10-02 00:07:36,828 INFO     benchmark — 3000/4000  A:51%  10.61 matches/s  ETA 94s
2026-10-02 00:07:37,923 INFO     benchmark — 3010/4000  A:51%  10.61 matches/s  ETA 93s
2026-10-02 00:07:38,870 INFO     benchmark — 3020/4000  A:51%  10.61 matches/s  ETA 92s
2026-10-02 00:07:39,777 INFO     benchmark — 3030/4000  A:51%  10.61 matches/s  ETA 91s
2026-10-02 00:07:40,818 INFO     benchmark — 3040/4000  A:51%  10.61 matches/s  ETA 91s
2026-10-02 00:07:41,409 INFO     benchmark — 3050/4000  A:51%  10.62 matches/s  ETA 89s
2026-10-02 00:07:42,639 INFO     benchmark — 3060/4000  A:51%  10.61 matches/s  ETA 89s
2026-10-02 00:07:43,758 INFO     benchmark — 3070/4000  A:51%  10.60 matches/s  ETA 88s
2026-10-02 00:07:44,601 INFO     benchmark — 3080/4000  A:51%  10.61 matches/s  ETA 87s
2026-10-02 00:07:45,204 INFO     benchmark — 3090/4000  A:51%  10.62 matches/s  ETA 86s
2026-10-02 00:07:46,108 INFO     benchmark — 3100/4000  A:51%  10.62 matches/s  ETA 85s
2026-10-02 00:07:46,934 INFO     benchmark — 3110/4000  A:51%  10.62 matches/s  ETA 84s
2026-10-02 00:07:47,664 INFO     benchmark — 3120/4000  A:51%  10.63 matches/s  ETA 83s
2026-10-02 00:07:48,344 INFO     benchmark — 3130/4000  A:51%  10.64 matches/s  ETA 82s
2026-10-02 00:07:49,130 INFO     benchmark — 3140/4000  A:51%  10.65 matches/s  ETA 81s
2026-10-02 00:07:50,248 INFO     benchmark — 3150/4000  A:51%  10.64 matches/s  ETA 80s
2026-10-02 00:07:51,080 INFO     benchmark — 3160/4000  A:51%  10.64 matches/s  ETA 79s
2026-10-02 00:07:52,286 INFO     benchmark — 3170/4000  A:51%  10.63 matches/s  ETA 78s
2026-10-02 00:07:53,248 INFO     benchmark — 3180/4000  A:51%  10.63 matches/s  ETA 77s
2026-10-02 00:07:54,178 INFO     benchmark — 3190/4000  A:51%  10.63 matches/s  ETA 76s
2026-10-02 00:07:55,036 INFO     benchmark — 3200/4000  A:51%  10.64 matches/s  ETA 75s
2026-10-02 00:07:55,772 INFO     benchmark — 3210/4000  A:51%  10.64 matches/s  ETA 74s
2026-10-02 00:07:57,013 INFO     benchmark — 3220/4000  A:51%  10.63 matches/s  ETA 73s
2026-10-02 00:07:58,216 INFO     benchmark — 3230/4000  A:51%  10.62 matches/s  ETA 72s
2026-10-02 00:08:00,950 WARNING  benchmark — voided hand: >2000 actions (policy cycle)
2026-10-02 00:08:01,373 INFO     benchmark — 3240/4000  A:51%  10.55 matches/s  ETA 72s
2026-10-02 00:08:02,340 INFO     benchmark — 3250/4000  A:51%  10.55 matches/s  ETA 71s
2026-10-02 00:08:03,398 INFO     benchmark — 3260/4000  A:51%  10.54 matches/s  ETA 70s
2026-10-02 00:08:04,617 INFO     benchmark — 3270/4000  A:51%  10.53 matches/s  ETA 69s
2026-10-02 00:08:05,713 INFO     benchmark — 3280/4000  A:51%  10.53 matches/s  ETA 68s
2026-10-02 00:08:06,821 INFO     benchmark — 3290/4000  A:51%  10.52 matches/s  ETA 67s
2026-10-02 00:08:07,455 INFO     benchmark — 3300/4000  A:51%  10.53 matches/s  ETA 66s
2026-10-02 00:08:08,387 INFO     benchmark — 3310/4000  A:51%  10.53 matches/s  ETA 66s
2026-10-02 00:08:09,374 INFO     benchmark — 3320/4000  A:51%  10.53 matches/s  ETA 65s
2026-10-02 00:08:10,944 INFO     benchmark — 3330/4000  A:51%  10.51 matches/s  ETA 64s
2026-10-02 00:08:12,189 INFO     benchmark — 3340/4000  A:51%  10.50 matches/s  ETA 63s
2026-10-02 00:08:13,320 INFO     benchmark — 3350/4000  A:51%  10.50 matches/s  ETA 62s
2026-10-02 00:08:15,455 INFO     benchmark — 3360/4000  A:51%  10.46 matches/s  ETA 61s
2026-10-02 00:08:16,322 INFO     benchmark — 3370/4000  A:51%  10.46 matches/s  ETA 60s
2026-10-02 00:08:17,453 INFO     benchmark — 3380/4000  A:51%  10.46 matches/s  ETA 59s
2026-10-02 00:08:18,404 INFO     benchmark — 3390/4000  A:51%  10.46 matches/s  ETA 58s
2026-10-02 00:08:20,475 INFO     benchmark — 3400/4000  A:51%  10.42 matches/s  ETA 58s
2026-10-02 00:08:22,799 INFO     benchmark — 3410/4000  A:51%  10.38 matches/s  ETA 57s
2026-10-02 00:08:24,207 INFO     benchmark — 3420/4000  A:51%  10.36 matches/s  ETA 56s
2026-10-02 00:08:25,281 INFO     benchmark — 3430/4000  A:51%  10.36 matches/s  ETA 55s
2026-10-02 00:08:30,145 WARNING  benchmark — voided hand: >2000 actions (policy cycle)
2026-10-02 00:08:30,879 INFO     benchmark — 3440/4000  A:51%  10.22 matches/s  ETA 55s
2026-10-02 00:08:32,482 INFO     benchmark — 3450/4000  A:51%  10.20 matches/s  ETA 54s
2026-10-02 00:08:33,437 INFO     benchmark — 3460/4000  A:51%  10.20 matches/s  ETA 53s
2026-10-02 00:08:35,094 INFO     benchmark — 3470/4000  A:51%  10.18 matches/s  ETA 52s
2026-10-02 00:08:36,569 INFO     benchmark — 3480/4000  A:51%  10.16 matches/s  ETA 51s
2026-10-02 00:08:38,377 INFO     benchmark — 3490/4000  A:51%  10.14 matches/s  ETA 50s
2026-10-02 00:08:39,809 INFO     benchmark — 3500/4000  A:51%  10.13 matches/s  ETA 49s
2026-10-02 00:08:41,247 INFO     benchmark — 3510/4000  A:51%  10.11 matches/s  ETA 48s
2026-10-02 00:08:45,011 WARNING  benchmark — voided hand: >2000 actions (policy cycle)
2026-10-02 00:08:45,973 INFO     benchmark — 3520/4000  A:51%  10.01 matches/s  ETA 48s
2026-10-02 00:08:47,615 INFO     benchmark — 3530/4000  A:51%  9.99 matches/s  ETA 47s
2026-10-02 00:08:49,027 INFO     benchmark — 3540/4000  A:51%  9.98 matches/s  ETA 46s
2026-10-02 00:08:50,490 INFO     benchmark — 3550/4000  A:51%  9.96 matches/s  ETA 45s
2026-10-02 00:08:51,816 INFO     benchmark — 3560/4000  A:51%  9.95 matches/s  ETA 44s
2026-10-02 00:08:53,527 INFO     benchmark — 3570/4000  A:51%  9.93 matches/s  ETA 43s
2026-10-02 00:08:55,149 INFO     benchmark — 3580/4000  A:51%  9.92 matches/s  ETA 42s
2026-10-02 00:08:56,113 INFO     benchmark — 3590/4000  A:51%  9.92 matches/s  ETA 41s
2026-10-02 00:08:57,518 INFO     benchmark — 3600/4000  A:51%  9.91 matches/s  ETA 40s
2026-10-02 00:08:59,205 INFO     benchmark — 3610/4000  A:51%  9.89 matches/s  ETA 39s
2026-10-02 00:09:00,472 INFO     benchmark — 3620/4000  A:51%  9.88 matches/s  ETA 38s
2026-10-02 00:09:02,621 INFO     benchmark — 3630/4000  A:51%  9.85 matches/s  ETA 38s
2026-10-02 00:09:04,928 INFO     benchmark — 3640/4000  A:51%  9.82 matches/s  ETA 37s
2026-10-02 00:09:06,479 INFO     benchmark — 3650/4000  A:51%  9.80 matches/s  ETA 36s
2026-10-02 00:09:08,043 INFO     benchmark — 3660/4000  A:51%  9.79 matches/s  ETA 35s
2026-10-02 00:09:09,519 INFO     benchmark — 3670/4000  A:51%  9.78 matches/s  ETA 34s
2026-10-02 00:09:10,465 INFO     benchmark — 3680/4000  A:51%  9.78 matches/s  ETA 33s
2026-10-02 00:09:12,561 INFO     benchmark — 3690/4000  A:51%  9.75 matches/s  ETA 32s
2026-10-02 00:09:13,930 INFO     benchmark — 3700/4000  A:51%  9.74 matches/s  ETA 31s
2026-10-02 00:09:15,532 INFO     benchmark — 3710/4000  A:51%  9.73 matches/s  ETA 30s
2026-10-02 00:09:16,794 INFO     benchmark — 3720/4000  A:51%  9.72 matches/s  ETA 29s
2026-10-02 00:09:18,531 INFO     benchmark — 3730/4000  A:51%  9.70 matches/s  ETA 28s
2026-10-02 00:09:19,675 INFO     benchmark — 3740/4000  A:51%  9.70 matches/s  ETA 27s
2026-10-02 00:09:21,006 INFO     benchmark — 3750/4000  A:51%  9.69 matches/s  ETA 26s
2026-10-02 00:09:22,302 INFO     benchmark — 3760/4000  A:51%  9.69 matches/s  ETA 25s
2026-10-02 00:09:23,719 INFO     benchmark — 3770/4000  A:51%  9.68 matches/s  ETA 24s
2026-10-02 00:09:25,244 INFO     benchmark — 3780/4000  A:51%  9.67 matches/s  ETA 23s
2026-10-02 00:09:27,124 INFO     benchmark — 3790/4000  A:51%  9.64 matches/s  ETA 22s
2026-10-02 00:09:28,849 INFO     benchmark — 3800/4000  A:51%  9.63 matches/s  ETA 21s
2026-10-02 00:09:31,102 INFO     benchmark — 3810/4000  A:51%  9.60 matches/s  ETA 20s
2026-10-02 00:09:34,027 WARNING  benchmark — voided hand: >2000 actions (policy cycle)
2026-10-02 00:09:35,048 INFO     benchmark — 3820/4000  A:51%  9.53 matches/s  ETA 19s
2026-10-02 00:09:36,015 INFO     benchmark — 3830/4000  A:52%  9.53 matches/s  ETA 18s
2026-10-02 00:09:36,703 INFO     benchmark — 3840/4000  A:51%  9.54 matches/s  ETA 17s
2026-10-02 00:09:38,068 INFO     benchmark — 3850/4000  A:51%  9.53 matches/s  ETA 16s
2026-10-02 00:09:38,932 INFO     benchmark — 3860/4000  A:51%  9.54 matches/s  ETA 15s
2026-10-02 00:09:40,249 INFO     benchmark — 3870/4000  A:51%  9.53 matches/s  ETA 14s
2026-10-02 00:09:41,811 INFO     benchmark — 3880/4000  A:51%  9.52 matches/s  ETA 13s
2026-10-02 00:09:43,230 INFO     benchmark — 3890/4000  A:51%  9.51 matches/s  ETA 12s
2026-10-02 00:09:44,901 INFO     benchmark — 3900/4000  A:51%  9.50 matches/s  ETA 11s
2026-10-02 00:09:46,811 INFO     benchmark — 3910/4000  A:51%  9.48 matches/s  ETA 9s
2026-10-02 00:09:48,285 INFO     benchmark — 3920/4000  A:51%  9.47 matches/s  ETA 8s
2026-10-02 00:09:50,079 INFO     benchmark — 3930/4000  A:51%  9.45 matches/s  ETA 7s
2026-10-02 00:09:51,446 INFO     benchmark — 3940/4000  A:51%  9.44 matches/s  ETA 6s
2026-10-02 00:09:53,302 INFO     benchmark — 3950/4000  A:51%  9.42 matches/s  ETA 5s
2026-10-02 00:09:54,542 INFO     benchmark — 3960/4000  A:51%  9.42 matches/s  ETA 4s
2026-10-02 00:09:55,110 INFO     benchmark — 3970/4000  A:51%  9.43 matches/s  ETA 3s
2026-10-02 00:09:56,648 INFO     benchmark — 3980/4000  A:51%  9.42 matches/s  ETA 2s
2026-10-02 00:09:57,962 INFO     benchmark — 3990/4000  A:51%  9.42 matches/s  ETA 1s
2026-10-02 00:09:59,153 INFO     benchmark — 4000/4000  A:51%  9.41 matches/s  ETA 0s
2026-10-02 00:09:59,202 INFO     benchmark — wrote results/008/random_vs_thr.json

──────────────────────────────────────────────────
Mode:        match_rl_vs_threshold
Matches:      4,000
──────────────────────────────────────────────────
RL(truco_random_final) wins:  2,041  (51.0%)
Threshold wins:  1,959  (49.0%)
Ties:        0  (0.0%)
──────────────────────────────────────────────────

