2026-10-02 00:03:43,781 INFO     benchmark — 10/4000  A:80%  5.87 matches/s  ETA 680s
2026-10-02 00:03:45,515 INFO     benchmark — 20/4000  A:80%  5.82 matches/s  ETA 684s
2026-10-02 00:03:47,154 INFO     benchmark — 30/4000  A:83%  5.91 matches/s  ETA 672s
2026-10-02 00:03:48,668 INFO     benchmark — 40/4000  A:78%  6.07 matches/s  ETA 653s
2026-10-02 00:03:50,489 INFO     benchmark — 50/4000  A:76%  5.94 matches/s  ETA 665s
2026-10-02 00:03:51,666 INFO     benchmark — 60/4000  A:75%  6.26 matches/s  ETA 630s
2026-10-02 00:03:54,552 WARNING  benchmark — voided hand: >2000 actions (policy cycle)
2026-10-02 00:03:55,081 INFO     benchmark — 70/4000  A:76%  5.38 matches/s  ETA 730s
2026-10-02 00:03:55,907 INFO     benchmark — 80/4000  A:79%  5.78 matches/s  ETA 678s
2026-10-02 00:03:57,075 INFO     benchmark — 90/4000  A:78%  6.00 matches/s  ETA 652s
2026-10-02 00:03:58,439 INFO     benchmark — 100/4000  A:78%  6.11 matches/s  ETA 638s
2026-10-02 00:03:59,947 INFO     benchmark — 110/4000  A:76%  6.16 matches/s  ETA 632s
2026-10-02 00:04:01,527 INFO     benchmark — 120/4000  A:78%  6.17 matches/s  ETA 629s
2026-10-02 00:04:02,484 INFO     benchmark — 130/4000  A:78%  6.37 matches/s  ETA 608s
2026-10-02 00:04:04,232 INFO     benchmark — 140/4000  A:79%  6.32 matches/s  ETA 611s
2026-10-02 00:04:05,210 INFO     benchmark — 150/4000  A:78%  6.48 matches/s  ETA 594s
2026-10-02 00:04:06,217 INFO     benchmark — 160/4000  A:77%  6.63 matches/s  ETA 579s
2026-10-02 00:04:07,556 INFO     benchmark — 170/4000  A:78%  6.67 matches/s  ETA 574s
2026-10-02 00:04:10,562 WARNING  benchmark — voided hand: >2000 actions (policy cycle)
2026-10-02 00:04:10,851 INFO     benchmark — 180/4000  A:77%  6.26 matches/s  ETA 611s
2026-10-02 00:04:12,096 INFO     benchmark — 190/4000  A:76%  6.33 matches/s  ETA 602s
2026-10-02 00:04:13,341 INFO     benchmark — 200/4000  A:76%  6.40 matches/s  ETA 594s
2026-10-02 00:04:14,478 INFO     benchmark — 210/4000  A:76%  6.48 matches/s  ETA 585s
2026-10-02 00:04:16,038 INFO     benchmark — 220/4000  A:77%  6.48 matches/s  ETA 584s
2026-10-02 00:04:17,152 INFO     benchmark — 230/4000  A:77%  6.56 matches/s  ETA 575s
2026-10-02 00:04:18,679 INFO     benchmark — 240/4000  A:78%  6.56 matches/s  ETA 573s
2026-10-02 00:04:20,009 INFO     benchmark — 250/4000  A:78%  6.59 matches/s  ETA 569s
2026-10-02 00:04:21,467 INFO     benchmark — 260/4000  A:78%  6.60 matches/s  ETA 567s
2026-10-02 00:04:24,627 WARNING  benchmark — voided hand: >2000 actions (policy cycle)
2026-10-02 00:04:24,684 INFO     benchmark — 270/4000  A:79%  6.34 matches/s  ETA 589s
2026-10-02 00:04:25,914 INFO     benchmark — 280/4000  A:78%  6.39 matches/s  ETA 582s
2026-10-02 00:04:27,060 INFO     benchmark — 290/4000  A:78%  6.45 matches/s  ETA 575s
2026-10-02 00:04:28,579 INFO     benchmark — 300/4000  A:78%  6.45 matches/s  ETA 574s
2026-10-02 00:04:29,797 INFO     benchmark — 310/4000  A:77%  6.50 matches/s  ETA 568s
2026-10-02 00:04:31,221 INFO     benchmark — 320/4000  A:78%  6.51 matches/s  ETA 565s
2026-10-02 00:04:32,157 INFO     benchmark — 330/4000  A:78%  6.59 matches/s  ETA 557s
2026-10-02 00:04:33,517 INFO     benchmark — 340/4000  A:78%  6.61 matches/s  ETA 554s
2026-10-02 00:04:34,955 INFO     benchmark — 350/4000  A:77%  6.62 matches/s  ETA 551s
2026-10-02 00:04:36,175 INFO     benchmark — 360/4000  A:77%  6.65 matches/s  ETA 547s
2026-10-02 00:04:37,238 INFO     benchmark — 370/4000  A:77%  6.71 matches/s  ETA 541s
2026-10-02 00:04:38,383 INFO     benchmark — 380/4000  A:78%  6.75 matches/s  ETA 536s
2026-10-02 00:04:39,906 INFO     benchmark — 390/4000  A:77%  6.74 matches/s  ETA 535s
2026-10-02 00:04:41,203 INFO     benchmark — 400/4000  A:78%  6.77 matches/s  ETA 532s
2026-10-02 00:04:42,465 INFO     benchmark — 410/4000  A:78%  6.79 matches/s  ETA 529s
2026-10-02 00:04:43,891 INFO     benchmark — 420/4000  A:78%  6.79 matches/s  ETA 527s
2026-10-02 00:04:45,354 INFO     benchmark — 430/4000  A:78%  6.80 matches/s  ETA 525s
2026-10-02 00:04:48,424 WARNING  benchmark — voided hand: >2000 actions (policy cycle)
2026-10-02 00:04:48,506 INFO     benchmark — 440/4000  A:78%  6.62 matches/s  ETA 537s
2026-10-02 00:04:50,234 INFO     benchmark — 450/4000  A:77%  6.60 matches/s  ETA 538s
2026-10-02 00:04:51,610 INFO     benchmark — 460/4000  A:78%  6.62 matches/s  ETA 535s
2026-10-02 00:04:54,281 WARNING  benchmark — voided hand: >2000 actions (policy cycle)
2026-10-02 00:04:54,934 INFO     benchmark — 470/4000  A:78%  6.45 matches/s  ETA 547s
2026-10-02 00:04:56,193 INFO     benchmark — 480/4000  A:78%  6.48 matches/s  ETA 544s
2026-10-02 00:04:57,132 INFO     benchmark — 490/4000  A:78%  6.53 matches/s  ETA 538s
2026-10-02 00:04:57,843 INFO     benchmark — 500/4000  A:77%  6.60 matches/s  ETA 530s
2026-10-02 00:04:59,421 INFO     benchmark — 510/4000  A:77%  6.59 matches/s  ETA 529s
2026-10-02 00:05:00,651 INFO     benchmark — 520/4000  A:77%  6.62 matches/s  ETA 526s
2026-10-02 00:05:02,296 INFO     benchmark — 530/4000  A:77%  6.61 matches/s  ETA 525s
2026-10-02 00:05:03,397 INFO     benchmark — 540/4000  A:77%  6.64 matches/s  ETA 521s
2026-10-02 00:05:04,712 INFO     benchmark — 550/4000  A:77%  6.66 matches/s  ETA 518s
2026-10-02 00:05:05,551 INFO     benchmark — 560/4000  A:77%  6.71 matches/s  ETA 513s
2026-10-02 00:05:09,070 WARNING  benchmark — voided hand: >2000 actions (policy cycle)
2026-10-02 00:05:09,106 INFO     benchmark — 570/4000  A:77%  6.55 matches/s  ETA 524s
2026-10-02 00:05:10,125 INFO     benchmark — 580/4000  A:77%  6.59 matches/s  ETA 519s
2026-10-02 00:05:11,609 INFO     benchmark — 590/4000  A:77%  6.59 matches/s  ETA 517s
2026-10-02 00:05:12,611 INFO     benchmark — 600/4000  A:77%  6.63 matches/s  ETA 513s
2026-10-02 00:05:13,967 INFO     benchmark — 610/4000  A:77%  6.64 matches/s  ETA 511s
2026-10-02 00:05:15,564 INFO     benchmark — 620/4000  A:77%  6.63 matches/s  ETA 510s
2026-10-02 00:05:17,245 INFO     benchmark — 630/4000  A:77%  6.62 matches/s  ETA 509s
2026-10-02 00:05:17,987 INFO     benchmark — 640/4000  A:77%  6.67 matches/s  ETA 504s
2026-10-02 00:05:21,358 WARNING  benchmark — voided hand: >2000 actions (policy cycle)
2026-10-02 00:05:21,730 INFO     benchmark — 650/4000  A:77%  6.52 matches/s  ETA 514s
2026-10-02 00:05:23,048 INFO     benchmark — 660/4000  A:77%  6.54 matches/s  ETA 511s
2026-10-02 00:05:26,330 WARNING  benchmark — voided hand: >2000 actions (policy cycle)
2026-10-02 00:05:26,336 INFO     benchmark — 670/4000  A:77%  6.43 matches/s  ETA 518s
2026-10-02 00:05:27,976 INFO     benchmark — 680/4000  A:77%  6.42 matches/s  ETA 517s
2026-10-02 00:05:29,172 INFO     benchmark — 690/4000  A:77%  6.44 matches/s  ETA 514s
2026-10-02 00:05:30,524 INFO     benchmark — 700/4000  A:76%  6.45 matches/s  ETA 511s
2026-10-02 00:05:31,985 INFO     benchmark — 710/4000  A:76%  6.46 matches/s  ETA 509s
2026-10-02 00:05:33,006 INFO     benchmark — 720/4000  A:77%  6.49 matches/s  ETA 505s
2026-10-02 00:05:34,011 INFO     benchmark — 730/4000  A:76%  6.52 matches/s  ETA 501s
2026-10-02 00:05:35,028 INFO     benchmark — 740/4000  A:76%  6.55 matches/s  ETA 498s
2026-10-02 00:05:36,365 INFO     benchmark — 750/4000  A:76%  6.56 matches/s  ETA 495s
2026-10-02 00:05:37,551 INFO     benchmark — 760/4000  A:76%  6.58 matches/s  ETA 492s
2026-10-02 00:05:39,262 INFO     benchmark — 770/4000  A:76%  6.57 matches/s  ETA 492s
2026-10-02 00:05:40,288 INFO     benchmark — 780/4000  A:76%  6.60 matches/s  ETA 488s
2026-10-02 00:05:42,570 WARNING  benchmark — voided hand: >2000 actions (policy cycle)
2026-10-02 00:05:45,258 WARNING  benchmark — voided hand: >2000 actions (policy cycle)
2026-10-02 00:05:45,764 INFO     benchmark — 790/4000  A:76%  6.39 matches/s  ETA 503s
2026-10-02 00:05:46,985 INFO     benchmark — 800/4000  A:76%  6.40 matches/s  ETA 500s
2026-10-02 00:05:48,132 INFO     benchmark — 810/4000  A:76%  6.43 matches/s  ETA 496s
2026-10-02 00:05:49,366 INFO     benchmark — 820/4000  A:76%  6.44 matches/s  ETA 494s
2026-10-02 00:05:50,242 INFO     benchmark — 830/4000  A:75%  6.48 matches/s  ETA 490s
2026-10-02 00:05:51,838 INFO     benchmark — 840/4000  A:75%  6.47 matches/s  ETA 488s
2026-10-02 00:05:53,462 INFO     benchmark — 850/4000  A:75%  6.47 matches/s  ETA 487s
2026-10-02 00:05:54,732 INFO     benchmark — 860/4000  A:75%  6.48 matches/s  ETA 484s
2026-10-02 00:05:57,579 WARNING  benchmark — voided hand: >2000 actions (policy cycle)
2026-10-02 00:05:59,734 WARNING  benchmark — voided hand: >2000 actions (policy cycle)
2026-10-02 00:06:02,303 WARNING  benchmark — voided hand: >2000 actions (policy cycle)
2026-10-02 00:06:02,561 INFO     benchmark — 870/4000  A:75%  6.19 matches/s  ETA 505s
2026-10-02 00:06:06,007 WARNING  benchmark — voided hand: >2000 actions (policy cycle)
2026-10-02 00:06:06,399 INFO     benchmark — 880/4000  A:76%  6.10 matches/s  ETA 512s
2026-10-02 00:06:07,928 INFO     benchmark — 890/4000  A:76%  6.10 matches/s  ETA 510s
2026-10-02 00:06:09,172 INFO     benchmark — 900/4000  A:75%  6.12 matches/s  ETA 507s
2026-10-02 00:06:10,560 INFO     benchmark — 910/4000  A:75%  6.13 matches/s  ETA 504s
2026-10-02 00:06:12,043 INFO     benchmark — 920/4000  A:76%  6.13 matches/s  ETA 502s
2026-10-02 00:06:13,717 INFO     benchmark — 930/4000  A:75%  6.13 matches/s  ETA 501s
2026-10-02 00:06:15,183 INFO     benchmark — 940/4000  A:75%  6.14 matches/s  ETA 498s
2026-10-02 00:06:16,462 INFO     benchmark — 950/4000  A:76%  6.15 matches/s  ETA 496s
2026-10-02 00:06:17,902 INFO     benchmark — 960/4000  A:76%  6.16 matches/s  ETA 493s
2026-10-02 00:06:18,842 INFO     benchmark — 970/4000  A:75%  6.19 matches/s  ETA 490s
2026-10-02 00:06:20,301 INFO     benchmark — 980/4000  A:75%  6.19 matches/s  ETA 488s
2026-10-02 00:06:21,631 INFO     benchmark — 990/4000  A:75%  6.20 matches/s  ETA 485s
2026-10-02 00:06:23,087 INFO     benchmark — 1000/4000  A:75%  6.21 matches/s  ETA 483s
2026-10-02 00:06:24,123 INFO     benchmark — 1010/4000  A:75%  6.23 matches/s  ETA 480s
2026-10-02 00:06:25,325 INFO     benchmark — 1020/4000  A:75%  6.25 matches/s  ETA 477s
2026-10-02 00:06:26,513 INFO     benchmark — 1030/4000  A:75%  6.26 matches/s  ETA 474s
2026-10-02 00:06:29,032 WARNING  benchmark — voided hand: >2000 actions (policy cycle)
2026-10-02 00:06:30,070 INFO     benchmark — 1040/4000  A:75%  6.19 matches/s  ETA 478s
2026-10-02 00:06:31,501 INFO     benchmark — 1050/4000  A:75%  6.20 matches/s  ETA 476s
2026-10-02 00:06:32,962 INFO     benchmark — 1060/4000  A:75%  6.20 matches/s  ETA 474s
2026-10-02 00:06:33,964 INFO     benchmark — 1070/4000  A:75%  6.22 matches/s  ETA 471s
2026-10-02 00:06:35,481 INFO     benchmark — 1080/4000  A:75%  6.23 matches/s  ETA 469s
2026-10-02 00:06:36,491 INFO     benchmark — 1090/4000  A:75%  6.25 matches/s  ETA 466s
2026-10-02 00:06:37,983 INFO     benchmark — 1100/4000  A:75%  6.25 matches/s  ETA 464s
2026-10-02 00:06:40,782 WARNING  benchmark — voided hand: >2000 actions (policy cycle)
2026-10-02 00:06:41,504 INFO     benchmark — 1110/4000  A:75%  6.19 matches/s  ETA 467s
2026-10-02 00:06:42,702 INFO     benchmark — 1120/4000  A:75%  6.20 matches/s  ETA 464s
2026-10-02 00:06:44,007 INFO     benchmark — 1130/4000  A:75%  6.21 matches/s  ETA 462s
2026-10-02 00:06:44,869 INFO     benchmark — 1140/4000  A:74%  6.24 matches/s  ETA 459s
2026-10-02 00:06:45,922 INFO     benchmark — 1150/4000  A:74%  6.26 matches/s  ETA 456s
2026-10-02 00:06:47,256 INFO     benchmark — 1160/4000  A:74%  6.26 matches/s  ETA 453s
2026-10-02 00:06:47,952 INFO     benchmark — 1170/4000  A:74%  6.29 matches/s  ETA 450s
2026-10-02 00:06:49,595 INFO     benchmark — 1180/4000  A:74%  6.29 matches/s  ETA 448s
2026-10-02 00:06:50,697 INFO     benchmark — 1190/4000  A:74%  6.31 matches/s  ETA 445s
2026-10-02 00:06:52,135 INFO     benchmark — 1200/4000  A:74%  6.31 matches/s  ETA 443s
2026-10-02 00:06:53,019 INFO     benchmark — 1210/4000  A:74%  6.34 matches/s  ETA 440s
2026-10-02 00:06:54,199 INFO     benchmark — 1220/4000  A:74%  6.35 matches/s  ETA 438s
2026-10-02 00:06:55,402 INFO     benchmark — 1230/4000  A:74%  6.36 matches/s  ETA 435s
2026-10-02 00:06:56,483 INFO     benchmark — 1240/4000  A:74%  6.38 matches/s  ETA 433s
2026-10-02 00:06:57,694 INFO     benchmark — 1250/4000  A:74%  6.39 matches/s  ETA 430s
2026-10-02 00:06:58,630 INFO     benchmark — 1260/4000  A:74%  6.41 matches/s  ETA 427s
2026-10-02 00:06:59,837 INFO     benchmark — 1270/4000  A:74%  6.42 matches/s  ETA 425s
2026-10-02 00:07:01,394 INFO     benchmark — 1280/4000  A:74%  6.42 matches/s  ETA 424s
2026-10-02 00:07:02,756 INFO     benchmark — 1290/4000  A:74%  6.43 matches/s  ETA 422s
2026-10-02 00:07:03,967 INFO     benchmark — 1300/4000  A:74%  6.44 matches/s  ETA 419s
2026-10-02 00:07:05,244 INFO     benchmark — 1310/4000  A:74%  6.45 matches/s  ETA 417s
2026-10-02 00:07:06,350 INFO     benchmark — 1320/4000  A:74%  6.46 matches/s  ETA 415s
2026-10-02 00:07:07,588 INFO     benchmark — 1330/4000  A:74%  6.47 matches/s  ETA 413s
2026-10-02 00:07:08,823 INFO     benchmark — 1340/4000  A:74%  6.48 matches/s  ETA 410s
2026-10-02 00:07:11,351 WARNING  benchmark — voided hand: >2000 actions (policy cycle)
2026-10-02 00:07:12,203 INFO     benchmark — 1350/4000  A:74%  6.42 matches/s  ETA 412s
2026-10-02 00:07:13,616 INFO     benchmark — 1360/4000  A:74%  6.43 matches/s  ETA 411s
2026-10-02 00:07:15,052 INFO     benchmark — 1370/4000  A:74%  6.43 matches/s  ETA 409s
2026-10-02 00:07:16,126 INFO     benchmark — 1380/4000  A:73%  6.45 matches/s  ETA 406s
2026-10-02 00:07:17,473 INFO     benchmark — 1390/4000  A:73%  6.45 matches/s  ETA 404s
2026-10-02 00:07:18,743 INFO     benchmark — 1400/4000  A:73%  6.46 matches/s  ETA 402s
2026-10-02 00:07:19,622 INFO     benchmark — 1410/4000  A:73%  6.48 matches/s  ETA 400s
2026-10-02 00:07:21,839 WARNING  benchmark — voided hand: >2000 actions (policy cycle)
2026-10-02 00:07:22,029 INFO     benchmark — 1420/4000  A:73%  6.46 matches/s  ETA 400s
2026-10-02 00:07:22,689 INFO     benchmark — 1430/4000  A:73%  6.48 matches/s  ETA 396s
2026-10-02 00:07:23,901 INFO     benchmark — 1440/4000  A:73%  6.49 matches/s  ETA 394s
2026-10-02 00:07:24,763 INFO     benchmark — 1450/4000  A:73%  6.51 matches/s  ETA 392s
2026-10-02 00:07:25,889 INFO     benchmark — 1460/4000  A:73%  6.52 matches/s  ETA 389s
2026-10-02 00:07:26,934 INFO     benchmark — 1470/4000  A:73%  6.54 matches/s  ETA 387s
2026-10-02 00:07:27,908 INFO     benchmark — 1480/4000  A:73%  6.55 matches/s  ETA 385s
2026-10-02 00:07:28,526 INFO     benchmark — 1490/4000  A:73%  6.58 matches/s  ETA 381s
2026-10-02 00:07:29,586 INFO     benchmark — 1500/4000  A:73%  6.59 matches/s  ETA 379s
2026-10-02 00:07:30,601 INFO     benchmark — 1510/4000  A:73%  6.61 matches/s  ETA 377s
2026-10-02 00:07:31,575 INFO     benchmark — 1520/4000  A:73%  6.62 matches/s  ETA 374s
2026-10-02 00:07:32,423 INFO     benchmark — 1530/4000  A:73%  6.64 matches/s  ETA 372s
2026-10-02 00:07:33,369 INFO     benchmark — 1540/4000  A:73%  6.66 matches/s  ETA 369s
2026-10-02 00:07:34,268 INFO     benchmark — 1550/4000  A:73%  6.68 matches/s  ETA 367s
2026-10-02 00:07:36,001 WARNING  benchmark — voided hand: >2000 actions (policy cycle)
2026-10-02 00:07:36,661 INFO     benchmark — 1560/4000  A:73%  6.65 matches/s  ETA 367s
2026-10-02 00:07:37,473 INFO     benchmark — 1570/4000  A:73%  6.67 matches/s  ETA 364s
2026-10-02 00:07:39,502 WARNING  benchmark — voided hand: >2000 actions (policy cycle)
2026-10-02 00:07:39,878 INFO     benchmark — 1580/4000  A:73%  6.64 matches/s  ETA 364s
2026-10-02 00:07:40,682 INFO     benchmark — 1590/4000  A:73%  6.66 matches/s  ETA 362s
2026-10-02 00:07:41,527 INFO     benchmark — 1600/4000  A:73%  6.68 matches/s  ETA 359s
2026-10-02 00:07:42,297 INFO     benchmark — 1610/4000  A:73%  6.70 matches/s  ETA 357s
2026-10-02 00:07:43,178 INFO     benchmark — 1620/4000  A:73%  6.72 matches/s  ETA 354s
2026-10-02 00:07:43,996 INFO     benchmark — 1630/4000  A:73%  6.74 matches/s  ETA 352s
2026-10-02 00:07:44,632 INFO     benchmark — 1640/4000  A:73%  6.76 matches/s  ETA 349s
2026-10-02 00:07:45,408 INFO     benchmark — 1650/4000  A:73%  6.78 matches/s  ETA 347s
2026-10-02 00:07:46,162 INFO     benchmark — 1660/4000  A:73%  6.80 matches/s  ETA 344s
2026-10-02 00:07:47,214 INFO     benchmark — 1670/4000  A:73%  6.81 matches/s  ETA 342s
2026-10-02 00:07:48,533 INFO     benchmark — 1680/4000  A:73%  6.82 matches/s  ETA 340s
2026-10-02 00:07:50,013 INFO     benchmark — 1690/4000  A:73%  6.82 matches/s  ETA 339s
2026-10-02 00:07:51,334 INFO     benchmark — 1700/4000  A:73%  6.82 matches/s  ETA 337s
2026-10-02 00:07:52,604 INFO     benchmark — 1710/4000  A:73%  6.83 matches/s  ETA 336s
2026-10-02 00:07:53,631 INFO     benchmark — 1720/4000  A:73%  6.84 matches/s  ETA 333s
2026-10-02 00:07:55,209 INFO     benchmark — 1730/4000  A:73%  6.83 matches/s  ETA 332s
2026-10-02 00:07:56,455 INFO     benchmark — 1740/4000  A:73%  6.84 matches/s  ETA 330s
2026-10-02 00:07:58,067 INFO     benchmark — 1750/4000  A:73%  6.84 matches/s  ETA 329s
2026-10-02 00:07:59,545 INFO     benchmark — 1760/4000  A:73%  6.84 matches/s  ETA 328s
2026-10-02 00:08:02,521 WARNING  benchmark — voided hand: >2000 actions (policy cycle)
2026-10-02 00:08:02,687 INFO     benchmark — 1770/4000  A:73%  6.79 matches/s  ETA 328s
2026-10-02 00:08:03,922 INFO     benchmark — 1780/4000  A:73%  6.80 matches/s  ETA 327s
2026-10-02 00:08:05,310 INFO     benchmark — 1790/4000  A:73%  6.80 matches/s  ETA 325s
2026-10-02 00:08:06,655 INFO     benchmark — 1800/4000  A:73%  6.80 matches/s  ETA 323s
2026-10-02 00:08:08,171 INFO     benchmark — 1810/4000  A:73%  6.80 matches/s  ETA 322s
2026-10-02 00:08:10,324 INFO     benchmark — 1820/4000  A:73%  6.78 matches/s  ETA 321s
2026-10-02 00:08:11,648 INFO     benchmark — 1830/4000  A:73%  6.79 matches/s  ETA 320s
2026-10-02 00:08:13,720 INFO     benchmark — 1840/4000  A:73%  6.77 matches/s  ETA 319s
2026-10-02 00:08:16,532 INFO     benchmark — 1850/4000  A:73%  6.74 matches/s  ETA 319s
2026-10-02 00:08:18,142 INFO     benchmark — 1860/4000  A:73%  6.74 matches/s  ETA 318s
2026-10-02 00:08:20,648 INFO     benchmark — 1870/4000  A:73%  6.71 matches/s  ETA 317s
2026-10-02 00:08:22,664 INFO     benchmark — 1880/4000  A:73%  6.70 matches/s  ETA 316s
2026-10-02 00:08:25,538 INFO     benchmark — 1890/4000  A:73%  6.67 matches/s  ETA 316s
2026-10-02 00:08:27,322 INFO     benchmark — 1900/4000  A:73%  6.66 matches/s  ETA 315s
2026-10-02 00:08:29,348 INFO     benchmark — 1910/4000  A:73%  6.65 matches/s  ETA 314s
2026-10-02 00:08:31,567 INFO     benchmark — 1920/4000  A:73%  6.63 matches/s  ETA 314s
2026-10-02 00:08:34,371 INFO     benchmark — 1930/4000  A:73%  6.60 matches/s  ETA 313s
2026-10-02 00:08:36,514 INFO     benchmark — 1940/4000  A:73%  6.59 matches/s  ETA 313s
2026-10-02 00:08:38,338 INFO     benchmark — 1950/4000  A:73%  6.58 matches/s  ETA 311s
2026-10-02 00:08:39,677 INFO     benchmark — 1960/4000  A:73%  6.59 matches/s  ETA 310s
2026-10-02 00:08:41,706 INFO     benchmark — 1970/4000  A:73%  6.57 matches/s  ETA 309s
2026-10-02 00:08:43,207 INFO     benchmark — 1980/4000  A:73%  6.58 matches/s  ETA 307s
2026-10-02 00:08:45,168 INFO     benchmark — 1990/4000  A:73%  6.57 matches/s  ETA 306s
2026-10-02 00:08:46,586 INFO     benchmark — 2000/4000  A:73%  6.57 matches/s  ETA 305s
2026-10-02 00:08:49,188 INFO     benchmark — 2010/4000  A:73%  6.54 matches/s  ETA 304s
2026-10-02 00:08:50,563 INFO     benchmark — 2020/4000  A:73%  6.55 matches/s  ETA 302s
2026-10-02 00:08:52,742 INFO     benchmark — 2030/4000  A:73%  6.53 matches/s  ETA 301s
2026-10-02 00:08:54,370 INFO     benchmark — 2040/4000  A:73%  6.53 matches/s  ETA 300s
2026-10-02 00:08:55,727 INFO     benchmark — 2050/4000  A:73%  6.54 matches/s  ETA 298s
2026-10-02 00:08:57,282 INFO     benchmark — 2060/4000  A:73%  6.54 matches/s  ETA 297s
2026-10-02 00:09:02,490 WARNING  benchmark — voided hand: >2000 actions (policy cycle)
2026-10-02 00:09:02,803 INFO     benchmark — 2070/4000  A:73%  6.45 matches/s  ETA 299s
2026-10-02 00:09:05,097 INFO     benchmark — 2080/4000  A:73%  6.44 matches/s  ETA 298s
2026-10-02 00:09:07,216 INFO     benchmark — 2090/4000  A:73%  6.43 matches/s  ETA 297s
2026-10-02 00:09:09,615 INFO     benchmark — 2100/4000  A:73%  6.41 matches/s  ETA 296s
2026-10-02 00:09:11,588 INFO     benchmark — 2110/4000  A:73%  6.40 matches/s  ETA 295s
2026-10-02 00:09:13,336 INFO     benchmark — 2120/4000  A:73%  6.40 matches/s  ETA 294s
2026-10-02 00:09:14,618 INFO     benchmark — 2130/4000  A:73%  6.41 matches/s  ETA 292s
2026-10-02 00:09:16,761 INFO     benchmark — 2140/4000  A:73%  6.39 matches/s  ETA 291s
2026-10-02 00:09:19,077 INFO     benchmark — 2150/4000  A:73%  6.38 matches/s  ETA 290s
2026-10-02 00:09:20,647 INFO     benchmark — 2160/4000  A:73%  6.38 matches/s  ETA 288s
2026-10-02 00:09:22,578 INFO     benchmark — 2170/4000  A:73%  6.37 matches/s  ETA 287s
2026-10-02 00:09:24,703 INFO     benchmark — 2180/4000  A:73%  6.36 matches/s  ETA 286s
2026-10-02 00:09:26,004 INFO     benchmark — 2190/4000  A:73%  6.37 matches/s  ETA 284s
2026-10-02 00:09:27,018 INFO     benchmark — 2200/4000  A:73%  6.38 matches/s  ETA 282s
2026-10-02 00:09:28,571 INFO     benchmark — 2210/4000  A:73%  6.38 matches/s  ETA 281s
2026-10-02 00:09:29,852 INFO     benchmark — 2220/4000  A:73%  6.38 matches/s  ETA 279s
2026-10-02 00:09:31,578 INFO     benchmark — 2230/4000  A:73%  6.38 matches/s  ETA 277s
2026-10-02 00:09:33,840 INFO     benchmark — 2240/4000  A:73%  6.37 matches/s  ETA 276s
2026-10-02 00:09:35,193 INFO     benchmark — 2250/4000  A:73%  6.37 matches/s  ETA 275s
2026-10-02 00:09:36,197 INFO     benchmark — 2260/4000  A:73%  6.38 matches/s  ETA 273s
2026-10-02 00:09:39,955 WARNING  benchmark — voided hand: >2000 actions (policy cycle)
2026-10-02 00:09:42,759 WARNING  benchmark — voided hand: >2000 actions (policy cycle)
2026-10-02 00:09:43,350 INFO     benchmark — 2270/4000  A:73%  6.28 matches/s  ETA 275s
2026-10-02 00:09:45,497 INFO     benchmark — 2280/4000  A:73%  6.27 matches/s  ETA 274s
2026-10-02 00:09:47,124 INFO     benchmark — 2290/4000  A:73%  6.27 matches/s  ETA 273s
2026-10-02 00:09:48,761 INFO     benchmark — 2300/4000  A:73%  6.27 matches/s  ETA 271s
2026-10-02 00:09:52,193 WARNING  benchmark — voided hand: >2000 actions (policy cycle)
2026-10-02 00:09:53,642 INFO     benchmark — 2310/4000  A:73%  6.22 matches/s  ETA 272s
2026-10-02 00:09:56,172 WARNING  benchmark — voided hand: >2000 actions (policy cycle)
2026-10-02 00:09:57,125 INFO     benchmark — 2320/4000  A:72%  6.19 matches/s  ETA 272s
2026-10-02 00:09:58,518 INFO     benchmark — 2330/4000  A:72%  6.19 matches/s  ETA 270s
2026-10-02 00:09:59,757 INFO     benchmark — 2340/4000  A:72%  6.20 matches/s  ETA 268s
2026-10-02 00:10:01,348 INFO     benchmark — 2350/4000  A:72%  6.20 matches/s  ETA 266s
2026-10-02 00:10:03,381 INFO     benchmark — 2360/4000  A:72%  6.19 matches/s  ETA 265s
2026-10-02 00:10:05,147 INFO     benchmark — 2370/4000  A:72%  6.19 matches/s  ETA 263s
2026-10-02 00:10:06,896 INFO     benchmark — 2380/4000  A:72%  6.18 matches/s  ETA 262s
2026-10-02 00:10:10,243 WARNING  benchmark — voided hand: >2000 actions (policy cycle)
2026-10-02 00:10:12,965 INFO     benchmark — 2390/4000  A:72%  6.11 matches/s  ETA 263s
2026-10-02 00:10:15,152 INFO     benchmark — 2400/4000  A:72%  6.11 matches/s  ETA 262s
2026-10-02 00:10:19,107 WARNING  benchmark — voided hand: >2000 actions (policy cycle)
2026-10-02 00:10:19,860 INFO     benchmark — 2410/4000  A:72%  6.06 matches/s  ETA 262s
2026-10-02 00:10:21,541 INFO     benchmark — 2420/4000  A:72%  6.06 matches/s  ETA 261s
2026-10-02 00:10:22,787 INFO     benchmark — 2430/4000  A:72%  6.06 matches/s  ETA 259s
2026-10-02 00:10:23,847 INFO     benchmark — 2440/4000  A:72%  6.07 matches/s  ETA 257s
2026-10-02 00:10:25,059 INFO     benchmark — 2450/4000  A:72%  6.08 matches/s  ETA 255s
2026-10-02 00:10:26,163 INFO     benchmark — 2460/4000  A:72%  6.09 matches/s  ETA 253s
2026-10-02 00:10:27,219 INFO     benchmark — 2470/4000  A:72%  6.10 matches/s  ETA 251s
2026-10-02 00:10:28,653 INFO     benchmark — 2480/4000  A:72%  6.10 matches/s  ETA 249s
2026-10-02 00:10:30,087 INFO     benchmark — 2490/4000  A:72%  6.10 matches/s  ETA 247s
2026-10-02 00:10:31,415 INFO     benchmark — 2500/4000  A:72%  6.11 matches/s  ETA 246s
2026-10-02 00:10:33,306 INFO     benchmark — 2510/4000  A:72%  6.10 matches/s  ETA 244s
2026-10-02 00:10:35,108 INFO     benchmark — 2520/4000  A:72%  6.10 matches/s  ETA 243s
2026-10-02 00:10:37,486 INFO     benchmark — 2530/4000  A:72%  6.09 matches/s  ETA 241s
2026-10-02 00:10:39,763 INFO     benchmark — 2540/4000  A:72%  6.08 matches/s  ETA 240s
2026-10-02 00:10:41,700 INFO     benchmark — 2550/4000  A:72%  6.08 matches/s  ETA 239s
2026-10-02 00:10:43,550 INFO     benchmark — 2560/4000  A:72%  6.07 matches/s  ETA 237s
2026-10-02 00:10:45,351 INFO     benchmark — 2570/4000  A:72%  6.07 matches/s  ETA 236s
2026-10-02 00:10:48,054 INFO     benchmark — 2580/4000  A:72%  6.06 matches/s  ETA 234s
2026-10-02 00:10:50,615 INFO     benchmark — 2590/4000  A:72%  6.04 matches/s  ETA 233s
2026-10-02 00:10:52,406 INFO     benchmark — 2600/4000  A:72%  6.04 matches/s  ETA 232s
2026-10-02 00:10:54,266 INFO     benchmark — 2610/4000  A:72%  6.04 matches/s  ETA 230s
2026-10-02 00:10:55,980 INFO     benchmark — 2620/4000  A:72%  6.04 matches/s  ETA 229s
2026-10-02 00:10:58,347 INFO     benchmark — 2630/4000  A:72%  6.03 matches/s  ETA 227s
2026-10-02 00:11:00,806 INFO     benchmark — 2640/4000  A:72%  6.02 matches/s  ETA 226s
2026-10-02 00:11:02,438 INFO     benchmark — 2650/4000  A:72%  6.02 matches/s  ETA 224s
2026-10-02 00:11:04,438 INFO     benchmark — 2660/4000  A:72%  6.01 matches/s  ETA 223s
2026-10-02 00:11:06,413 INFO     benchmark — 2670/4000  A:72%  6.01 matches/s  ETA 221s
2026-10-02 00:11:08,432 INFO     benchmark — 2680/4000  A:72%  6.00 matches/s  ETA 220s
2026-10-02 00:11:13,422 WARNING  benchmark — voided hand: >2000 actions (policy cycle)
2026-10-02 00:11:13,664 INFO     benchmark — 2690/4000  A:72%  5.96 matches/s  ETA 220s
2026-10-02 00:11:15,904 INFO     benchmark — 2700/4000  A:72%  5.95 matches/s  ETA 219s
2026-10-02 00:11:17,725 INFO     benchmark — 2710/4000  A:72%  5.95 matches/s  ETA 217s
2026-10-02 00:11:20,001 INFO     benchmark — 2720/4000  A:72%  5.94 matches/s  ETA 215s
2026-10-02 00:11:24,363 WARNING  benchmark — voided hand: >2000 actions (policy cycle)
2026-10-02 00:11:27,527 WARNING  benchmark — voided hand: >2000 actions (policy cycle)
2026-10-02 00:11:27,934 INFO     benchmark — 2730/4000  A:72%  5.86 matches/s  ETA 217s
2026-10-02 00:11:31,209 WARNING  benchmark — voided hand: >2000 actions (policy cycle)
2026-10-02 00:11:33,980 WARNING  benchmark — voided hand: >2000 actions (policy cycle)
2026-10-02 00:11:35,468 INFO     benchmark — 2740/4000  A:72%  5.79 matches/s  ETA 218s
2026-10-02 00:11:38,812 WARNING  benchmark — voided hand: >2000 actions (policy cycle)
2026-10-02 00:11:40,066 INFO     benchmark — 2750/4000  A:72%  5.75 matches/s  ETA 217s
2026-10-02 00:11:42,004 INFO     benchmark — 2760/4000  A:72%  5.75 matches/s  ETA 216s
2026-10-02 00:11:43,998 INFO     benchmark — 2770/4000  A:72%  5.75 matches/s  ETA 214s
2026-10-02 00:11:45,735 INFO     benchmark — 2780/4000  A:72%  5.75 matches/s  ETA 212s
2026-10-02 00:11:46,820 INFO     benchmark — 2790/4000  A:72%  5.76 matches/s  ETA 210s
2026-10-02 00:11:48,058 INFO     benchmark — 2800/4000  A:72%  5.76 matches/s  ETA 208s
2026-10-02 00:11:51,324 WARNING  benchmark — voided hand: >2000 actions (policy cycle)
2026-10-02 00:11:51,923 INFO     benchmark — 2810/4000  A:72%  5.74 matches/s  ETA 207s
2026-10-02 00:11:53,753 INFO     benchmark — 2820/4000  A:72%  5.74 matches/s  ETA 206s
2026-10-02 00:11:55,521 INFO     benchmark — 2830/4000  A:72%  5.74 matches/s  ETA 204s
2026-10-02 00:11:56,559 INFO     benchmark — 2840/4000  A:72%  5.74 matches/s  ETA 202s
2026-10-02 00:11:58,486 INFO     benchmark — 2850/4000  A:72%  5.74 matches/s  ETA 200s
2026-10-02 00:12:00,088 INFO     benchmark — 2860/4000  A:72%  5.74 matches/s  ETA 199s
2026-10-02 00:12:01,846 INFO     benchmark — 2870/4000  A:72%  5.74 matches/s  ETA 197s
2026-10-02 00:12:03,526 INFO     benchmark — 2880/4000  A:72%  5.74 matches/s  ETA 195s
2026-10-02 00:12:04,796 INFO     benchmark — 2890/4000  A:72%  5.75 matches/s  ETA 193s
2026-10-02 00:12:06,083 INFO     benchmark — 2900/4000  A:72%  5.75 matches/s  ETA 191s
2026-10-02 00:12:08,161 INFO     benchmark — 2910/4000  A:72%  5.75 matches/s  ETA 190s
2026-10-02 00:12:10,009 INFO     benchmark — 2920/4000  A:72%  5.75 matches/s  ETA 188s
2026-10-02 00:12:11,195 INFO     benchmark — 2930/4000  A:72%  5.76 matches/s  ETA 186s
2026-10-02 00:12:13,606 INFO     benchmark — 2940/4000  A:72%  5.75 matches/s  ETA 184s
2026-10-02 00:12:15,541 INFO     benchmark — 2950/4000  A:72%  5.75 matches/s  ETA 183s
2026-10-02 00:12:17,325 INFO     benchmark — 2960/4000  A:72%  5.74 matches/s  ETA 181s
2026-10-02 00:12:21,619 WARNING  benchmark — voided hand: >2000 actions (policy cycle)
2026-10-02 00:12:22,002 INFO     benchmark — 2970/4000  A:72%  5.71 matches/s  ETA 180s
2026-10-02 00:12:25,207 WARNING  benchmark — voided hand: >2000 actions (policy cycle)
2026-10-02 00:12:26,468 INFO     benchmark — 2980/4000  A:72%  5.68 matches/s  ETA 179s
2026-10-02 00:12:28,213 INFO     benchmark — 2990/4000  A:72%  5.68 matches/s  ETA 178s
2026-10-02 00:12:31,056 WARNING  benchmark — voided hand: >2000 actions (policy cycle)
2026-10-02 00:12:32,355 INFO     benchmark — 3000/4000  A:72%  5.66 matches/s  ETA 177s
2026-10-02 00:12:34,273 INFO     benchmark — 3010/4000  A:72%  5.66 matches/s  ETA 175s
2026-10-02 00:12:36,100 INFO     benchmark — 3020/4000  A:72%  5.66 matches/s  ETA 173s
2026-10-02 00:12:37,397 INFO     benchmark — 3030/4000  A:72%  5.66 matches/s  ETA 171s
2026-10-02 00:12:39,485 INFO     benchmark — 3040/4000  A:72%  5.66 matches/s  ETA 170s
2026-10-02 00:12:40,807 INFO     benchmark — 3050/4000  A:72%  5.66 matches/s  ETA 168s
2026-10-02 00:12:42,494 INFO     benchmark — 3060/4000  A:72%  5.66 matches/s  ETA 166s
2026-10-02 00:12:43,790 INFO     benchmark — 3070/4000  A:72%  5.67 matches/s  ETA 164s
2026-10-02 00:12:45,616 INFO     benchmark — 3080/4000  A:72%  5.67 matches/s  ETA 162s
2026-10-02 00:12:47,143 INFO     benchmark — 3090/4000  A:72%  5.67 matches/s  ETA 161s
2026-10-02 00:12:48,409 INFO     benchmark — 3100/4000  A:72%  5.67 matches/s  ETA 159s
2026-10-02 00:12:49,910 INFO     benchmark — 3110/4000  A:72%  5.68 matches/s  ETA 157s
2026-10-02 00:12:53,517 WARNING  benchmark — voided hand: >2000 actions (policy cycle)
2026-10-02 00:12:53,989 INFO     benchmark — 3120/4000  A:72%  5.65 matches/s  ETA 156s
2026-10-02 00:12:55,705 INFO     benchmark — 3130/4000  A:72%  5.65 matches/s  ETA 154s
2026-10-02 00:12:57,341 INFO     benchmark — 3140/4000  A:72%  5.65 matches/s  ETA 152s
2026-10-02 00:12:59,150 INFO     benchmark — 3150/4000  A:72%  5.65 matches/s  ETA 150s
2026-10-02 00:13:00,988 INFO     benchmark — 3160/4000  A:72%  5.65 matches/s  ETA 149s
2026-10-02 00:13:02,936 INFO     benchmark — 3170/4000  A:72%  5.65 matches/s  ETA 147s
2026-10-02 00:13:04,759 INFO     benchmark — 3180/4000  A:73%  5.65 matches/s  ETA 145s
2026-10-02 00:13:06,190 INFO     benchmark — 3190/4000  A:73%  5.65 matches/s  ETA 143s
2026-10-02 00:13:08,162 INFO     benchmark — 3200/4000  A:73%  5.65 matches/s  ETA 142s
2026-10-02 00:13:10,228 INFO     benchmark — 3210/4000  A:73%  5.65 matches/s  ETA 140s
2026-10-02 00:13:11,818 INFO     benchmark — 3220/4000  A:73%  5.65 matches/s  ETA 138s
2026-10-02 00:13:13,988 INFO     benchmark — 3230/4000  A:73%  5.65 matches/s  ETA 136s
2026-10-02 00:13:18,153 WARNING  benchmark — voided hand: >2000 actions (policy cycle)
2026-10-02 00:13:19,839 INFO     benchmark — 3240/4000  A:73%  5.61 matches/s  ETA 136s
2026-10-02 00:13:21,452 INFO     benchmark — 3250/4000  A:73%  5.61 matches/s  ETA 134s
2026-10-02 00:13:22,950 INFO     benchmark — 3260/4000  A:73%  5.61 matches/s  ETA 132s
2026-10-02 00:13:24,685 INFO     benchmark — 3270/4000  A:73%  5.61 matches/s  ETA 130s
2026-10-02 00:13:26,242 INFO     benchmark — 3280/4000  A:73%  5.61 matches/s  ETA 128s
2026-10-02 00:13:28,350 INFO     benchmark — 3290/4000  A:73%  5.61 matches/s  ETA 127s
2026-10-02 00:13:29,576 INFO     benchmark — 3300/4000  A:72%  5.62 matches/s  ETA 125s
2026-10-02 00:13:30,439 INFO     benchmark — 3310/4000  A:72%  5.63 matches/s  ETA 123s
2026-10-02 00:13:32,169 INFO     benchmark — 3320/4000  A:72%  5.63 matches/s  ETA 121s
2026-10-02 00:13:34,475 INFO     benchmark — 3330/4000  A:72%  5.62 matches/s  ETA 119s
2026-10-02 00:13:35,917 INFO     benchmark — 3340/4000  A:72%  5.62 matches/s  ETA 117s
2026-10-02 00:13:37,123 INFO     benchmark — 3350/4000  A:72%  5.63 matches/s  ETA 115s
2026-10-02 00:13:38,138 INFO     benchmark — 3360/4000  A:72%  5.64 matches/s  ETA 114s
2026-10-02 00:13:38,969 INFO     benchmark — 3370/4000  A:72%  5.65 matches/s  ETA 112s
2026-10-02 00:13:40,181 INFO     benchmark — 3380/4000  A:72%  5.65 matches/s  ETA 110s
2026-10-02 00:13:41,587 INFO     benchmark — 3390/4000  A:72%  5.65 matches/s  ETA 108s
2026-10-02 00:13:43,073 INFO     benchmark — 3400/4000  A:72%  5.66 matches/s  ETA 106s
2026-10-02 00:13:44,582 INFO     benchmark — 3410/4000  A:72%  5.66 matches/s  ETA 104s
2026-10-02 00:13:45,932 INFO     benchmark — 3420/4000  A:72%  5.66 matches/s  ETA 102s
2026-10-02 00:13:47,682 INFO     benchmark — 3430/4000  A:72%  5.66 matches/s  ETA 101s
2026-10-02 00:13:51,220 WARNING  benchmark — voided hand: >2000 actions (policy cycle)
2026-10-02 00:13:51,817 INFO     benchmark — 3440/4000  A:72%  5.64 matches/s  ETA 99s
2026-10-02 00:13:53,548 INFO     benchmark — 3450/4000  A:72%  5.64 matches/s  ETA 97s
2026-10-02 00:13:55,473 INFO     benchmark — 3460/4000  A:72%  5.64 matches/s  ETA 96s
2026-10-02 00:13:56,872 INFO     benchmark — 3470/4000  A:72%  5.64 matches/s  ETA 94s
2026-10-02 00:13:59,552 INFO     benchmark — 3480/4000  A:72%  5.64 matches/s  ETA 92s
2026-10-02 00:14:03,824 WARNING  benchmark — voided hand: >2000 actions (policy cycle)
2026-10-02 00:14:05,198 INFO     benchmark — 3490/4000  A:72%  5.60 matches/s  ETA 91s
2026-10-02 00:14:07,481 INFO     benchmark — 3500/4000  A:72%  5.60 matches/s  ETA 89s
2026-10-02 00:14:09,291 INFO     benchmark — 3510/4000  A:72%  5.60 matches/s  ETA 88s
2026-10-02 00:14:11,120 INFO     benchmark — 3520/4000  A:72%  5.60 matches/s  ETA 86s
2026-10-02 00:14:13,247 INFO     benchmark — 3530/4000  A:72%  5.59 matches/s  ETA 84s
2026-10-02 00:14:14,558 INFO     benchmark — 3540/4000  A:72%  5.60 matches/s  ETA 82s
2026-10-02 00:14:16,158 INFO     benchmark — 3550/4000  A:72%  5.60 matches/s  ETA 80s
2026-10-02 00:14:17,635 INFO     benchmark — 3560/4000  A:72%  5.60 matches/s  ETA 79s
2026-10-02 00:14:19,416 INFO     benchmark — 3570/4000  A:72%  5.60 matches/s  ETA 77s
2026-10-02 00:14:20,526 INFO     benchmark — 3580/4000  A:72%  5.61 matches/s  ETA 75s
2026-10-02 00:14:21,356 INFO     benchmark — 3590/4000  A:72%  5.62 matches/s  ETA 73s
2026-10-02 00:14:22,739 INFO     benchmark — 3600/4000  A:72%  5.62 matches/s  ETA 71s
2026-10-02 00:14:25,169 INFO     benchmark — 3610/4000  A:72%  5.61 matches/s  ETA 69s
2026-10-02 00:14:28,776 WARNING  benchmark — voided hand: >2000 actions (policy cycle)
2026-10-02 00:14:32,723 WARNING  benchmark — voided hand: >2000 actions (policy cycle)
2026-10-02 00:14:34,456 INFO     benchmark — 3620/4000  A:72%  5.55 matches/s  ETA 68s
2026-10-02 00:14:36,929 INFO     benchmark — 3630/4000  A:72%  5.54 matches/s  ETA 67s
2026-10-02 00:14:39,010 INFO     benchmark — 3640/4000  A:72%  5.54 matches/s  ETA 65s
2026-10-02 00:14:41,174 INFO     benchmark — 3650/4000  A:72%  5.54 matches/s  ETA 63s
2026-10-02 00:14:42,159 INFO     benchmark — 3660/4000  A:72%  5.54 matches/s  ETA 61s
2026-10-02 00:14:43,361 INFO     benchmark — 3670/4000  A:72%  5.55 matches/s  ETA 59s
2026-10-02 00:14:44,556 INFO     benchmark — 3680/4000  A:72%  5.55 matches/s  ETA 58s
2026-10-02 00:14:48,119 WARNING  benchmark — voided hand: >2000 actions (policy cycle)
2026-10-02 00:14:49,695 INFO     benchmark — 3690/4000  A:72%  5.53 matches/s  ETA 56s
2026-10-02 00:14:51,269 INFO     benchmark — 3700/4000  A:72%  5.53 matches/s  ETA 54s
2026-10-02 00:14:52,794 INFO     benchmark — 3710/4000  A:72%  5.53 matches/s  ETA 52s
2026-10-02 00:14:54,097 INFO     benchmark — 3720/4000  A:72%  5.54 matches/s  ETA 51s
2026-10-02 00:14:58,289 WARNING  benchmark — voided hand: >2000 actions (policy cycle)
2026-10-02 00:14:59,153 INFO     benchmark — 3730/4000  A:72%  5.51 matches/s  ETA 49s
2026-10-02 00:15:01,374 INFO     benchmark — 3740/4000  A:72%  5.51 matches/s  ETA 47s
2026-10-02 00:15:02,477 INFO     benchmark — 3750/4000  A:72%  5.51 matches/s  ETA 45s
2026-10-02 00:15:05,836 WARNING  benchmark — voided hand: >2000 actions (policy cycle)
2026-10-02 00:15:06,058 INFO     benchmark — 3760/4000  A:72%  5.50 matches/s  ETA 44s
2026-10-02 00:15:07,422 INFO     benchmark — 3770/4000  A:72%  5.50 matches/s  ETA 42s
2026-10-02 00:15:08,619 INFO     benchmark — 3780/4000  A:72%  5.51 matches/s  ETA 40s
2026-10-02 00:15:09,587 INFO     benchmark — 3790/4000  A:72%  5.51 matches/s  ETA 38s
2026-10-02 00:15:10,669 INFO     benchmark — 3800/4000  A:72%  5.52 matches/s  ETA 36s
2026-10-02 00:15:11,964 INFO     benchmark — 3810/4000  A:72%  5.52 matches/s  ETA 34s
2026-10-02 00:15:13,094 INFO     benchmark — 3820/4000  A:72%  5.53 matches/s  ETA 33s
2026-10-02 00:15:14,105 INFO     benchmark — 3830/4000  A:72%  5.53 matches/s  ETA 31s
2026-10-02 00:15:15,877 INFO     benchmark — 3840/4000  A:72%  5.53 matches/s  ETA 29s
2026-10-02 00:15:17,404 INFO     benchmark — 3850/4000  A:72%  5.54 matches/s  ETA 27s
2026-10-02 00:15:19,320 INFO     benchmark — 3860/4000  A:72%  5.54 matches/s  ETA 25s
2026-10-02 00:15:21,036 INFO     benchmark — 3870/4000  A:72%  5.54 matches/s  ETA 23s
2026-10-02 00:15:22,763 INFO     benchmark — 3880/4000  A:72%  5.54 matches/s  ETA 22s
2026-10-02 00:15:24,945 INFO     benchmark — 3890/4000  A:72%  5.53 matches/s  ETA 20s
2026-10-02 00:15:26,684 INFO     benchmark — 3900/4000  A:72%  5.53 matches/s  ETA 18s
2026-10-02 00:15:28,431 INFO     benchmark — 3910/4000  A:72%  5.54 matches/s  ETA 16s
2026-10-02 00:15:29,913 INFO     benchmark — 3920/4000  A:72%  5.54 matches/s  ETA 14s
2026-10-02 00:15:31,797 INFO     benchmark — 3930/4000  A:72%  5.54 matches/s  ETA 13s
2026-10-02 00:15:33,418 INFO     benchmark — 3940/4000  A:72%  5.54 matches/s  ETA 11s
2026-10-02 00:15:34,341 INFO     benchmark — 3950/4000  A:72%  5.55 matches/s  ETA 9s
2026-10-02 00:15:36,896 INFO     benchmark — 3960/4000  A:72%  5.54 matches/s  ETA 7s
2026-10-02 00:15:41,999 WARNING  benchmark — voided hand: >2000 actions (policy cycle)
2026-10-02 00:15:44,818 WARNING  benchmark — voided hand: >2000 actions (policy cycle)
2026-10-02 00:15:45,129 INFO     benchmark — 3970/4000  A:72%  5.49 matches/s  ETA 5s
2026-10-02 00:15:46,231 INFO     benchmark — 3980/4000  A:72%  5.50 matches/s  ETA 4s
2026-10-02 00:15:48,699 INFO     benchmark — 3990/4000  A:72%  5.49 matches/s  ETA 2s
2026-10-02 00:15:50,807 INFO     benchmark — 4000/4000  A:72%  5.49 matches/s  ETA 0s
2026-10-02 00:15:50,905 INFO     benchmark — wrote results/008/sp6.1M_vs_thr.json

──────────────────────────────────────────────────
Mode:        match_rl_vs_threshold
Matches:      4,000
──────────────────────────────────────────────────
RL(truco_selfplay_6100000) wins:  2,877  (71.9%)
Threshold wins:  1,123  (28.1%)
Ties:        0  (0.0%)
──────────────────────────────────────────────────

