2026-10-01 23:52:23,055 INFO     benchmark — 10/4000  A:50%  4.22 matches/s  ETA 946s
2026-10-01 23:52:25,364 INFO     benchmark — 20/4000  A:60%  4.27 matches/s  ETA 931s
2026-10-01 23:52:27,423 INFO     benchmark — 30/4000  A:60%  4.45 matches/s  ETA 892s
2026-10-01 23:52:29,728 INFO     benchmark — 40/4000  A:62%  4.42 matches/s  ETA 895s
2026-10-01 23:52:32,167 INFO     benchmark — 50/4000  A:60%  4.35 matches/s  ETA 907s
2026-10-01 23:52:34,485 INFO     benchmark — 60/4000  A:53%  4.35 matches/s  ETA 906s
2026-10-01 23:52:37,054 INFO     benchmark — 70/4000  A:51%  4.28 matches/s  ETA 919s
2026-10-01 23:52:39,318 INFO     benchmark — 80/4000  A:50%  4.29 matches/s  ETA 913s
2026-10-01 23:52:44,380 WARNING  benchmark — voided hand: >2000 actions (policy cycle)
2026-10-01 23:52:44,652 INFO     benchmark — 90/4000  A:48%  3.75 matches/s  ETA 1041s
2026-10-01 23:52:46,875 INFO     benchmark — 100/4000  A:48%  3.82 matches/s  ETA 1021s
2026-10-01 23:52:48,753 INFO     benchmark — 110/4000  A:45%  3.92 matches/s  ETA 993s
2026-10-01 23:52:50,580 INFO     benchmark — 120/4000  A:46%  4.01 matches/s  ETA 967s
2026-10-01 23:52:52,793 INFO     benchmark — 130/4000  A:45%  4.05 matches/s  ETA 956s
2026-10-01 23:52:55,124 INFO     benchmark — 140/4000  A:44%  4.07 matches/s  ETA 950s
2026-10-01 23:52:57,107 INFO     benchmark — 150/4000  A:44%  4.12 matches/s  ETA 935s
2026-10-01 23:52:59,592 INFO     benchmark — 160/4000  A:44%  4.11 matches/s  ETA 934s
2026-10-01 23:53:02,187 INFO     benchmark — 170/4000  A:45%  4.10 matches/s  ETA 935s
2026-10-01 23:53:04,765 INFO     benchmark — 180/4000  A:46%  4.08 matches/s  ETA 935s
2026-10-01 23:53:07,295 INFO     benchmark — 190/4000  A:46%  4.08 matches/s  ETA 935s
2026-10-01 23:53:09,659 INFO     benchmark — 200/4000  A:47%  4.08 matches/s  ETA 931s
2026-10-01 23:53:12,198 INFO     benchmark — 210/4000  A:47%  4.08 matches/s  ETA 930s
2026-10-01 23:53:14,271 INFO     benchmark — 220/4000  A:48%  4.11 matches/s  ETA 921s
2026-10-01 23:53:16,522 INFO     benchmark — 230/4000  A:48%  4.12 matches/s  ETA 915s
2026-10-01 23:53:19,546 INFO     benchmark — 240/4000  A:48%  4.08 matches/s  ETA 922s
2026-10-01 23:53:21,966 INFO     benchmark — 250/4000  A:49%  4.08 matches/s  ETA 919s
2026-10-01 23:53:24,217 INFO     benchmark — 260/4000  A:48%  4.09 matches/s  ETA 914s
2026-10-01 23:53:26,585 INFO     benchmark — 270/4000  A:49%  4.10 matches/s  ETA 910s
2026-10-01 23:53:28,744 INFO     benchmark — 280/4000  A:49%  4.11 matches/s  ETA 904s
2026-10-01 23:53:31,319 INFO     benchmark — 290/4000  A:49%  4.11 matches/s  ETA 904s
2026-10-01 23:53:33,517 INFO     benchmark — 300/4000  A:49%  4.12 matches/s  ETA 898s
2026-10-01 23:53:36,186 INFO     benchmark — 310/4000  A:49%  4.11 matches/s  ETA 899s
2026-10-01 23:53:39,291 INFO     benchmark — 320/4000  A:49%  4.07 matches/s  ETA 904s
2026-10-01 23:53:41,874 INFO     benchmark — 330/4000  A:50%  4.06 matches/s  ETA 903s
2026-10-01 23:53:44,147 INFO     benchmark — 340/4000  A:50%  4.07 matches/s  ETA 898s
2026-10-01 23:53:46,156 INFO     benchmark — 350/4000  A:50%  4.09 matches/s  ETA 891s
2026-10-01 23:53:48,264 INFO     benchmark — 360/4000  A:50%  4.11 matches/s  ETA 886s
2026-10-01 23:53:50,476 INFO     benchmark — 370/4000  A:49%  4.12 matches/s  ETA 881s
2026-10-01 23:53:52,379 INFO     benchmark — 380/4000  A:49%  4.14 matches/s  ETA 874s
2026-10-01 23:53:54,650 INFO     benchmark — 390/4000  A:49%  4.15 matches/s  ETA 870s
2026-10-01 23:53:56,412 INFO     benchmark — 400/4000  A:50%  4.18 matches/s  ETA 862s
2026-10-01 23:53:58,975 INFO     benchmark — 410/4000  A:50%  4.17 matches/s  ETA 861s
2026-10-01 23:54:01,519 INFO     benchmark — 420/4000  A:50%  4.17 matches/s  ETA 859s
2026-10-01 23:54:04,136 INFO     benchmark — 430/4000  A:50%  4.16 matches/s  ETA 859s
2026-10-01 23:54:06,680 INFO     benchmark — 440/4000  A:50%  4.15 matches/s  ETA 858s
2026-10-01 23:54:08,961 INFO     benchmark — 450/4000  A:50%  4.16 matches/s  ETA 854s
2026-10-01 23:54:11,248 INFO     benchmark — 460/4000  A:50%  4.16 matches/s  ETA 851s
2026-10-01 23:54:12,921 INFO     benchmark — 470/4000  A:50%  4.19 matches/s  ETA 843s
2026-10-01 23:54:15,368 INFO     benchmark — 480/4000  A:50%  4.19 matches/s  ETA 841s
2026-10-01 23:54:18,271 INFO     benchmark — 490/4000  A:50%  4.17 matches/s  ETA 842s
2026-10-01 23:54:20,787 INFO     benchmark — 500/4000  A:50%  4.16 matches/s  ETA 841s
2026-10-01 23:54:23,102 INFO     benchmark — 510/4000  A:50%  4.17 matches/s  ETA 838s
2026-10-01 23:54:25,623 INFO     benchmark — 520/4000  A:50%  4.16 matches/s  ETA 836s
2026-10-01 23:54:27,822 INFO     benchmark — 530/4000  A:50%  4.17 matches/s  ETA 832s
2026-10-01 23:54:30,439 INFO     benchmark — 540/4000  A:50%  4.16 matches/s  ETA 831s
2026-10-01 23:54:32,691 INFO     benchmark — 550/4000  A:50%  4.17 matches/s  ETA 828s
2026-10-01 23:54:35,006 INFO     benchmark — 560/4000  A:50%  4.17 matches/s  ETA 825s
2026-10-01 23:54:37,226 INFO     benchmark — 570/4000  A:50%  4.17 matches/s  ETA 822s
2026-10-01 23:54:39,741 INFO     benchmark — 580/4000  A:50%  4.17 matches/s  ETA 820s
2026-10-01 23:54:42,226 INFO     benchmark — 590/4000  A:51%  4.17 matches/s  ETA 818s
2026-10-01 23:54:45,262 INFO     benchmark — 600/4000  A:51%  4.15 matches/s  ETA 819s
2026-10-01 23:54:47,917 INFO     benchmark — 610/4000  A:51%  4.14 matches/s  ETA 818s
2026-10-01 23:54:50,216 INFO     benchmark — 620/4000  A:51%  4.15 matches/s  ETA 815s
2026-10-01 23:54:52,579 INFO     benchmark — 630/4000  A:52%  4.15 matches/s  ETA 813s
2026-10-01 23:54:55,300 INFO     benchmark — 640/4000  A:52%  4.14 matches/s  ETA 812s
2026-10-01 23:54:58,277 INFO     benchmark — 650/4000  A:52%  4.12 matches/s  ETA 812s
2026-10-01 23:55:00,445 INFO     benchmark — 660/4000  A:51%  4.13 matches/s  ETA 808s
2026-10-01 23:55:02,458 INFO     benchmark — 670/4000  A:51%  4.14 matches/s  ETA 804s
2026-10-01 23:55:04,603 INFO     benchmark — 680/4000  A:51%  4.15 matches/s  ETA 800s
2026-10-01 23:55:07,571 INFO     benchmark — 690/4000  A:51%  4.13 matches/s  ETA 801s
2026-10-01 23:55:09,704 INFO     benchmark — 700/4000  A:51%  4.14 matches/s  ETA 797s
2026-10-01 23:55:11,258 INFO     benchmark — 710/4000  A:51%  4.16 matches/s  ETA 790s
2026-10-01 23:55:13,051 INFO     benchmark — 720/4000  A:52%  4.18 matches/s  ETA 785s
2026-10-01 23:55:14,916 INFO     benchmark — 730/4000  A:52%  4.19 matches/s  ETA 780s
2026-10-01 23:55:20,950 WARNING  benchmark — voided hand: >2000 actions (policy cycle)
2026-10-01 23:55:20,953 INFO     benchmark — 740/4000  A:52%  4.10 matches/s  ETA 794s
2026-10-01 23:55:23,059 INFO     benchmark — 750/4000  A:52%  4.11 matches/s  ETA 790s
2026-10-01 23:55:24,999 INFO     benchmark — 760/4000  A:52%  4.12 matches/s  ETA 786s
2026-10-01 23:55:29,376 WARNING  benchmark — voided hand: >2000 actions (policy cycle)
2026-10-01 23:55:29,409 INFO     benchmark — 770/4000  A:52%  4.08 matches/s  ETA 792s
2026-10-01 23:55:31,317 INFO     benchmark — 780/4000  A:52%  4.09 matches/s  ETA 787s
2026-10-01 23:55:33,261 INFO     benchmark — 790/4000  A:52%  4.10 matches/s  ETA 782s
2026-10-01 23:55:35,189 INFO     benchmark — 800/4000  A:52%  4.11 matches/s  ETA 778s
2026-10-01 23:55:36,763 INFO     benchmark — 810/4000  A:52%  4.13 matches/s  ETA 772s
2026-10-01 23:55:38,066 INFO     benchmark — 820/4000  A:52%  4.15 matches/s  ETA 765s
2026-10-01 23:55:39,435 INFO     benchmark — 830/4000  A:52%  4.18 matches/s  ETA 759s
2026-10-01 23:55:40,754 INFO     benchmark — 840/4000  A:52%  4.20 matches/s  ETA 753s
2026-10-01 23:55:42,188 INFO     benchmark — 850/4000  A:53%  4.22 matches/s  ETA 747s
2026-10-01 23:55:43,585 INFO     benchmark — 860/4000  A:53%  4.24 matches/s  ETA 741s
2026-10-01 23:55:44,819 INFO     benchmark — 870/4000  A:53%  4.26 matches/s  ETA 734s
2026-10-01 23:55:46,122 INFO     benchmark — 880/4000  A:53%  4.28 matches/s  ETA 728s
2026-10-01 23:55:47,412 INFO     benchmark — 890/4000  A:53%  4.31 matches/s  ETA 722s
2026-10-01 23:55:48,538 INFO     benchmark — 900/4000  A:53%  4.33 matches/s  ETA 716s
2026-10-01 23:55:49,911 INFO     benchmark — 910/4000  A:53%  4.35 matches/s  ETA 710s
2026-10-01 23:55:52,014 INFO     benchmark — 920/4000  A:53%  4.35 matches/s  ETA 707s
2026-10-01 23:55:53,692 INFO     benchmark — 930/4000  A:53%  4.37 matches/s  ETA 703s
2026-10-01 23:55:55,399 INFO     benchmark — 940/4000  A:53%  4.38 matches/s  ETA 699s
2026-10-01 23:55:57,289 INFO     benchmark — 950/4000  A:53%  4.39 matches/s  ETA 695s
2026-10-01 23:55:58,880 INFO     benchmark — 960/4000  A:53%  4.40 matches/s  ETA 691s
2026-10-01 23:56:00,753 INFO     benchmark — 970/4000  A:53%  4.41 matches/s  ETA 687s
2026-10-01 23:56:02,458 INFO     benchmark — 980/4000  A:54%  4.42 matches/s  ETA 683s
2026-10-01 23:56:04,226 INFO     benchmark — 990/4000  A:54%  4.43 matches/s  ETA 680s
2026-10-01 23:56:06,096 INFO     benchmark — 1000/4000  A:54%  4.44 matches/s  ETA 676s
2026-10-01 23:56:07,702 INFO     benchmark — 1010/4000  A:54%  4.45 matches/s  ETA 672s
2026-10-01 23:56:09,656 INFO     benchmark — 1020/4000  A:54%  4.45 matches/s  ETA 669s
2026-10-01 23:56:11,231 INFO     benchmark — 1030/4000  A:54%  4.47 matches/s  ETA 665s
2026-10-01 23:56:13,014 INFO     benchmark — 1040/4000  A:54%  4.48 matches/s  ETA 661s
2026-10-01 23:56:14,829 INFO     benchmark — 1050/4000  A:54%  4.48 matches/s  ETA 658s
2026-10-01 23:56:16,409 INFO     benchmark — 1060/4000  A:54%  4.50 matches/s  ETA 654s
2026-10-01 23:56:18,200 INFO     benchmark — 1070/4000  A:54%  4.50 matches/s  ETA 650s
2026-10-01 23:56:20,120 INFO     benchmark — 1080/4000  A:54%  4.51 matches/s  ETA 647s
2026-10-01 23:56:21,339 INFO     benchmark — 1090/4000  A:54%  4.53 matches/s  ETA 642s
2026-10-01 23:56:22,581 INFO     benchmark — 1100/4000  A:54%  4.55 matches/s  ETA 638s
2026-10-01 23:56:23,939 INFO     benchmark — 1110/4000  A:54%  4.56 matches/s  ETA 633s
2026-10-01 23:56:25,413 INFO     benchmark — 1120/4000  A:54%  4.58 matches/s  ETA 629s
2026-10-01 23:56:26,746 INFO     benchmark — 1130/4000  A:54%  4.59 matches/s  ETA 625s
2026-10-01 23:56:27,690 INFO     benchmark — 1140/4000  A:54%  4.62 matches/s  ETA 620s
2026-10-01 23:56:28,757 INFO     benchmark — 1150/4000  A:54%  4.64 matches/s  ETA 615s
2026-10-01 23:56:29,851 INFO     benchmark — 1160/4000  A:54%  4.66 matches/s  ETA 610s
2026-10-01 23:56:30,867 INFO     benchmark — 1170/4000  A:54%  4.68 matches/s  ETA 605s
2026-10-01 23:56:32,052 INFO     benchmark — 1180/4000  A:54%  4.69 matches/s  ETA 601s
2026-10-01 23:56:33,415 INFO     benchmark — 1190/4000  A:54%  4.71 matches/s  ETA 597s
2026-10-01 23:56:34,708 INFO     benchmark — 1200/4000  A:53%  4.72 matches/s  ETA 593s
2026-10-01 23:56:35,974 INFO     benchmark — 1210/4000  A:53%  4.74 matches/s  ETA 589s
2026-10-01 23:56:37,296 INFO     benchmark — 1220/4000  A:53%  4.75 matches/s  ETA 585s
2026-10-01 23:56:38,405 INFO     benchmark — 1230/4000  A:53%  4.77 matches/s  ETA 580s
2026-10-01 23:56:39,695 INFO     benchmark — 1240/4000  A:54%  4.79 matches/s  ETA 577s
2026-10-01 23:56:41,042 INFO     benchmark — 1250/4000  A:54%  4.80 matches/s  ETA 573s
2026-10-01 23:56:42,114 INFO     benchmark — 1260/4000  A:53%  4.82 matches/s  ETA 569s
2026-10-01 23:56:43,323 INFO     benchmark — 1270/4000  A:54%  4.84 matches/s  ETA 565s
2026-10-01 23:56:44,480 INFO     benchmark — 1280/4000  A:54%  4.85 matches/s  ETA 561s
2026-10-01 23:56:47,009 WARNING  benchmark — voided hand: >2000 actions (policy cycle)
2026-10-01 23:56:47,212 INFO     benchmark — 1290/4000  A:54%  4.84 matches/s  ETA 560s
2026-10-01 23:56:48,364 INFO     benchmark — 1300/4000  A:54%  4.86 matches/s  ETA 556s
2026-10-01 23:56:49,538 INFO     benchmark — 1310/4000  A:54%  4.87 matches/s  ETA 552s
2026-10-01 23:56:50,555 INFO     benchmark — 1320/4000  A:54%  4.89 matches/s  ETA 548s
2026-10-01 23:56:51,536 INFO     benchmark — 1330/4000  A:54%  4.91 matches/s  ETA 544s
2026-10-01 23:56:53,077 INFO     benchmark — 1340/4000  A:53%  4.92 matches/s  ETA 541s
2026-10-01 23:56:56,424 WARNING  benchmark — voided hand: >2000 actions (policy cycle)
2026-10-01 23:56:56,878 INFO     benchmark — 1350/4000  A:53%  4.89 matches/s  ETA 542s
2026-10-01 23:56:58,522 INFO     benchmark — 1360/4000  A:53%  4.89 matches/s  ETA 539s
2026-10-01 23:57:00,047 INFO     benchmark — 1370/4000  A:53%  4.90 matches/s  ETA 536s
2026-10-01 23:57:01,846 INFO     benchmark — 1380/4000  A:53%  4.91 matches/s  ETA 534s
2026-10-01 23:57:03,458 INFO     benchmark — 1390/4000  A:53%  4.92 matches/s  ETA 531s
2026-10-01 23:57:05,350 INFO     benchmark — 1400/4000  A:54%  4.92 matches/s  ETA 529s
2026-10-01 23:57:07,077 INFO     benchmark — 1410/4000  A:54%  4.92 matches/s  ETA 526s
2026-10-01 23:57:09,710 WARNING  benchmark — voided hand: >2000 actions (policy cycle)
2026-10-01 23:57:10,999 INFO     benchmark — 1420/4000  A:54%  4.89 matches/s  ETA 527s
2026-10-01 23:57:12,877 INFO     benchmark — 1430/4000  A:54%  4.89 matches/s  ETA 525s
2026-10-01 23:57:14,611 INFO     benchmark — 1440/4000  A:54%  4.90 matches/s  ETA 523s
2026-10-01 23:57:16,116 INFO     benchmark — 1450/4000  A:54%  4.91 matches/s  ETA 520s
2026-10-01 23:57:17,964 INFO     benchmark — 1460/4000  A:54%  4.91 matches/s  ETA 517s
2026-10-01 23:57:19,811 INFO     benchmark — 1470/4000  A:54%  4.91 matches/s  ETA 515s
2026-10-01 23:57:21,501 INFO     benchmark — 1480/4000  A:54%  4.92 matches/s  ETA 512s
2026-10-01 23:57:22,452 INFO     benchmark — 1490/4000  A:54%  4.94 matches/s  ETA 508s
2026-10-01 23:57:23,463 INFO     benchmark — 1500/4000  A:54%  4.95 matches/s  ETA 505s
2026-10-01 23:57:24,689 INFO     benchmark — 1510/4000  A:54%  4.97 matches/s  ETA 501s
2026-10-01 23:57:25,878 INFO     benchmark — 1520/4000  A:54%  4.98 matches/s  ETA 498s
2026-10-01 23:57:26,980 INFO     benchmark — 1530/4000  A:54%  5.00 matches/s  ETA 494s
2026-10-01 23:57:28,109 INFO     benchmark — 1540/4000  A:54%  5.01 matches/s  ETA 491s
2026-10-01 23:57:29,226 INFO     benchmark — 1550/4000  A:54%  5.02 matches/s  ETA 488s
2026-10-01 23:57:30,289 INFO     benchmark — 1560/4000  A:54%  5.04 matches/s  ETA 484s
2026-10-01 23:57:31,578 INFO     benchmark — 1570/4000  A:54%  5.05 matches/s  ETA 481s
2026-10-01 23:57:33,332 WARNING  benchmark — voided hand: >2000 actions (policy cycle)
2026-10-01 23:57:34,220 INFO     benchmark — 1580/4000  A:54%  5.04 matches/s  ETA 480s
2026-10-01 23:57:35,340 INFO     benchmark — 1590/4000  A:54%  5.05 matches/s  ETA 477s
2026-10-01 23:57:36,269 INFO     benchmark — 1600/4000  A:54%  5.07 matches/s  ETA 473s
2026-10-01 23:57:37,565 INFO     benchmark — 1610/4000  A:54%  5.08 matches/s  ETA 470s
2026-10-01 23:57:39,086 INFO     benchmark — 1620/4000  A:54%  5.09 matches/s  ETA 468s
2026-10-01 23:57:40,299 INFO     benchmark — 1630/4000  A:54%  5.10 matches/s  ETA 465s
2026-10-01 23:57:41,249 INFO     benchmark — 1640/4000  A:54%  5.12 matches/s  ETA 461s
2026-10-01 23:57:42,462 INFO     benchmark — 1650/4000  A:54%  5.13 matches/s  ETA 458s
2026-10-01 23:57:43,702 INFO     benchmark — 1660/4000  A:54%  5.14 matches/s  ETA 455s
2026-10-01 23:57:44,797 INFO     benchmark — 1670/4000  A:54%  5.15 matches/s  ETA 452s
2026-10-01 23:57:45,977 INFO     benchmark — 1680/4000  A:54%  5.16 matches/s  ETA 449s
2026-10-01 23:57:48,388 WARNING  benchmark — voided hand: >2000 actions (policy cycle)
2026-10-01 23:57:48,465 INFO     benchmark — 1690/4000  A:54%  5.16 matches/s  ETA 448s
2026-10-01 23:57:49,563 INFO     benchmark — 1700/4000  A:54%  5.17 matches/s  ETA 445s
2026-10-01 23:57:50,581 INFO     benchmark — 1710/4000  A:54%  5.18 matches/s  ETA 442s
2026-10-01 23:57:51,698 INFO     benchmark — 1720/4000  A:54%  5.20 matches/s  ETA 439s
2026-10-01 23:57:53,489 WARNING  benchmark — voided hand: >2000 actions (policy cycle)
2026-10-01 23:57:54,436 INFO     benchmark — 1730/4000  A:54%  5.18 matches/s  ETA 438s
2026-10-01 23:57:55,633 INFO     benchmark — 1740/4000  A:54%  5.19 matches/s  ETA 435s
2026-10-01 23:57:56,834 INFO     benchmark — 1750/4000  A:54%  5.21 matches/s  ETA 432s
2026-10-01 23:57:58,184 INFO     benchmark — 1760/4000  A:54%  5.21 matches/s  ETA 430s
2026-10-01 23:57:59,384 INFO     benchmark — 1770/4000  A:54%  5.23 matches/s  ETA 427s
2026-10-01 23:58:00,644 INFO     benchmark — 1780/4000  A:54%  5.24 matches/s  ETA 424s
2026-10-01 23:58:02,040 INFO     benchmark — 1790/4000  A:54%  5.24 matches/s  ETA 421s
2026-10-01 23:58:03,310 INFO     benchmark — 1800/4000  A:54%  5.25 matches/s  ETA 419s
2026-10-01 23:58:04,521 INFO     benchmark — 1810/4000  A:54%  5.26 matches/s  ETA 416s
2026-10-01 23:58:05,856 INFO     benchmark — 1820/4000  A:54%  5.27 matches/s  ETA 413s
2026-10-01 23:58:07,104 INFO     benchmark — 1830/4000  A:54%  5.28 matches/s  ETA 411s
2026-10-01 23:58:08,178 INFO     benchmark — 1840/4000  A:54%  5.30 matches/s  ETA 408s
2026-10-01 23:58:09,421 INFO     benchmark — 1850/4000  A:54%  5.30 matches/s  ETA 405s
2026-10-01 23:58:10,674 INFO     benchmark — 1860/4000  A:54%  5.31 matches/s  ETA 403s
2026-10-01 23:58:11,966 INFO     benchmark — 1870/4000  A:54%  5.32 matches/s  ETA 400s
2026-10-01 23:58:13,318 INFO     benchmark — 1880/4000  A:54%  5.33 matches/s  ETA 398s
2026-10-01 23:58:14,678 INFO     benchmark — 1890/4000  A:54%  5.34 matches/s  ETA 395s
2026-10-01 23:58:15,754 INFO     benchmark — 1900/4000  A:54%  5.35 matches/s  ETA 392s
2026-10-01 23:58:16,767 INFO     benchmark — 1910/4000  A:54%  5.36 matches/s  ETA 390s
2026-10-01 23:58:17,837 INFO     benchmark — 1920/4000  A:53%  5.38 matches/s  ETA 387s
2026-10-01 23:58:18,543 INFO     benchmark — 1930/4000  A:53%  5.39 matches/s  ETA 384s
2026-10-01 23:58:19,707 INFO     benchmark — 1940/4000  A:54%  5.40 matches/s  ETA 381s
2026-10-01 23:58:20,873 INFO     benchmark — 1950/4000  A:53%  5.41 matches/s  ETA 379s
2026-10-01 23:58:22,117 INFO     benchmark — 1960/4000  A:53%  5.42 matches/s  ETA 376s
2026-10-01 23:58:23,284 INFO     benchmark — 1970/4000  A:53%  5.43 matches/s  ETA 374s
2026-10-01 23:58:24,305 INFO     benchmark — 1980/4000  A:53%  5.45 matches/s  ETA 371s
2026-10-01 23:58:25,494 INFO     benchmark — 1990/4000  A:54%  5.45 matches/s  ETA 368s
2026-10-01 23:58:26,651 INFO     benchmark — 2000/4000  A:54%  5.46 matches/s  ETA 366s
2026-10-01 23:58:27,716 INFO     benchmark — 2010/4000  A:54%  5.48 matches/s  ETA 363s
2026-10-01 23:58:28,817 INFO     benchmark — 2020/4000  A:54%  5.49 matches/s  ETA 361s
2026-10-01 23:58:30,044 INFO     benchmark — 2030/4000  A:53%  5.50 matches/s  ETA 358s
2026-10-01 23:58:31,184 INFO     benchmark — 2040/4000  A:53%  5.51 matches/s  ETA 356s
2026-10-01 23:58:32,244 INFO     benchmark — 2050/4000  A:54%  5.52 matches/s  ETA 353s
2026-10-01 23:58:33,503 INFO     benchmark — 2060/4000  A:54%  5.53 matches/s  ETA 351s
2026-10-01 23:58:34,729 INFO     benchmark — 2070/4000  A:54%  5.53 matches/s  ETA 349s
2026-10-01 23:58:35,983 INFO     benchmark — 2080/4000  A:54%  5.54 matches/s  ETA 346s
2026-10-01 23:58:37,178 INFO     benchmark — 2090/4000  A:54%  5.55 matches/s  ETA 344s
2026-10-01 23:58:38,535 INFO     benchmark — 2100/4000  A:54%  5.56 matches/s  ETA 342s
2026-10-01 23:58:39,500 INFO     benchmark — 2110/4000  A:54%  5.57 matches/s  ETA 339s
2026-10-01 23:58:40,495 INFO     benchmark — 2120/4000  A:53%  5.58 matches/s  ETA 337s
2026-10-01 23:58:41,702 INFO     benchmark — 2130/4000  A:53%  5.59 matches/s  ETA 335s
2026-10-01 23:58:43,015 INFO     benchmark — 2140/4000  A:53%  5.60 matches/s  ETA 332s
2026-10-01 23:58:44,140 INFO     benchmark — 2150/4000  A:53%  5.61 matches/s  ETA 330s
2026-10-01 23:58:45,188 INFO     benchmark — 2160/4000  A:53%  5.62 matches/s  ETA 328s
2026-10-01 23:58:46,319 INFO     benchmark — 2170/4000  A:53%  5.63 matches/s  ETA 325s
2026-10-01 23:58:47,563 INFO     benchmark — 2180/4000  A:53%  5.63 matches/s  ETA 323s
2026-10-01 23:58:48,555 INFO     benchmark — 2190/4000  A:53%  5.65 matches/s  ETA 321s
2026-10-01 23:58:49,580 INFO     benchmark — 2200/4000  A:53%  5.66 matches/s  ETA 318s
2026-10-01 23:58:50,686 INFO     benchmark — 2210/4000  A:53%  5.67 matches/s  ETA 316s
2026-10-01 23:58:51,886 INFO     benchmark — 2220/4000  A:53%  5.67 matches/s  ETA 314s
2026-10-01 23:58:53,074 INFO     benchmark — 2230/4000  A:53%  5.68 matches/s  ETA 311s
2026-10-01 23:58:54,223 INFO     benchmark — 2240/4000  A:53%  5.69 matches/s  ETA 309s
2026-10-01 23:58:55,530 INFO     benchmark — 2250/4000  A:54%  5.70 matches/s  ETA 307s
2026-10-01 23:58:56,816 INFO     benchmark — 2260/4000  A:54%  5.71 matches/s  ETA 305s
2026-10-01 23:58:58,144 INFO     benchmark — 2270/4000  A:54%  5.71 matches/s  ETA 303s
2026-10-01 23:58:59,396 INFO     benchmark — 2280/4000  A:53%  5.72 matches/s  ETA 301s
2026-10-01 23:59:00,781 INFO     benchmark — 2290/4000  A:53%  5.72 matches/s  ETA 299s
2026-10-01 23:59:02,128 INFO     benchmark — 2300/4000  A:53%  5.73 matches/s  ETA 297s
2026-10-01 23:59:03,285 INFO     benchmark — 2310/4000  A:53%  5.74 matches/s  ETA 295s
2026-10-01 23:59:04,417 INFO     benchmark — 2320/4000  A:53%  5.75 matches/s  ETA 292s
2026-10-01 23:59:05,442 INFO     benchmark — 2330/4000  A:53%  5.76 matches/s  ETA 290s
2026-10-01 23:59:06,413 INFO     benchmark — 2340/4000  A:53%  5.77 matches/s  ETA 288s
2026-10-01 23:59:07,685 INFO     benchmark — 2350/4000  A:53%  5.77 matches/s  ETA 286s
2026-10-01 23:59:09,101 INFO     benchmark — 2360/4000  A:53%  5.78 matches/s  ETA 284s
2026-10-01 23:59:10,456 INFO     benchmark — 2370/4000  A:53%  5.78 matches/s  ETA 282s
2026-10-01 23:59:11,762 INFO     benchmark — 2380/4000  A:53%  5.79 matches/s  ETA 280s
2026-10-01 23:59:12,955 INFO     benchmark — 2390/4000  A:53%  5.80 matches/s  ETA 278s
2026-10-01 23:59:14,124 INFO     benchmark — 2400/4000  A:53%  5.80 matches/s  ETA 276s
2026-10-01 23:59:15,177 INFO     benchmark — 2410/4000  A:53%  5.81 matches/s  ETA 273s
2026-10-01 23:59:16,406 INFO     benchmark — 2420/4000  A:53%  5.82 matches/s  ETA 271s
2026-10-01 23:59:17,630 INFO     benchmark — 2430/4000  A:53%  5.83 matches/s  ETA 269s
2026-10-01 23:59:18,875 INFO     benchmark — 2440/4000  A:53%  5.83 matches/s  ETA 267s
2026-10-01 23:59:20,053 INFO     benchmark — 2450/4000  A:53%  5.84 matches/s  ETA 265s
2026-10-01 23:59:21,209 INFO     benchmark — 2460/4000  A:53%  5.85 matches/s  ETA 263s
2026-10-01 23:59:22,243 INFO     benchmark — 2470/4000  A:53%  5.86 matches/s  ETA 261s
2026-10-01 23:59:23,470 INFO     benchmark — 2480/4000  A:53%  5.87 matches/s  ETA 259s
2026-10-01 23:59:24,741 INFO     benchmark — 2490/4000  A:53%  5.87 matches/s  ETA 257s
2026-10-01 23:59:25,909 INFO     benchmark — 2500/4000  A:53%  5.88 matches/s  ETA 255s
2026-10-01 23:59:27,038 INFO     benchmark — 2510/4000  A:53%  5.89 matches/s  ETA 253s
2026-10-01 23:59:28,364 INFO     benchmark — 2520/4000  A:53%  5.89 matches/s  ETA 251s
2026-10-01 23:59:29,495 INFO     benchmark — 2530/4000  A:53%  5.90 matches/s  ETA 249s
2026-10-01 23:59:30,600 INFO     benchmark — 2540/4000  A:53%  5.91 matches/s  ETA 247s
2026-10-01 23:59:32,033 INFO     benchmark — 2550/4000  A:53%  5.91 matches/s  ETA 245s
2026-10-01 23:59:33,229 INFO     benchmark — 2560/4000  A:53%  5.92 matches/s  ETA 243s
2026-10-01 23:59:34,435 INFO     benchmark — 2570/4000  A:53%  5.93 matches/s  ETA 241s
2026-10-01 23:59:36,001 WARNING  benchmark — voided hand: >2000 actions (policy cycle)
2026-10-01 23:59:38,363 WARNING  benchmark — voided hand: >2000 actions (policy cycle)
2026-10-01 23:59:38,555 INFO     benchmark — 2580/4000  A:53%  5.89 matches/s  ETA 241s
2026-10-01 23:59:39,919 INFO     benchmark — 2590/4000  A:53%  5.90 matches/s  ETA 239s
2026-10-01 23:59:40,644 INFO     benchmark — 2600/4000  A:53%  5.91 matches/s  ETA 237s
2026-10-01 23:59:41,582 INFO     benchmark — 2610/4000  A:53%  5.92 matches/s  ETA 235s
2026-10-01 23:59:42,671 INFO     benchmark — 2620/4000  A:53%  5.93 matches/s  ETA 233s
2026-10-01 23:59:43,739 INFO     benchmark — 2630/4000  A:53%  5.94 matches/s  ETA 231s
2026-10-01 23:59:44,827 INFO     benchmark — 2640/4000  A:53%  5.94 matches/s  ETA 229s
2026-10-01 23:59:45,907 INFO     benchmark — 2650/4000  A:53%  5.95 matches/s  ETA 227s
2026-10-01 23:59:47,042 INFO     benchmark — 2660/4000  A:53%  5.96 matches/s  ETA 225s
2026-10-01 23:59:48,440 INFO     benchmark — 2670/4000  A:53%  5.96 matches/s  ETA 223s
2026-10-01 23:59:49,584 INFO     benchmark — 2680/4000  A:53%  5.97 matches/s  ETA 221s
2026-10-01 23:59:50,965 INFO     benchmark — 2690/4000  A:53%  5.97 matches/s  ETA 219s
2026-10-01 23:59:52,289 INFO     benchmark — 2700/4000  A:53%  5.98 matches/s  ETA 217s
2026-10-01 23:59:53,445 INFO     benchmark — 2710/4000  A:53%  5.99 matches/s  ETA 216s
2026-10-01 23:59:54,646 INFO     benchmark — 2720/4000  A:53%  5.99 matches/s  ETA 214s
2026-10-01 23:59:56,651 WARNING  benchmark — voided hand: >2000 actions (policy cycle)
2026-10-01 23:59:57,233 INFO     benchmark — 2730/4000  A:53%  5.98 matches/s  ETA 212s
2026-10-01 23:59:58,499 INFO     benchmark — 2740/4000  A:53%  5.98 matches/s  ETA 211s
2026-10-01 23:59:59,761 INFO     benchmark — 2750/4000  A:53%  5.99 matches/s  ETA 209s
2026-10-02 00:00:00,987 INFO     benchmark — 2760/4000  A:53%  6.00 matches/s  ETA 207s
2026-10-02 00:00:02,118 INFO     benchmark — 2770/4000  A:53%  6.00 matches/s  ETA 205s
2026-10-02 00:00:03,469 INFO     benchmark — 2780/4000  A:53%  6.01 matches/s  ETA 203s
2026-10-02 00:00:04,889 INFO     benchmark — 2790/4000  A:53%  6.01 matches/s  ETA 201s
2026-10-02 00:00:06,077 INFO     benchmark — 2800/4000  A:53%  6.02 matches/s  ETA 199s
2026-10-02 00:00:07,562 INFO     benchmark — 2810/4000  A:53%  6.02 matches/s  ETA 198s
2026-10-02 00:00:08,483 INFO     benchmark — 2820/4000  A:53%  6.03 matches/s  ETA 196s
2026-10-02 00:00:09,866 INFO     benchmark — 2830/4000  A:53%  6.03 matches/s  ETA 194s
2026-10-02 00:00:11,037 INFO     benchmark — 2840/4000  A:53%  6.04 matches/s  ETA 192s
2026-10-02 00:00:12,283 INFO     benchmark — 2850/4000  A:53%  6.04 matches/s  ETA 190s
2026-10-02 00:00:13,233 INFO     benchmark — 2860/4000  A:53%  6.05 matches/s  ETA 188s
2026-10-02 00:00:14,564 INFO     benchmark — 2870/4000  A:53%  6.06 matches/s  ETA 187s
2026-10-02 00:00:16,088 WARNING  benchmark — voided hand: >2000 actions (policy cycle)
2026-10-02 00:00:17,143 INFO     benchmark — 2880/4000  A:53%  6.04 matches/s  ETA 185s
2026-10-02 00:00:18,501 INFO     benchmark — 2890/4000  A:53%  6.05 matches/s  ETA 184s
2026-10-02 00:00:19,751 INFO     benchmark — 2900/4000  A:53%  6.05 matches/s  ETA 182s
2026-10-02 00:00:21,005 INFO     benchmark — 2910/4000  A:53%  6.06 matches/s  ETA 180s
2026-10-02 00:00:22,152 INFO     benchmark — 2920/4000  A:53%  6.06 matches/s  ETA 178s
2026-10-02 00:00:23,321 INFO     benchmark — 2930/4000  A:53%  6.07 matches/s  ETA 176s
2026-10-02 00:00:24,609 INFO     benchmark — 2940/4000  A:54%  6.08 matches/s  ETA 174s
2026-10-02 00:00:26,001 INFO     benchmark — 2950/4000  A:53%  6.08 matches/s  ETA 173s
2026-10-02 00:00:27,446 INFO     benchmark — 2960/4000  A:54%  6.08 matches/s  ETA 171s
2026-10-02 00:00:28,696 INFO     benchmark — 2970/4000  A:54%  6.09 matches/s  ETA 169s
2026-10-02 00:00:30,124 INFO     benchmark — 2980/4000  A:53%  6.09 matches/s  ETA 168s
2026-10-02 00:00:31,408 INFO     benchmark — 2990/4000  A:54%  6.09 matches/s  ETA 166s
2026-10-02 00:00:32,780 INFO     benchmark — 3000/4000  A:54%  6.10 matches/s  ETA 164s
2026-10-02 00:00:33,616 INFO     benchmark — 3010/4000  A:53%  6.11 matches/s  ETA 162s
2026-10-02 00:00:34,848 INFO     benchmark — 3020/4000  A:53%  6.11 matches/s  ETA 160s
2026-10-02 00:00:36,159 INFO     benchmark — 3030/4000  A:53%  6.12 matches/s  ETA 159s
2026-10-02 00:00:37,366 INFO     benchmark — 3040/4000  A:53%  6.12 matches/s  ETA 157s
2026-10-02 00:00:38,451 INFO     benchmark — 3050/4000  A:53%  6.13 matches/s  ETA 155s
2026-10-02 00:00:39,662 INFO     benchmark — 3060/4000  A:53%  6.13 matches/s  ETA 153s
2026-10-02 00:00:40,819 INFO     benchmark — 3070/4000  A:53%  6.14 matches/s  ETA 152s
2026-10-02 00:00:41,789 INFO     benchmark — 3080/4000  A:53%  6.15 matches/s  ETA 150s
2026-10-02 00:00:43,219 INFO     benchmark — 3090/4000  A:53%  6.15 matches/s  ETA 148s
2026-10-02 00:00:44,517 INFO     benchmark — 3100/4000  A:53%  6.15 matches/s  ETA 146s
2026-10-02 00:00:45,792 INFO     benchmark — 3110/4000  A:53%  6.16 matches/s  ETA 145s
2026-10-02 00:00:46,941 INFO     benchmark — 3120/4000  A:53%  6.16 matches/s  ETA 143s
2026-10-02 00:00:48,036 INFO     benchmark — 3130/4000  A:53%  6.17 matches/s  ETA 141s
2026-10-02 00:00:49,439 INFO     benchmark — 3140/4000  A:53%  6.17 matches/s  ETA 139s
2026-10-02 00:00:50,721 INFO     benchmark — 3150/4000  A:53%  6.18 matches/s  ETA 138s
2026-10-02 00:00:52,005 INFO     benchmark — 3160/4000  A:53%  6.18 matches/s  ETA 136s
2026-10-02 00:00:53,198 INFO     benchmark — 3170/4000  A:53%  6.19 matches/s  ETA 134s
2026-10-02 00:00:54,429 INFO     benchmark — 3180/4000  A:53%  6.19 matches/s  ETA 132s
2026-10-02 00:00:56,620 WARNING  benchmark — voided hand: >2000 actions (policy cycle)
2026-10-02 00:00:57,217 INFO     benchmark — 3190/4000  A:53%  6.18 matches/s  ETA 131s
2026-10-02 00:00:58,488 INFO     benchmark — 3200/4000  A:54%  6.18 matches/s  ETA 129s
2026-10-02 00:00:59,813 INFO     benchmark — 3210/4000  A:54%  6.18 matches/s  ETA 128s
2026-10-02 00:01:00,993 INFO     benchmark — 3220/4000  A:54%  6.19 matches/s  ETA 126s
2026-10-02 00:01:02,188 INFO     benchmark — 3230/4000  A:54%  6.19 matches/s  ETA 124s
2026-10-02 00:01:03,110 INFO     benchmark — 3240/4000  A:54%  6.20 matches/s  ETA 123s
2026-10-02 00:01:04,391 INFO     benchmark — 3250/4000  A:54%  6.21 matches/s  ETA 121s
2026-10-02 00:01:05,431 INFO     benchmark — 3260/4000  A:54%  6.21 matches/s  ETA 119s
2026-10-02 00:01:06,687 INFO     benchmark — 3270/4000  A:54%  6.22 matches/s  ETA 117s
2026-10-02 00:01:07,913 INFO     benchmark — 3280/4000  A:54%  6.22 matches/s  ETA 116s
2026-10-02 00:01:09,273 INFO     benchmark — 3290/4000  A:54%  6.22 matches/s  ETA 114s
2026-10-02 00:01:11,569 WARNING  benchmark — voided hand: >2000 actions (policy cycle)
2026-10-02 00:01:13,003 WARNING  benchmark — voided hand: >2000 actions (policy cycle)
2026-10-02 00:01:13,341 INFO     benchmark — 3300/4000  A:54%  6.20 matches/s  ETA 113s
2026-10-02 00:01:14,432 INFO     benchmark — 3310/4000  A:54%  6.20 matches/s  ETA 111s
2026-10-02 00:01:15,702 INFO     benchmark — 3320/4000  A:54%  6.21 matches/s  ETA 110s
2026-10-02 00:01:16,795 INFO     benchmark — 3330/4000  A:54%  6.21 matches/s  ETA 108s
2026-10-02 00:01:18,118 INFO     benchmark — 3340/4000  A:54%  6.21 matches/s  ETA 106s
2026-10-02 00:01:19,397 INFO     benchmark — 3350/4000  A:54%  6.22 matches/s  ETA 105s
2026-10-02 00:01:20,509 INFO     benchmark — 3360/4000  A:54%  6.22 matches/s  ETA 103s
2026-10-02 00:01:21,559 INFO     benchmark — 3370/4000  A:54%  6.23 matches/s  ETA 101s
2026-10-02 00:01:22,778 INFO     benchmark — 3380/4000  A:54%  6.24 matches/s  ETA 99s
2026-10-02 00:01:24,328 WARNING  benchmark — voided hand: >2000 actions (policy cycle)
2026-10-02 00:01:25,492 INFO     benchmark — 3390/4000  A:54%  6.22 matches/s  ETA 98s
2026-10-02 00:01:26,465 INFO     benchmark — 3400/4000  A:54%  6.23 matches/s  ETA 96s
2026-10-02 00:01:27,825 INFO     benchmark — 3410/4000  A:54%  6.23 matches/s  ETA 95s
2026-10-02 00:01:29,039 INFO     benchmark — 3420/4000  A:54%  6.24 matches/s  ETA 93s
2026-10-02 00:01:30,195 INFO     benchmark — 3430/4000  A:54%  6.24 matches/s  ETA 91s
2026-10-02 00:01:31,509 INFO     benchmark — 3440/4000  A:54%  6.25 matches/s  ETA 90s
2026-10-02 00:01:32,976 INFO     benchmark — 3450/4000  A:54%  6.25 matches/s  ETA 88s
2026-10-02 00:01:34,135 INFO     benchmark — 3460/4000  A:54%  6.25 matches/s  ETA 86s
2026-10-02 00:01:35,230 INFO     benchmark — 3470/4000  A:54%  6.26 matches/s  ETA 85s
2026-10-02 00:01:36,683 INFO     benchmark — 3480/4000  A:54%  6.26 matches/s  ETA 83s
2026-10-02 00:01:37,974 INFO     benchmark — 3490/4000  A:54%  6.26 matches/s  ETA 81s
2026-10-02 00:01:39,204 INFO     benchmark — 3500/4000  A:54%  6.27 matches/s  ETA 80s
2026-10-02 00:01:40,212 INFO     benchmark — 3510/4000  A:54%  6.27 matches/s  ETA 78s
2026-10-02 00:01:41,476 INFO     benchmark — 3520/4000  A:54%  6.28 matches/s  ETA 76s
2026-10-02 00:01:42,768 INFO     benchmark — 3530/4000  A:54%  6.28 matches/s  ETA 75s
2026-10-02 00:01:43,986 INFO     benchmark — 3540/4000  A:54%  6.28 matches/s  ETA 73s
2026-10-02 00:01:45,056 INFO     benchmark — 3550/4000  A:54%  6.29 matches/s  ETA 72s
2026-10-02 00:01:46,292 INFO     benchmark — 3560/4000  A:54%  6.29 matches/s  ETA 70s
2026-10-02 00:01:47,507 INFO     benchmark — 3570/4000  A:54%  6.30 matches/s  ETA 68s
2026-10-02 00:01:48,461 INFO     benchmark — 3580/4000  A:54%  6.31 matches/s  ETA 67s
2026-10-02 00:01:49,553 INFO     benchmark — 3590/4000  A:54%  6.31 matches/s  ETA 65s
2026-10-02 00:01:50,799 INFO     benchmark — 3600/4000  A:54%  6.31 matches/s  ETA 63s
2026-10-02 00:01:51,977 INFO     benchmark — 3610/4000  A:54%  6.32 matches/s  ETA 62s
2026-10-02 00:01:53,019 INFO     benchmark — 3620/4000  A:54%  6.32 matches/s  ETA 60s
2026-10-02 00:01:54,124 INFO     benchmark — 3630/4000  A:54%  6.33 matches/s  ETA 58s
2026-10-02 00:01:55,427 INFO     benchmark — 3640/4000  A:54%  6.33 matches/s  ETA 57s
2026-10-02 00:01:56,721 INFO     benchmark — 3650/4000  A:54%  6.34 matches/s  ETA 55s
2026-10-02 00:01:57,802 INFO     benchmark — 3660/4000  A:54%  6.34 matches/s  ETA 54s
2026-10-02 00:01:59,085 INFO     benchmark — 3670/4000  A:54%  6.35 matches/s  ETA 52s
2026-10-02 00:02:00,203 INFO     benchmark — 3680/4000  A:54%  6.35 matches/s  ETA 50s
2026-10-02 00:02:01,337 INFO     benchmark — 3690/4000  A:54%  6.35 matches/s  ETA 49s
2026-10-02 00:02:02,602 INFO     benchmark — 3700/4000  A:54%  6.36 matches/s  ETA 47s
2026-10-02 00:02:03,742 INFO     benchmark — 3710/4000  A:54%  6.36 matches/s  ETA 46s
2026-10-02 00:02:04,780 INFO     benchmark — 3720/4000  A:54%  6.37 matches/s  ETA 44s
2026-10-02 00:02:05,983 INFO     benchmark — 3730/4000  A:54%  6.37 matches/s  ETA 42s
2026-10-02 00:02:07,384 INFO     benchmark — 3740/4000  A:54%  6.37 matches/s  ETA 41s
2026-10-02 00:02:08,616 INFO     benchmark — 3750/4000  A:54%  6.38 matches/s  ETA 39s
2026-10-02 00:02:09,565 INFO     benchmark — 3760/4000  A:54%  6.38 matches/s  ETA 38s
2026-10-02 00:02:10,776 INFO     benchmark — 3770/4000  A:54%  6.39 matches/s  ETA 36s
2026-10-02 00:02:11,935 INFO     benchmark — 3780/4000  A:54%  6.39 matches/s  ETA 34s
2026-10-02 00:02:13,059 INFO     benchmark — 3790/4000  A:54%  6.40 matches/s  ETA 33s
2026-10-02 00:02:14,359 INFO     benchmark — 3800/4000  A:54%  6.40 matches/s  ETA 31s
2026-10-02 00:02:15,473 INFO     benchmark — 3810/4000  A:54%  6.41 matches/s  ETA 30s
2026-10-02 00:02:16,713 INFO     benchmark — 3820/4000  A:54%  6.41 matches/s  ETA 28s
2026-10-02 00:02:17,755 INFO     benchmark — 3830/4000  A:54%  6.41 matches/s  ETA 27s
2026-10-02 00:02:18,878 INFO     benchmark — 3840/4000  A:54%  6.42 matches/s  ETA 25s
2026-10-02 00:02:19,946 INFO     benchmark — 3850/4000  A:54%  6.42 matches/s  ETA 23s
2026-10-02 00:02:21,223 INFO     benchmark — 3860/4000  A:54%  6.43 matches/s  ETA 22s
2026-10-02 00:02:22,356 INFO     benchmark — 3870/4000  A:54%  6.43 matches/s  ETA 20s
2026-10-02 00:02:23,602 INFO     benchmark — 3880/4000  A:54%  6.44 matches/s  ETA 19s
2026-10-02 00:02:24,934 INFO     benchmark — 3890/4000  A:54%  6.44 matches/s  ETA 17s
2026-10-02 00:02:25,991 INFO     benchmark — 3900/4000  A:54%  6.44 matches/s  ETA 16s
2026-10-02 00:02:27,253 INFO     benchmark — 3910/4000  A:54%  6.45 matches/s  ETA 14s
2026-10-02 00:02:28,469 INFO     benchmark — 3920/4000  A:54%  6.45 matches/s  ETA 12s
2026-10-02 00:02:29,737 INFO     benchmark — 3930/4000  A:54%  6.45 matches/s  ETA 11s
2026-10-02 00:02:30,911 INFO     benchmark — 3940/4000  A:54%  6.46 matches/s  ETA 9s
2026-10-02 00:02:32,295 INFO     benchmark — 3950/4000  A:54%  6.46 matches/s  ETA 8s
2026-10-02 00:02:34,131 INFO     benchmark — 3960/4000  A:54%  6.46 matches/s  ETA 6s
2026-10-02 00:02:35,843 INFO     benchmark — 3970/4000  A:54%  6.45 matches/s  ETA 5s
2026-10-02 00:02:38,025 INFO     benchmark — 3980/4000  A:54%  6.45 matches/s  ETA 3s
2026-10-02 00:02:39,836 INFO     benchmark — 3990/4000  A:54%  6.44 matches/s  ETA 2s
2026-10-02 00:02:42,050 INFO     benchmark — 4000/4000  A:54%  6.44 matches/s  ETA 0s
2026-10-02 00:02:42,104 INFO     benchmark — wrote results/008/spApril_vs_thr.json

──────────────────────────────────────────────────
Mode:        match_rl_vs_threshold
Matches:      4,000
──────────────────────────────────────────────────
RL(truco_selfplay_april_collapsed) wins:  2,154  (53.9%)
Threshold wins:  1,846  (46.1%)
Ties:        0  (0.0%)
──────────────────────────────────────────────────

