2026-10-02 00:16:09,543 INFO     benchmark — 10/4000  A:40%  6.41 matches/s  ETA 622s
2026-10-02 00:16:10,830 INFO     benchmark — 20/4000  A:70%  7.03 matches/s  ETA 566s
2026-10-02 00:16:12,388 INFO     benchmark — 30/4000  A:67%  6.81 matches/s  ETA 583s
2026-10-02 00:16:13,728 INFO     benchmark — 40/4000  A:60%  6.96 matches/s  ETA 569s
2026-10-02 00:16:14,894 INFO     benchmark — 50/4000  A:62%  7.24 matches/s  ETA 546s
2026-10-02 00:16:16,375 INFO     benchmark — 60/4000  A:60%  7.15 matches/s  ETA 551s
2026-10-02 00:16:17,732 INFO     benchmark — 70/4000  A:57%  7.18 matches/s  ETA 547s
2026-10-02 00:16:19,087 INFO     benchmark — 80/4000  A:60%  7.21 matches/s  ETA 544s
2026-10-02 00:16:20,981 INFO     benchmark — 90/4000  A:59%  6.92 matches/s  ETA 565s
2026-10-02 00:16:22,147 INFO     benchmark — 100/4000  A:60%  7.06 matches/s  ETA 552s
2026-10-02 00:16:23,817 INFO     benchmark — 110/4000  A:58%  6.95 matches/s  ETA 560s
2026-10-02 00:16:24,771 INFO     benchmark — 120/4000  A:60%  7.15 matches/s  ETA 543s
2026-10-02 00:16:25,924 INFO     benchmark — 130/4000  A:59%  7.25 matches/s  ETA 534s
2026-10-02 00:16:26,906 INFO     benchmark — 140/4000  A:59%  7.40 matches/s  ETA 522s
2026-10-02 00:16:27,742 INFO     benchmark — 150/4000  A:59%  7.59 matches/s  ETA 507s
2026-10-02 00:16:28,661 INFO     benchmark — 160/4000  A:59%  7.74 matches/s  ETA 496s
2026-10-02 00:16:29,434 INFO     benchmark — 170/4000  A:59%  7.93 matches/s  ETA 483s
2026-10-02 00:16:30,274 INFO     benchmark — 180/4000  A:59%  8.08 matches/s  ETA 473s
2026-10-02 00:16:31,065 INFO     benchmark — 190/4000  A:59%  8.23 matches/s  ETA 463s
2026-10-02 00:16:32,461 INFO     benchmark — 200/4000  A:58%  8.17 matches/s  ETA 465s
2026-10-02 00:16:33,882 INFO     benchmark — 210/4000  A:58%  8.11 matches/s  ETA 467s
2026-10-02 00:16:34,417 INFO     benchmark — 220/4000  A:58%  8.32 matches/s  ETA 454s
2026-10-02 00:16:35,076 INFO     benchmark — 230/4000  A:58%  8.49 matches/s  ETA 444s
2026-10-02 00:16:35,678 INFO     benchmark — 240/4000  A:58%  8.67 matches/s  ETA 434s
2026-10-02 00:16:36,410 INFO     benchmark — 250/4000  A:59%  8.79 matches/s  ETA 426s
2026-10-02 00:16:37,212 INFO     benchmark — 260/4000  A:58%  8.90 matches/s  ETA 420s
2026-10-02 00:16:38,081 INFO     benchmark — 270/4000  A:57%  8.97 matches/s  ETA 416s
2026-10-02 00:16:38,838 INFO     benchmark — 280/4000  A:57%  9.08 matches/s  ETA 410s
2026-10-02 00:16:39,812 INFO     benchmark — 290/4000  A:57%  9.11 matches/s  ETA 407s
2026-10-02 00:16:41,229 INFO     benchmark — 300/4000  A:57%  9.02 matches/s  ETA 410s
2026-10-02 00:16:42,182 INFO     benchmark — 310/4000  A:57%  9.06 matches/s  ETA 407s
2026-10-02 00:16:43,169 INFO     benchmark — 320/4000  A:57%  9.09 matches/s  ETA 405s
2026-10-02 00:16:43,780 INFO     benchmark — 330/4000  A:56%  9.22 matches/s  ETA 398s
2026-10-02 00:16:44,495 INFO     benchmark — 340/4000  A:56%  9.31 matches/s  ETA 393s
2026-10-02 00:16:45,482 INFO     benchmark — 350/4000  A:56%  9.33 matches/s  ETA 391s
2026-10-02 00:16:46,388 INFO     benchmark — 360/4000  A:56%  9.37 matches/s  ETA 388s
2026-10-02 00:16:47,602 INFO     benchmark — 370/4000  A:57%  9.34 matches/s  ETA 389s
2026-10-02 00:16:48,551 INFO     benchmark — 380/4000  A:57%  9.37 matches/s  ETA 386s
2026-10-02 00:16:49,627 INFO     benchmark — 390/4000  A:57%  9.37 matches/s  ETA 385s
2026-10-02 00:16:50,453 INFO     benchmark — 400/4000  A:57%  9.42 matches/s  ETA 382s
2026-10-02 00:16:52,522 INFO     benchmark — 410/4000  A:58%  9.21 matches/s  ETA 390s
2026-10-02 00:16:53,592 INFO     benchmark — 420/4000  A:59%  9.21 matches/s  ETA 389s
2026-10-02 00:16:55,170 INFO     benchmark — 430/4000  A:59%  9.11 matches/s  ETA 392s
2026-10-02 00:16:56,545 INFO     benchmark — 440/4000  A:59%  9.06 matches/s  ETA 393s
2026-10-02 00:16:57,314 INFO     benchmark — 450/4000  A:59%  9.12 matches/s  ETA 389s
2026-10-02 00:16:58,140 INFO     benchmark — 460/4000  A:59%  9.17 matches/s  ETA 386s
2026-10-02 00:16:58,853 INFO     benchmark — 470/4000  A:59%  9.24 matches/s  ETA 382s
2026-10-02 00:16:59,452 INFO     benchmark — 480/4000  A:59%  9.33 matches/s  ETA 377s
2026-10-02 00:17:00,274 INFO     benchmark — 490/4000  A:59%  9.37 matches/s  ETA 375s
2026-10-02 00:17:01,072 INFO     benchmark — 500/4000  A:59%  9.42 matches/s  ETA 372s
2026-10-02 00:17:02,133 INFO     benchmark — 510/4000  A:59%  9.42 matches/s  ETA 371s
2026-10-02 00:17:02,874 INFO     benchmark — 520/4000  A:59%  9.47 matches/s  ETA 367s
2026-10-02 00:17:03,836 INFO     benchmark — 530/4000  A:59%  9.49 matches/s  ETA 366s
2026-10-02 00:17:04,884 INFO     benchmark — 540/4000  A:59%  9.49 matches/s  ETA 365s
2026-10-02 00:17:05,812 INFO     benchmark — 550/4000  A:59%  9.51 matches/s  ETA 363s
2026-10-02 00:17:06,578 INFO     benchmark — 560/4000  A:59%  9.56 matches/s  ETA 360s
2026-10-02 00:17:07,545 INFO     benchmark — 570/4000  A:59%  9.57 matches/s  ETA 358s
2026-10-02 00:17:08,301 INFO     benchmark — 580/4000  A:59%  9.62 matches/s  ETA 356s
2026-10-02 00:17:09,616 INFO     benchmark — 590/4000  A:59%  9.57 matches/s  ETA 356s
2026-10-02 00:17:10,497 INFO     benchmark — 600/4000  A:58%  9.60 matches/s  ETA 354s
2026-10-02 00:17:11,842 INFO     benchmark — 610/4000  A:58%  9.55 matches/s  ETA 355s
2026-10-02 00:17:12,809 INFO     benchmark — 620/4000  A:59%  9.56 matches/s  ETA 353s
2026-10-02 00:17:13,422 INFO     benchmark — 630/4000  A:58%  9.63 matches/s  ETA 350s
2026-10-02 00:17:13,945 INFO     benchmark — 640/4000  A:58%  9.70 matches/s  ETA 346s
2026-10-02 00:17:14,723 INFO     benchmark — 650/4000  A:59%  9.74 matches/s  ETA 344s
2026-10-02 00:17:15,640 INFO     benchmark — 660/4000  A:59%  9.76 matches/s  ETA 342s
2026-10-02 00:17:17,041 INFO     benchmark — 670/4000  A:59%  9.70 matches/s  ETA 343s
2026-10-02 00:17:18,127 INFO     benchmark — 680/4000  A:59%  9.69 matches/s  ETA 342s
2026-10-02 00:17:19,266 INFO     benchmark — 690/4000  A:59%  9.68 matches/s  ETA 342s
2026-10-02 00:17:20,613 INFO     benchmark — 700/4000  A:59%  9.64 matches/s  ETA 342s
2026-10-02 00:17:22,029 INFO     benchmark — 710/4000  A:59%  9.59 matches/s  ETA 343s
2026-10-02 00:17:23,043 INFO     benchmark — 720/4000  A:59%  9.59 matches/s  ETA 342s
2026-10-02 00:17:23,772 INFO     benchmark — 730/4000  A:59%  9.63 matches/s  ETA 339s
2026-10-02 00:17:24,555 INFO     benchmark — 740/4000  A:59%  9.66 matches/s  ETA 337s
2026-10-02 00:17:25,273 INFO     benchmark — 750/4000  A:59%  9.70 matches/s  ETA 335s
2026-10-02 00:17:25,892 INFO     benchmark — 760/4000  A:59%  9.76 matches/s  ETA 332s
2026-10-02 00:17:26,847 INFO     benchmark — 770/4000  A:59%  9.76 matches/s  ETA 331s
2026-10-02 00:17:27,543 INFO     benchmark — 780/4000  A:59%  9.80 matches/s  ETA 328s
2026-10-02 00:17:28,341 INFO     benchmark — 790/4000  A:59%  9.83 matches/s  ETA 327s
2026-10-02 00:17:29,282 INFO     benchmark — 800/4000  A:59%  9.84 matches/s  ETA 325s
2026-10-02 00:17:30,484 INFO     benchmark — 810/4000  A:59%  9.82 matches/s  ETA 325s
2026-10-02 00:17:31,959 INFO     benchmark — 820/4000  A:59%  9.76 matches/s  ETA 326s
2026-10-02 00:17:33,356 INFO     benchmark — 830/4000  A:59%  9.72 matches/s  ETA 326s
2026-10-02 00:17:34,705 INFO     benchmark — 840/4000  A:59%  9.69 matches/s  ETA 326s
2026-10-02 00:17:35,599 INFO     benchmark — 850/4000  A:59%  9.70 matches/s  ETA 325s
2026-10-02 00:17:36,630 INFO     benchmark — 860/4000  A:59%  9.70 matches/s  ETA 324s
2026-10-02 00:17:38,188 INFO     benchmark — 870/4000  A:59%  9.64 matches/s  ETA 325s
2026-10-02 00:17:38,933 INFO     benchmark — 880/4000  A:59%  9.68 matches/s  ETA 322s
2026-10-02 00:17:40,382 INFO     benchmark — 890/4000  A:59%  9.63 matches/s  ETA 323s
2026-10-02 00:17:41,861 INFO     benchmark — 900/4000  A:59%  9.59 matches/s  ETA 323s
2026-10-02 00:17:43,302 INFO     benchmark — 910/4000  A:59%  9.55 matches/s  ETA 324s
2026-10-02 00:17:44,356 INFO     benchmark — 920/4000  A:59%  9.55 matches/s  ETA 323s
2026-10-02 00:17:45,697 INFO     benchmark — 930/4000  A:59%  9.52 matches/s  ETA 323s
2026-10-02 00:17:46,985 INFO     benchmark — 940/4000  A:59%  9.49 matches/s  ETA 322s
2026-10-02 00:17:48,162 INFO     benchmark — 950/4000  A:59%  9.48 matches/s  ETA 322s
2026-10-02 00:17:49,183 INFO     benchmark — 960/4000  A:59%  9.49 matches/s  ETA 320s
2026-10-02 00:17:50,175 INFO     benchmark — 970/4000  A:59%  9.49 matches/s  ETA 319s
2026-10-02 00:17:50,947 INFO     benchmark — 980/4000  A:59%  9.52 matches/s  ETA 317s
2026-10-02 00:17:52,027 INFO     benchmark — 990/4000  A:59%  9.52 matches/s  ETA 316s
2026-10-02 00:17:53,521 INFO     benchmark — 1000/4000  A:59%  9.48 matches/s  ETA 317s
2026-10-02 00:17:54,463 INFO     benchmark — 1010/4000  A:59%  9.49 matches/s  ETA 315s
2026-10-02 00:17:55,604 INFO     benchmark — 1020/4000  A:59%  9.48 matches/s  ETA 314s
2026-10-02 00:17:56,401 INFO     benchmark — 1030/4000  A:59%  9.50 matches/s  ETA 313s
2026-10-02 00:17:57,276 INFO     benchmark — 1040/4000  A:59%  9.52 matches/s  ETA 311s
2026-10-02 00:17:58,154 INFO     benchmark — 1050/4000  A:59%  9.53 matches/s  ETA 310s
2026-10-02 00:17:59,147 INFO     benchmark — 1060/4000  A:59%  9.54 matches/s  ETA 308s
2026-10-02 00:18:00,092 INFO     benchmark — 1070/4000  A:59%  9.54 matches/s  ETA 307s
2026-10-02 00:18:01,176 INFO     benchmark — 1080/4000  A:59%  9.54 matches/s  ETA 306s
2026-10-02 00:18:02,453 INFO     benchmark — 1090/4000  A:59%  9.52 matches/s  ETA 306s
2026-10-02 00:18:03,865 INFO     benchmark — 1100/4000  A:59%  9.49 matches/s  ETA 306s
2026-10-02 00:18:04,708 INFO     benchmark — 1110/4000  A:59%  9.51 matches/s  ETA 304s
2026-10-02 00:18:05,484 INFO     benchmark — 1120/4000  A:59%  9.53 matches/s  ETA 302s
2026-10-02 00:18:06,471 INFO     benchmark — 1130/4000  A:59%  9.54 matches/s  ETA 301s
2026-10-02 00:18:07,434 INFO     benchmark — 1140/4000  A:59%  9.54 matches/s  ETA 300s
2026-10-02 00:18:08,221 INFO     benchmark — 1150/4000  A:59%  9.56 matches/s  ETA 298s
2026-10-02 00:18:09,240 INFO     benchmark — 1160/4000  A:59%  9.57 matches/s  ETA 297s
2026-10-02 00:18:10,089 INFO     benchmark — 1170/4000  A:59%  9.58 matches/s  ETA 295s
2026-10-02 00:18:11,352 INFO     benchmark — 1180/4000  A:59%  9.56 matches/s  ETA 295s
2026-10-02 00:18:12,849 INFO     benchmark — 1190/4000  A:59%  9.53 matches/s  ETA 295s
2026-10-02 00:18:13,715 INFO     benchmark — 1200/4000  A:59%  9.54 matches/s  ETA 293s
2026-10-02 00:18:14,302 INFO     benchmark — 1210/4000  A:59%  9.58 matches/s  ETA 291s
2026-10-02 00:18:14,793 INFO     benchmark — 1220/4000  A:59%  9.62 matches/s  ETA 289s
2026-10-02 00:18:15,625 INFO     benchmark — 1230/4000  A:59%  9.64 matches/s  ETA 287s
2026-10-02 00:18:16,317 INFO     benchmark — 1240/4000  A:59%  9.66 matches/s  ETA 286s
2026-10-02 00:18:17,218 INFO     benchmark — 1250/4000  A:59%  9.67 matches/s  ETA 284s
2026-10-02 00:18:18,240 INFO     benchmark — 1260/4000  A:59%  9.67 matches/s  ETA 283s
2026-10-02 00:18:19,102 INFO     benchmark — 1270/4000  A:59%  9.69 matches/s  ETA 282s
2026-10-02 00:18:19,992 INFO     benchmark — 1280/4000  A:59%  9.70 matches/s  ETA 281s
2026-10-02 00:18:20,579 INFO     benchmark — 1290/4000  A:59%  9.73 matches/s  ETA 279s
2026-10-02 00:18:21,190 INFO     benchmark — 1300/4000  A:59%  9.76 matches/s  ETA 277s
2026-10-02 00:18:22,017 INFO     benchmark — 1310/4000  A:59%  9.77 matches/s  ETA 275s
2026-10-02 00:18:23,306 INFO     benchmark — 1320/4000  A:59%  9.75 matches/s  ETA 275s
2026-10-02 00:18:24,402 INFO     benchmark — 1330/4000  A:59%  9.75 matches/s  ETA 274s
2026-10-02 00:18:25,214 INFO     benchmark — 1340/4000  A:59%  9.76 matches/s  ETA 272s
2026-10-02 00:18:25,824 INFO     benchmark — 1350/4000  A:59%  9.79 matches/s  ETA 271s
2026-10-02 00:18:26,612 INFO     benchmark — 1360/4000  A:59%  9.81 matches/s  ETA 269s
2026-10-02 00:18:27,712 INFO     benchmark — 1370/4000  A:59%  9.80 matches/s  ETA 268s
2026-10-02 00:18:28,775 INFO     benchmark — 1380/4000  A:59%  9.80 matches/s  ETA 267s
2026-10-02 00:18:29,649 INFO     benchmark — 1390/4000  A:59%  9.81 matches/s  ETA 266s
2026-10-02 00:18:30,728 INFO     benchmark — 1400/4000  A:59%  9.81 matches/s  ETA 265s
2026-10-02 00:18:31,966 INFO     benchmark — 1410/4000  A:59%  9.79 matches/s  ETA 264s
2026-10-02 00:18:33,350 INFO     benchmark — 1420/4000  A:60%  9.77 matches/s  ETA 264s
2026-10-02 00:18:34,692 INFO     benchmark — 1430/4000  A:60%  9.75 matches/s  ETA 264s
2026-10-02 00:18:35,804 INFO     benchmark — 1440/4000  A:60%  9.74 matches/s  ETA 263s
2026-10-02 00:18:36,966 INFO     benchmark — 1450/4000  A:60%  9.73 matches/s  ETA 262s
2026-10-02 00:18:37,794 INFO     benchmark — 1460/4000  A:60%  9.75 matches/s  ETA 261s
2026-10-02 00:18:38,476 INFO     benchmark — 1470/4000  A:60%  9.77 matches/s  ETA 259s
2026-10-02 00:18:39,828 INFO     benchmark — 1480/4000  A:60%  9.75 matches/s  ETA 259s
2026-10-02 00:18:40,416 INFO     benchmark — 1490/4000  A:60%  9.77 matches/s  ETA 257s
2026-10-02 00:18:41,595 INFO     benchmark — 1500/4000  A:60%  9.76 matches/s  ETA 256s
2026-10-02 00:18:42,766 INFO     benchmark — 1510/4000  A:60%  9.76 matches/s  ETA 255s
2026-10-02 00:18:43,636 INFO     benchmark — 1520/4000  A:60%  9.77 matches/s  ETA 254s
2026-10-02 00:18:44,559 INFO     benchmark — 1530/4000  A:60%  9.77 matches/s  ETA 253s
2026-10-02 00:18:45,412 INFO     benchmark — 1540/4000  A:60%  9.78 matches/s  ETA 251s
2026-10-02 00:18:46,128 INFO     benchmark — 1550/4000  A:60%  9.80 matches/s  ETA 250s
2026-10-02 00:18:47,236 INFO     benchmark — 1560/4000  A:60%  9.80 matches/s  ETA 249s
2026-10-02 00:18:47,960 INFO     benchmark — 1570/4000  A:60%  9.81 matches/s  ETA 248s
2026-10-02 00:18:48,951 INFO     benchmark — 1580/4000  A:60%  9.82 matches/s  ETA 247s
2026-10-02 00:18:49,773 INFO     benchmark — 1590/4000  A:60%  9.83 matches/s  ETA 245s
2026-10-02 00:18:50,754 INFO     benchmark — 1600/4000  A:60%  9.83 matches/s  ETA 244s
2026-10-02 00:18:51,591 INFO     benchmark — 1610/4000  A:60%  9.84 matches/s  ETA 243s
2026-10-02 00:18:52,257 INFO     benchmark — 1620/4000  A:60%  9.86 matches/s  ETA 241s
2026-10-02 00:18:53,080 INFO     benchmark — 1630/4000  A:60%  9.87 matches/s  ETA 240s
2026-10-02 00:18:54,140 INFO     benchmark — 1640/4000  A:60%  9.87 matches/s  ETA 239s
2026-10-02 00:18:54,889 INFO     benchmark — 1650/4000  A:60%  9.89 matches/s  ETA 238s
2026-10-02 00:18:55,822 INFO     benchmark — 1660/4000  A:60%  9.89 matches/s  ETA 237s
2026-10-02 00:18:56,642 INFO     benchmark — 1670/4000  A:60%  9.90 matches/s  ETA 235s
2026-10-02 00:18:57,343 INFO     benchmark — 1680/4000  A:60%  9.92 matches/s  ETA 234s
2026-10-02 00:18:58,206 INFO     benchmark — 1690/4000  A:60%  9.93 matches/s  ETA 233s
2026-10-02 00:18:59,267 INFO     benchmark — 1700/4000  A:60%  9.93 matches/s  ETA 232s
2026-10-02 00:18:59,942 INFO     benchmark — 1710/4000  A:60%  9.94 matches/s  ETA 230s
2026-10-02 00:19:00,715 INFO     benchmark — 1720/4000  A:60%  9.96 matches/s  ETA 229s
2026-10-02 00:19:01,355 INFO     benchmark — 1730/4000  A:60%  9.98 matches/s  ETA 227s
2026-10-02 00:19:02,279 INFO     benchmark — 1740/4000  A:60%  9.98 matches/s  ETA 226s
2026-10-02 00:19:03,426 INFO     benchmark — 1750/4000  A:60%  9.97 matches/s  ETA 226s
2026-10-02 00:19:04,251 INFO     benchmark — 1760/4000  A:60%  9.98 matches/s  ETA 224s
2026-10-02 00:19:05,277 INFO     benchmark — 1770/4000  A:60%  9.98 matches/s  ETA 223s
2026-10-02 00:19:05,851 INFO     benchmark — 1780/4000  A:60%  10.01 matches/s  ETA 222s
2026-10-02 00:19:06,731 INFO     benchmark — 1790/4000  A:60%  10.01 matches/s  ETA 221s
2026-10-02 00:19:07,713 INFO     benchmark — 1800/4000  A:60%  10.02 matches/s  ETA 220s
2026-10-02 00:19:08,412 INFO     benchmark — 1810/4000  A:60%  10.03 matches/s  ETA 218s
2026-10-02 00:19:09,250 INFO     benchmark — 1820/4000  A:60%  10.04 matches/s  ETA 217s
2026-10-02 00:19:10,129 INFO     benchmark — 1830/4000  A:60%  10.05 matches/s  ETA 216s
2026-10-02 00:19:10,686 INFO     benchmark — 1840/4000  A:60%  10.07 matches/s  ETA 214s
2026-10-02 00:19:11,676 INFO     benchmark — 1850/4000  A:60%  10.07 matches/s  ETA 213s
2026-10-02 00:19:12,845 INFO     benchmark — 1860/4000  A:60%  10.06 matches/s  ETA 213s
2026-10-02 00:19:13,555 INFO     benchmark — 1870/4000  A:59%  10.08 matches/s  ETA 211s
2026-10-02 00:19:14,555 INFO     benchmark — 1880/4000  A:60%  10.08 matches/s  ETA 210s
2026-10-02 00:19:15,534 INFO     benchmark — 1890/4000  A:60%  10.08 matches/s  ETA 209s
2026-10-02 00:19:16,860 INFO     benchmark — 1900/4000  A:59%  10.06 matches/s  ETA 209s
2026-10-02 00:19:18,376 INFO     benchmark — 1910/4000  A:59%  10.03 matches/s  ETA 208s
2026-10-02 00:19:19,318 INFO     benchmark — 1920/4000  A:60%  10.03 matches/s  ETA 207s
2026-10-02 00:19:20,097 INFO     benchmark — 1930/4000  A:60%  10.05 matches/s  ETA 206s
2026-10-02 00:19:20,842 INFO     benchmark — 1940/4000  A:59%  10.06 matches/s  ETA 205s
2026-10-02 00:19:21,531 INFO     benchmark — 1950/4000  A:60%  10.08 matches/s  ETA 203s
2026-10-02 00:19:22,216 INFO     benchmark — 1960/4000  A:59%  10.09 matches/s  ETA 202s
2026-10-02 00:19:23,235 INFO     benchmark — 1970/4000  A:59%  10.09 matches/s  ETA 201s
2026-10-02 00:19:24,043 INFO     benchmark — 1980/4000  A:59%  10.10 matches/s  ETA 200s
2026-10-02 00:19:24,649 INFO     benchmark — 1990/4000  A:59%  10.12 matches/s  ETA 199s
2026-10-02 00:19:25,177 INFO     benchmark — 2000/4000  A:59%  10.14 matches/s  ETA 197s
2026-10-02 00:19:26,107 INFO     benchmark — 2010/4000  A:60%  10.15 matches/s  ETA 196s
2026-10-02 00:19:26,770 INFO     benchmark — 2020/4000  A:59%  10.16 matches/s  ETA 195s
2026-10-02 00:19:27,420 INFO     benchmark — 2030/4000  A:59%  10.18 matches/s  ETA 194s
2026-10-02 00:19:28,020 INFO     benchmark — 2040/4000  A:59%  10.20 matches/s  ETA 192s
2026-10-02 00:19:28,714 INFO     benchmark — 2050/4000  A:59%  10.21 matches/s  ETA 191s
2026-10-02 00:19:29,434 INFO     benchmark — 2060/4000  A:59%  10.23 matches/s  ETA 190s
2026-10-02 00:19:30,253 INFO     benchmark — 2070/4000  A:59%  10.23 matches/s  ETA 189s
2026-10-02 00:19:31,079 INFO     benchmark — 2080/4000  A:59%  10.24 matches/s  ETA 187s
2026-10-02 00:19:31,749 INFO     benchmark — 2090/4000  A:59%  10.26 matches/s  ETA 186s
2026-10-02 00:19:32,479 INFO     benchmark — 2100/4000  A:59%  10.27 matches/s  ETA 185s
2026-10-02 00:19:33,499 INFO     benchmark — 2110/4000  A:59%  10.27 matches/s  ETA 184s
2026-10-02 00:19:34,193 INFO     benchmark — 2120/4000  A:59%  10.28 matches/s  ETA 183s
2026-10-02 00:19:35,030 INFO     benchmark — 2130/4000  A:59%  10.29 matches/s  ETA 182s
2026-10-02 00:19:35,660 INFO     benchmark — 2140/4000  A:59%  10.30 matches/s  ETA 181s
2026-10-02 00:19:36,573 INFO     benchmark — 2150/4000  A:59%  10.31 matches/s  ETA 179s
2026-10-02 00:19:37,219 INFO     benchmark — 2160/4000  A:59%  10.32 matches/s  ETA 178s
2026-10-02 00:19:38,075 INFO     benchmark — 2170/4000  A:59%  10.33 matches/s  ETA 177s
2026-10-02 00:19:39,033 INFO     benchmark — 2180/4000  A:59%  10.33 matches/s  ETA 176s
2026-10-02 00:19:39,972 INFO     benchmark — 2190/4000  A:59%  10.33 matches/s  ETA 175s
2026-10-02 00:19:40,719 INFO     benchmark — 2200/4000  A:59%  10.34 matches/s  ETA 174s
2026-10-02 00:19:41,526 INFO     benchmark — 2210/4000  A:59%  10.35 matches/s  ETA 173s
2026-10-02 00:19:42,191 INFO     benchmark — 2220/4000  A:59%  10.36 matches/s  ETA 172s
2026-10-02 00:19:42,938 INFO     benchmark — 2230/4000  A:59%  10.37 matches/s  ETA 171s
2026-10-02 00:19:43,733 INFO     benchmark — 2240/4000  A:59%  10.38 matches/s  ETA 170s
2026-10-02 00:19:44,495 INFO     benchmark — 2250/4000  A:59%  10.39 matches/s  ETA 168s
2026-10-02 00:19:45,115 INFO     benchmark — 2260/4000  A:59%  10.41 matches/s  ETA 167s
2026-10-02 00:19:46,044 INFO     benchmark — 2270/4000  A:59%  10.41 matches/s  ETA 166s
2026-10-02 00:19:46,725 INFO     benchmark — 2280/4000  A:59%  10.42 matches/s  ETA 165s
2026-10-02 00:19:47,633 INFO     benchmark — 2290/4000  A:59%  10.43 matches/s  ETA 164s
2026-10-02 00:19:48,494 INFO     benchmark — 2300/4000  A:59%  10.43 matches/s  ETA 163s
2026-10-02 00:19:49,195 INFO     benchmark — 2310/4000  A:59%  10.44 matches/s  ETA 162s
2026-10-02 00:19:49,906 INFO     benchmark — 2320/4000  A:59%  10.45 matches/s  ETA 161s
2026-10-02 00:19:50,808 INFO     benchmark — 2330/4000  A:59%  10.46 matches/s  ETA 160s
2026-10-02 00:19:51,516 INFO     benchmark — 2340/4000  A:59%  10.47 matches/s  ETA 159s
2026-10-02 00:19:52,173 INFO     benchmark — 2350/4000  A:59%  10.48 matches/s  ETA 157s
2026-10-02 00:19:52,817 INFO     benchmark — 2360/4000  A:59%  10.50 matches/s  ETA 156s
2026-10-02 00:19:53,882 INFO     benchmark — 2370/4000  A:59%  10.49 matches/s  ETA 155s
2026-10-02 00:19:54,565 INFO     benchmark — 2380/4000  A:59%  10.50 matches/s  ETA 154s
2026-10-02 00:19:55,056 INFO     benchmark — 2390/4000  A:59%  10.53 matches/s  ETA 153s
2026-10-02 00:19:55,715 INFO     benchmark — 2400/4000  A:59%  10.54 matches/s  ETA 152s
2026-10-02 00:19:56,685 INFO     benchmark — 2410/4000  A:60%  10.54 matches/s  ETA 151s
2026-10-02 00:19:57,296 INFO     benchmark — 2420/4000  A:60%  10.55 matches/s  ETA 150s
2026-10-02 00:19:58,386 INFO     benchmark — 2430/4000  A:60%  10.55 matches/s  ETA 149s
2026-10-02 00:19:59,140 INFO     benchmark — 2440/4000  A:60%  10.56 matches/s  ETA 148s
2026-10-02 00:19:59,596 INFO     benchmark — 2450/4000  A:60%  10.58 matches/s  ETA 147s
2026-10-02 00:20:00,473 INFO     benchmark — 2460/4000  A:60%  10.58 matches/s  ETA 146s
2026-10-02 00:20:01,133 INFO     benchmark — 2470/4000  A:60%  10.59 matches/s  ETA 144s
2026-10-02 00:20:02,214 INFO     benchmark — 2480/4000  A:60%  10.59 matches/s  ETA 144s
2026-10-02 00:20:03,070 INFO     benchmark — 2490/4000  A:60%  10.59 matches/s  ETA 143s
2026-10-02 00:20:03,905 INFO     benchmark — 2500/4000  A:60%  10.60 matches/s  ETA 142s
2026-10-02 00:20:04,595 INFO     benchmark — 2510/4000  A:60%  10.61 matches/s  ETA 140s
2026-10-02 00:20:05,305 INFO     benchmark — 2520/4000  A:60%  10.62 matches/s  ETA 139s
2026-10-02 00:20:06,245 INFO     benchmark — 2530/4000  A:60%  10.62 matches/s  ETA 138s
2026-10-02 00:20:07,051 INFO     benchmark — 2540/4000  A:60%  10.62 matches/s  ETA 137s
2026-10-02 00:20:07,770 INFO     benchmark — 2550/4000  A:60%  10.63 matches/s  ETA 136s
2026-10-02 00:20:08,632 INFO     benchmark — 2560/4000  A:60%  10.64 matches/s  ETA 135s
2026-10-02 00:20:09,120 INFO     benchmark — 2570/4000  A:60%  10.66 matches/s  ETA 134s
2026-10-02 00:20:10,197 INFO     benchmark — 2580/4000  A:60%  10.65 matches/s  ETA 133s
2026-10-02 00:20:10,928 INFO     benchmark — 2590/4000  A:60%  10.66 matches/s  ETA 132s
2026-10-02 00:20:11,965 INFO     benchmark — 2600/4000  A:60%  10.66 matches/s  ETA 131s
2026-10-02 00:20:12,731 INFO     benchmark — 2610/4000  A:60%  10.66 matches/s  ETA 130s
2026-10-02 00:20:13,484 INFO     benchmark — 2620/4000  A:60%  10.67 matches/s  ETA 129s
2026-10-02 00:20:13,978 INFO     benchmark — 2630/4000  A:60%  10.69 matches/s  ETA 128s
2026-10-02 00:20:14,813 INFO     benchmark — 2640/4000  A:60%  10.70 matches/s  ETA 127s
2026-10-02 00:20:15,375 INFO     benchmark — 2650/4000  A:60%  10.71 matches/s  ETA 126s
2026-10-02 00:20:16,076 INFO     benchmark — 2660/4000  A:60%  10.72 matches/s  ETA 125s
2026-10-02 00:20:17,242 INFO     benchmark — 2670/4000  A:60%  10.71 matches/s  ETA 124s
2026-10-02 00:20:18,202 INFO     benchmark — 2680/4000  A:60%  10.71 matches/s  ETA 123s
2026-10-02 00:20:18,956 INFO     benchmark — 2690/4000  A:60%  10.72 matches/s  ETA 122s
2026-10-02 00:20:20,279 INFO     benchmark — 2700/4000  A:60%  10.70 matches/s  ETA 121s
2026-10-02 00:20:21,395 INFO     benchmark — 2710/4000  A:60%  10.69 matches/s  ETA 121s
2026-10-02 00:20:22,505 INFO     benchmark — 2720/4000  A:60%  10.69 matches/s  ETA 120s
2026-10-02 00:20:23,278 INFO     benchmark — 2730/4000  A:60%  10.69 matches/s  ETA 119s
2026-10-02 00:20:24,108 INFO     benchmark — 2740/4000  A:60%  10.70 matches/s  ETA 118s
2026-10-02 00:20:24,950 INFO     benchmark — 2750/4000  A:60%  10.70 matches/s  ETA 117s
2026-10-02 00:20:25,723 INFO     benchmark — 2760/4000  A:60%  10.71 matches/s  ETA 116s
2026-10-02 00:20:26,871 INFO     benchmark — 2770/4000  A:60%  10.70 matches/s  ETA 115s
2026-10-02 00:20:27,499 INFO     benchmark — 2780/4000  A:60%  10.71 matches/s  ETA 114s
2026-10-02 00:20:28,292 INFO     benchmark — 2790/4000  A:60%  10.72 matches/s  ETA 113s
2026-10-02 00:20:29,049 INFO     benchmark — 2800/4000  A:60%  10.73 matches/s  ETA 112s
2026-10-02 00:20:29,753 INFO     benchmark — 2810/4000  A:60%  10.73 matches/s  ETA 111s
2026-10-02 00:20:30,616 INFO     benchmark — 2820/4000  A:60%  10.74 matches/s  ETA 110s
2026-10-02 00:20:31,171 INFO     benchmark — 2830/4000  A:60%  10.75 matches/s  ETA 109s
2026-10-02 00:20:31,653 INFO     benchmark — 2840/4000  A:60%  10.77 matches/s  ETA 108s
2026-10-02 00:20:32,570 INFO     benchmark — 2850/4000  A:60%  10.77 matches/s  ETA 107s
2026-10-02 00:20:32,902 INFO     benchmark — 2860/4000  A:60%  10.80 matches/s  ETA 106s
2026-10-02 00:20:33,476 INFO     benchmark — 2870/4000  A:60%  10.81 matches/s  ETA 105s
2026-10-02 00:20:34,210 INFO     benchmark — 2880/4000  A:60%  10.82 matches/s  ETA 104s
2026-10-02 00:20:34,798 INFO     benchmark — 2890/4000  A:60%  10.83 matches/s  ETA 102s
2026-10-02 00:20:35,824 INFO     benchmark — 2900/4000  A:60%  10.83 matches/s  ETA 102s
2026-10-02 00:20:36,672 INFO     benchmark — 2910/4000  A:60%  10.83 matches/s  ETA 101s
2026-10-02 00:20:37,539 INFO     benchmark — 2920/4000  A:60%  10.83 matches/s  ETA 100s
2026-10-02 00:20:38,579 INFO     benchmark — 2930/4000  A:60%  10.83 matches/s  ETA 99s
2026-10-02 00:20:39,610 INFO     benchmark — 2940/4000  A:60%  10.82 matches/s  ETA 98s
2026-10-02 00:20:40,137 INFO     benchmark — 2950/4000  A:60%  10.84 matches/s  ETA 97s
2026-10-02 00:20:41,085 INFO     benchmark — 2960/4000  A:60%  10.84 matches/s  ETA 96s
2026-10-02 00:20:41,843 INFO     benchmark — 2970/4000  A:60%  10.85 matches/s  ETA 95s
2026-10-02 00:20:42,484 INFO     benchmark — 2980/4000  A:60%  10.86 matches/s  ETA 94s
2026-10-02 00:20:43,261 INFO     benchmark — 2990/4000  A:60%  10.86 matches/s  ETA 93s
2026-10-02 00:20:43,932 INFO     benchmark — 3000/4000  A:60%  10.87 matches/s  ETA 92s
2026-10-02 00:20:44,859 INFO     benchmark — 3010/4000  A:60%  10.87 matches/s  ETA 91s
2026-10-02 00:20:45,518 INFO     benchmark — 3020/4000  A:60%  10.88 matches/s  ETA 90s
2026-10-02 00:20:46,145 INFO     benchmark — 3030/4000  A:60%  10.89 matches/s  ETA 89s
2026-10-02 00:20:46,682 INFO     benchmark — 3040/4000  A:60%  10.91 matches/s  ETA 88s
2026-10-02 00:20:47,524 INFO     benchmark — 3050/4000  A:60%  10.91 matches/s  ETA 87s
2026-10-02 00:20:48,140 INFO     benchmark — 3060/4000  A:60%  10.92 matches/s  ETA 86s
2026-10-02 00:20:49,027 INFO     benchmark — 3070/4000  A:60%  10.92 matches/s  ETA 85s
2026-10-02 00:20:49,584 INFO     benchmark — 3080/4000  A:60%  10.94 matches/s  ETA 84s
2026-10-02 00:20:50,605 INFO     benchmark — 3090/4000  A:60%  10.93 matches/s  ETA 83s
2026-10-02 00:20:51,413 INFO     benchmark — 3100/4000  A:60%  10.94 matches/s  ETA 82s
2026-10-02 00:20:52,014 INFO     benchmark — 3110/4000  A:60%  10.95 matches/s  ETA 81s
2026-10-02 00:20:53,103 INFO     benchmark — 3120/4000  A:60%  10.94 matches/s  ETA 80s
2026-10-02 00:20:53,941 INFO     benchmark — 3130/4000  A:60%  10.95 matches/s  ETA 79s
2026-10-02 00:20:54,972 INFO     benchmark — 3140/4000  A:60%  10.94 matches/s  ETA 79s
2026-10-02 00:20:55,874 INFO     benchmark — 3150/4000  A:60%  10.94 matches/s  ETA 78s
2026-10-02 00:20:56,888 INFO     benchmark — 3160/4000  A:60%  10.94 matches/s  ETA 77s
2026-10-02 00:20:57,736 INFO     benchmark — 3170/4000  A:60%  10.94 matches/s  ETA 76s
2026-10-02 00:20:58,516 INFO     benchmark — 3180/4000  A:60%  10.95 matches/s  ETA 75s
2026-10-02 00:20:59,382 INFO     benchmark — 3190/4000  A:60%  10.95 matches/s  ETA 74s
2026-10-02 00:21:00,448 INFO     benchmark — 3200/4000  A:60%  10.94 matches/s  ETA 73s
2026-10-02 00:21:01,013 INFO     benchmark — 3210/4000  A:60%  10.95 matches/s  ETA 72s
2026-10-02 00:21:01,648 INFO     benchmark — 3220/4000  A:60%  10.96 matches/s  ETA 71s
2026-10-02 00:21:02,270 INFO     benchmark — 3230/4000  A:60%  10.98 matches/s  ETA 70s
2026-10-02 00:21:03,117 INFO     benchmark — 3240/4000  A:60%  10.98 matches/s  ETA 69s
2026-10-02 00:21:03,996 INFO     benchmark — 3250/4000  A:60%  10.98 matches/s  ETA 68s
2026-10-02 00:21:04,568 INFO     benchmark — 3260/4000  A:60%  10.99 matches/s  ETA 67s
2026-10-02 00:21:05,326 INFO     benchmark — 3270/4000  A:60%  11.00 matches/s  ETA 66s
2026-10-02 00:21:06,184 INFO     benchmark — 3280/4000  A:60%  11.00 matches/s  ETA 65s
2026-10-02 00:21:06,884 INFO     benchmark — 3290/4000  A:60%  11.01 matches/s  ETA 65s
2026-10-02 00:21:07,633 INFO     benchmark — 3300/4000  A:60%  11.01 matches/s  ETA 64s
2026-10-02 00:21:08,240 INFO     benchmark — 3310/4000  A:60%  11.02 matches/s  ETA 63s
2026-10-02 00:21:09,145 INFO     benchmark — 3320/4000  A:60%  11.02 matches/s  ETA 62s
2026-10-02 00:21:09,875 INFO     benchmark — 3330/4000  A:60%  11.03 matches/s  ETA 61s
2026-10-02 00:21:10,683 INFO     benchmark — 3340/4000  A:60%  11.03 matches/s  ETA 60s
2026-10-02 00:21:11,469 INFO     benchmark — 3350/4000  A:60%  11.04 matches/s  ETA 59s
2026-10-02 00:21:12,030 INFO     benchmark — 3360/4000  A:60%  11.05 matches/s  ETA 58s
2026-10-02 00:21:12,691 INFO     benchmark — 3370/4000  A:60%  11.06 matches/s  ETA 57s
2026-10-02 00:21:13,432 INFO     benchmark — 3380/4000  A:60%  11.07 matches/s  ETA 56s
2026-10-02 00:21:14,381 INFO     benchmark — 3390/4000  A:60%  11.06 matches/s  ETA 55s
2026-10-02 00:21:15,203 INFO     benchmark — 3400/4000  A:60%  11.07 matches/s  ETA 54s
2026-10-02 00:21:16,212 INFO     benchmark — 3410/4000  A:60%  11.06 matches/s  ETA 53s
2026-10-02 00:21:17,105 INFO     benchmark — 3420/4000  A:60%  11.06 matches/s  ETA 52s
2026-10-02 00:21:18,089 INFO     benchmark — 3430/4000  A:60%  11.06 matches/s  ETA 52s
2026-10-02 00:21:19,043 INFO     benchmark — 3440/4000  A:60%  11.06 matches/s  ETA 51s
2026-10-02 00:21:19,767 INFO     benchmark — 3450/4000  A:60%  11.07 matches/s  ETA 50s
2026-10-02 00:21:20,369 INFO     benchmark — 3460/4000  A:60%  11.08 matches/s  ETA 49s
2026-10-02 00:21:21,157 INFO     benchmark — 3470/4000  A:60%  11.08 matches/s  ETA 48s
2026-10-02 00:21:21,849 INFO     benchmark — 3480/4000  A:60%  11.09 matches/s  ETA 47s
2026-10-02 00:21:22,561 INFO     benchmark — 3490/4000  A:60%  11.09 matches/s  ETA 46s
2026-10-02 00:21:23,207 INFO     benchmark — 3500/4000  A:60%  11.10 matches/s  ETA 45s
2026-10-02 00:21:24,351 INFO     benchmark — 3510/4000  A:60%  11.09 matches/s  ETA 44s
2026-10-02 00:21:25,090 INFO     benchmark — 3520/4000  A:60%  11.10 matches/s  ETA 43s
2026-10-02 00:21:25,922 INFO     benchmark — 3530/4000  A:60%  11.10 matches/s  ETA 42s
2026-10-02 00:21:26,910 INFO     benchmark — 3540/4000  A:60%  11.10 matches/s  ETA 41s
2026-10-02 00:21:27,751 INFO     benchmark — 3550/4000  A:60%  11.10 matches/s  ETA 41s
2026-10-02 00:21:28,674 INFO     benchmark — 3560/4000  A:60%  11.10 matches/s  ETA 40s
2026-10-02 00:21:29,577 INFO     benchmark — 3570/4000  A:60%  11.10 matches/s  ETA 39s
2026-10-02 00:21:30,534 INFO     benchmark — 3580/4000  A:60%  11.10 matches/s  ETA 38s
2026-10-02 00:21:31,257 INFO     benchmark — 3590/4000  A:60%  11.11 matches/s  ETA 37s
2026-10-02 00:21:32,117 INFO     benchmark — 3600/4000  A:60%  11.11 matches/s  ETA 36s
2026-10-02 00:21:33,278 INFO     benchmark — 3610/4000  A:60%  11.10 matches/s  ETA 35s
2026-10-02 00:21:33,792 INFO     benchmark — 3620/4000  A:60%  11.11 matches/s  ETA 34s
2026-10-02 00:21:34,477 INFO     benchmark — 3630/4000  A:60%  11.12 matches/s  ETA 33s
2026-10-02 00:21:35,255 INFO     benchmark — 3640/4000  A:60%  11.12 matches/s  ETA 32s
2026-10-02 00:21:36,102 INFO     benchmark — 3650/4000  A:60%  11.12 matches/s  ETA 31s
2026-10-02 00:21:36,812 INFO     benchmark — 3660/4000  A:60%  11.13 matches/s  ETA 31s
2026-10-02 00:21:37,677 INFO     benchmark — 3670/4000  A:60%  11.13 matches/s  ETA 30s
2026-10-02 00:21:38,536 INFO     benchmark — 3680/4000  A:60%  11.13 matches/s  ETA 29s
2026-10-02 00:21:39,062 INFO     benchmark — 3690/4000  A:60%  11.15 matches/s  ETA 28s
2026-10-02 00:21:39,809 INFO     benchmark — 3700/4000  A:60%  11.15 matches/s  ETA 27s
2026-10-02 00:21:40,755 INFO     benchmark — 3710/4000  A:60%  11.15 matches/s  ETA 26s
2026-10-02 00:21:41,649 INFO     benchmark — 3720/4000  A:60%  11.15 matches/s  ETA 25s
2026-10-02 00:21:42,316 INFO     benchmark — 3730/4000  A:60%  11.16 matches/s  ETA 24s
2026-10-02 00:21:43,145 INFO     benchmark — 3740/4000  A:60%  11.16 matches/s  ETA 23s
2026-10-02 00:21:43,983 INFO     benchmark — 3750/4000  A:60%  11.16 matches/s  ETA 22s
2026-10-02 00:21:44,788 INFO     benchmark — 3760/4000  A:60%  11.16 matches/s  ETA 21s
2026-10-02 00:21:45,512 INFO     benchmark — 3770/4000  A:60%  11.17 matches/s  ETA 21s
2026-10-02 00:21:46,117 INFO     benchmark — 3780/4000  A:60%  11.18 matches/s  ETA 20s
2026-10-02 00:21:47,041 INFO     benchmark — 3790/4000  A:60%  11.18 matches/s  ETA 19s
2026-10-02 00:21:47,727 INFO     benchmark — 3800/4000  A:60%  11.18 matches/s  ETA 18s
2026-10-02 00:21:48,436 INFO     benchmark — 3810/4000  A:60%  11.19 matches/s  ETA 17s
2026-10-02 00:21:49,020 INFO     benchmark — 3820/4000  A:60%  11.20 matches/s  ETA 16s
2026-10-02 00:21:50,271 INFO     benchmark — 3830/4000  A:60%  11.19 matches/s  ETA 15s
2026-10-02 00:21:50,925 INFO     benchmark — 3840/4000  A:60%  11.20 matches/s  ETA 14s
2026-10-02 00:21:51,953 INFO     benchmark — 3850/4000  A:60%  11.19 matches/s  ETA 13s
2026-10-02 00:21:52,588 INFO     benchmark — 3860/4000  A:60%  11.20 matches/s  ETA 12s
2026-10-02 00:21:53,666 INFO     benchmark — 3870/4000  A:60%  11.20 matches/s  ETA 12s
2026-10-02 00:21:54,463 INFO     benchmark — 3880/4000  A:60%  11.20 matches/s  ETA 11s
2026-10-02 00:21:55,002 INFO     benchmark — 3890/4000  A:60%  11.21 matches/s  ETA 10s
2026-10-02 00:21:55,802 INFO     benchmark — 3900/4000  A:60%  11.21 matches/s  ETA 9s
2026-10-02 00:21:56,267 INFO     benchmark — 3910/4000  A:60%  11.23 matches/s  ETA 8s
2026-10-02 00:21:57,044 INFO     benchmark — 3920/4000  A:60%  11.23 matches/s  ETA 7s
2026-10-02 00:21:57,955 INFO     benchmark — 3930/4000  A:60%  11.23 matches/s  ETA 6s
2026-10-02 00:21:58,919 INFO     benchmark — 3940/4000  A:60%  11.23 matches/s  ETA 5s
2026-10-02 00:21:59,834 INFO     benchmark — 3950/4000  A:60%  11.23 matches/s  ETA 4s
2026-10-02 00:22:00,597 INFO     benchmark — 3960/4000  A:60%  11.23 matches/s  ETA 4s
2026-10-02 00:22:01,159 INFO     benchmark — 3970/4000  A:60%  11.24 matches/s  ETA 3s
2026-10-02 00:22:02,135 INFO     benchmark — 3980/4000  A:60%  11.24 matches/s  ETA 2s
2026-10-02 00:22:02,970 INFO     benchmark — 3990/4000  A:61%  11.24 matches/s  ETA 1s
2026-10-02 00:22:03,961 INFO     benchmark — 4000/4000  A:61%  11.24 matches/s  ETA 0s
2026-10-02 00:22:04,012 INFO     benchmark — wrote results/008/thr2M_vs_rnd.json

──────────────────────────────────────────────────
Mode:        match_rl_vs_random
Matches:      4,000
──────────────────────────────────────────────────
RL(truco_threshold_2000000) wins:  2,423  (60.6%)
Random wins:  1,577  (39.4%)
Ties:        0  (0.0%)
──────────────────────────────────────────────────

