2026-10-01 23:28:12,673 INFO     benchmark — 10/4000  A:100%  9.01 matches/s  ETA 443s
2026-10-01 23:28:13,489 INFO     benchmark — 20/4000  A:95%  10.38 matches/s  ETA 383s
2026-10-01 23:28:14,378 INFO     benchmark — 30/4000  A:93%  10.66 matches/s  ETA 373s
2026-10-01 23:28:16,512 WARNING  benchmark — voided hand: >2000 actions (policy cycle)
2026-10-01 23:28:18,004 WARNING  benchmark — voided hand: >2000 actions (policy cycle)
2026-10-01 23:28:18,436 INFO     benchmark — 40/4000  A:90%  5.82 matches/s  ETA 680s
2026-10-01 23:28:19,693 INFO     benchmark — 50/4000  A:92%  6.15 matches/s  ETA 642s
2026-10-01 23:28:20,649 INFO     benchmark — 60/4000  A:93%  6.60 matches/s  ETA 597s
2026-10-01 23:28:21,452 INFO     benchmark — 70/4000  A:91%  7.08 matches/s  ETA 555s
2026-10-01 23:28:22,575 INFO     benchmark — 80/4000  A:85%  7.26 matches/s  ETA 540s
2026-10-01 23:28:23,661 INFO     benchmark — 90/4000  A:83%  7.44 matches/s  ETA 526s
2026-10-01 23:28:25,615 WARNING  benchmark — voided hand: >2000 actions (policy cycle)
2026-10-01 23:28:27,671 WARNING  benchmark — voided hand: >2000 actions (policy cycle)
2026-10-01 23:28:27,706 INFO     benchmark — 100/4000  A:83%  6.19 matches/s  ETA 630s
2026-10-01 23:28:28,741 INFO     benchmark — 110/4000  A:81%  6.40 matches/s  ETA 607s
2026-10-01 23:28:29,722 INFO     benchmark — 120/4000  A:80%  6.61 matches/s  ETA 587s
2026-10-01 23:28:30,735 INFO     benchmark — 130/4000  A:80%  6.78 matches/s  ETA 571s
2026-10-01 23:28:32,911 WARNING  benchmark — voided hand: >2000 actions (policy cycle)
2026-10-01 23:28:33,058 INFO     benchmark — 140/4000  A:81%  6.51 matches/s  ETA 593s
2026-10-01 23:28:34,364 INFO     benchmark — 150/4000  A:81%  6.58 matches/s  ETA 585s
2026-10-01 23:28:35,445 INFO     benchmark — 160/4000  A:81%  6.70 matches/s  ETA 573s
2026-10-01 23:28:36,550 INFO     benchmark — 170/4000  A:81%  6.80 matches/s  ETA 563s
2026-10-01 23:28:38,207 WARNING  benchmark — voided hand: >2000 actions (policy cycle)
2026-10-01 23:28:39,096 INFO     benchmark — 180/4000  A:81%  6.54 matches/s  ETA 584s
2026-10-01 23:28:41,554 WARNING  benchmark — voided hand: >2000 actions (policy cycle)
2026-10-01 23:28:41,739 INFO     benchmark — 190/4000  A:79%  6.30 matches/s  ETA 605s
2026-10-01 23:28:42,705 INFO     benchmark — 200/4000  A:78%  6.42 matches/s  ETA 592s
2026-10-01 23:28:43,599 INFO     benchmark — 210/4000  A:79%  6.55 matches/s  ETA 578s
2026-10-01 23:28:44,520 INFO     benchmark — 220/4000  A:79%  6.68 matches/s  ETA 566s
2026-10-01 23:28:46,147 WARNING  benchmark — voided hand: >2000 actions (policy cycle)
2026-10-01 23:28:46,997 INFO     benchmark — 230/4000  A:79%  6.49 matches/s  ETA 581s
2026-10-01 23:28:49,598 WARNING  benchmark — voided hand: >2000 actions (policy cycle)
2026-10-01 23:28:49,767 INFO     benchmark — 240/4000  A:80%  6.28 matches/s  ETA 599s
2026-10-01 23:28:50,726 INFO     benchmark — 250/4000  A:80%  6.38 matches/s  ETA 587s
2026-10-01 23:28:51,900 INFO     benchmark — 260/4000  A:80%  6.45 matches/s  ETA 580s
2026-10-01 23:28:52,819 INFO     benchmark — 270/4000  A:78%  6.54 matches/s  ETA 570s
2026-10-01 23:28:53,807 INFO     benchmark — 280/4000  A:78%  6.63 matches/s  ETA 561s
2026-10-01 23:28:55,005 INFO     benchmark — 290/4000  A:78%  6.68 matches/s  ETA 556s
2026-10-01 23:28:56,141 INFO     benchmark — 300/4000  A:78%  6.73 matches/s  ETA 550s
2026-10-01 23:28:57,159 INFO     benchmark — 310/4000  A:77%  6.80 matches/s  ETA 543s
2026-10-01 23:28:58,348 INFO     benchmark — 320/4000  A:76%  6.84 matches/s  ETA 538s
2026-10-01 23:28:59,316 INFO     benchmark — 330/4000  A:76%  6.91 matches/s  ETA 531s
2026-10-01 23:29:00,300 INFO     benchmark — 340/4000  A:75%  6.98 matches/s  ETA 525s
2026-10-01 23:29:01,288 INFO     benchmark — 350/4000  A:76%  7.04 matches/s  ETA 519s
2026-10-01 23:29:02,092 INFO     benchmark — 360/4000  A:76%  7.12 matches/s  ETA 511s
2026-10-01 23:29:03,404 INFO     benchmark — 370/4000  A:77%  7.14 matches/s  ETA 509s
2026-10-01 23:29:04,492 INFO     benchmark — 380/4000  A:77%  7.18 matches/s  ETA 504s
2026-10-01 23:29:05,574 INFO     benchmark — 390/4000  A:77%  7.22 matches/s  ETA 500s
2026-10-01 23:29:06,616 INFO     benchmark — 400/4000  A:77%  7.27 matches/s  ETA 495s
2026-10-01 23:29:07,662 INFO     benchmark — 410/4000  A:77%  7.31 matches/s  ETA 491s
2026-10-01 23:29:08,758 INFO     benchmark — 420/4000  A:77%  7.34 matches/s  ETA 488s
2026-10-01 23:29:10,031 INFO     benchmark — 430/4000  A:77%  7.35 matches/s  ETA 485s
2026-10-01 23:29:11,073 INFO     benchmark — 440/4000  A:77%  7.39 matches/s  ETA 481s
2026-10-01 23:29:12,002 INFO     benchmark — 450/4000  A:77%  7.45 matches/s  ETA 477s
2026-10-01 23:29:12,921 INFO     benchmark — 460/4000  A:77%  7.50 matches/s  ETA 472s
2026-10-01 23:29:13,866 INFO     benchmark — 470/4000  A:77%  7.54 matches/s  ETA 468s
2026-10-01 23:29:15,774 WARNING  benchmark — voided hand: >2000 actions (policy cycle)
2026-10-01 23:29:16,423 INFO     benchmark — 480/4000  A:78%  7.40 matches/s  ETA 476s
2026-10-01 23:29:17,600 INFO     benchmark — 490/4000  A:78%  7.42 matches/s  ETA 473s
2026-10-01 23:29:18,399 INFO     benchmark — 500/4000  A:78%  7.48 matches/s  ETA 468s
2026-10-01 23:29:19,492 INFO     benchmark — 510/4000  A:78%  7.51 matches/s  ETA 465s
2026-10-01 23:29:20,457 INFO     benchmark — 520/4000  A:78%  7.55 matches/s  ETA 461s
2026-10-01 23:29:21,614 INFO     benchmark — 530/4000  A:78%  7.57 matches/s  ETA 459s
2026-10-01 23:29:22,312 INFO     benchmark — 540/4000  A:78%  7.63 matches/s  ETA 453s
2026-10-01 23:29:23,493 INFO     benchmark — 550/4000  A:78%  7.65 matches/s  ETA 451s
2026-10-01 23:29:24,588 INFO     benchmark — 560/4000  A:78%  7.67 matches/s  ETA 449s
2026-10-01 23:29:25,862 INFO     benchmark — 570/4000  A:79%  7.67 matches/s  ETA 447s
2026-10-01 23:29:26,902 INFO     benchmark — 580/4000  A:79%  7.70 matches/s  ETA 444s
2026-10-01 23:29:28,078 INFO     benchmark — 590/4000  A:79%  7.71 matches/s  ETA 442s
2026-10-01 23:29:29,025 INFO     benchmark — 600/4000  A:79%  7.75 matches/s  ETA 439s
2026-10-01 23:29:29,873 INFO     benchmark — 610/4000  A:79%  7.79 matches/s  ETA 435s
2026-10-01 23:29:30,984 INFO     benchmark — 620/4000  A:79%  7.81 matches/s  ETA 433s
2026-10-01 23:29:32,705 INFO     benchmark — 630/4000  A:79%  7.76 matches/s  ETA 434s
2026-10-01 23:29:34,173 INFO     benchmark — 640/4000  A:79%  7.75 matches/s  ETA 434s
2026-10-01 23:29:35,912 INFO     benchmark — 650/4000  A:79%  7.71 matches/s  ETA 435s
2026-10-01 23:29:37,569 INFO     benchmark — 660/4000  A:80%  7.67 matches/s  ETA 435s
2026-10-01 23:29:40,334 WARNING  benchmark — voided hand: >2000 actions (policy cycle)
2026-10-01 23:29:40,925 INFO     benchmark — 670/4000  A:79%  7.50 matches/s  ETA 444s
2026-10-01 23:29:42,104 INFO     benchmark — 680/4000  A:79%  7.51 matches/s  ETA 442s
2026-10-01 23:29:43,399 INFO     benchmark — 690/4000  A:79%  7.51 matches/s  ETA 441s
2026-10-01 23:29:44,963 INFO     benchmark — 700/4000  A:79%  7.49 matches/s  ETA 440s
2026-10-01 23:29:46,542 INFO     benchmark — 710/4000  A:79%  7.48 matches/s  ETA 440s
2026-10-01 23:29:47,836 INFO     benchmark — 720/4000  A:79%  7.48 matches/s  ETA 439s
2026-10-01 23:29:49,563 INFO     benchmark — 730/4000  A:79%  7.45 matches/s  ETA 439s
2026-10-01 23:29:50,805 INFO     benchmark — 740/4000  A:79%  7.46 matches/s  ETA 437s
2026-10-01 23:29:52,289 INFO     benchmark — 750/4000  A:79%  7.45 matches/s  ETA 436s
2026-10-01 23:29:53,363 INFO     benchmark — 760/4000  A:79%  7.47 matches/s  ETA 434s
2026-10-01 23:29:54,714 INFO     benchmark — 770/4000  A:79%  7.46 matches/s  ETA 433s
2026-10-01 23:29:56,219 INFO     benchmark — 780/4000  A:79%  7.45 matches/s  ETA 432s
2026-10-01 23:29:57,387 INFO     benchmark — 790/4000  A:79%  7.47 matches/s  ETA 430s
2026-10-01 23:29:58,533 INFO     benchmark — 800/4000  A:79%  7.48 matches/s  ETA 428s
2026-10-01 23:29:59,788 INFO     benchmark — 810/4000  A:79%  7.48 matches/s  ETA 426s
2026-10-01 23:30:01,292 INFO     benchmark — 820/4000  A:79%  7.47 matches/s  ETA 426s
2026-10-01 23:30:03,022 INFO     benchmark — 830/4000  A:79%  7.45 matches/s  ETA 426s
2026-10-01 23:30:03,969 INFO     benchmark — 840/4000  A:79%  7.47 matches/s  ETA 423s
2026-10-01 23:30:05,663 INFO     benchmark — 850/4000  A:79%  7.45 matches/s  ETA 423s
2026-10-01 23:30:07,258 INFO     benchmark — 860/4000  A:79%  7.43 matches/s  ETA 422s
2026-10-01 23:30:08,236 INFO     benchmark — 870/4000  A:79%  7.46 matches/s  ETA 420s
2026-10-01 23:30:09,708 INFO     benchmark — 880/4000  A:79%  7.45 matches/s  ETA 419s
2026-10-01 23:30:11,294 INFO     benchmark — 890/4000  A:79%  7.43 matches/s  ETA 418s
2026-10-01 23:30:12,180 INFO     benchmark — 900/4000  A:79%  7.46 matches/s  ETA 415s
2026-10-01 23:30:13,698 INFO     benchmark — 910/4000  A:79%  7.45 matches/s  ETA 415s
2026-10-01 23:30:15,143 INFO     benchmark — 920/4000  A:79%  7.44 matches/s  ETA 414s
2026-10-01 23:30:16,651 INFO     benchmark — 930/4000  A:79%  7.43 matches/s  ETA 413s
2026-10-01 23:30:18,057 INFO     benchmark — 940/4000  A:79%  7.43 matches/s  ETA 412s
2026-10-01 23:30:19,907 INFO     benchmark — 950/4000  A:79%  7.40 matches/s  ETA 412s
2026-10-01 23:30:21,406 INFO     benchmark — 960/4000  A:79%  7.39 matches/s  ETA 411s
2026-10-01 23:30:22,739 INFO     benchmark — 970/4000  A:79%  7.39 matches/s  ETA 410s
2026-10-01 23:30:24,297 INFO     benchmark — 980/4000  A:79%  7.38 matches/s  ETA 409s
2026-10-01 23:30:25,740 INFO     benchmark — 990/4000  A:79%  7.38 matches/s  ETA 408s
2026-10-01 23:30:27,130 INFO     benchmark — 1000/4000  A:79%  7.38 matches/s  ETA 407s
2026-10-01 23:30:28,222 INFO     benchmark — 1010/4000  A:79%  7.39 matches/s  ETA 405s
2026-10-01 23:30:29,544 INFO     benchmark — 1020/4000  A:79%  7.39 matches/s  ETA 403s
2026-10-01 23:30:30,653 INFO     benchmark — 1030/4000  A:79%  7.41 matches/s  ETA 401s
2026-10-01 23:30:31,941 INFO     benchmark — 1040/4000  A:79%  7.41 matches/s  ETA 400s
2026-10-01 23:30:33,165 INFO     benchmark — 1050/4000  A:79%  7.42 matches/s  ETA 398s
2026-10-01 23:30:34,345 INFO     benchmark — 1060/4000  A:79%  7.42 matches/s  ETA 396s
2026-10-01 23:30:35,874 INFO     benchmark — 1070/4000  A:80%  7.41 matches/s  ETA 395s
2026-10-01 23:30:37,109 INFO     benchmark — 1080/4000  A:79%  7.42 matches/s  ETA 394s
2026-10-01 23:30:38,838 INFO     benchmark — 1090/4000  A:79%  7.40 matches/s  ETA 393s
2026-10-01 23:30:40,086 INFO     benchmark — 1100/4000  A:79%  7.41 matches/s  ETA 392s
2026-10-01 23:30:41,719 INFO     benchmark — 1110/4000  A:79%  7.39 matches/s  ETA 391s
2026-10-01 23:30:45,599 WARNING  benchmark — voided hand: >2000 actions (policy cycle)
2026-10-01 23:30:45,624 INFO     benchmark — 1120/4000  A:79%  7.27 matches/s  ETA 396s
2026-10-01 23:30:46,887 INFO     benchmark — 1130/4000  A:79%  7.28 matches/s  ETA 394s
2026-10-01 23:30:48,386 INFO     benchmark — 1140/4000  A:79%  7.27 matches/s  ETA 393s
2026-10-01 23:30:49,972 INFO     benchmark — 1150/4000  A:79%  7.26 matches/s  ETA 393s
2026-10-01 23:30:52,356 WARNING  benchmark — voided hand: >2000 actions (policy cycle)
2026-10-01 23:30:53,521 INFO     benchmark — 1160/4000  A:79%  7.16 matches/s  ETA 397s
2026-10-01 23:30:55,247 INFO     benchmark — 1170/4000  A:79%  7.15 matches/s  ETA 396s
2026-10-01 23:30:56,197 INFO     benchmark — 1180/4000  A:79%  7.17 matches/s  ETA 393s
2026-10-01 23:30:57,612 INFO     benchmark — 1190/4000  A:79%  7.17 matches/s  ETA 392s
2026-10-01 23:30:59,984 WARNING  benchmark — voided hand: >2000 actions (policy cycle)
2026-10-01 23:31:01,295 INFO     benchmark — 1200/4000  A:79%  7.07 matches/s  ETA 396s
2026-10-01 23:31:02,796 INFO     benchmark — 1210/4000  A:79%  7.07 matches/s  ETA 395s
2026-10-01 23:31:03,831 INFO     benchmark — 1220/4000  A:79%  7.08 matches/s  ETA 393s
2026-10-01 23:31:05,400 INFO     benchmark — 1230/4000  A:79%  7.08 matches/s  ETA 391s
2026-10-01 23:31:07,314 INFO     benchmark — 1240/4000  A:79%  7.06 matches/s  ETA 391s
2026-10-01 23:31:08,944 INFO     benchmark — 1250/4000  A:79%  7.05 matches/s  ETA 390s
2026-10-01 23:31:10,305 INFO     benchmark — 1260/4000  A:79%  7.05 matches/s  ETA 389s
2026-10-01 23:31:11,281 INFO     benchmark — 1270/4000  A:79%  7.07 matches/s  ETA 386s
2026-10-01 23:31:12,575 INFO     benchmark — 1280/4000  A:79%  7.07 matches/s  ETA 385s
2026-10-01 23:31:14,179 INFO     benchmark — 1290/4000  A:79%  7.06 matches/s  ETA 384s
2026-10-01 23:31:15,615 INFO     benchmark — 1300/4000  A:79%  7.06 matches/s  ETA 382s
2026-10-01 23:31:18,598 WARNING  benchmark — voided hand: >2000 actions (policy cycle)
2026-10-01 23:31:19,296 INFO     benchmark — 1310/4000  A:79%  6.98 matches/s  ETA 385s
2026-10-01 23:31:20,547 INFO     benchmark — 1320/4000  A:79%  6.98 matches/s  ETA 384s
2026-10-01 23:31:22,370 INFO     benchmark — 1330/4000  A:79%  6.97 matches/s  ETA 383s
2026-10-01 23:31:23,784 INFO     benchmark — 1340/4000  A:79%  6.97 matches/s  ETA 382s
2026-10-01 23:31:25,122 INFO     benchmark — 1350/4000  A:79%  6.97 matches/s  ETA 380s
2026-10-01 23:31:26,655 INFO     benchmark — 1360/4000  A:79%  6.97 matches/s  ETA 379s
2026-10-01 23:31:28,122 INFO     benchmark — 1370/4000  A:79%  6.97 matches/s  ETA 377s
2026-10-01 23:31:29,627 INFO     benchmark — 1380/4000  A:79%  6.97 matches/s  ETA 376s
2026-10-01 23:31:32,791 WARNING  benchmark — voided hand: >2000 actions (policy cycle)
2026-10-01 23:31:33,481 INFO     benchmark — 1390/4000  A:79%  6.88 matches/s  ETA 379s
2026-10-01 23:31:34,944 INFO     benchmark — 1400/4000  A:79%  6.88 matches/s  ETA 378s
2026-10-01 23:31:38,135 WARNING  benchmark — voided hand: >2000 actions (policy cycle)
2026-10-01 23:31:38,573 INFO     benchmark — 1410/4000  A:79%  6.81 matches/s  ETA 380s
2026-10-01 23:31:40,017 INFO     benchmark — 1420/4000  A:79%  6.81 matches/s  ETA 379s
2026-10-01 23:31:41,703 INFO     benchmark — 1430/4000  A:79%  6.80 matches/s  ETA 378s
2026-10-01 23:31:43,243 INFO     benchmark — 1440/4000  A:79%  6.80 matches/s  ETA 376s
2026-10-01 23:31:46,218 WARNING  benchmark — voided hand: >2000 actions (policy cycle)
2026-10-01 23:31:47,173 INFO     benchmark — 1450/4000  A:79%  6.73 matches/s  ETA 379s
2026-10-01 23:31:48,441 INFO     benchmark — 1460/4000  A:79%  6.73 matches/s  ETA 377s
2026-10-01 23:31:50,017 INFO     benchmark — 1470/4000  A:79%  6.73 matches/s  ETA 376s
2026-10-01 23:31:51,414 INFO     benchmark — 1480/4000  A:79%  6.73 matches/s  ETA 374s
2026-10-01 23:31:53,144 INFO     benchmark — 1490/4000  A:79%  6.72 matches/s  ETA 373s
2026-10-01 23:31:54,163 INFO     benchmark — 1500/4000  A:79%  6.74 matches/s  ETA 371s
2026-10-01 23:31:55,120 INFO     benchmark — 1510/4000  A:79%  6.75 matches/s  ETA 369s
2026-10-01 23:31:56,148 INFO     benchmark — 1520/4000  A:79%  6.77 matches/s  ETA 366s
2026-10-01 23:31:58,552 WARNING  benchmark — voided hand: >2000 actions (policy cycle)
2026-10-01 23:31:58,571 INFO     benchmark — 1530/4000  A:79%  6.74 matches/s  ETA 366s
2026-10-01 23:31:59,182 INFO     benchmark — 1540/4000  A:79%  6.77 matches/s  ETA 364s
2026-10-01 23:32:00,221 INFO     benchmark — 1550/4000  A:79%  6.78 matches/s  ETA 361s
2026-10-01 23:32:00,926 INFO     benchmark — 1560/4000  A:79%  6.80 matches/s  ETA 359s
2026-10-01 23:32:01,986 INFO     benchmark — 1570/4000  A:79%  6.81 matches/s  ETA 357s
2026-10-01 23:32:03,051 INFO     benchmark — 1580/4000  A:79%  6.83 matches/s  ETA 355s
2026-10-01 23:32:03,962 INFO     benchmark — 1590/4000  A:79%  6.84 matches/s  ETA 352s
2026-10-01 23:32:05,105 INFO     benchmark — 1600/4000  A:80%  6.85 matches/s  ETA 350s
2026-10-01 23:32:06,137 INFO     benchmark — 1610/4000  A:80%  6.86 matches/s  ETA 348s
2026-10-01 23:32:07,134 INFO     benchmark — 1620/4000  A:80%  6.88 matches/s  ETA 346s
2026-10-01 23:32:08,022 INFO     benchmark — 1630/4000  A:80%  6.89 matches/s  ETA 344s
2026-10-01 23:32:08,900 INFO     benchmark — 1640/4000  A:80%  6.91 matches/s  ETA 342s
2026-10-01 23:32:09,884 INFO     benchmark — 1650/4000  A:80%  6.92 matches/s  ETA 339s
2026-10-01 23:32:11,314 INFO     benchmark — 1660/4000  A:79%  6.92 matches/s  ETA 338s
2026-10-01 23:32:12,988 INFO     benchmark — 1670/4000  A:80%  6.92 matches/s  ETA 337s
2026-10-01 23:32:16,416 WARNING  benchmark — voided hand: >2000 actions (policy cycle)
2026-10-01 23:32:17,009 INFO     benchmark — 1680/4000  A:80%  6.84 matches/s  ETA 339s
2026-10-01 23:32:18,090 INFO     benchmark — 1690/4000  A:79%  6.86 matches/s  ETA 337s
2026-10-01 23:32:19,519 INFO     benchmark — 1700/4000  A:79%  6.86 matches/s  ETA 335s
2026-10-01 23:32:22,009 WARNING  benchmark — voided hand: >2000 actions (policy cycle)
2026-10-01 23:32:23,583 INFO     benchmark — 1710/4000  A:79%  6.79 matches/s  ETA 338s
2026-10-01 23:32:25,152 INFO     benchmark — 1720/4000  A:79%  6.78 matches/s  ETA 336s
2026-10-01 23:32:26,849 INFO     benchmark — 1730/4000  A:79%  6.78 matches/s  ETA 335s
2026-10-01 23:32:28,120 INFO     benchmark — 1740/4000  A:79%  6.78 matches/s  ETA 333s
2026-10-01 23:32:30,817 WARNING  benchmark — voided hand: >2000 actions (policy cycle)
2026-10-01 23:32:31,489 INFO     benchmark — 1750/4000  A:79%  6.73 matches/s  ETA 334s
2026-10-01 23:32:34,372 WARNING  benchmark — voided hand: >2000 actions (policy cycle)
2026-10-01 23:32:34,619 INFO     benchmark — 1760/4000  A:79%  6.69 matches/s  ETA 335s
2026-10-01 23:32:36,476 INFO     benchmark — 1770/4000  A:79%  6.68 matches/s  ETA 334s
2026-10-01 23:32:37,620 INFO     benchmark — 1780/4000  A:79%  6.69 matches/s  ETA 332s
2026-10-01 23:32:39,173 INFO     benchmark — 1790/4000  A:79%  6.69 matches/s  ETA 330s
2026-10-01 23:32:40,260 INFO     benchmark — 1800/4000  A:80%  6.70 matches/s  ETA 328s
2026-10-01 23:32:41,778 INFO     benchmark — 1810/4000  A:80%  6.70 matches/s  ETA 327s
2026-10-01 23:32:44,661 WARNING  benchmark — voided hand: >2000 actions (policy cycle)
2026-10-01 23:32:45,465 INFO     benchmark — 1820/4000  A:79%  6.64 matches/s  ETA 328s
2026-10-01 23:32:46,934 INFO     benchmark — 1830/4000  A:79%  6.65 matches/s  ETA 327s
2026-10-01 23:32:48,286 INFO     benchmark — 1840/4000  A:79%  6.65 matches/s  ETA 325s
2026-10-01 23:32:49,663 INFO     benchmark — 1850/4000  A:79%  6.65 matches/s  ETA 323s
2026-10-01 23:32:51,180 INFO     benchmark — 1860/4000  A:79%  6.65 matches/s  ETA 322s
2026-10-01 23:32:52,366 INFO     benchmark — 1870/4000  A:79%  6.66 matches/s  ETA 320s
2026-10-01 23:32:53,814 INFO     benchmark — 1880/4000  A:79%  6.66 matches/s  ETA 318s
2026-10-01 23:32:56,323 WARNING  benchmark — voided hand: >2000 actions (policy cycle)
2026-10-01 23:32:57,511 INFO     benchmark — 1890/4000  A:79%  6.61 matches/s  ETA 319s
2026-10-01 23:32:58,928 INFO     benchmark — 1900/4000  A:79%  6.61 matches/s  ETA 318s
2026-10-01 23:33:01,775 WARNING  benchmark — voided hand: >2000 actions (policy cycle)
2026-10-01 23:33:02,461 INFO     benchmark — 1910/4000  A:79%  6.57 matches/s  ETA 318s
2026-10-01 23:33:03,670 INFO     benchmark — 1920/4000  A:79%  6.57 matches/s  ETA 316s
2026-10-01 23:33:05,340 INFO     benchmark — 1930/4000  A:79%  6.57 matches/s  ETA 315s
2026-10-01 23:33:06,831 INFO     benchmark — 1940/4000  A:79%  6.57 matches/s  ETA 314s
2026-10-01 23:33:08,113 INFO     benchmark — 1950/4000  A:79%  6.58 matches/s  ETA 312s
2026-10-01 23:33:09,732 INFO     benchmark — 1960/4000  A:79%  6.57 matches/s  ETA 310s
2026-10-01 23:33:11,022 INFO     benchmark — 1970/4000  A:79%  6.58 matches/s  ETA 309s
2026-10-01 23:33:12,145 INFO     benchmark — 1980/4000  A:79%  6.59 matches/s  ETA 307s
2026-10-01 23:33:13,517 INFO     benchmark — 1990/4000  A:79%  6.59 matches/s  ETA 305s
2026-10-01 23:33:14,910 INFO     benchmark — 2000/4000  A:79%  6.59 matches/s  ETA 303s
2026-10-01 23:33:16,341 INFO     benchmark — 2010/4000  A:79%  6.59 matches/s  ETA 302s
2026-10-01 23:33:17,525 INFO     benchmark — 2020/4000  A:79%  6.60 matches/s  ETA 300s
2026-10-01 23:33:19,875 WARNING  benchmark — voided hand: >2000 actions (policy cycle)
2026-10-01 23:33:21,152 INFO     benchmark — 2030/4000  A:79%  6.56 matches/s  ETA 300s
2026-10-01 23:33:22,464 INFO     benchmark — 2040/4000  A:79%  6.56 matches/s  ETA 299s
2026-10-01 23:33:25,959 WARNING  benchmark — voided hand: >2000 actions (policy cycle)
2026-10-01 23:33:26,373 INFO     benchmark — 2050/4000  A:79%  6.51 matches/s  ETA 299s
2026-10-01 23:33:27,688 INFO     benchmark — 2060/4000  A:79%  6.52 matches/s  ETA 298s
2026-10-01 23:33:29,232 INFO     benchmark — 2070/4000  A:79%  6.52 matches/s  ETA 296s
2026-10-01 23:33:30,766 INFO     benchmark — 2080/4000  A:79%  6.52 matches/s  ETA 295s
2026-10-01 23:33:32,470 INFO     benchmark — 2090/4000  A:79%  6.51 matches/s  ETA 293s
2026-10-01 23:33:33,750 INFO     benchmark — 2100/4000  A:79%  6.52 matches/s  ETA 292s
2026-10-01 23:33:34,897 INFO     benchmark — 2110/4000  A:79%  6.53 matches/s  ETA 290s
2026-10-01 23:33:36,300 INFO     benchmark — 2120/4000  A:79%  6.53 matches/s  ETA 288s
2026-10-01 23:33:37,601 INFO     benchmark — 2130/4000  A:79%  6.53 matches/s  ETA 286s
2026-10-01 23:33:38,941 INFO     benchmark — 2140/4000  A:79%  6.54 matches/s  ETA 285s
2026-10-01 23:33:40,577 INFO     benchmark — 2150/4000  A:79%  6.53 matches/s  ETA 283s
2026-10-01 23:33:42,174 INFO     benchmark — 2160/4000  A:79%  6.53 matches/s  ETA 282s
2026-10-01 23:33:44,815 WARNING  benchmark — voided hand: >2000 actions (policy cycle)
2026-10-01 23:33:45,725 INFO     benchmark — 2170/4000  A:79%  6.49 matches/s  ETA 282s
2026-10-01 23:33:47,176 INFO     benchmark — 2180/4000  A:79%  6.50 matches/s  ETA 280s
2026-10-01 23:33:48,540 INFO     benchmark — 2190/4000  A:79%  6.50 matches/s  ETA 279s
2026-10-01 23:33:49,881 INFO     benchmark — 2200/4000  A:79%  6.50 matches/s  ETA 277s
2026-10-01 23:33:51,534 INFO     benchmark — 2210/4000  A:79%  6.50 matches/s  ETA 275s
2026-10-01 23:33:52,996 INFO     benchmark — 2220/4000  A:79%  6.50 matches/s  ETA 274s
2026-10-01 23:33:54,700 INFO     benchmark — 2230/4000  A:79%  6.50 matches/s  ETA 272s
2026-10-01 23:33:55,757 INFO     benchmark — 2240/4000  A:79%  6.51 matches/s  ETA 270s
2026-10-01 23:33:56,784 INFO     benchmark — 2250/4000  A:79%  6.52 matches/s  ETA 269s
2026-10-01 23:33:58,515 INFO     benchmark — 2260/4000  A:79%  6.51 matches/s  ETA 267s
2026-10-01 23:33:59,802 INFO     benchmark — 2270/4000  A:79%  6.52 matches/s  ETA 265s
2026-10-01 23:34:01,637 INFO     benchmark — 2280/4000  A:79%  6.51 matches/s  ETA 264s
2026-10-01 23:34:02,925 INFO     benchmark — 2290/4000  A:79%  6.52 matches/s  ETA 262s
2026-10-01 23:34:04,704 INFO     benchmark — 2300/4000  A:79%  6.51 matches/s  ETA 261s
2026-10-01 23:34:05,702 INFO     benchmark — 2310/4000  A:79%  6.52 matches/s  ETA 259s
2026-10-01 23:34:08,913 WARNING  benchmark — voided hand: >2000 actions (policy cycle)
2026-10-01 23:34:09,242 INFO     benchmark — 2320/4000  A:79%  6.49 matches/s  ETA 259s
2026-10-01 23:34:10,785 INFO     benchmark — 2330/4000  A:79%  6.49 matches/s  ETA 257s
2026-10-01 23:34:12,193 INFO     benchmark — 2340/4000  A:79%  6.49 matches/s  ETA 256s
2026-10-01 23:34:15,301 WARNING  benchmark — voided hand: >2000 actions (policy cycle)
2026-10-01 23:34:15,744 INFO     benchmark — 2350/4000  A:79%  6.45 matches/s  ETA 256s
2026-10-01 23:34:17,270 INFO     benchmark — 2360/4000  A:79%  6.45 matches/s  ETA 254s
2026-10-01 23:34:19,529 WARNING  benchmark — voided hand: >2000 actions (policy cycle)
2026-10-01 23:34:19,943 INFO     benchmark — 2370/4000  A:79%  6.43 matches/s  ETA 253s
2026-10-01 23:34:21,231 INFO     benchmark — 2380/4000  A:79%  6.44 matches/s  ETA 252s
2026-10-01 23:34:22,204 INFO     benchmark — 2390/4000  A:79%  6.45 matches/s  ETA 250s
2026-10-01 23:34:23,141 INFO     benchmark — 2400/4000  A:79%  6.46 matches/s  ETA 248s
2026-10-01 23:34:25,096 WARNING  benchmark — voided hand: >2000 actions (policy cycle)
2026-10-01 23:34:27,668 WARNING  benchmark — voided hand: >2000 actions (policy cycle)
2026-10-01 23:34:28,567 INFO     benchmark — 2410/4000  A:79%  6.39 matches/s  ETA 249s
2026-10-01 23:34:30,035 INFO     benchmark — 2420/4000  A:79%  6.39 matches/s  ETA 247s
2026-10-01 23:34:31,541 INFO     benchmark — 2430/4000  A:79%  6.40 matches/s  ETA 246s
2026-10-01 23:34:32,743 INFO     benchmark — 2440/4000  A:79%  6.40 matches/s  ETA 244s
2026-10-01 23:34:34,049 INFO     benchmark — 2450/4000  A:79%  6.41 matches/s  ETA 242s
2026-10-01 23:34:35,535 INFO     benchmark — 2460/4000  A:79%  6.41 matches/s  ETA 240s
2026-10-01 23:34:38,124 WARNING  benchmark — voided hand: >2000 actions (policy cycle)
2026-10-01 23:34:39,181 INFO     benchmark — 2470/4000  A:79%  6.37 matches/s  ETA 240s
2026-10-01 23:34:40,686 INFO     benchmark — 2480/4000  A:79%  6.37 matches/s  ETA 238s
2026-10-01 23:34:42,094 INFO     benchmark — 2490/4000  A:79%  6.38 matches/s  ETA 237s
2026-10-01 23:34:43,359 INFO     benchmark — 2500/4000  A:79%  6.38 matches/s  ETA 235s
2026-10-01 23:34:44,623 INFO     benchmark — 2510/4000  A:79%  6.39 matches/s  ETA 233s
2026-10-01 23:34:46,262 INFO     benchmark — 2520/4000  A:79%  6.38 matches/s  ETA 232s
2026-10-01 23:34:48,077 INFO     benchmark — 2530/4000  A:79%  6.38 matches/s  ETA 230s
2026-10-01 23:34:49,269 INFO     benchmark — 2540/4000  A:79%  6.39 matches/s  ETA 229s
2026-10-01 23:34:50,779 INFO     benchmark — 2550/4000  A:79%  6.39 matches/s  ETA 227s
2026-10-01 23:34:53,854 WARNING  benchmark — voided hand: >2000 actions (policy cycle)
2026-10-01 23:34:54,361 INFO     benchmark — 2560/4000  A:79%  6.36 matches/s  ETA 227s
2026-10-01 23:34:55,703 INFO     benchmark — 2570/4000  A:79%  6.36 matches/s  ETA 225s
2026-10-01 23:34:57,457 INFO     benchmark — 2580/4000  A:79%  6.36 matches/s  ETA 223s
2026-10-01 23:35:00,546 WARNING  benchmark — voided hand: >2000 actions (policy cycle)
2026-10-01 23:35:01,130 INFO     benchmark — 2590/4000  A:79%  6.32 matches/s  ETA 223s
2026-10-01 23:35:02,067 INFO     benchmark — 2600/4000  A:79%  6.33 matches/s  ETA 221s
2026-10-01 23:35:05,408 WARNING  benchmark — voided hand: >2000 actions (policy cycle)
2026-10-01 23:35:05,778 INFO     benchmark — 2610/4000  A:79%  6.30 matches/s  ETA 221s
2026-10-01 23:35:07,318 INFO     benchmark — 2620/4000  A:79%  6.30 matches/s  ETA 219s
2026-10-01 23:35:08,284 INFO     benchmark — 2630/4000  A:79%  6.31 matches/s  ETA 217s
2026-10-01 23:35:09,850 INFO     benchmark — 2640/4000  A:79%  6.31 matches/s  ETA 215s
2026-10-01 23:35:11,228 INFO     benchmark — 2650/4000  A:79%  6.31 matches/s  ETA 214s
2026-10-01 23:35:12,728 INFO     benchmark — 2660/4000  A:79%  6.32 matches/s  ETA 212s
2026-10-01 23:35:14,315 INFO     benchmark — 2670/4000  A:79%  6.32 matches/s  ETA 211s
2026-10-01 23:35:15,879 INFO     benchmark — 2680/4000  A:79%  6.32 matches/s  ETA 209s
2026-10-01 23:35:17,472 INFO     benchmark — 2690/4000  A:79%  6.32 matches/s  ETA 207s
2026-10-01 23:35:18,626 INFO     benchmark — 2700/4000  A:79%  6.32 matches/s  ETA 206s
2026-10-01 23:35:20,177 INFO     benchmark — 2710/4000  A:79%  6.32 matches/s  ETA 204s
2026-10-01 23:35:21,903 INFO     benchmark — 2720/4000  A:79%  6.32 matches/s  ETA 203s
2026-10-01 23:35:23,724 INFO     benchmark — 2730/4000  A:79%  6.32 matches/s  ETA 201s
2026-10-01 23:35:24,948 INFO     benchmark — 2740/4000  A:79%  6.32 matches/s  ETA 199s
2026-10-01 23:35:26,560 INFO     benchmark — 2750/4000  A:79%  6.32 matches/s  ETA 198s
2026-10-01 23:35:28,161 INFO     benchmark — 2760/4000  A:79%  6.32 matches/s  ETA 196s
2026-10-01 23:35:31,060 WARNING  benchmark — voided hand: >2000 actions (policy cycle)
2026-10-01 23:35:31,615 INFO     benchmark — 2770/4000  A:79%  6.29 matches/s  ETA 195s
2026-10-01 23:35:33,254 INFO     benchmark — 2780/4000  A:79%  6.29 matches/s  ETA 194s
2026-10-01 23:35:34,589 INFO     benchmark — 2790/4000  A:79%  6.30 matches/s  ETA 192s
2026-10-01 23:35:35,919 INFO     benchmark — 2800/4000  A:79%  6.30 matches/s  ETA 190s
2026-10-01 23:35:36,844 INFO     benchmark — 2810/4000  A:79%  6.31 matches/s  ETA 189s
2026-10-01 23:35:38,295 INFO     benchmark — 2820/4000  A:79%  6.31 matches/s  ETA 187s
2026-10-01 23:35:39,906 INFO     benchmark — 2830/4000  A:79%  6.31 matches/s  ETA 185s
2026-10-01 23:35:40,955 INFO     benchmark — 2840/4000  A:79%  6.32 matches/s  ETA 184s
2026-10-01 23:35:42,541 INFO     benchmark — 2850/4000  A:79%  6.32 matches/s  ETA 182s
2026-10-01 23:35:43,963 INFO     benchmark — 2860/4000  A:79%  6.32 matches/s  ETA 180s
2026-10-01 23:35:47,287 WARNING  benchmark — voided hand: >2000 actions (policy cycle)
2026-10-01 23:35:47,514 INFO     benchmark — 2870/4000  A:79%  6.29 matches/s  ETA 180s
2026-10-01 23:35:49,292 INFO     benchmark — 2880/4000  A:79%  6.29 matches/s  ETA 178s
2026-10-01 23:35:50,824 INFO     benchmark — 2890/4000  A:79%  6.29 matches/s  ETA 176s
2026-10-01 23:35:52,190 INFO     benchmark — 2900/4000  A:79%  6.30 matches/s  ETA 175s
2026-10-01 23:35:53,543 INFO     benchmark — 2910/4000  A:79%  6.30 matches/s  ETA 173s
2026-10-01 23:35:56,418 WARNING  benchmark — voided hand: >2000 actions (policy cycle)
2026-10-01 23:35:57,345 INFO     benchmark — 2920/4000  A:79%  6.27 matches/s  ETA 172s
2026-10-01 23:35:58,799 INFO     benchmark — 2930/4000  A:79%  6.27 matches/s  ETA 171s
2026-10-01 23:36:00,360 INFO     benchmark — 2940/4000  A:79%  6.27 matches/s  ETA 169s
2026-10-01 23:36:01,680 INFO     benchmark — 2950/4000  A:79%  6.28 matches/s  ETA 167s
2026-10-01 23:36:02,854 INFO     benchmark — 2960/4000  A:79%  6.28 matches/s  ETA 166s
2026-10-01 23:36:03,922 INFO     benchmark — 2970/4000  A:79%  6.29 matches/s  ETA 164s
2026-10-01 23:36:05,246 INFO     benchmark — 2980/4000  A:79%  6.29 matches/s  ETA 162s
2026-10-01 23:36:06,522 INFO     benchmark — 2990/4000  A:79%  6.30 matches/s  ETA 160s
2026-10-01 23:36:08,175 INFO     benchmark — 3000/4000  A:79%  6.29 matches/s  ETA 159s
2026-10-01 23:36:09,387 INFO     benchmark — 3010/4000  A:79%  6.30 matches/s  ETA 157s
2026-10-01 23:36:10,431 INFO     benchmark — 3020/4000  A:79%  6.31 matches/s  ETA 155s
2026-10-01 23:36:11,547 INFO     benchmark — 3030/4000  A:79%  6.31 matches/s  ETA 154s
2026-10-01 23:36:13,136 INFO     benchmark — 3040/4000  A:79%  6.31 matches/s  ETA 152s
2026-10-01 23:36:14,565 INFO     benchmark — 3050/4000  A:79%  6.31 matches/s  ETA 150s
2026-10-01 23:36:15,952 INFO     benchmark — 3060/4000  A:79%  6.32 matches/s  ETA 149s
2026-10-01 23:36:18,334 WARNING  benchmark — voided hand: >2000 actions (policy cycle)
2026-10-01 23:36:19,122 INFO     benchmark — 3070/4000  A:79%  6.30 matches/s  ETA 148s
2026-10-01 23:36:20,613 INFO     benchmark — 3080/4000  A:79%  6.30 matches/s  ETA 146s
2026-10-01 23:36:22,157 INFO     benchmark — 3090/4000  A:79%  6.30 matches/s  ETA 144s
2026-10-01 23:36:23,735 INFO     benchmark — 3100/4000  A:79%  6.30 matches/s  ETA 143s
2026-10-01 23:36:26,997 WARNING  benchmark — voided hand: >2000 actions (policy cycle)
2026-10-01 23:36:27,473 INFO     benchmark — 3110/4000  A:79%  6.27 matches/s  ETA 142s
2026-10-01 23:36:29,063 INFO     benchmark — 3120/4000  A:79%  6.27 matches/s  ETA 140s
2026-10-01 23:36:30,696 INFO     benchmark — 3130/4000  A:79%  6.27 matches/s  ETA 139s
2026-10-01 23:36:32,068 INFO     benchmark — 3140/4000  A:79%  6.27 matches/s  ETA 137s
2026-10-01 23:36:35,095 WARNING  benchmark — voided hand: >2000 actions (policy cycle)
2026-10-01 23:36:35,934 INFO     benchmark — 3150/4000  A:79%  6.25 matches/s  ETA 136s
2026-10-01 23:36:38,857 WARNING  benchmark — voided hand: >2000 actions (policy cycle)
2026-10-01 23:36:39,456 INFO     benchmark — 3160/4000  A:79%  6.22 matches/s  ETA 135s
2026-10-01 23:36:40,808 INFO     benchmark — 3170/4000  A:79%  6.22 matches/s  ETA 133s
2026-10-01 23:36:42,038 INFO     benchmark — 3180/4000  A:79%  6.23 matches/s  ETA 132s
2026-10-01 23:36:45,659 WARNING  benchmark — voided hand: >2000 actions (policy cycle)
2026-10-01 23:36:45,899 INFO     benchmark — 3190/4000  A:79%  6.20 matches/s  ETA 131s
2026-10-01 23:36:47,408 INFO     benchmark — 3200/4000  A:79%  6.20 matches/s  ETA 129s
2026-10-01 23:36:48,677 INFO     benchmark — 3210/4000  A:79%  6.21 matches/s  ETA 127s
2026-10-01 23:36:50,028 INFO     benchmark — 3220/4000  A:79%  6.21 matches/s  ETA 126s
2026-10-01 23:36:51,579 INFO     benchmark — 3230/4000  A:79%  6.21 matches/s  ETA 124s
2026-10-01 23:36:52,771 INFO     benchmark — 3240/4000  A:79%  6.22 matches/s  ETA 122s
2026-10-01 23:36:54,358 INFO     benchmark — 3250/4000  A:79%  6.22 matches/s  ETA 121s
2026-10-01 23:36:55,634 INFO     benchmark — 3260/4000  A:79%  6.22 matches/s  ETA 119s
2026-10-01 23:36:57,280 INFO     benchmark — 3270/4000  A:79%  6.22 matches/s  ETA 117s
2026-10-01 23:36:58,352 INFO     benchmark — 3280/4000  A:79%  6.23 matches/s  ETA 116s
2026-10-01 23:36:59,884 INFO     benchmark — 3290/4000  A:79%  6.23 matches/s  ETA 114s
2026-10-01 23:37:01,427 INFO     benchmark — 3300/4000  A:79%  6.23 matches/s  ETA 112s
2026-10-01 23:37:02,746 INFO     benchmark — 3310/4000  A:79%  6.23 matches/s  ETA 111s
2026-10-01 23:37:04,305 INFO     benchmark — 3320/4000  A:79%  6.23 matches/s  ETA 109s
2026-10-01 23:37:06,745 WARNING  benchmark — voided hand: >2000 actions (policy cycle)
2026-10-01 23:37:08,010 INFO     benchmark — 3330/4000  A:79%  6.21 matches/s  ETA 108s
2026-10-01 23:37:11,024 WARNING  benchmark — voided hand: >2000 actions (policy cycle)
2026-10-01 23:37:11,312 INFO     benchmark — 3340/4000  A:79%  6.19 matches/s  ETA 107s
2026-10-01 23:37:12,845 INFO     benchmark — 3350/4000  A:79%  6.19 matches/s  ETA 105s
2026-10-01 23:37:14,258 INFO     benchmark — 3360/4000  A:78%  6.19 matches/s  ETA 103s
2026-10-01 23:37:15,216 INFO     benchmark — 3370/4000  A:78%  6.20 matches/s  ETA 102s
2026-10-01 23:37:16,605 INFO     benchmark — 3380/4000  A:78%  6.20 matches/s  ETA 100s
2026-10-01 23:37:18,234 INFO     benchmark — 3390/4000  A:78%  6.20 matches/s  ETA 98s
2026-10-01 23:37:19,542 INFO     benchmark — 3400/4000  A:78%  6.20 matches/s  ETA 97s
2026-10-01 23:37:22,903 WARNING  benchmark — voided hand: >2000 actions (policy cycle)
2026-10-01 23:37:22,908 INFO     benchmark — 3410/4000  A:78%  6.18 matches/s  ETA 95s
2026-10-01 23:37:24,266 INFO     benchmark — 3420/4000  A:78%  6.19 matches/s  ETA 94s
2026-10-01 23:37:25,372 INFO     benchmark — 3430/4000  A:79%  6.19 matches/s  ETA 92s
2026-10-01 23:37:26,356 INFO     benchmark — 3440/4000  A:78%  6.20 matches/s  ETA 90s
2026-10-01 23:37:27,577 INFO     benchmark — 3450/4000  A:79%  6.20 matches/s  ETA 89s
2026-10-01 23:37:28,826 INFO     benchmark — 3460/4000  A:78%  6.21 matches/s  ETA 87s
2026-10-01 23:37:30,094 INFO     benchmark — 3470/4000  A:79%  6.21 matches/s  ETA 85s
2026-10-01 23:37:31,368 INFO     benchmark — 3480/4000  A:79%  6.22 matches/s  ETA 84s
2026-10-01 23:37:34,584 WARNING  benchmark — voided hand: >2000 actions (policy cycle)
2026-10-01 23:37:35,184 INFO     benchmark — 3490/4000  A:79%  6.19 matches/s  ETA 82s
2026-10-01 23:37:36,602 INFO     benchmark — 3500/4000  A:79%  6.19 matches/s  ETA 81s
2026-10-01 23:37:38,002 INFO     benchmark — 3510/4000  A:79%  6.20 matches/s  ETA 79s
2026-10-01 23:37:39,311 INFO     benchmark — 3520/4000  A:79%  6.20 matches/s  ETA 77s
2026-10-01 23:37:41,003 INFO     benchmark — 3530/4000  A:79%  6.20 matches/s  ETA 76s
2026-10-01 23:37:42,595 INFO     benchmark — 3540/4000  A:79%  6.20 matches/s  ETA 74s
2026-10-01 23:37:44,110 INFO     benchmark — 3550/4000  A:79%  6.20 matches/s  ETA 73s
2026-10-01 23:37:45,984 INFO     benchmark — 3560/4000  A:79%  6.20 matches/s  ETA 71s
2026-10-01 23:37:47,232 INFO     benchmark — 3570/4000  A:79%  6.20 matches/s  ETA 69s
2026-10-01 23:37:49,117 INFO     benchmark — 3580/4000  A:79%  6.20 matches/s  ETA 68s
2026-10-01 23:37:50,373 INFO     benchmark — 3590/4000  A:79%  6.20 matches/s  ETA 66s
2026-10-01 23:37:51,626 INFO     benchmark — 3600/4000  A:79%  6.21 matches/s  ETA 64s
2026-10-01 23:37:52,992 INFO     benchmark — 3610/4000  A:79%  6.21 matches/s  ETA 63s
2026-10-01 23:37:54,440 INFO     benchmark — 3620/4000  A:79%  6.21 matches/s  ETA 61s
2026-10-01 23:37:55,846 INFO     benchmark — 3630/4000  A:79%  6.21 matches/s  ETA 60s
2026-10-01 23:37:57,324 INFO     benchmark — 3640/4000  A:79%  6.21 matches/s  ETA 58s
2026-10-01 23:37:58,605 INFO     benchmark — 3650/4000  A:79%  6.22 matches/s  ETA 56s
2026-10-01 23:38:00,086 INFO     benchmark — 3660/4000  A:79%  6.22 matches/s  ETA 55s
2026-10-01 23:38:01,396 INFO     benchmark — 3670/4000  A:79%  6.22 matches/s  ETA 53s
2026-10-01 23:38:02,424 INFO     benchmark — 3680/4000  A:79%  6.23 matches/s  ETA 51s
2026-10-01 23:38:03,890 INFO     benchmark — 3690/4000  A:79%  6.23 matches/s  ETA 50s
2026-10-01 23:38:05,399 INFO     benchmark — 3700/4000  A:79%  6.23 matches/s  ETA 48s
2026-10-01 23:38:06,951 INFO     benchmark — 3710/4000  A:79%  6.23 matches/s  ETA 47s
2026-10-01 23:38:08,612 INFO     benchmark — 3720/4000  A:79%  6.23 matches/s  ETA 45s
2026-10-01 23:38:10,001 INFO     benchmark — 3730/4000  A:79%  6.23 matches/s  ETA 43s
2026-10-01 23:38:13,477 WARNING  benchmark — voided hand: >2000 actions (policy cycle)
2026-10-01 23:38:13,542 INFO     benchmark — 3740/4000  A:79%  6.21 matches/s  ETA 42s
2026-10-01 23:38:15,075 INFO     benchmark — 3750/4000  A:79%  6.21 matches/s  ETA 40s
2026-10-01 23:38:16,382 INFO     benchmark — 3760/4000  A:79%  6.22 matches/s  ETA 39s
2026-10-01 23:38:17,893 INFO     benchmark — 3770/4000  A:79%  6.22 matches/s  ETA 37s
2026-10-01 23:38:19,500 INFO     benchmark — 3780/4000  A:79%  6.22 matches/s  ETA 35s
2026-10-01 23:38:20,968 INFO     benchmark — 3790/4000  A:79%  6.22 matches/s  ETA 34s
2026-10-01 23:38:23,362 WARNING  benchmark — voided hand: >2000 actions (policy cycle)
2026-10-01 23:38:24,798 INFO     benchmark — 3800/4000  A:79%  6.20 matches/s  ETA 32s
2026-10-01 23:38:26,103 INFO     benchmark — 3810/4000  A:79%  6.20 matches/s  ETA 31s
2026-10-01 23:38:27,710 INFO     benchmark — 3820/4000  A:79%  6.20 matches/s  ETA 29s
2026-10-01 23:38:29,346 INFO     benchmark — 3830/4000  A:78%  6.20 matches/s  ETA 27s
2026-10-01 23:38:30,943 INFO     benchmark — 3840/4000  A:78%  6.20 matches/s  ETA 26s
2026-10-01 23:38:32,313 INFO     benchmark — 3850/4000  A:78%  6.20 matches/s  ETA 24s
2026-10-01 23:38:33,675 INFO     benchmark — 3860/4000  A:78%  6.20 matches/s  ETA 23s
2026-10-01 23:38:35,073 INFO     benchmark — 3870/4000  A:78%  6.21 matches/s  ETA 21s
2026-10-01 23:38:36,558 INFO     benchmark — 3880/4000  A:78%  6.21 matches/s  ETA 19s
2026-10-01 23:38:38,027 INFO     benchmark — 3890/4000  A:78%  6.21 matches/s  ETA 18s
2026-10-01 23:38:40,534 WARNING  benchmark — voided hand: >2000 actions (policy cycle)
2026-10-01 23:38:41,542 INFO     benchmark — 3900/4000  A:78%  6.19 matches/s  ETA 16s
2026-10-01 23:38:42,966 INFO     benchmark — 3910/4000  A:78%  6.19 matches/s  ETA 15s
2026-10-01 23:38:44,504 INFO     benchmark — 3920/4000  A:78%  6.19 matches/s  ETA 13s
2026-10-01 23:38:47,983 WARNING  benchmark — voided hand: >2000 actions (policy cycle)
2026-10-01 23:38:48,257 INFO     benchmark — 3930/4000  A:78%  6.17 matches/s  ETA 11s
2026-10-01 23:38:49,730 INFO     benchmark — 3940/4000  A:78%  6.17 matches/s  ETA 10s
2026-10-01 23:38:50,932 INFO     benchmark — 3950/4000  A:78%  6.18 matches/s  ETA 8s
2026-10-01 23:38:52,135 INFO     benchmark — 3960/4000  A:78%  6.18 matches/s  ETA 6s
2026-10-01 23:38:53,482 INFO     benchmark — 3970/4000  A:78%  6.18 matches/s  ETA 5s
2026-10-01 23:38:55,042 INFO     benchmark — 3980/4000  A:78%  6.19 matches/s  ETA 3s
2026-10-01 23:38:56,470 INFO     benchmark — 3990/4000  A:78%  6.19 matches/s  ETA 2s
2026-10-01 23:38:59,571 WARNING  benchmark — voided hand: >2000 actions (policy cycle)
2026-10-01 23:38:59,975 INFO     benchmark — 4000/4000  A:78%  6.17 matches/s  ETA 0s
2026-10-01 23:39:00,022 INFO     benchmark — wrote results/008/thr2M_vs_thr.json

──────────────────────────────────────────────────
Mode:        match_rl_vs_threshold
Matches:      4,000
──────────────────────────────────────────────────
RL(truco_threshold_2000000) wins:  3,136  (78.4%)
Threshold wins:  864  (21.6%)
Ties:        0  (0.0%)
──────────────────────────────────────────────────

