2026-10-01 23:28:12,773 INFO     benchmark — 10/4000  A:60%  5.51 matches/s  ETA 724s
2026-10-01 23:28:14,523 INFO     benchmark — 20/4000  A:55%  5.61 matches/s  ETA 709s
2026-10-01 23:28:16,334 INFO     benchmark — 30/4000  A:63%  5.58 matches/s  ETA 711s
2026-10-01 23:28:18,156 INFO     benchmark — 40/4000  A:68%  5.56 matches/s  ETA 713s
2026-10-01 23:28:20,277 INFO     benchmark — 50/4000  A:70%  5.37 matches/s  ETA 736s
2026-10-01 23:28:21,746 INFO     benchmark — 60/4000  A:70%  5.56 matches/s  ETA 708s
2026-10-01 23:28:23,650 INFO     benchmark — 70/4000  A:69%  5.52 matches/s  ETA 713s
2026-10-01 23:28:25,608 INFO     benchmark — 80/4000  A:72%  5.46 matches/s  ETA 718s
2026-10-01 23:28:27,421 INFO     benchmark — 90/4000  A:73%  5.47 matches/s  ETA 715s
2026-10-01 23:28:29,351 INFO     benchmark — 100/4000  A:74%  5.44 matches/s  ETA 717s
2026-10-01 23:28:31,108 INFO     benchmark — 110/4000  A:74%  5.46 matches/s  ETA 713s
2026-10-01 23:28:33,226 INFO     benchmark — 120/4000  A:73%  5.39 matches/s  ETA 720s
2026-10-01 23:28:35,166 INFO     benchmark — 130/4000  A:75%  5.37 matches/s  ETA 721s
2026-10-01 23:28:37,029 INFO     benchmark — 140/4000  A:75%  5.37 matches/s  ETA 719s
2026-10-01 23:28:38,919 INFO     benchmark — 150/4000  A:76%  5.36 matches/s  ETA 718s
2026-10-01 23:28:40,906 INFO     benchmark — 160/4000  A:77%  5.34 matches/s  ETA 719s
2026-10-01 23:28:42,877 INFO     benchmark — 170/4000  A:78%  5.33 matches/s  ETA 719s
2026-10-01 23:28:45,115 INFO     benchmark — 180/4000  A:78%  5.27 matches/s  ETA 725s
2026-10-01 23:28:46,812 INFO     benchmark — 190/4000  A:77%  5.30 matches/s  ETA 719s
2026-10-01 23:28:49,062 INFO     benchmark — 200/4000  A:78%  5.25 matches/s  ETA 724s
2026-10-01 23:28:51,031 INFO     benchmark — 210/4000  A:77%  5.24 matches/s  ETA 723s
2026-10-01 23:28:52,781 INFO     benchmark — 220/4000  A:78%  5.26 matches/s  ETA 719s
2026-10-01 23:28:54,702 INFO     benchmark — 230/4000  A:78%  5.26 matches/s  ETA 717s
2026-10-01 23:28:56,602 INFO     benchmark — 240/4000  A:78%  5.26 matches/s  ETA 715s
2026-10-01 23:28:58,694 INFO     benchmark — 250/4000  A:78%  5.24 matches/s  ETA 716s
2026-10-01 23:29:00,460 INFO     benchmark — 260/4000  A:78%  5.25 matches/s  ETA 712s
2026-10-01 23:29:02,267 INFO     benchmark — 270/4000  A:78%  5.26 matches/s  ETA 709s
2026-10-01 23:29:04,123 INFO     benchmark — 280/4000  A:78%  5.27 matches/s  ETA 706s
2026-10-01 23:29:05,658 INFO     benchmark — 290/4000  A:79%  5.30 matches/s  ETA 700s
2026-10-01 23:29:07,721 INFO     benchmark — 300/4000  A:79%  5.29 matches/s  ETA 700s
2026-10-01 23:29:09,598 INFO     benchmark — 310/4000  A:79%  5.29 matches/s  ETA 698s
2026-10-01 23:29:11,696 INFO     benchmark — 320/4000  A:79%  5.27 matches/s  ETA 698s
2026-10-01 23:29:13,615 INFO     benchmark — 330/4000  A:80%  5.27 matches/s  ETA 697s
2026-10-01 23:29:15,537 INFO     benchmark — 340/4000  A:79%  5.26 matches/s  ETA 695s
2026-10-01 23:29:17,085 INFO     benchmark — 350/4000  A:79%  5.29 matches/s  ETA 690s
2026-10-01 23:29:18,540 INFO     benchmark — 360/4000  A:79%  5.33 matches/s  ETA 683s
2026-10-01 23:29:20,506 INFO     benchmark — 370/4000  A:79%  5.32 matches/s  ETA 682s
2026-10-01 23:29:22,443 INFO     benchmark — 380/4000  A:79%  5.32 matches/s  ETA 681s
2026-10-01 23:29:24,652 INFO     benchmark — 390/4000  A:79%  5.29 matches/s  ETA 682s
2026-10-01 23:29:26,521 INFO     benchmark — 400/4000  A:79%  5.29 matches/s  ETA 680s
2026-10-01 23:29:28,359 INFO     benchmark — 410/4000  A:80%  5.30 matches/s  ETA 678s
2026-10-01 23:29:29,822 INFO     benchmark — 420/4000  A:79%  5.33 matches/s  ETA 672s
2026-10-01 23:29:31,799 INFO     benchmark — 430/4000  A:79%  5.32 matches/s  ETA 671s
2026-10-01 23:29:33,991 INFO     benchmark — 440/4000  A:78%  5.30 matches/s  ETA 672s
2026-10-01 23:29:35,885 INFO     benchmark — 450/4000  A:78%  5.30 matches/s  ETA 670s
2026-10-01 23:29:37,903 INFO     benchmark — 460/4000  A:78%  5.29 matches/s  ETA 669s
2026-10-01 23:29:41,227 WARNING  benchmark — voided hand: >2000 actions (policy cycle)
2026-10-01 23:29:41,244 INFO     benchmark — 470/4000  A:78%  5.21 matches/s  ETA 678s
2026-10-01 23:29:42,339 INFO     benchmark — 480/4000  A:78%  5.25 matches/s  ETA 670s
2026-10-01 23:29:43,947 INFO     benchmark — 490/4000  A:78%  5.27 matches/s  ETA 666s
2026-10-01 23:29:45,866 INFO     benchmark — 500/4000  A:78%  5.27 matches/s  ETA 664s
2026-10-01 23:29:47,528 INFO     benchmark — 510/4000  A:78%  5.28 matches/s  ETA 661s
2026-10-01 23:29:48,997 INFO     benchmark — 520/4000  A:78%  5.30 matches/s  ETA 656s
2026-10-01 23:29:50,798 INFO     benchmark — 530/4000  A:79%  5.31 matches/s  ETA 654s
2026-10-01 23:29:52,695 INFO     benchmark — 540/4000  A:79%  5.31 matches/s  ETA 652s
2026-10-01 23:29:54,616 INFO     benchmark — 550/4000  A:79%  5.31 matches/s  ETA 650s
2026-10-01 23:29:56,410 INFO     benchmark — 560/4000  A:79%  5.31 matches/s  ETA 648s
2026-10-01 23:29:58,230 INFO     benchmark — 570/4000  A:79%  5.31 matches/s  ETA 646s
2026-10-01 23:29:59,891 INFO     benchmark — 580/4000  A:79%  5.32 matches/s  ETA 642s
2026-10-01 23:30:01,132 INFO     benchmark — 590/4000  A:79%  5.36 matches/s  ETA 637s
2026-10-01 23:30:02,854 INFO     benchmark — 600/4000  A:79%  5.36 matches/s  ETA 634s
2026-10-01 23:30:04,686 INFO     benchmark — 610/4000  A:79%  5.36 matches/s  ETA 632s
2026-10-01 23:30:06,372 INFO     benchmark — 620/4000  A:79%  5.37 matches/s  ETA 629s
2026-10-01 23:30:08,289 INFO     benchmark — 630/4000  A:79%  5.37 matches/s  ETA 628s
2026-10-01 23:30:10,262 INFO     benchmark — 640/4000  A:79%  5.36 matches/s  ETA 626s
2026-10-01 23:30:12,230 INFO     benchmark — 650/4000  A:79%  5.36 matches/s  ETA 625s
2026-10-01 23:30:13,893 INFO     benchmark — 660/4000  A:79%  5.37 matches/s  ETA 622s
2026-10-01 23:30:15,730 INFO     benchmark — 670/4000  A:79%  5.37 matches/s  ETA 620s
2026-10-01 23:30:17,592 INFO     benchmark — 680/4000  A:79%  5.37 matches/s  ETA 618s
2026-10-01 23:30:19,485 INFO     benchmark — 690/4000  A:79%  5.37 matches/s  ETA 617s
2026-10-01 23:30:21,442 INFO     benchmark — 700/4000  A:79%  5.36 matches/s  ETA 615s
2026-10-01 23:30:23,263 INFO     benchmark — 710/4000  A:79%  5.37 matches/s  ETA 613s
2026-10-01 23:30:25,229 INFO     benchmark — 720/4000  A:79%  5.36 matches/s  ETA 612s
2026-10-01 23:30:26,790 INFO     benchmark — 730/4000  A:79%  5.37 matches/s  ETA 608s
2026-10-01 23:30:28,746 INFO     benchmark — 740/4000  A:79%  5.37 matches/s  ETA 607s
2026-10-01 23:30:30,385 INFO     benchmark — 750/4000  A:79%  5.38 matches/s  ETA 604s
2026-10-01 23:30:32,337 INFO     benchmark — 760/4000  A:79%  5.38 matches/s  ETA 603s
2026-10-01 23:30:34,262 INFO     benchmark — 770/4000  A:79%  5.37 matches/s  ETA 601s
2026-10-01 23:30:35,926 INFO     benchmark — 780/4000  A:79%  5.38 matches/s  ETA 598s
2026-10-01 23:30:37,796 INFO     benchmark — 790/4000  A:78%  5.38 matches/s  ETA 597s
2026-10-01 23:30:39,805 INFO     benchmark — 800/4000  A:79%  5.37 matches/s  ETA 595s
2026-10-01 23:30:41,609 INFO     benchmark — 810/4000  A:79%  5.38 matches/s  ETA 593s
2026-10-01 23:30:43,144 INFO     benchmark — 820/4000  A:79%  5.39 matches/s  ETA 590s
2026-10-01 23:30:44,736 INFO     benchmark — 830/4000  A:79%  5.40 matches/s  ETA 587s
2026-10-01 23:30:46,312 INFO     benchmark — 840/4000  A:79%  5.41 matches/s  ETA 584s
2026-10-01 23:30:48,245 INFO     benchmark — 850/4000  A:79%  5.40 matches/s  ETA 583s
2026-10-01 23:30:49,929 INFO     benchmark — 860/4000  A:79%  5.41 matches/s  ETA 580s
2026-10-01 23:30:51,608 INFO     benchmark — 870/4000  A:79%  5.42 matches/s  ETA 578s
2026-10-01 23:30:53,285 INFO     benchmark — 880/4000  A:79%  5.42 matches/s  ETA 576s
2026-10-01 23:30:55,108 INFO     benchmark — 890/4000  A:79%  5.42 matches/s  ETA 574s
2026-10-01 23:30:57,065 INFO     benchmark — 900/4000  A:79%  5.42 matches/s  ETA 572s
2026-10-01 23:30:58,861 INFO     benchmark — 910/4000  A:79%  5.42 matches/s  ETA 570s
2026-10-01 23:31:00,684 INFO     benchmark — 920/4000  A:79%  5.42 matches/s  ETA 568s
2026-10-01 23:31:02,437 INFO     benchmark — 930/4000  A:79%  5.42 matches/s  ETA 566s
2026-10-01 23:31:04,247 INFO     benchmark — 940/4000  A:79%  5.42 matches/s  ETA 564s
2026-10-01 23:31:05,857 INFO     benchmark — 950/4000  A:79%  5.43 matches/s  ETA 562s
2026-10-01 23:31:07,835 INFO     benchmark — 960/4000  A:79%  5.43 matches/s  ETA 560s
2026-10-01 23:31:09,862 INFO     benchmark — 970/4000  A:79%  5.42 matches/s  ETA 559s
2026-10-01 23:31:11,741 INFO     benchmark — 980/4000  A:79%  5.42 matches/s  ETA 557s
2026-10-01 23:31:13,648 INFO     benchmark — 990/4000  A:79%  5.42 matches/s  ETA 555s
2026-10-01 23:31:15,491 INFO     benchmark — 1000/4000  A:79%  5.42 matches/s  ETA 554s
2026-10-01 23:31:17,409 INFO     benchmark — 1010/4000  A:79%  5.42 matches/s  ETA 552s
2026-10-01 23:31:19,272 INFO     benchmark — 1020/4000  A:79%  5.42 matches/s  ETA 550s
2026-10-01 23:31:21,041 INFO     benchmark — 1030/4000  A:79%  5.42 matches/s  ETA 548s
2026-10-01 23:31:23,979 WARNING  benchmark — voided hand: >2000 actions (policy cycle)
2026-10-01 23:31:25,183 INFO     benchmark — 1040/4000  A:79%  5.35 matches/s  ETA 553s
2026-10-01 23:31:26,708 INFO     benchmark — 1050/4000  A:79%  5.36 matches/s  ETA 550s
2026-10-01 23:31:27,972 INFO     benchmark — 1060/4000  A:79%  5.38 matches/s  ETA 546s
2026-10-01 23:31:29,105 INFO     benchmark — 1070/4000  A:79%  5.40 matches/s  ETA 543s
2026-10-01 23:31:30,416 INFO     benchmark — 1080/4000  A:79%  5.41 matches/s  ETA 539s
2026-10-01 23:31:31,693 INFO     benchmark — 1090/4000  A:79%  5.43 matches/s  ETA 536s
2026-10-01 23:31:32,618 INFO     benchmark — 1100/4000  A:79%  5.45 matches/s  ETA 532s
2026-10-01 23:31:34,128 INFO     benchmark — 1110/4000  A:79%  5.46 matches/s  ETA 529s
2026-10-01 23:31:35,603 INFO     benchmark — 1120/4000  A:79%  5.47 matches/s  ETA 526s
2026-10-01 23:31:36,963 INFO     benchmark — 1130/4000  A:79%  5.49 matches/s  ETA 523s
2026-10-01 23:31:38,342 INFO     benchmark — 1140/4000  A:79%  5.50 matches/s  ETA 520s
2026-10-01 23:31:39,795 INFO     benchmark — 1150/4000  A:79%  5.51 matches/s  ETA 518s
2026-10-01 23:31:41,106 INFO     benchmark — 1160/4000  A:79%  5.52 matches/s  ETA 514s
2026-10-01 23:31:42,395 INFO     benchmark — 1170/4000  A:79%  5.53 matches/s  ETA 511s
2026-10-01 23:31:43,837 INFO     benchmark — 1180/4000  A:79%  5.54 matches/s  ETA 509s
2026-10-01 23:31:45,161 INFO     benchmark — 1190/4000  A:79%  5.56 matches/s  ETA 506s
2026-10-01 23:31:46,258 INFO     benchmark — 1200/4000  A:79%  5.57 matches/s  ETA 502s
2026-10-01 23:31:47,573 INFO     benchmark — 1210/4000  A:79%  5.59 matches/s  ETA 499s
2026-10-01 23:31:49,084 INFO     benchmark — 1220/4000  A:79%  5.59 matches/s  ETA 497s
2026-10-01 23:31:50,442 INFO     benchmark — 1230/4000  A:79%  5.60 matches/s  ETA 494s
2026-10-01 23:31:51,716 INFO     benchmark — 1240/4000  A:79%  5.62 matches/s  ETA 491s
2026-10-01 23:31:52,921 INFO     benchmark — 1250/4000  A:79%  5.63 matches/s  ETA 488s
2026-10-01 23:31:54,507 INFO     benchmark — 1260/4000  A:79%  5.64 matches/s  ETA 486s
2026-10-01 23:31:56,584 INFO     benchmark — 1270/4000  A:79%  5.63 matches/s  ETA 485s
2026-10-01 23:31:58,569 INFO     benchmark — 1280/4000  A:79%  5.62 matches/s  ETA 484s
2026-10-01 23:32:00,424 INFO     benchmark — 1290/4000  A:79%  5.62 matches/s  ETA 482s
2026-10-01 23:32:02,259 INFO     benchmark — 1300/4000  A:79%  5.62 matches/s  ETA 480s
2026-10-01 23:32:04,250 INFO     benchmark — 1310/4000  A:79%  5.62 matches/s  ETA 479s
2026-10-01 23:32:06,036 INFO     benchmark — 1320/4000  A:79%  5.62 matches/s  ETA 477s
2026-10-01 23:32:07,683 INFO     benchmark — 1330/4000  A:79%  5.62 matches/s  ETA 475s
2026-10-01 23:32:09,285 INFO     benchmark — 1340/4000  A:79%  5.62 matches/s  ETA 473s
2026-10-01 23:32:10,713 INFO     benchmark — 1350/4000  A:79%  5.63 matches/s  ETA 471s
2026-10-01 23:32:12,039 INFO     benchmark — 1360/4000  A:79%  5.64 matches/s  ETA 468s
2026-10-01 23:32:13,322 INFO     benchmark — 1370/4000  A:79%  5.65 matches/s  ETA 465s
2026-10-01 23:32:14,750 INFO     benchmark — 1380/4000  A:79%  5.66 matches/s  ETA 463s
2026-10-01 23:32:15,969 INFO     benchmark — 1390/4000  A:79%  5.67 matches/s  ETA 460s
2026-10-01 23:32:17,414 INFO     benchmark — 1400/4000  A:79%  5.68 matches/s  ETA 458s
2026-10-01 23:32:18,536 INFO     benchmark — 1410/4000  A:79%  5.70 matches/s  ETA 455s
2026-10-01 23:32:20,038 INFO     benchmark — 1420/4000  A:79%  5.70 matches/s  ETA 453s
2026-10-01 23:32:21,315 INFO     benchmark — 1430/4000  A:79%  5.71 matches/s  ETA 450s
2026-10-01 23:32:22,427 INFO     benchmark — 1440/4000  A:79%  5.73 matches/s  ETA 447s
2026-10-01 23:32:23,937 INFO     benchmark — 1450/4000  A:79%  5.73 matches/s  ETA 445s
2026-10-01 23:32:25,271 INFO     benchmark — 1460/4000  A:78%  5.74 matches/s  ETA 442s
2026-10-01 23:32:27,677 WARNING  benchmark — voided hand: >2000 actions (policy cycle)
2026-10-01 23:32:28,238 INFO     benchmark — 1470/4000  A:78%  5.71 matches/s  ETA 443s
2026-10-01 23:32:29,507 INFO     benchmark — 1480/4000  A:78%  5.72 matches/s  ETA 440s
2026-10-01 23:32:30,858 INFO     benchmark — 1490/4000  A:78%  5.73 matches/s  ETA 438s
2026-10-01 23:32:32,109 INFO     benchmark — 1500/4000  A:78%  5.74 matches/s  ETA 435s
2026-10-01 23:32:33,455 INFO     benchmark — 1510/4000  A:78%  5.75 matches/s  ETA 433s
2026-10-01 23:32:34,741 INFO     benchmark — 1520/4000  A:78%  5.76 matches/s  ETA 430s
2026-10-01 23:32:36,063 INFO     benchmark — 1530/4000  A:78%  5.77 matches/s  ETA 428s
2026-10-01 23:32:37,401 INFO     benchmark — 1540/4000  A:78%  5.78 matches/s  ETA 426s
2026-10-01 23:32:38,661 INFO     benchmark — 1550/4000  A:78%  5.79 matches/s  ETA 423s
2026-10-01 23:32:39,906 INFO     benchmark — 1560/4000  A:78%  5.80 matches/s  ETA 421s
2026-10-01 23:32:41,316 INFO     benchmark — 1570/4000  A:78%  5.81 matches/s  ETA 418s
2026-10-01 23:32:42,806 INFO     benchmark — 1580/4000  A:78%  5.81 matches/s  ETA 416s
2026-10-01 23:32:44,099 INFO     benchmark — 1590/4000  A:78%  5.82 matches/s  ETA 414s
2026-10-01 23:32:45,423 INFO     benchmark — 1600/4000  A:78%  5.83 matches/s  ETA 412s
2026-10-01 23:32:46,728 INFO     benchmark — 1610/4000  A:78%  5.84 matches/s  ETA 409s
2026-10-01 23:32:47,959 INFO     benchmark — 1620/4000  A:78%  5.85 matches/s  ETA 407s
2026-10-01 23:32:49,176 INFO     benchmark — 1630/4000  A:78%  5.86 matches/s  ETA 405s
2026-10-01 23:32:50,553 INFO     benchmark — 1640/4000  A:78%  5.87 matches/s  ETA 402s
2026-10-01 23:32:51,938 INFO     benchmark — 1650/4000  A:78%  5.87 matches/s  ETA 400s
2026-10-01 23:32:53,230 INFO     benchmark — 1660/4000  A:78%  5.88 matches/s  ETA 398s
2026-10-01 23:32:54,494 INFO     benchmark — 1670/4000  A:78%  5.89 matches/s  ETA 396s
2026-10-01 23:32:55,767 INFO     benchmark — 1680/4000  A:78%  5.90 matches/s  ETA 393s
2026-10-01 23:32:57,095 INFO     benchmark — 1690/4000  A:78%  5.91 matches/s  ETA 391s
2026-10-01 23:32:58,275 INFO     benchmark — 1700/4000  A:78%  5.92 matches/s  ETA 389s
2026-10-01 23:32:59,768 INFO     benchmark — 1710/4000  A:78%  5.92 matches/s  ETA 387s
2026-10-01 23:33:01,143 INFO     benchmark — 1720/4000  A:78%  5.93 matches/s  ETA 385s
2026-10-01 23:33:02,399 INFO     benchmark — 1730/4000  A:78%  5.94 matches/s  ETA 382s
2026-10-01 23:33:03,766 INFO     benchmark — 1740/4000  A:78%  5.94 matches/s  ETA 380s
2026-10-01 23:33:04,817 INFO     benchmark — 1750/4000  A:78%  5.96 matches/s  ETA 378s
2026-10-01 23:33:06,220 INFO     benchmark — 1760/4000  A:78%  5.96 matches/s  ETA 376s
2026-10-01 23:33:07,437 INFO     benchmark — 1770/4000  A:78%  5.97 matches/s  ETA 374s
2026-10-01 23:33:08,841 INFO     benchmark — 1780/4000  A:78%  5.98 matches/s  ETA 372s
2026-10-01 23:33:10,033 INFO     benchmark — 1790/4000  A:78%  5.99 matches/s  ETA 369s
2026-10-01 23:33:11,198 INFO     benchmark — 1800/4000  A:78%  6.00 matches/s  ETA 367s
2026-10-01 23:33:12,356 INFO     benchmark — 1810/4000  A:78%  6.01 matches/s  ETA 365s
2026-10-01 23:33:13,484 INFO     benchmark — 1820/4000  A:78%  6.02 matches/s  ETA 362s
2026-10-01 23:33:14,761 INFO     benchmark — 1830/4000  A:78%  6.02 matches/s  ETA 360s
2026-10-01 23:33:16,124 INFO     benchmark — 1840/4000  A:78%  6.03 matches/s  ETA 358s
2026-10-01 23:33:17,374 INFO     benchmark — 1850/4000  A:78%  6.04 matches/s  ETA 356s
2026-10-01 23:33:18,649 INFO     benchmark — 1860/4000  A:78%  6.05 matches/s  ETA 354s
2026-10-01 23:33:19,894 INFO     benchmark — 1870/4000  A:78%  6.05 matches/s  ETA 352s
2026-10-01 23:33:21,098 INFO     benchmark — 1880/4000  A:78%  6.06 matches/s  ETA 350s
2026-10-01 23:33:22,276 INFO     benchmark — 1890/4000  A:78%  6.07 matches/s  ETA 348s
2026-10-01 23:33:23,479 INFO     benchmark — 1900/4000  A:78%  6.08 matches/s  ETA 345s
2026-10-01 23:33:24,906 INFO     benchmark — 1910/4000  A:78%  6.08 matches/s  ETA 344s
2026-10-01 23:33:26,246 INFO     benchmark — 1920/4000  A:78%  6.09 matches/s  ETA 342s
2026-10-01 23:33:27,678 INFO     benchmark — 1930/4000  A:78%  6.09 matches/s  ETA 340s
2026-10-01 23:33:29,110 INFO     benchmark — 1940/4000  A:78%  6.10 matches/s  ETA 338s
2026-10-01 23:33:30,659 INFO     benchmark — 1950/4000  A:78%  6.10 matches/s  ETA 336s
2026-10-01 23:33:32,115 INFO     benchmark — 1960/4000  A:78%  6.10 matches/s  ETA 334s
2026-10-01 23:33:33,456 INFO     benchmark — 1970/4000  A:78%  6.11 matches/s  ETA 332s
2026-10-01 23:33:34,755 INFO     benchmark — 1980/4000  A:78%  6.11 matches/s  ETA 330s
2026-10-01 23:33:35,974 INFO     benchmark — 1990/4000  A:78%  6.12 matches/s  ETA 328s
2026-10-01 23:33:37,116 INFO     benchmark — 2000/4000  A:78%  6.13 matches/s  ETA 326s
2026-10-01 23:33:38,432 INFO     benchmark — 2010/4000  A:78%  6.14 matches/s  ETA 324s
2026-10-01 23:33:39,711 INFO     benchmark — 2020/4000  A:78%  6.14 matches/s  ETA 322s
2026-10-01 23:33:41,029 INFO     benchmark — 2030/4000  A:78%  6.15 matches/s  ETA 320s
2026-10-01 23:33:42,273 INFO     benchmark — 2040/4000  A:78%  6.16 matches/s  ETA 318s
2026-10-01 23:33:43,404 INFO     benchmark — 2050/4000  A:78%  6.17 matches/s  ETA 316s
2026-10-01 23:33:44,648 INFO     benchmark — 2060/4000  A:78%  6.17 matches/s  ETA 314s
2026-10-01 23:33:45,869 INFO     benchmark — 2070/4000  A:78%  6.18 matches/s  ETA 312s
2026-10-01 23:33:47,056 INFO     benchmark — 2080/4000  A:78%  6.19 matches/s  ETA 310s
2026-10-01 23:33:48,278 INFO     benchmark — 2090/4000  A:78%  6.20 matches/s  ETA 308s
2026-10-01 23:33:49,593 INFO     benchmark — 2100/4000  A:78%  6.20 matches/s  ETA 306s
2026-10-01 23:33:50,701 INFO     benchmark — 2110/4000  A:78%  6.21 matches/s  ETA 304s
2026-10-01 23:33:52,047 INFO     benchmark — 2120/4000  A:78%  6.22 matches/s  ETA 302s
2026-10-01 23:33:53,409 INFO     benchmark — 2130/4000  A:78%  6.22 matches/s  ETA 301s
2026-10-01 23:33:54,829 INFO     benchmark — 2140/4000  A:78%  6.22 matches/s  ETA 299s
2026-10-01 23:33:56,404 INFO     benchmark — 2150/4000  A:78%  6.22 matches/s  ETA 297s
2026-10-01 23:33:57,788 INFO     benchmark — 2160/4000  A:78%  6.23 matches/s  ETA 295s
2026-10-01 23:33:58,966 INFO     benchmark — 2170/4000  A:78%  6.24 matches/s  ETA 293s
2026-10-01 23:34:00,232 INFO     benchmark — 2180/4000  A:78%  6.24 matches/s  ETA 292s
2026-10-01 23:34:01,729 INFO     benchmark — 2190/4000  A:78%  6.24 matches/s  ETA 290s
2026-10-01 23:34:02,981 INFO     benchmark — 2200/4000  A:78%  6.25 matches/s  ETA 288s
2026-10-01 23:34:04,384 INFO     benchmark — 2210/4000  A:78%  6.25 matches/s  ETA 286s
2026-10-01 23:34:05,605 INFO     benchmark — 2220/4000  A:78%  6.26 matches/s  ETA 284s
2026-10-01 23:34:07,007 INFO     benchmark — 2230/4000  A:78%  6.26 matches/s  ETA 283s
2026-10-01 23:34:08,380 INFO     benchmark — 2240/4000  A:78%  6.27 matches/s  ETA 281s
2026-10-01 23:34:09,816 INFO     benchmark — 2250/4000  A:78%  6.27 matches/s  ETA 279s
2026-10-01 23:34:11,035 INFO     benchmark — 2260/4000  A:78%  6.28 matches/s  ETA 277s
2026-10-01 23:34:12,240 INFO     benchmark — 2270/4000  A:78%  6.28 matches/s  ETA 275s
2026-10-01 23:34:13,237 INFO     benchmark — 2280/4000  A:78%  6.29 matches/s  ETA 273s
2026-10-01 23:34:14,450 INFO     benchmark — 2290/4000  A:78%  6.30 matches/s  ETA 271s
2026-10-01 23:34:15,436 INFO     benchmark — 2300/4000  A:78%  6.31 matches/s  ETA 269s
2026-10-01 23:34:16,654 INFO     benchmark — 2310/4000  A:78%  6.32 matches/s  ETA 268s
2026-10-01 23:34:18,063 INFO     benchmark — 2320/4000  A:78%  6.32 matches/s  ETA 266s
2026-10-01 23:34:19,682 INFO     benchmark — 2330/4000  A:78%  6.32 matches/s  ETA 264s
2026-10-01 23:34:21,360 INFO     benchmark — 2340/4000  A:78%  6.32 matches/s  ETA 263s
2026-10-01 23:34:23,444 INFO     benchmark — 2350/4000  A:78%  6.31 matches/s  ETA 262s
2026-10-01 23:34:24,763 INFO     benchmark — 2360/4000  A:78%  6.31 matches/s  ETA 260s
2026-10-01 23:34:25,944 INFO     benchmark — 2370/4000  A:78%  6.32 matches/s  ETA 258s
2026-10-01 23:34:27,135 INFO     benchmark — 2380/4000  A:78%  6.33 matches/s  ETA 256s
2026-10-01 23:34:28,297 INFO     benchmark — 2390/4000  A:78%  6.33 matches/s  ETA 254s
2026-10-01 23:34:29,631 INFO     benchmark — 2400/4000  A:78%  6.34 matches/s  ETA 252s
2026-10-01 23:34:30,963 INFO     benchmark — 2410/4000  A:78%  6.34 matches/s  ETA 251s
2026-10-01 23:34:32,254 INFO     benchmark — 2420/4000  A:78%  6.35 matches/s  ETA 249s
2026-10-01 23:34:33,547 INFO     benchmark — 2430/4000  A:78%  6.35 matches/s  ETA 247s
2026-10-01 23:34:34,900 INFO     benchmark — 2440/4000  A:78%  6.36 matches/s  ETA 245s
2026-10-01 23:34:36,166 INFO     benchmark — 2450/4000  A:78%  6.36 matches/s  ETA 244s
2026-10-01 23:34:37,561 INFO     benchmark — 2460/4000  A:78%  6.36 matches/s  ETA 242s
2026-10-01 23:34:38,801 INFO     benchmark — 2470/4000  A:78%  6.37 matches/s  ETA 240s
2026-10-01 23:34:40,118 INFO     benchmark — 2480/4000  A:78%  6.37 matches/s  ETA 239s
2026-10-01 23:34:41,425 INFO     benchmark — 2490/4000  A:78%  6.38 matches/s  ETA 237s
2026-10-01 23:34:42,419 INFO     benchmark — 2500/4000  A:78%  6.39 matches/s  ETA 235s
2026-10-01 23:34:43,871 INFO     benchmark — 2510/4000  A:78%  6.39 matches/s  ETA 233s
2026-10-01 23:34:45,312 INFO     benchmark — 2520/4000  A:78%  6.39 matches/s  ETA 232s
2026-10-01 23:34:46,723 INFO     benchmark — 2530/4000  A:78%  6.39 matches/s  ETA 230s
2026-10-01 23:34:47,818 INFO     benchmark — 2540/4000  A:78%  6.40 matches/s  ETA 228s
2026-10-01 23:34:49,140 INFO     benchmark — 2550/4000  A:78%  6.40 matches/s  ETA 226s
2026-10-01 23:34:50,483 INFO     benchmark — 2560/4000  A:78%  6.41 matches/s  ETA 225s
2026-10-01 23:34:51,707 INFO     benchmark — 2570/4000  A:78%  6.41 matches/s  ETA 223s
2026-10-01 23:34:52,983 INFO     benchmark — 2580/4000  A:78%  6.42 matches/s  ETA 221s
2026-10-01 23:34:54,157 INFO     benchmark — 2590/4000  A:78%  6.42 matches/s  ETA 220s
2026-10-01 23:34:55,486 INFO     benchmark — 2600/4000  A:78%  6.43 matches/s  ETA 218s
2026-10-01 23:34:56,896 INFO     benchmark — 2610/4000  A:78%  6.43 matches/s  ETA 216s
2026-10-01 23:34:58,255 INFO     benchmark — 2620/4000  A:78%  6.43 matches/s  ETA 215s
2026-10-01 23:34:59,436 INFO     benchmark — 2630/4000  A:78%  6.44 matches/s  ETA 213s
2026-10-01 23:35:00,694 INFO     benchmark — 2640/4000  A:78%  6.44 matches/s  ETA 211s
2026-10-01 23:35:02,024 INFO     benchmark — 2650/4000  A:78%  6.45 matches/s  ETA 209s
2026-10-01 23:35:03,363 INFO     benchmark — 2660/4000  A:78%  6.45 matches/s  ETA 208s
2026-10-01 23:35:04,552 INFO     benchmark — 2670/4000  A:78%  6.46 matches/s  ETA 206s
2026-10-01 23:35:05,845 INFO     benchmark — 2680/4000  A:78%  6.46 matches/s  ETA 204s
2026-10-01 23:35:07,338 INFO     benchmark — 2690/4000  A:78%  6.46 matches/s  ETA 203s
2026-10-01 23:35:08,674 INFO     benchmark — 2700/4000  A:78%  6.46 matches/s  ETA 201s
2026-10-01 23:35:10,042 INFO     benchmark — 2710/4000  A:77%  6.47 matches/s  ETA 199s
2026-10-01 23:35:11,391 INFO     benchmark — 2720/4000  A:78%  6.47 matches/s  ETA 198s
2026-10-01 23:35:12,852 INFO     benchmark — 2730/4000  A:78%  6.47 matches/s  ETA 196s
2026-10-01 23:35:14,133 INFO     benchmark — 2740/4000  A:78%  6.47 matches/s  ETA 195s
2026-10-01 23:35:15,386 INFO     benchmark — 2750/4000  A:78%  6.48 matches/s  ETA 193s
2026-10-01 23:35:16,760 INFO     benchmark — 2760/4000  A:78%  6.48 matches/s  ETA 191s
2026-10-01 23:35:17,952 INFO     benchmark — 2770/4000  A:78%  6.49 matches/s  ETA 190s
2026-10-01 23:35:19,285 INFO     benchmark — 2780/4000  A:78%  6.49 matches/s  ETA 188s
2026-10-01 23:35:20,687 INFO     benchmark — 2790/4000  A:78%  6.49 matches/s  ETA 186s
2026-10-01 23:35:21,889 INFO     benchmark — 2800/4000  A:78%  6.50 matches/s  ETA 185s
2026-10-01 23:35:23,197 INFO     benchmark — 2810/4000  A:78%  6.50 matches/s  ETA 183s
2026-10-01 23:35:24,635 INFO     benchmark — 2820/4000  A:78%  6.50 matches/s  ETA 181s
2026-10-01 23:35:26,103 INFO     benchmark — 2830/4000  A:78%  6.50 matches/s  ETA 180s
2026-10-01 23:35:27,487 INFO     benchmark — 2840/4000  A:78%  6.51 matches/s  ETA 178s
2026-10-01 23:35:28,643 INFO     benchmark — 2850/4000  A:78%  6.51 matches/s  ETA 177s
2026-10-01 23:35:30,046 INFO     benchmark — 2860/4000  A:78%  6.51 matches/s  ETA 175s
2026-10-01 23:35:31,489 INFO     benchmark — 2870/4000  A:78%  6.51 matches/s  ETA 173s
2026-10-01 23:35:32,878 INFO     benchmark — 2880/4000  A:78%  6.52 matches/s  ETA 172s
2026-10-01 23:35:34,059 INFO     benchmark — 2890/4000  A:78%  6.52 matches/s  ETA 170s
2026-10-01 23:35:35,262 INFO     benchmark — 2900/4000  A:78%  6.53 matches/s  ETA 169s
2026-10-01 23:35:36,497 INFO     benchmark — 2910/4000  A:78%  6.53 matches/s  ETA 167s
2026-10-01 23:35:37,605 INFO     benchmark — 2920/4000  A:78%  6.54 matches/s  ETA 165s
2026-10-01 23:35:38,813 INFO     benchmark — 2930/4000  A:78%  6.54 matches/s  ETA 164s
2026-10-01 23:35:40,074 INFO     benchmark — 2940/4000  A:78%  6.55 matches/s  ETA 162s
2026-10-01 23:35:41,210 INFO     benchmark — 2950/4000  A:78%  6.55 matches/s  ETA 160s
2026-10-01 23:35:42,586 INFO     benchmark — 2960/4000  A:78%  6.55 matches/s  ETA 159s
2026-10-01 23:35:43,576 INFO     benchmark — 2970/4000  A:78%  6.56 matches/s  ETA 157s
2026-10-01 23:35:44,960 INFO     benchmark — 2980/4000  A:78%  6.56 matches/s  ETA 155s
2026-10-01 23:35:46,352 INFO     benchmark — 2990/4000  A:78%  6.57 matches/s  ETA 154s
2026-10-01 23:35:47,670 INFO     benchmark — 3000/4000  A:78%  6.57 matches/s  ETA 152s
2026-10-01 23:35:48,787 INFO     benchmark — 3010/4000  A:78%  6.57 matches/s  ETA 151s
2026-10-01 23:35:50,190 INFO     benchmark — 3020/4000  A:78%  6.58 matches/s  ETA 149s
2026-10-01 23:35:51,481 INFO     benchmark — 3030/4000  A:78%  6.58 matches/s  ETA 147s
2026-10-01 23:35:52,772 INFO     benchmark — 3040/4000  A:78%  6.58 matches/s  ETA 146s
2026-10-01 23:35:53,926 INFO     benchmark — 3050/4000  A:78%  6.59 matches/s  ETA 144s
2026-10-01 23:35:55,274 INFO     benchmark — 3060/4000  A:78%  6.59 matches/s  ETA 143s
2026-10-01 23:35:56,434 INFO     benchmark — 3070/4000  A:78%  6.60 matches/s  ETA 141s
2026-10-01 23:35:57,587 INFO     benchmark — 3080/4000  A:78%  6.60 matches/s  ETA 139s
2026-10-01 23:35:58,882 INFO     benchmark — 3090/4000  A:78%  6.60 matches/s  ETA 138s
2026-10-01 23:36:00,360 INFO     benchmark — 3100/4000  A:78%  6.60 matches/s  ETA 136s
2026-10-01 23:36:01,781 INFO     benchmark — 3110/4000  A:78%  6.61 matches/s  ETA 135s
2026-10-01 23:36:03,171 INFO     benchmark — 3120/4000  A:78%  6.61 matches/s  ETA 133s
2026-10-01 23:36:04,460 INFO     benchmark — 3130/4000  A:78%  6.61 matches/s  ETA 132s
2026-10-01 23:36:05,821 INFO     benchmark — 3140/4000  A:78%  6.61 matches/s  ETA 130s
2026-10-01 23:36:06,962 INFO     benchmark — 3150/4000  A:78%  6.62 matches/s  ETA 128s
2026-10-01 23:36:08,437 INFO     benchmark — 3160/4000  A:78%  6.62 matches/s  ETA 127s
2026-10-01 23:36:09,692 INFO     benchmark — 3170/4000  A:78%  6.62 matches/s  ETA 125s
2026-10-01 23:36:10,789 INFO     benchmark — 3180/4000  A:78%  6.63 matches/s  ETA 124s
2026-10-01 23:36:12,140 INFO     benchmark — 3190/4000  A:78%  6.63 matches/s  ETA 122s
2026-10-01 23:36:13,206 INFO     benchmark — 3200/4000  A:78%  6.64 matches/s  ETA 121s
2026-10-01 23:36:14,599 INFO     benchmark — 3210/4000  A:78%  6.64 matches/s  ETA 119s
2026-10-01 23:36:16,009 INFO     benchmark — 3220/4000  A:78%  6.64 matches/s  ETA 117s
2026-10-01 23:36:17,327 INFO     benchmark — 3230/4000  A:78%  6.64 matches/s  ETA 116s
2026-10-01 23:36:18,769 INFO     benchmark — 3240/4000  A:78%  6.64 matches/s  ETA 114s
2026-10-01 23:36:20,261 INFO     benchmark — 3250/4000  A:78%  6.64 matches/s  ETA 113s
2026-10-01 23:36:21,463 INFO     benchmark — 3260/4000  A:78%  6.65 matches/s  ETA 111s
2026-10-01 23:36:22,874 INFO     benchmark — 3270/4000  A:78%  6.65 matches/s  ETA 110s
2026-10-01 23:36:24,136 INFO     benchmark — 3280/4000  A:78%  6.65 matches/s  ETA 108s
2026-10-01 23:36:25,526 INFO     benchmark — 3290/4000  A:78%  6.65 matches/s  ETA 107s
2026-10-01 23:36:26,770 INFO     benchmark — 3300/4000  A:78%  6.66 matches/s  ETA 105s
2026-10-01 23:36:28,180 INFO     benchmark — 3310/4000  A:78%  6.66 matches/s  ETA 104s
2026-10-01 23:36:29,255 INFO     benchmark — 3320/4000  A:78%  6.66 matches/s  ETA 102s
2026-10-01 23:36:30,503 INFO     benchmark — 3330/4000  A:78%  6.67 matches/s  ETA 101s
2026-10-01 23:36:31,934 INFO     benchmark — 3340/4000  A:78%  6.67 matches/s  ETA 99s
2026-10-01 23:36:33,262 INFO     benchmark — 3350/4000  A:78%  6.67 matches/s  ETA 97s
2026-10-01 23:36:34,576 INFO     benchmark — 3360/4000  A:78%  6.67 matches/s  ETA 96s
2026-10-01 23:36:35,786 INFO     benchmark — 3370/4000  A:78%  6.68 matches/s  ETA 94s
2026-10-01 23:36:37,034 INFO     benchmark — 3380/4000  A:78%  6.68 matches/s  ETA 93s
2026-10-01 23:36:38,393 INFO     benchmark — 3390/4000  A:78%  6.68 matches/s  ETA 91s
2026-10-01 23:36:39,798 INFO     benchmark — 3400/4000  A:78%  6.68 matches/s  ETA 90s
2026-10-01 23:36:40,908 INFO     benchmark — 3410/4000  A:78%  6.69 matches/s  ETA 88s
2026-10-01 23:36:42,001 INFO     benchmark — 3420/4000  A:78%  6.69 matches/s  ETA 87s
2026-10-01 23:36:43,377 INFO     benchmark — 3430/4000  A:78%  6.69 matches/s  ETA 85s
2026-10-01 23:36:44,808 INFO     benchmark — 3440/4000  A:78%  6.69 matches/s  ETA 84s
2026-10-01 23:36:46,241 INFO     benchmark — 3450/4000  A:78%  6.70 matches/s  ETA 82s
2026-10-01 23:36:47,632 INFO     benchmark — 3460/4000  A:78%  6.70 matches/s  ETA 81s
2026-10-01 23:36:49,082 INFO     benchmark — 3470/4000  A:78%  6.70 matches/s  ETA 79s
2026-10-01 23:36:50,230 INFO     benchmark — 3480/4000  A:78%  6.70 matches/s  ETA 78s
2026-10-01 23:36:51,520 INFO     benchmark — 3490/4000  A:78%  6.70 matches/s  ETA 76s
2026-10-01 23:36:52,732 INFO     benchmark — 3500/4000  A:78%  6.71 matches/s  ETA 75s
2026-10-01 23:36:54,022 INFO     benchmark — 3510/4000  A:78%  6.71 matches/s  ETA 73s
2026-10-01 23:36:55,346 INFO     benchmark — 3520/4000  A:78%  6.71 matches/s  ETA 72s
2026-10-01 23:36:56,600 INFO     benchmark — 3530/4000  A:78%  6.72 matches/s  ETA 70s
2026-10-01 23:36:58,007 INFO     benchmark — 3540/4000  A:78%  6.72 matches/s  ETA 68s
2026-10-01 23:36:59,465 INFO     benchmark — 3550/4000  A:78%  6.72 matches/s  ETA 67s
2026-10-01 23:37:00,693 INFO     benchmark — 3560/4000  A:78%  6.72 matches/s  ETA 65s
2026-10-01 23:37:01,970 INFO     benchmark — 3570/4000  A:78%  6.72 matches/s  ETA 64s
2026-10-01 23:37:03,408 INFO     benchmark — 3580/4000  A:78%  6.72 matches/s  ETA 62s
2026-10-01 23:37:04,693 INFO     benchmark — 3590/4000  A:78%  6.73 matches/s  ETA 61s
2026-10-01 23:37:06,073 INFO     benchmark — 3600/4000  A:78%  6.73 matches/s  ETA 59s
2026-10-01 23:37:07,334 INFO     benchmark — 3610/4000  A:78%  6.73 matches/s  ETA 58s
2026-10-01 23:37:08,604 INFO     benchmark — 3620/4000  A:78%  6.73 matches/s  ETA 56s
2026-10-01 23:37:09,947 INFO     benchmark — 3630/4000  A:78%  6.73 matches/s  ETA 55s
2026-10-01 23:37:11,199 INFO     benchmark — 3640/4000  A:78%  6.74 matches/s  ETA 53s
2026-10-01 23:37:12,406 INFO     benchmark — 3650/4000  A:78%  6.74 matches/s  ETA 52s
2026-10-01 23:37:13,917 INFO     benchmark — 3660/4000  A:78%  6.74 matches/s  ETA 50s
2026-10-01 23:37:15,192 INFO     benchmark — 3670/4000  A:78%  6.74 matches/s  ETA 49s
2026-10-01 23:37:16,664 INFO     benchmark — 3680/4000  A:78%  6.74 matches/s  ETA 47s
2026-10-01 23:37:17,945 INFO     benchmark — 3690/4000  A:78%  6.75 matches/s  ETA 46s
2026-10-01 23:37:19,209 INFO     benchmark — 3700/4000  A:78%  6.75 matches/s  ETA 44s
2026-10-01 23:37:20,337 INFO     benchmark — 3710/4000  A:78%  6.75 matches/s  ETA 43s
2026-10-01 23:37:21,507 INFO     benchmark — 3720/4000  A:78%  6.76 matches/s  ETA 41s
2026-10-01 23:37:22,899 INFO     benchmark — 3730/4000  A:78%  6.76 matches/s  ETA 40s
2026-10-01 23:37:24,184 INFO     benchmark — 3740/4000  A:78%  6.76 matches/s  ETA 38s
2026-10-01 23:37:25,358 INFO     benchmark — 3750/4000  A:78%  6.76 matches/s  ETA 37s
2026-10-01 23:37:26,580 INFO     benchmark — 3760/4000  A:78%  6.77 matches/s  ETA 35s
2026-10-01 23:37:27,797 INFO     benchmark — 3770/4000  A:78%  6.77 matches/s  ETA 34s
2026-10-01 23:37:29,067 INFO     benchmark — 3780/4000  A:78%  6.77 matches/s  ETA 32s
2026-10-01 23:37:30,376 INFO     benchmark — 3790/4000  A:78%  6.77 matches/s  ETA 31s
2026-10-01 23:37:31,755 INFO     benchmark — 3800/4000  A:78%  6.78 matches/s  ETA 30s
2026-10-01 23:37:32,945 INFO     benchmark — 3810/4000  A:78%  6.78 matches/s  ETA 28s
2026-10-01 23:37:34,522 INFO     benchmark — 3820/4000  A:78%  6.78 matches/s  ETA 27s
2026-10-01 23:37:36,044 INFO     benchmark — 3830/4000  A:78%  6.78 matches/s  ETA 25s
2026-10-01 23:37:37,462 INFO     benchmark — 3840/4000  A:78%  6.78 matches/s  ETA 24s
2026-10-01 23:37:38,835 INFO     benchmark — 3850/4000  A:78%  6.78 matches/s  ETA 22s
2026-10-01 23:37:40,179 INFO     benchmark — 3860/4000  A:78%  6.78 matches/s  ETA 21s
2026-10-01 23:37:41,281 INFO     benchmark — 3870/4000  A:78%  6.79 matches/s  ETA 19s
2026-10-01 23:37:42,486 INFO     benchmark — 3880/4000  A:78%  6.79 matches/s  ETA 18s
2026-10-01 23:37:43,976 INFO     benchmark — 3890/4000  A:78%  6.79 matches/s  ETA 16s
2026-10-01 23:37:45,249 INFO     benchmark — 3900/4000  A:78%  6.79 matches/s  ETA 15s
2026-10-01 23:37:46,484 INFO     benchmark — 3910/4000  A:78%  6.79 matches/s  ETA 13s
2026-10-01 23:37:47,771 INFO     benchmark — 3920/4000  A:78%  6.80 matches/s  ETA 12s
2026-10-01 23:37:49,171 INFO     benchmark — 3930/4000  A:78%  6.80 matches/s  ETA 10s
2026-10-01 23:37:50,537 INFO     benchmark — 3940/4000  A:78%  6.80 matches/s  ETA 9s
2026-10-01 23:37:52,022 INFO     benchmark — 3950/4000  A:78%  6.80 matches/s  ETA 7s
2026-10-01 23:37:53,215 INFO     benchmark — 3960/4000  A:78%  6.80 matches/s  ETA 6s
2026-10-01 23:37:55,571 WARNING  benchmark — voided hand: >2000 actions (policy cycle)
2026-10-01 23:37:56,029 INFO     benchmark — 3970/4000  A:78%  6.79 matches/s  ETA 4s
2026-10-01 23:37:57,365 INFO     benchmark — 3980/4000  A:78%  6.79 matches/s  ETA 3s
2026-10-01 23:37:58,459 INFO     benchmark — 3990/4000  A:78%  6.79 matches/s  ETA 1s
2026-10-01 23:37:59,725 INFO     benchmark — 4000/4000  A:78%  6.79 matches/s  ETA 0s
2026-10-01 23:37:59,765 INFO     benchmark — wrote results/008/thr3.5M_vs_thr.json

──────────────────────────────────────────────────
Mode:        match_rl_vs_threshold
Matches:      4,000
──────────────────────────────────────────────────
RL(truco_threshold_3500000) wins:  3,110  (77.8%)
Threshold wins:  890  (22.2%)
Ties:        0  (0.0%)
──────────────────────────────────────────────────

