2026-10-01 23:38:09,110 INFO     benchmark — 10/4000  A:100%  8.26 matches/s  ETA 483s
2026-10-01 23:38:10,249 INFO     benchmark — 20/4000  A:90%  8.51 matches/s  ETA 468s
2026-10-01 23:38:11,674 INFO     benchmark — 30/4000  A:90%  7.95 matches/s  ETA 500s
2026-10-01 23:38:12,912 INFO     benchmark — 40/4000  A:92%  7.98 matches/s  ETA 496s
2026-10-01 23:38:14,091 INFO     benchmark — 50/4000  A:90%  8.07 matches/s  ETA 489s
2026-10-01 23:38:15,316 INFO     benchmark — 60/4000  A:88%  8.09 matches/s  ETA 487s
2026-10-01 23:38:16,647 INFO     benchmark — 70/4000  A:87%  8.00 matches/s  ETA 491s
2026-10-01 23:38:17,986 INFO     benchmark — 80/4000  A:86%  7.93 matches/s  ETA 494s
2026-10-01 23:38:19,587 WARNING  benchmark — voided hand: >2000 actions (policy cycle)
2026-10-01 23:38:20,649 INFO     benchmark — 90/4000  A:86%  7.06 matches/s  ETA 554s
2026-10-01 23:38:21,828 INFO     benchmark — 100/4000  A:86%  7.18 matches/s  ETA 543s
2026-10-01 23:38:23,033 INFO     benchmark — 110/4000  A:85%  7.27 matches/s  ETA 535s
2026-10-01 23:38:25,095 WARNING  benchmark — voided hand: >2000 actions (policy cycle)
2026-10-01 23:38:25,964 INFO     benchmark — 120/4000  A:85%  6.64 matches/s  ETA 584s
2026-10-01 23:38:27,332 INFO     benchmark — 130/4000  A:83%  6.69 matches/s  ETA 578s
2026-10-01 23:38:28,609 INFO     benchmark — 140/4000  A:80%  6.76 matches/s  ETA 571s
2026-10-01 23:38:29,883 INFO     benchmark — 150/4000  A:81%  6.82 matches/s  ETA 564s
2026-10-01 23:38:31,145 INFO     benchmark — 160/4000  A:80%  6.88 matches/s  ETA 558s
2026-10-01 23:38:32,678 INFO     benchmark — 170/4000  A:79%  6.86 matches/s  ETA 558s
2026-10-01 23:38:34,099 INFO     benchmark — 180/4000  A:79%  6.87 matches/s  ETA 556s
2026-10-01 23:38:35,261 INFO     benchmark — 190/4000  A:81%  6.94 matches/s  ETA 549s
2026-10-01 23:38:36,610 INFO     benchmark — 200/4000  A:80%  6.97 matches/s  ETA 546s
2026-10-01 23:38:37,978 INFO     benchmark — 210/4000  A:81%  6.98 matches/s  ETA 543s
2026-10-01 23:38:39,346 INFO     benchmark — 220/4000  A:82%  7.00 matches/s  ETA 540s
2026-10-01 23:38:41,706 WARNING  benchmark — voided hand: >2000 actions (policy cycle)
2026-10-01 23:38:42,149 INFO     benchmark — 230/4000  A:82%  6.72 matches/s  ETA 561s
2026-10-01 23:38:43,421 INFO     benchmark — 240/4000  A:82%  6.76 matches/s  ETA 557s
2026-10-01 23:38:44,655 INFO     benchmark — 250/4000  A:82%  6.80 matches/s  ETA 551s
2026-10-01 23:38:45,982 INFO     benchmark — 260/4000  A:82%  6.83 matches/s  ETA 548s
2026-10-01 23:38:47,400 INFO     benchmark — 270/4000  A:82%  6.84 matches/s  ETA 546s
2026-10-01 23:38:48,716 INFO     benchmark — 280/4000  A:82%  6.86 matches/s  ETA 542s
2026-10-01 23:38:49,979 INFO     benchmark — 290/4000  A:82%  6.89 matches/s  ETA 538s
2026-10-01 23:38:52,214 WARNING  benchmark — voided hand: >2000 actions (policy cycle)
2026-10-01 23:38:52,611 INFO     benchmark — 300/4000  A:82%  6.71 matches/s  ETA 551s
2026-10-01 23:38:53,833 INFO     benchmark — 310/4000  A:82%  6.75 matches/s  ETA 547s
2026-10-01 23:38:55,169 INFO     benchmark — 320/4000  A:82%  6.77 matches/s  ETA 544s
2026-10-01 23:38:56,331 INFO     benchmark — 330/4000  A:82%  6.81 matches/s  ETA 539s
2026-10-01 23:38:57,666 INFO     benchmark — 340/4000  A:83%  6.83 matches/s  ETA 536s
2026-10-01 23:38:59,053 INFO     benchmark — 350/4000  A:82%  6.84 matches/s  ETA 533s
2026-10-01 23:39:00,318 INFO     benchmark — 360/4000  A:82%  6.87 matches/s  ETA 530s
2026-10-01 23:39:01,672 INFO     benchmark — 370/4000  A:83%  6.88 matches/s  ETA 528s
2026-10-01 23:39:02,980 INFO     benchmark — 380/4000  A:83%  6.90 matches/s  ETA 525s
2026-10-01 23:39:04,563 INFO     benchmark — 390/4000  A:83%  6.88 matches/s  ETA 525s
2026-10-01 23:39:06,335 INFO     benchmark — 400/4000  A:83%  6.85 matches/s  ETA 526s
2026-10-01 23:39:08,068 INFO     benchmark — 410/4000  A:83%  6.81 matches/s  ETA 527s
2026-10-01 23:39:09,711 INFO     benchmark — 420/4000  A:83%  6.79 matches/s  ETA 527s
2026-10-01 23:39:11,633 INFO     benchmark — 430/4000  A:83%  6.75 matches/s  ETA 529s
2026-10-01 23:39:13,566 INFO     benchmark — 440/4000  A:82%  6.70 matches/s  ETA 531s
2026-10-01 23:39:15,603 INFO     benchmark — 450/4000  A:83%  6.65 matches/s  ETA 534s
2026-10-01 23:39:17,418 INFO     benchmark — 460/4000  A:83%  6.62 matches/s  ETA 535s
2026-10-01 23:39:19,461 INFO     benchmark — 470/4000  A:83%  6.57 matches/s  ETA 537s
2026-10-01 23:39:21,331 INFO     benchmark — 480/4000  A:83%  6.54 matches/s  ETA 539s
2026-10-01 23:39:23,485 INFO     benchmark — 490/4000  A:83%  6.48 matches/s  ETA 541s
2026-10-01 23:39:25,420 INFO     benchmark — 500/4000  A:83%  6.45 matches/s  ETA 543s
2026-10-01 23:39:27,258 INFO     benchmark — 510/4000  A:83%  6.43 matches/s  ETA 543s
2026-10-01 23:39:29,080 INFO     benchmark — 520/4000  A:83%  6.41 matches/s  ETA 543s
2026-10-01 23:39:30,962 INFO     benchmark — 530/4000  A:82%  6.38 matches/s  ETA 544s
2026-10-01 23:39:32,360 INFO     benchmark — 540/4000  A:83%  6.39 matches/s  ETA 541s
2026-10-01 23:39:33,670 INFO     benchmark — 550/4000  A:83%  6.41 matches/s  ETA 538s
2026-10-01 23:39:34,848 INFO     benchmark — 560/4000  A:82%  6.44 matches/s  ETA 534s
2026-10-01 23:39:36,054 INFO     benchmark — 570/4000  A:82%  6.47 matches/s  ETA 530s
2026-10-01 23:39:37,668 INFO     benchmark — 580/4000  A:82%  6.46 matches/s  ETA 529s
2026-10-01 23:39:39,326 INFO     benchmark — 590/4000  A:83%  6.45 matches/s  ETA 528s
2026-10-01 23:39:41,124 INFO     benchmark — 600/4000  A:83%  6.44 matches/s  ETA 528s
2026-10-01 23:39:42,928 INFO     benchmark — 610/4000  A:82%  6.42 matches/s  ETA 528s
2026-10-01 23:39:44,747 INFO     benchmark — 620/4000  A:83%  6.40 matches/s  ETA 528s
2026-10-01 23:39:46,695 INFO     benchmark — 630/4000  A:83%  6.38 matches/s  ETA 528s
2026-10-01 23:39:48,478 INFO     benchmark — 640/4000  A:83%  6.36 matches/s  ETA 528s
2026-10-01 23:39:50,373 INFO     benchmark — 650/4000  A:82%  6.34 matches/s  ETA 528s
2026-10-01 23:39:52,280 INFO     benchmark — 660/4000  A:82%  6.32 matches/s  ETA 528s
2026-10-01 23:39:54,019 INFO     benchmark — 670/4000  A:82%  6.31 matches/s  ETA 527s
2026-10-01 23:39:55,862 INFO     benchmark — 680/4000  A:82%  6.30 matches/s  ETA 527s
2026-10-01 23:39:57,367 INFO     benchmark — 690/4000  A:82%  6.30 matches/s  ETA 525s
2026-10-01 23:39:59,110 INFO     benchmark — 700/4000  A:82%  6.29 matches/s  ETA 524s
2026-10-01 23:40:02,920 WARNING  benchmark — voided hand: >2000 actions (policy cycle)
2026-10-01 23:40:02,946 INFO     benchmark — 710/4000  A:82%  6.17 matches/s  ETA 533s
2026-10-01 23:40:04,856 INFO     benchmark — 720/4000  A:82%  6.16 matches/s  ETA 533s
2026-10-01 23:40:06,738 INFO     benchmark — 730/4000  A:82%  6.14 matches/s  ETA 532s
2026-10-01 23:40:08,478 INFO     benchmark — 740/4000  A:82%  6.14 matches/s  ETA 531s
2026-10-01 23:40:10,449 INFO     benchmark — 750/4000  A:82%  6.12 matches/s  ETA 531s
2026-10-01 23:40:12,395 INFO     benchmark — 760/4000  A:82%  6.10 matches/s  ETA 531s
2026-10-01 23:40:14,465 INFO     benchmark — 770/4000  A:82%  6.08 matches/s  ETA 531s
2026-10-01 23:40:16,619 INFO     benchmark — 780/4000  A:82%  6.06 matches/s  ETA 531s
2026-10-01 23:40:17,972 INFO     benchmark — 790/4000  A:82%  6.07 matches/s  ETA 529s
2026-10-01 23:40:19,670 INFO     benchmark — 800/4000  A:82%  6.07 matches/s  ETA 527s
2026-10-01 23:40:21,197 INFO     benchmark — 810/4000  A:81%  6.08 matches/s  ETA 525s
2026-10-01 23:40:24,266 WARNING  benchmark — voided hand: >2000 actions (policy cycle)
2026-10-01 23:40:25,322 INFO     benchmark — 820/4000  A:82%  5.97 matches/s  ETA 533s
2026-10-01 23:40:26,895 INFO     benchmark — 830/4000  A:82%  5.97 matches/s  ETA 531s
2026-10-01 23:40:28,588 INFO     benchmark — 840/4000  A:81%  5.97 matches/s  ETA 529s
2026-10-01 23:40:30,302 INFO     benchmark — 850/4000  A:81%  5.97 matches/s  ETA 528s
2026-10-01 23:40:31,940 INFO     benchmark — 860/4000  A:81%  5.97 matches/s  ETA 526s
2026-10-01 23:40:33,489 INFO     benchmark — 870/4000  A:81%  5.98 matches/s  ETA 524s
2026-10-01 23:40:35,473 INFO     benchmark — 880/4000  A:81%  5.96 matches/s  ETA 523s
2026-10-01 23:40:37,386 INFO     benchmark — 890/4000  A:81%  5.95 matches/s  ETA 522s
2026-10-01 23:40:39,330 INFO     benchmark — 900/4000  A:81%  5.94 matches/s  ETA 522s
2026-10-01 23:40:41,180 INFO     benchmark — 910/4000  A:81%  5.94 matches/s  ETA 520s
2026-10-01 23:40:42,899 INFO     benchmark — 920/4000  A:81%  5.94 matches/s  ETA 519s
2026-10-01 23:40:44,697 INFO     benchmark — 930/4000  A:81%  5.93 matches/s  ETA 518s
2026-10-01 23:40:47,342 WARNING  benchmark — voided hand: >2000 actions (policy cycle)
2026-10-01 23:40:48,475 INFO     benchmark — 940/4000  A:81%  5.85 matches/s  ETA 523s
2026-10-01 23:40:50,362 INFO     benchmark — 950/4000  A:81%  5.85 matches/s  ETA 522s
2026-10-01 23:40:52,039 INFO     benchmark — 960/4000  A:81%  5.85 matches/s  ETA 520s
2026-10-01 23:40:53,954 INFO     benchmark — 970/4000  A:81%  5.84 matches/s  ETA 519s
2026-10-01 23:40:55,386 INFO     benchmark — 980/4000  A:81%  5.85 matches/s  ETA 516s
2026-10-01 23:40:57,064 INFO     benchmark — 990/4000  A:81%  5.85 matches/s  ETA 514s
2026-10-01 23:40:59,023 INFO     benchmark — 1000/4000  A:81%  5.84 matches/s  ETA 513s
2026-10-01 23:41:00,606 INFO     benchmark — 1010/4000  A:81%  5.85 matches/s  ETA 511s
2026-10-01 23:41:02,283 INFO     benchmark — 1020/4000  A:81%  5.85 matches/s  ETA 509s
2026-10-01 23:41:04,317 INFO     benchmark — 1030/4000  A:81%  5.84 matches/s  ETA 509s
2026-10-01 23:41:06,193 INFO     benchmark — 1040/4000  A:81%  5.83 matches/s  ETA 507s
2026-10-01 23:41:08,008 INFO     benchmark — 1050/4000  A:81%  5.83 matches/s  ETA 506s
2026-10-01 23:41:09,667 INFO     benchmark — 1060/4000  A:81%  5.83 matches/s  ETA 504s
2026-10-01 23:41:11,622 INFO     benchmark — 1070/4000  A:81%  5.82 matches/s  ETA 503s
2026-10-01 23:41:13,042 INFO     benchmark — 1080/4000  A:81%  5.83 matches/s  ETA 501s
2026-10-01 23:41:14,858 INFO     benchmark — 1090/4000  A:81%  5.83 matches/s  ETA 499s
2026-10-01 23:41:16,636 INFO     benchmark — 1100/4000  A:81%  5.83 matches/s  ETA 498s
2026-10-01 23:41:18,415 INFO     benchmark — 1110/4000  A:81%  5.83 matches/s  ETA 496s
2026-10-01 23:41:20,238 INFO     benchmark — 1120/4000  A:81%  5.82 matches/s  ETA 495s
2026-10-01 23:41:22,159 INFO     benchmark — 1130/4000  A:81%  5.82 matches/s  ETA 493s
2026-10-01 23:41:24,174 INFO     benchmark — 1140/4000  A:81%  5.81 matches/s  ETA 492s
2026-10-01 23:41:25,933 INFO     benchmark — 1150/4000  A:81%  5.81 matches/s  ETA 491s
2026-10-01 23:41:27,972 INFO     benchmark — 1160/4000  A:81%  5.80 matches/s  ETA 490s
2026-10-01 23:41:29,952 INFO     benchmark — 1170/4000  A:81%  5.79 matches/s  ETA 489s
2026-10-01 23:41:31,689 INFO     benchmark — 1180/4000  A:81%  5.79 matches/s  ETA 487s
2026-10-01 23:41:33,795 INFO     benchmark — 1190/4000  A:81%  5.78 matches/s  ETA 486s
2026-10-01 23:41:37,002 WARNING  benchmark — voided hand: >2000 actions (policy cycle)
2026-10-01 23:41:37,767 INFO     benchmark — 1200/4000  A:81%  5.72 matches/s  ETA 490s
2026-10-01 23:41:39,613 INFO     benchmark — 1210/4000  A:81%  5.72 matches/s  ETA 488s
2026-10-01 23:41:41,209 INFO     benchmark — 1220/4000  A:81%  5.72 matches/s  ETA 486s
2026-10-01 23:41:43,199 INFO     benchmark — 1230/4000  A:81%  5.71 matches/s  ETA 485s
2026-10-01 23:41:44,871 INFO     benchmark — 1240/4000  A:81%  5.72 matches/s  ETA 483s
2026-10-01 23:41:46,962 INFO     benchmark — 1250/4000  A:81%  5.71 matches/s  ETA 482s
2026-10-01 23:41:48,644 INFO     benchmark — 1260/4000  A:81%  5.71 matches/s  ETA 480s
2026-10-01 23:41:50,594 INFO     benchmark — 1270/4000  A:81%  5.70 matches/s  ETA 479s
2026-10-01 23:41:54,662 WARNING  benchmark — voided hand: >2000 actions (policy cycle)
2026-10-01 23:41:54,682 INFO     benchmark — 1280/4000  A:81%  5.64 matches/s  ETA 482s
2026-10-01 23:41:56,592 INFO     benchmark — 1290/4000  A:81%  5.64 matches/s  ETA 480s
2026-10-01 23:41:58,606 INFO     benchmark — 1300/4000  A:81%  5.63 matches/s  ETA 479s
2026-10-01 23:42:00,467 INFO     benchmark — 1310/4000  A:81%  5.63 matches/s  ETA 478s
2026-10-01 23:42:02,255 INFO     benchmark — 1320/4000  A:81%  5.63 matches/s  ETA 476s
2026-10-01 23:42:03,758 INFO     benchmark — 1330/4000  A:81%  5.64 matches/s  ETA 473s
2026-10-01 23:42:05,523 INFO     benchmark — 1340/4000  A:81%  5.64 matches/s  ETA 472s
2026-10-01 23:42:07,236 INFO     benchmark — 1350/4000  A:81%  5.64 matches/s  ETA 470s
2026-10-01 23:42:09,139 INFO     benchmark — 1360/4000  A:81%  5.64 matches/s  ETA 468s
2026-10-01 23:42:10,713 INFO     benchmark — 1370/4000  A:81%  5.64 matches/s  ETA 466s
2026-10-01 23:42:12,298 INFO     benchmark — 1380/4000  A:80%  5.65 matches/s  ETA 464s
2026-10-01 23:42:13,682 INFO     benchmark — 1390/4000  A:80%  5.66 matches/s  ETA 462s
2026-10-01 23:42:15,731 INFO     benchmark — 1400/4000  A:80%  5.65 matches/s  ETA 460s
2026-10-01 23:42:17,474 INFO     benchmark — 1410/4000  A:80%  5.65 matches/s  ETA 458s
2026-10-01 23:42:19,087 INFO     benchmark — 1420/4000  A:80%  5.65 matches/s  ETA 456s
2026-10-01 23:42:20,923 INFO     benchmark — 1430/4000  A:80%  5.65 matches/s  ETA 455s
2026-10-01 23:42:23,052 INFO     benchmark — 1440/4000  A:80%  5.64 matches/s  ETA 454s
2026-10-01 23:42:24,550 INFO     benchmark — 1450/4000  A:80%  5.65 matches/s  ETA 451s
2026-10-01 23:42:26,372 INFO     benchmark — 1460/4000  A:80%  5.65 matches/s  ETA 450s
2026-10-01 23:42:28,341 INFO     benchmark — 1470/4000  A:80%  5.64 matches/s  ETA 448s
2026-10-01 23:42:30,257 INFO     benchmark — 1480/4000  A:80%  5.64 matches/s  ETA 447s
2026-10-01 23:42:32,274 INFO     benchmark — 1490/4000  A:80%  5.64 matches/s  ETA 445s
2026-10-01 23:42:34,195 INFO     benchmark — 1500/4000  A:80%  5.63 matches/s  ETA 444s
2026-10-01 23:42:35,891 INFO     benchmark — 1510/4000  A:80%  5.63 matches/s  ETA 442s
2026-10-01 23:42:37,142 INFO     benchmark — 1520/4000  A:80%  5.65 matches/s  ETA 439s
2026-10-01 23:42:39,059 INFO     benchmark — 1530/4000  A:80%  5.64 matches/s  ETA 438s
2026-10-01 23:42:40,994 INFO     benchmark — 1540/4000  A:80%  5.64 matches/s  ETA 436s
2026-10-01 23:42:42,891 INFO     benchmark — 1550/4000  A:80%  5.64 matches/s  ETA 435s
2026-10-01 23:42:44,780 INFO     benchmark — 1560/4000  A:80%  5.63 matches/s  ETA 433s
2026-10-01 23:42:46,546 INFO     benchmark — 1570/4000  A:80%  5.63 matches/s  ETA 431s
2026-10-01 23:42:48,335 INFO     benchmark — 1580/4000  A:80%  5.63 matches/s  ETA 430s
2026-10-01 23:42:50,172 INFO     benchmark — 1590/4000  A:80%  5.63 matches/s  ETA 428s
2026-10-01 23:42:52,123 INFO     benchmark — 1600/4000  A:80%  5.63 matches/s  ETA 426s
2026-10-01 23:42:53,697 INFO     benchmark — 1610/4000  A:80%  5.63 matches/s  ETA 424s
2026-10-01 23:42:55,571 INFO     benchmark — 1620/4000  A:80%  5.63 matches/s  ETA 423s
2026-10-01 23:42:57,339 INFO     benchmark — 1630/4000  A:80%  5.63 matches/s  ETA 421s
2026-10-01 23:42:59,244 INFO     benchmark — 1640/4000  A:80%  5.63 matches/s  ETA 419s
2026-10-01 23:43:01,015 INFO     benchmark — 1650/4000  A:80%  5.63 matches/s  ETA 417s
2026-10-01 23:43:02,865 INFO     benchmark — 1660/4000  A:80%  5.63 matches/s  ETA 416s
2026-10-01 23:43:04,547 INFO     benchmark — 1670/4000  A:80%  5.63 matches/s  ETA 414s
2026-10-01 23:43:06,369 INFO     benchmark — 1680/4000  A:80%  5.63 matches/s  ETA 412s
2026-10-01 23:43:08,293 INFO     benchmark — 1690/4000  A:80%  5.63 matches/s  ETA 411s
2026-10-01 23:43:10,117 INFO     benchmark — 1700/4000  A:80%  5.63 matches/s  ETA 409s
2026-10-01 23:43:11,885 INFO     benchmark — 1710/4000  A:80%  5.63 matches/s  ETA 407s
2026-10-01 23:43:13,857 INFO     benchmark — 1720/4000  A:80%  5.62 matches/s  ETA 406s
2026-10-01 23:43:15,570 INFO     benchmark — 1730/4000  A:80%  5.62 matches/s  ETA 404s
2026-10-01 23:43:16,880 INFO     benchmark — 1740/4000  A:80%  5.63 matches/s  ETA 401s
2026-10-01 23:43:18,685 INFO     benchmark — 1750/4000  A:80%  5.63 matches/s  ETA 400s
2026-10-01 23:43:20,352 INFO     benchmark — 1760/4000  A:80%  5.63 matches/s  ETA 398s
2026-10-01 23:43:22,107 INFO     benchmark — 1770/4000  A:80%  5.63 matches/s  ETA 396s
2026-10-01 23:43:23,901 INFO     benchmark — 1780/4000  A:80%  5.63 matches/s  ETA 394s
2026-10-01 23:43:25,716 INFO     benchmark — 1790/4000  A:80%  5.63 matches/s  ETA 392s
2026-10-01 23:43:27,368 INFO     benchmark — 1800/4000  A:80%  5.63 matches/s  ETA 390s
2026-10-01 23:43:29,420 INFO     benchmark — 1810/4000  A:80%  5.63 matches/s  ETA 389s
2026-10-01 23:43:31,200 INFO     benchmark — 1820/4000  A:80%  5.63 matches/s  ETA 387s
2026-10-01 23:43:33,077 INFO     benchmark — 1830/4000  A:80%  5.63 matches/s  ETA 386s
2026-10-01 23:43:34,739 INFO     benchmark — 1840/4000  A:80%  5.63 matches/s  ETA 384s
2026-10-01 23:43:36,743 INFO     benchmark — 1850/4000  A:80%  5.63 matches/s  ETA 382s
2026-10-01 23:43:38,519 INFO     benchmark — 1860/4000  A:80%  5.63 matches/s  ETA 380s
2026-10-01 23:43:40,158 INFO     benchmark — 1870/4000  A:80%  5.63 matches/s  ETA 378s
2026-10-01 23:43:41,742 INFO     benchmark — 1880/4000  A:80%  5.63 matches/s  ETA 376s
2026-10-01 23:43:43,463 INFO     benchmark — 1890/4000  A:80%  5.63 matches/s  ETA 375s
2026-10-01 23:43:46,017 WARNING  benchmark — voided hand: >2000 actions (policy cycle)
2026-10-01 23:43:47,546 INFO     benchmark — 1900/4000  A:80%  5.59 matches/s  ETA 375s
2026-10-01 23:43:49,426 INFO     benchmark — 1910/4000  A:80%  5.59 matches/s  ETA 374s
2026-10-01 23:43:51,367 INFO     benchmark — 1920/4000  A:80%  5.59 matches/s  ETA 372s
2026-10-01 23:43:53,262 INFO     benchmark — 1930/4000  A:80%  5.59 matches/s  ETA 370s
2026-10-01 23:43:55,097 INFO     benchmark — 1940/4000  A:80%  5.59 matches/s  ETA 369s
2026-10-01 23:43:57,080 INFO     benchmark — 1950/4000  A:80%  5.58 matches/s  ETA 367s
2026-10-01 23:43:58,945 INFO     benchmark — 1960/4000  A:80%  5.58 matches/s  ETA 365s
2026-10-01 23:44:00,708 INFO     benchmark — 1970/4000  A:80%  5.58 matches/s  ETA 364s
2026-10-01 23:44:02,301 INFO     benchmark — 1980/4000  A:80%  5.59 matches/s  ETA 362s
2026-10-01 23:44:04,070 INFO     benchmark — 1990/4000  A:80%  5.59 matches/s  ETA 360s
2026-10-01 23:44:05,566 INFO     benchmark — 2000/4000  A:80%  5.59 matches/s  ETA 358s
2026-10-01 23:44:07,303 INFO     benchmark — 2010/4000  A:80%  5.59 matches/s  ETA 356s
2026-10-01 23:44:08,994 INFO     benchmark — 2020/4000  A:80%  5.59 matches/s  ETA 354s
2026-10-01 23:44:10,628 INFO     benchmark — 2030/4000  A:80%  5.60 matches/s  ETA 352s
2026-10-01 23:44:12,205 INFO     benchmark — 2040/4000  A:80%  5.60 matches/s  ETA 350s
2026-10-01 23:44:13,866 INFO     benchmark — 2050/4000  A:80%  5.60 matches/s  ETA 348s
2026-10-01 23:44:16,699 WARNING  benchmark — voided hand: >2000 actions (policy cycle)
2026-10-01 23:44:17,870 INFO     benchmark — 2060/4000  A:80%  5.57 matches/s  ETA 348s
2026-10-01 23:44:19,601 INFO     benchmark — 2070/4000  A:80%  5.57 matches/s  ETA 347s
2026-10-01 23:44:21,180 INFO     benchmark — 2080/4000  A:80%  5.57 matches/s  ETA 345s
2026-10-01 23:44:23,153 INFO     benchmark — 2090/4000  A:80%  5.57 matches/s  ETA 343s
2026-10-01 23:44:24,943 INFO     benchmark — 2100/4000  A:80%  5.57 matches/s  ETA 341s
2026-10-01 23:44:26,594 INFO     benchmark — 2110/4000  A:80%  5.57 matches/s  ETA 339s
2026-10-01 23:44:28,598 INFO     benchmark — 2120/4000  A:80%  5.57 matches/s  ETA 338s
2026-10-01 23:44:30,205 INFO     benchmark — 2130/4000  A:80%  5.57 matches/s  ETA 336s
2026-10-01 23:44:31,970 INFO     benchmark — 2140/4000  A:80%  5.57 matches/s  ETA 334s
2026-10-01 23:44:33,758 INFO     benchmark — 2150/4000  A:80%  5.57 matches/s  ETA 332s
2026-10-01 23:44:35,581 INFO     benchmark — 2160/4000  A:80%  5.57 matches/s  ETA 330s
2026-10-01 23:44:37,213 INFO     benchmark — 2170/4000  A:80%  5.57 matches/s  ETA 328s
2026-10-01 23:44:39,030 INFO     benchmark — 2180/4000  A:80%  5.57 matches/s  ETA 327s
2026-10-01 23:44:40,734 INFO     benchmark — 2190/4000  A:80%  5.57 matches/s  ETA 325s
2026-10-01 23:44:42,116 INFO     benchmark — 2200/4000  A:80%  5.58 matches/s  ETA 323s
2026-10-01 23:44:43,978 INFO     benchmark — 2210/4000  A:80%  5.58 matches/s  ETA 321s
2026-10-01 23:44:45,802 INFO     benchmark — 2220/4000  A:80%  5.58 matches/s  ETA 319s
2026-10-01 23:44:47,635 INFO     benchmark — 2230/4000  A:80%  5.58 matches/s  ETA 317s
2026-10-01 23:44:49,589 INFO     benchmark — 2240/4000  A:80%  5.58 matches/s  ETA 316s
2026-10-01 23:44:51,252 INFO     benchmark — 2250/4000  A:79%  5.58 matches/s  ETA 314s
2026-10-01 23:44:53,096 INFO     benchmark — 2260/4000  A:79%  5.58 matches/s  ETA 312s
2026-10-01 23:44:54,731 INFO     benchmark — 2270/4000  A:79%  5.58 matches/s  ETA 310s
2026-10-01 23:44:56,369 INFO     benchmark — 2280/4000  A:79%  5.58 matches/s  ETA 308s
2026-10-01 23:44:58,344 INFO     benchmark — 2290/4000  A:79%  5.58 matches/s  ETA 306s
2026-10-01 23:45:00,329 INFO     benchmark — 2300/4000  A:79%  5.58 matches/s  ETA 305s
2026-10-01 23:45:02,224 INFO     benchmark — 2310/4000  A:79%  5.58 matches/s  ETA 303s
2026-10-01 23:45:04,002 INFO     benchmark — 2320/4000  A:80%  5.58 matches/s  ETA 301s
2026-10-01 23:45:05,603 INFO     benchmark — 2330/4000  A:79%  5.58 matches/s  ETA 299s
2026-10-01 23:45:07,340 INFO     benchmark — 2340/4000  A:79%  5.58 matches/s  ETA 298s
2026-10-01 23:45:09,114 INFO     benchmark — 2350/4000  A:79%  5.58 matches/s  ETA 296s
2026-10-01 23:45:11,015 INFO     benchmark — 2360/4000  A:79%  5.58 matches/s  ETA 294s
2026-10-01 23:45:12,827 INFO     benchmark — 2370/4000  A:79%  5.58 matches/s  ETA 292s
2026-10-01 23:45:14,632 INFO     benchmark — 2380/4000  A:79%  5.58 matches/s  ETA 290s
2026-10-01 23:45:16,444 INFO     benchmark — 2390/4000  A:79%  5.58 matches/s  ETA 289s
2026-10-01 23:45:18,260 INFO     benchmark — 2400/4000  A:79%  5.58 matches/s  ETA 287s
2026-10-01 23:45:20,098 INFO     benchmark — 2410/4000  A:79%  5.58 matches/s  ETA 285s
2026-10-01 23:45:21,880 INFO     benchmark — 2420/4000  A:79%  5.58 matches/s  ETA 283s
2026-10-01 23:45:23,751 INFO     benchmark — 2430/4000  A:79%  5.58 matches/s  ETA 282s
2026-10-01 23:45:25,316 INFO     benchmark — 2440/4000  A:79%  5.58 matches/s  ETA 280s
2026-10-01 23:45:27,124 INFO     benchmark — 2450/4000  A:79%  5.58 matches/s  ETA 278s
2026-10-01 23:45:29,176 INFO     benchmark — 2460/4000  A:79%  5.57 matches/s  ETA 276s
2026-10-01 23:45:30,888 INFO     benchmark — 2470/4000  A:79%  5.58 matches/s  ETA 274s
2026-10-01 23:45:33,005 INFO     benchmark — 2480/4000  A:79%  5.57 matches/s  ETA 273s
2026-10-01 23:45:34,481 INFO     benchmark — 2490/4000  A:79%  5.58 matches/s  ETA 271s
2026-10-01 23:45:36,255 INFO     benchmark — 2500/4000  A:79%  5.58 matches/s  ETA 269s
2026-10-01 23:45:38,151 INFO     benchmark — 2510/4000  A:79%  5.57 matches/s  ETA 267s
2026-10-01 23:45:40,092 INFO     benchmark — 2520/4000  A:79%  5.57 matches/s  ETA 266s
2026-10-01 23:45:42,852 WARNING  benchmark — voided hand: >2000 actions (policy cycle)
2026-10-01 23:45:43,976 INFO     benchmark — 2530/4000  A:79%  5.55 matches/s  ETA 265s
2026-10-01 23:45:45,733 INFO     benchmark — 2540/4000  A:79%  5.55 matches/s  ETA 263s
2026-10-01 23:45:47,608 INFO     benchmark — 2550/4000  A:79%  5.55 matches/s  ETA 261s
2026-10-01 23:45:49,184 INFO     benchmark — 2560/4000  A:79%  5.55 matches/s  ETA 259s
2026-10-01 23:45:50,792 INFO     benchmark — 2570/4000  A:79%  5.55 matches/s  ETA 258s
2026-10-01 23:45:52,798 INFO     benchmark — 2580/4000  A:79%  5.55 matches/s  ETA 256s
2026-10-01 23:45:54,534 INFO     benchmark — 2590/4000  A:79%  5.55 matches/s  ETA 254s
2026-10-01 23:45:56,196 INFO     benchmark — 2600/4000  A:79%  5.55 matches/s  ETA 252s
2026-10-01 23:45:58,184 INFO     benchmark — 2610/4000  A:79%  5.55 matches/s  ETA 250s
2026-10-01 23:45:59,884 INFO     benchmark — 2620/4000  A:79%  5.55 matches/s  ETA 249s
2026-10-01 23:46:01,858 INFO     benchmark — 2630/4000  A:79%  5.55 matches/s  ETA 247s
2026-10-01 23:46:03,667 INFO     benchmark — 2640/4000  A:79%  5.55 matches/s  ETA 245s
2026-10-01 23:46:05,411 INFO     benchmark — 2650/4000  A:79%  5.55 matches/s  ETA 243s
2026-10-01 23:46:07,202 INFO     benchmark — 2660/4000  A:79%  5.55 matches/s  ETA 241s
2026-10-01 23:46:09,083 INFO     benchmark — 2670/4000  A:79%  5.55 matches/s  ETA 240s
2026-10-01 23:46:10,794 INFO     benchmark — 2680/4000  A:79%  5.55 matches/s  ETA 238s
2026-10-01 23:46:12,776 INFO     benchmark — 2690/4000  A:79%  5.55 matches/s  ETA 236s
2026-10-01 23:46:14,396 INFO     benchmark — 2700/4000  A:79%  5.55 matches/s  ETA 234s
2026-10-01 23:46:16,385 INFO     benchmark — 2710/4000  A:79%  5.55 matches/s  ETA 233s
2026-10-01 23:46:18,182 INFO     benchmark — 2720/4000  A:79%  5.55 matches/s  ETA 231s
2026-10-01 23:46:19,988 INFO     benchmark — 2730/4000  A:79%  5.55 matches/s  ETA 229s
2026-10-01 23:46:21,749 INFO     benchmark — 2740/4000  A:79%  5.55 matches/s  ETA 227s
2026-10-01 23:46:23,483 INFO     benchmark — 2750/4000  A:79%  5.55 matches/s  ETA 225s
2026-10-01 23:46:25,420 INFO     benchmark — 2760/4000  A:79%  5.55 matches/s  ETA 224s
2026-10-01 23:46:27,250 INFO     benchmark — 2770/4000  A:79%  5.55 matches/s  ETA 222s
2026-10-01 23:46:29,014 INFO     benchmark — 2780/4000  A:79%  5.55 matches/s  ETA 220s
2026-10-01 23:46:30,961 INFO     benchmark — 2790/4000  A:79%  5.55 matches/s  ETA 218s
2026-10-01 23:46:32,731 INFO     benchmark — 2800/4000  A:79%  5.55 matches/s  ETA 216s
2026-10-01 23:46:34,467 INFO     benchmark — 2810/4000  A:79%  5.55 matches/s  ETA 215s
2026-10-01 23:46:36,514 INFO     benchmark — 2820/4000  A:79%  5.54 matches/s  ETA 213s
2026-10-01 23:46:38,398 INFO     benchmark — 2830/4000  A:79%  5.54 matches/s  ETA 211s
2026-10-01 23:46:40,352 INFO     benchmark — 2840/4000  A:79%  5.54 matches/s  ETA 209s
2026-10-01 23:46:42,190 INFO     benchmark — 2850/4000  A:79%  5.54 matches/s  ETA 208s
2026-10-01 23:46:43,882 INFO     benchmark — 2860/4000  A:79%  5.54 matches/s  ETA 206s
2026-10-01 23:46:45,843 INFO     benchmark — 2870/4000  A:79%  5.54 matches/s  ETA 204s
2026-10-01 23:46:47,459 INFO     benchmark — 2880/4000  A:79%  5.54 matches/s  ETA 202s
2026-10-01 23:46:49,111 INFO     benchmark — 2890/4000  A:79%  5.54 matches/s  ETA 200s
2026-10-01 23:46:51,139 INFO     benchmark — 2900/4000  A:79%  5.54 matches/s  ETA 198s
2026-10-01 23:46:53,167 INFO     benchmark — 2910/4000  A:79%  5.54 matches/s  ETA 197s
2026-10-01 23:46:54,530 INFO     benchmark — 2920/4000  A:79%  5.54 matches/s  ETA 195s
2026-10-01 23:46:56,573 INFO     benchmark — 2930/4000  A:79%  5.54 matches/s  ETA 193s
2026-10-01 23:46:58,616 INFO     benchmark — 2940/4000  A:79%  5.54 matches/s  ETA 191s
2026-10-01 23:47:00,065 INFO     benchmark — 2950/4000  A:79%  5.54 matches/s  ETA 189s
2026-10-01 23:47:01,673 INFO     benchmark — 2960/4000  A:79%  5.55 matches/s  ETA 188s
2026-10-01 23:47:03,703 INFO     benchmark — 2970/4000  A:79%  5.54 matches/s  ETA 186s
2026-10-01 23:47:05,709 INFO     benchmark — 2980/4000  A:79%  5.54 matches/s  ETA 184s
2026-10-01 23:47:07,530 INFO     benchmark — 2990/4000  A:79%  5.54 matches/s  ETA 182s
2026-10-01 23:47:09,101 INFO     benchmark — 3000/4000  A:79%  5.54 matches/s  ETA 180s
2026-10-01 23:47:10,967 INFO     benchmark — 3010/4000  A:79%  5.54 matches/s  ETA 179s
2026-10-01 23:47:12,703 INFO     benchmark — 3020/4000  A:79%  5.54 matches/s  ETA 177s
2026-10-01 23:47:14,426 INFO     benchmark — 3030/4000  A:79%  5.54 matches/s  ETA 175s
2026-10-01 23:47:16,380 INFO     benchmark — 3040/4000  A:79%  5.54 matches/s  ETA 173s
2026-10-01 23:47:18,203 INFO     benchmark — 3050/4000  A:79%  5.54 matches/s  ETA 171s
2026-10-01 23:47:20,290 INFO     benchmark — 3060/4000  A:79%  5.54 matches/s  ETA 170s
2026-10-01 23:47:21,994 INFO     benchmark — 3070/4000  A:79%  5.54 matches/s  ETA 168s
2026-10-01 23:47:23,786 INFO     benchmark — 3080/4000  A:79%  5.54 matches/s  ETA 166s
2026-10-01 23:47:25,677 INFO     benchmark — 3090/4000  A:79%  5.54 matches/s  ETA 164s
2026-10-01 23:47:28,078 WARNING  benchmark — voided hand: >2000 actions (policy cycle)
2026-10-01 23:47:29,924 INFO     benchmark — 3100/4000  A:79%  5.52 matches/s  ETA 163s
2026-10-01 23:47:31,698 INFO     benchmark — 3110/4000  A:79%  5.52 matches/s  ETA 161s
2026-10-01 23:47:33,493 INFO     benchmark — 3120/4000  A:79%  5.52 matches/s  ETA 160s
2026-10-01 23:47:34,803 INFO     benchmark — 3130/4000  A:79%  5.52 matches/s  ETA 158s
2026-10-01 23:47:36,645 INFO     benchmark — 3140/4000  A:79%  5.52 matches/s  ETA 156s
2026-10-01 23:47:38,233 INFO     benchmark — 3150/4000  A:79%  5.52 matches/s  ETA 154s
2026-10-01 23:47:40,193 INFO     benchmark — 3160/4000  A:79%  5.52 matches/s  ETA 152s
2026-10-01 23:47:42,064 INFO     benchmark — 3170/4000  A:79%  5.52 matches/s  ETA 150s
2026-10-01 23:47:43,825 INFO     benchmark — 3180/4000  A:79%  5.52 matches/s  ETA 149s
2026-10-01 23:47:45,730 INFO     benchmark — 3190/4000  A:79%  5.52 matches/s  ETA 147s
2026-10-01 23:47:47,687 INFO     benchmark — 3200/4000  A:79%  5.52 matches/s  ETA 145s
2026-10-01 23:47:49,622 INFO     benchmark — 3210/4000  A:79%  5.52 matches/s  ETA 143s
2026-10-01 23:47:51,416 INFO     benchmark — 3220/4000  A:79%  5.52 matches/s  ETA 141s
2026-10-01 23:47:53,036 INFO     benchmark — 3230/4000  A:79%  5.52 matches/s  ETA 139s
2026-10-01 23:47:55,079 INFO     benchmark — 3240/4000  A:79%  5.52 matches/s  ETA 138s
2026-10-01 23:47:57,429 INFO     benchmark — 3250/4000  A:79%  5.51 matches/s  ETA 136s
2026-10-01 23:47:59,300 INFO     benchmark — 3260/4000  A:79%  5.51 matches/s  ETA 134s
2026-10-01 23:48:01,087 INFO     benchmark — 3270/4000  A:79%  5.51 matches/s  ETA 132s
2026-10-01 23:48:03,237 INFO     benchmark — 3280/4000  A:79%  5.51 matches/s  ETA 131s
2026-10-01 23:48:05,413 INFO     benchmark — 3290/4000  A:79%  5.51 matches/s  ETA 129s
2026-10-01 23:48:07,468 INFO     benchmark — 3300/4000  A:79%  5.50 matches/s  ETA 127s
2026-10-01 23:48:09,189 INFO     benchmark — 3310/4000  A:79%  5.50 matches/s  ETA 125s
2026-10-01 23:48:11,081 INFO     benchmark — 3320/4000  A:79%  5.50 matches/s  ETA 124s
2026-10-01 23:48:12,780 INFO     benchmark — 3330/4000  A:79%  5.51 matches/s  ETA 122s
2026-10-01 23:48:14,626 INFO     benchmark — 3340/4000  A:79%  5.50 matches/s  ETA 120s
2026-10-01 23:48:16,160 INFO     benchmark — 3350/4000  A:79%  5.51 matches/s  ETA 118s
2026-10-01 23:48:20,399 WARNING  benchmark — voided hand: >2000 actions (policy cycle)
2026-10-01 23:48:21,640 INFO     benchmark — 3360/4000  A:79%  5.47 matches/s  ETA 117s
2026-10-01 23:48:24,376 INFO     benchmark — 3370/4000  A:79%  5.47 matches/s  ETA 115s
2026-10-01 23:48:26,719 INFO     benchmark — 3380/4000  A:79%  5.46 matches/s  ETA 114s
2026-10-01 23:48:29,588 INFO     benchmark — 3390/4000  A:79%  5.45 matches/s  ETA 112s
2026-10-01 23:48:32,247 INFO     benchmark — 3400/4000  A:79%  5.45 matches/s  ETA 110s
2026-10-01 23:48:35,332 INFO     benchmark — 3410/4000  A:79%  5.43 matches/s  ETA 109s
2026-10-01 23:48:38,163 INFO     benchmark — 3420/4000  A:79%  5.43 matches/s  ETA 107s
2026-10-01 23:48:40,542 INFO     benchmark — 3430/4000  A:79%  5.42 matches/s  ETA 105s
2026-10-01 23:48:43,354 INFO     benchmark — 3440/4000  A:79%  5.41 matches/s  ETA 103s
2026-10-01 23:48:45,316 INFO     benchmark — 3450/4000  A:79%  5.41 matches/s  ETA 102s
2026-10-01 23:48:47,203 INFO     benchmark — 3460/4000  A:78%  5.41 matches/s  ETA 100s
2026-10-01 23:48:49,655 INFO     benchmark — 3470/4000  A:78%  5.41 matches/s  ETA 98s
2026-10-01 23:48:51,896 INFO     benchmark — 3480/4000  A:78%  5.40 matches/s  ETA 96s
2026-10-01 23:48:54,074 INFO     benchmark — 3490/4000  A:78%  5.40 matches/s  ETA 94s
2026-10-01 23:48:56,376 INFO     benchmark — 3500/4000  A:78%  5.40 matches/s  ETA 93s
2026-10-01 23:48:59,424 INFO     benchmark — 3510/4000  A:78%  5.39 matches/s  ETA 91s
2026-10-01 23:49:02,317 INFO     benchmark — 3520/4000  A:78%  5.38 matches/s  ETA 89s
2026-10-01 23:49:05,437 INFO     benchmark — 3530/4000  A:78%  5.37 matches/s  ETA 88s
2026-10-01 23:49:07,665 INFO     benchmark — 3540/4000  A:78%  5.37 matches/s  ETA 86s
2026-10-01 23:49:11,154 WARNING  benchmark — voided hand: >2000 actions (policy cycle)
2026-10-01 23:49:12,401 INFO     benchmark — 3550/4000  A:78%  5.34 matches/s  ETA 84s
2026-10-01 23:49:14,466 INFO     benchmark — 3560/4000  A:78%  5.34 matches/s  ETA 82s
2026-10-01 23:49:16,733 INFO     benchmark — 3570/4000  A:78%  5.34 matches/s  ETA 81s
2026-10-01 23:49:19,913 INFO     benchmark — 3580/4000  A:78%  5.33 matches/s  ETA 79s
2026-10-01 23:49:22,398 INFO     benchmark — 3590/4000  A:78%  5.32 matches/s  ETA 77s
2026-10-01 23:49:24,385 INFO     benchmark — 3600/4000  A:78%  5.32 matches/s  ETA 75s
2026-10-01 23:49:26,065 INFO     benchmark — 3610/4000  A:78%  5.32 matches/s  ETA 73s
2026-10-01 23:49:28,678 INFO     benchmark — 3620/4000  A:78%  5.32 matches/s  ETA 71s
2026-10-01 23:49:30,833 INFO     benchmark — 3630/4000  A:78%  5.32 matches/s  ETA 70s
2026-10-01 23:49:32,758 INFO     benchmark — 3640/4000  A:78%  5.31 matches/s  ETA 68s
2026-10-01 23:49:34,551 INFO     benchmark — 3650/4000  A:78%  5.32 matches/s  ETA 66s
2026-10-01 23:49:36,258 INFO     benchmark — 3660/4000  A:78%  5.32 matches/s  ETA 64s
2026-10-01 23:49:38,196 INFO     benchmark — 3670/4000  A:78%  5.32 matches/s  ETA 62s
2026-10-01 23:49:40,166 INFO     benchmark — 3680/4000  A:78%  5.32 matches/s  ETA 60s
2026-10-01 23:49:42,508 INFO     benchmark — 3690/4000  A:78%  5.31 matches/s  ETA 58s
2026-10-01 23:49:44,605 INFO     benchmark — 3700/4000  A:78%  5.31 matches/s  ETA 56s
2026-10-01 23:49:49,510 WARNING  benchmark — voided hand: >2000 actions (policy cycle)
2026-10-01 23:49:49,539 INFO     benchmark — 3710/4000  A:78%  5.29 matches/s  ETA 55s
2026-10-01 23:49:52,077 INFO     benchmark — 3720/4000  A:78%  5.28 matches/s  ETA 53s
2026-10-01 23:49:54,175 INFO     benchmark — 3730/4000  A:78%  5.28 matches/s  ETA 51s
2026-10-01 23:49:57,048 WARNING  benchmark — voided hand: >2000 actions (policy cycle)
2026-10-01 23:49:58,731 INFO     benchmark — 3740/4000  A:78%  5.26 matches/s  ETA 49s
2026-10-01 23:50:00,765 INFO     benchmark — 3750/4000  A:78%  5.26 matches/s  ETA 48s
2026-10-01 23:50:02,923 INFO     benchmark — 3760/4000  A:78%  5.26 matches/s  ETA 46s
2026-10-01 23:50:05,003 INFO     benchmark — 3770/4000  A:78%  5.26 matches/s  ETA 44s
2026-10-01 23:50:07,225 INFO     benchmark — 3780/4000  A:78%  5.25 matches/s  ETA 42s
2026-10-01 23:50:09,195 INFO     benchmark — 3790/4000  A:78%  5.25 matches/s  ETA 40s
2026-10-01 23:50:11,520 INFO     benchmark — 3800/4000  A:78%  5.25 matches/s  ETA 38s
2026-10-01 23:50:13,575 INFO     benchmark — 3810/4000  A:78%  5.25 matches/s  ETA 36s
2026-10-01 23:50:15,256 INFO     benchmark — 3820/4000  A:78%  5.25 matches/s  ETA 34s
2026-10-01 23:50:17,407 INFO     benchmark — 3830/4000  A:78%  5.25 matches/s  ETA 32s
2026-10-01 23:50:19,243 INFO     benchmark — 3840/4000  A:78%  5.25 matches/s  ETA 30s
2026-10-01 23:50:21,454 INFO     benchmark — 3850/4000  A:78%  5.25 matches/s  ETA 29s
2026-10-01 23:50:23,662 INFO     benchmark — 3860/4000  A:78%  5.25 matches/s  ETA 27s
2026-10-01 23:50:25,744 INFO     benchmark — 3870/4000  A:78%  5.25 matches/s  ETA 25s
2026-10-01 23:50:27,721 INFO     benchmark — 3880/4000  A:78%  5.24 matches/s  ETA 23s
2026-10-01 23:50:29,784 INFO     benchmark — 3890/4000  A:78%  5.24 matches/s  ETA 21s
2026-10-01 23:50:33,742 WARNING  benchmark — voided hand: >2000 actions (policy cycle)
2026-10-01 23:50:34,882 INFO     benchmark — 3900/4000  A:78%  5.22 matches/s  ETA 19s
2026-10-01 23:50:36,911 INFO     benchmark — 3910/4000  A:78%  5.22 matches/s  ETA 17s
2026-10-01 23:50:39,203 INFO     benchmark — 3920/4000  A:78%  5.22 matches/s  ETA 15s
2026-10-01 23:50:41,207 INFO     benchmark — 3930/4000  A:78%  5.22 matches/s  ETA 13s
2026-10-01 23:50:43,657 INFO     benchmark — 3940/4000  A:78%  5.21 matches/s  ETA 12s
2026-10-01 23:50:46,477 INFO     benchmark — 3950/4000  A:78%  5.21 matches/s  ETA 10s
2026-10-01 23:50:48,792 INFO     benchmark — 3960/4000  A:78%  5.20 matches/s  ETA 8s
2026-10-01 23:50:50,815 INFO     benchmark — 3970/4000  A:78%  5.20 matches/s  ETA 6s
2026-10-01 23:50:53,695 INFO     benchmark — 3980/4000  A:78%  5.20 matches/s  ETA 4s
2026-10-01 23:50:56,092 INFO     benchmark — 3990/4000  A:78%  5.19 matches/s  ETA 2s
2026-10-01 23:50:58,788 INFO     benchmark — 4000/4000  A:78%  5.19 matches/s  ETA 0s
2026-10-01 23:50:58,862 INFO     benchmark — wrote results/008/thr4M_vs_thr.json

──────────────────────────────────────────────────
Mode:        match_rl_vs_threshold
Matches:      4,000
──────────────────────────────────────────────────
RL(truco_threshold_4000000) wins:  3,123  (78.1%)
Threshold wins:  877  (21.9%)
Ties:        0  (0.0%)
──────────────────────────────────────────────────

