2026-10-01 23:28:14,385 INFO     benchmark — 10/4000  A:80%  4.98 matches/s  ETA 801s
2026-10-01 23:28:16,126 INFO     benchmark — 20/4000  A:85%  5.34 matches/s  ETA 746s
2026-10-01 23:28:17,991 INFO     benchmark — 30/4000  A:83%  5.34 matches/s  ETA 743s
2026-10-01 23:28:19,997 INFO     benchmark — 40/4000  A:82%  5.25 matches/s  ETA 754s
2026-10-01 23:28:21,791 INFO     benchmark — 50/4000  A:78%  5.31 matches/s  ETA 744s
2026-10-01 23:28:23,704 INFO     benchmark — 60/4000  A:77%  5.30 matches/s  ETA 744s
2026-10-01 23:28:25,664 INFO     benchmark — 70/4000  A:77%  5.27 matches/s  ETA 746s
2026-10-01 23:28:27,385 INFO     benchmark — 80/4000  A:78%  5.33 matches/s  ETA 735s
2026-10-01 23:28:29,067 INFO     benchmark — 90/4000  A:76%  5.39 matches/s  ETA 725s
2026-10-01 23:28:30,939 INFO     benchmark — 100/4000  A:75%  5.39 matches/s  ETA 724s
2026-10-01 23:28:32,851 INFO     benchmark — 110/4000  A:77%  5.37 matches/s  ETA 724s
2026-10-01 23:28:34,707 INFO     benchmark — 120/4000  A:78%  5.37 matches/s  ETA 722s
2026-10-01 23:28:36,400 INFO     benchmark — 130/4000  A:78%  5.41 matches/s  ETA 715s
2026-10-01 23:28:38,510 INFO     benchmark — 140/4000  A:79%  5.36 matches/s  ETA 720s
2026-10-01 23:28:40,380 INFO     benchmark — 150/4000  A:79%  5.36 matches/s  ETA 719s
2026-10-01 23:28:42,299 INFO     benchmark — 160/4000  A:79%  5.35 matches/s  ETA 718s
2026-10-01 23:28:44,034 INFO     benchmark — 170/4000  A:79%  5.37 matches/s  ETA 713s
2026-10-01 23:28:46,057 INFO     benchmark — 180/4000  A:79%  5.34 matches/s  ETA 715s
2026-10-01 23:28:47,942 INFO     benchmark — 190/4000  A:80%  5.34 matches/s  ETA 713s
2026-10-01 23:28:49,942 INFO     benchmark — 200/4000  A:80%  5.32 matches/s  ETA 714s
2026-10-01 23:28:51,950 INFO     benchmark — 210/4000  A:81%  5.31 matches/s  ETA 714s
2026-10-01 23:28:53,902 INFO     benchmark — 220/4000  A:81%  5.30 matches/s  ETA 713s
2026-10-01 23:28:55,883 INFO     benchmark — 230/4000  A:81%  5.29 matches/s  ETA 713s
2026-10-01 23:28:57,822 INFO     benchmark — 240/4000  A:81%  5.28 matches/s  ETA 712s
2026-10-01 23:28:59,742 INFO     benchmark — 250/4000  A:81%  5.28 matches/s  ETA 710s
2026-10-01 23:29:01,343 INFO     benchmark — 260/4000  A:82%  5.31 matches/s  ETA 704s
2026-10-01 23:29:02,977 INFO     benchmark — 270/4000  A:81%  5.34 matches/s  ETA 699s
2026-10-01 23:29:04,830 INFO     benchmark — 280/4000  A:82%  5.34 matches/s  ETA 697s
2026-10-01 23:29:07,033 INFO     benchmark — 290/4000  A:82%  5.31 matches/s  ETA 699s
2026-10-01 23:29:08,979 INFO     benchmark — 300/4000  A:82%  5.30 matches/s  ETA 698s
2026-10-01 23:29:10,853 INFO     benchmark — 310/4000  A:83%  5.30 matches/s  ETA 696s
2026-10-01 23:29:12,770 INFO     benchmark — 320/4000  A:83%  5.30 matches/s  ETA 695s
2026-10-01 23:29:14,723 INFO     benchmark — 330/4000  A:83%  5.29 matches/s  ETA 693s
2026-10-01 23:29:16,402 INFO     benchmark — 340/4000  A:82%  5.31 matches/s  ETA 689s
2026-10-01 23:29:18,072 INFO     benchmark — 350/4000  A:83%  5.33 matches/s  ETA 685s
2026-10-01 23:29:19,985 INFO     benchmark — 360/4000  A:83%  5.32 matches/s  ETA 684s
2026-10-01 23:29:21,567 INFO     benchmark — 370/4000  A:83%  5.35 matches/s  ETA 679s
2026-10-01 23:29:23,713 INFO     benchmark — 380/4000  A:83%  5.33 matches/s  ETA 680s
2026-10-01 23:29:25,549 INFO     benchmark — 390/4000  A:83%  5.33 matches/s  ETA 677s
2026-10-01 23:29:27,324 INFO     benchmark — 400/4000  A:83%  5.34 matches/s  ETA 675s
2026-10-01 23:29:30,749 WARNING  benchmark — voided hand: >2000 actions (policy cycle)
2026-10-01 23:29:31,490 INFO     benchmark — 410/4000  A:83%  5.18 matches/s  ETA 693s
2026-10-01 23:29:33,137 INFO     benchmark — 420/4000  A:83%  5.20 matches/s  ETA 688s
2026-10-01 23:29:34,501 INFO     benchmark — 430/4000  A:83%  5.24 matches/s  ETA 682s
2026-10-01 23:29:35,712 INFO     benchmark — 440/4000  A:82%  5.28 matches/s  ETA 674s
2026-10-01 23:29:36,928 INFO     benchmark — 450/4000  A:82%  5.32 matches/s  ETA 667s
2026-10-01 23:29:38,099 INFO     benchmark — 460/4000  A:82%  5.37 matches/s  ETA 660s
2026-10-01 23:29:39,262 INFO     benchmark — 470/4000  A:82%  5.41 matches/s  ETA 653s
2026-10-01 23:29:40,623 INFO     benchmark — 480/4000  A:81%  5.44 matches/s  ETA 647s
2026-10-01 23:29:42,426 INFO     benchmark — 490/4000  A:82%  5.44 matches/s  ETA 645s
2026-10-01 23:29:44,088 INFO     benchmark — 500/4000  A:81%  5.45 matches/s  ETA 642s
2026-10-01 23:29:45,429 INFO     benchmark — 510/4000  A:81%  5.48 matches/s  ETA 637s
2026-10-01 23:29:46,817 INFO     benchmark — 520/4000  A:81%  5.51 matches/s  ETA 632s
2026-10-01 23:29:48,061 INFO     benchmark — 530/4000  A:81%  5.54 matches/s  ETA 626s
2026-10-01 23:29:49,281 INFO     benchmark — 540/4000  A:80%  5.57 matches/s  ETA 621s
2026-10-01 23:29:50,529 INFO     benchmark — 550/4000  A:80%  5.60 matches/s  ETA 616s
2026-10-01 23:29:51,829 INFO     benchmark — 560/4000  A:81%  5.63 matches/s  ETA 611s
2026-10-01 23:29:53,069 INFO     benchmark — 570/4000  A:81%  5.66 matches/s  ETA 606s
2026-10-01 23:29:54,368 INFO     benchmark — 580/4000  A:81%  5.69 matches/s  ETA 601s
2026-10-01 23:29:55,641 INFO     benchmark — 590/4000  A:81%  5.71 matches/s  ETA 597s
2026-10-01 23:29:56,819 INFO     benchmark — 600/4000  A:81%  5.74 matches/s  ETA 592s
2026-10-01 23:29:58,193 INFO     benchmark — 610/4000  A:81%  5.76 matches/s  ETA 588s
2026-10-01 23:29:59,330 INFO     benchmark — 620/4000  A:80%  5.80 matches/s  ETA 583s
2026-10-01 23:30:00,634 INFO     benchmark — 630/4000  A:80%  5.82 matches/s  ETA 579s
2026-10-01 23:30:02,793 WARNING  benchmark — voided hand: >2000 actions (policy cycle)
2026-10-01 23:30:03,519 INFO     benchmark — 640/4000  A:80%  5.76 matches/s  ETA 583s
2026-10-01 23:30:04,721 INFO     benchmark — 650/4000  A:80%  5.79 matches/s  ETA 579s
2026-10-01 23:30:05,975 INFO     benchmark — 660/4000  A:80%  5.81 matches/s  ETA 575s
2026-10-01 23:30:07,359 INFO     benchmark — 670/4000  A:79%  5.83 matches/s  ETA 571s
2026-10-01 23:30:08,639 INFO     benchmark — 680/4000  A:79%  5.85 matches/s  ETA 568s
2026-10-01 23:30:09,953 INFO     benchmark — 690/4000  A:79%  5.87 matches/s  ETA 564s
2026-10-01 23:30:11,207 INFO     benchmark — 700/4000  A:80%  5.89 matches/s  ETA 560s
2026-10-01 23:30:12,492 INFO     benchmark — 710/4000  A:80%  5.91 matches/s  ETA 557s
2026-10-01 23:30:13,750 INFO     benchmark — 720/4000  A:80%  5.93 matches/s  ETA 553s
2026-10-01 23:30:15,127 INFO     benchmark — 730/4000  A:80%  5.95 matches/s  ETA 550s
2026-10-01 23:30:16,490 INFO     benchmark — 740/4000  A:80%  5.96 matches/s  ETA 547s
2026-10-01 23:30:17,733 INFO     benchmark — 750/4000  A:80%  5.98 matches/s  ETA 543s
2026-10-01 23:30:19,056 INFO     benchmark — 760/4000  A:80%  6.00 matches/s  ETA 540s
2026-10-01 23:30:20,360 INFO     benchmark — 770/4000  A:80%  6.02 matches/s  ETA 537s
2026-10-01 23:30:21,677 INFO     benchmark — 780/4000  A:79%  6.03 matches/s  ETA 534s
2026-10-01 23:30:22,861 INFO     benchmark — 790/4000  A:80%  6.05 matches/s  ETA 530s
2026-10-01 23:30:24,187 INFO     benchmark — 800/4000  A:80%  6.07 matches/s  ETA 527s
2026-10-01 23:30:25,677 INFO     benchmark — 810/4000  A:80%  6.08 matches/s  ETA 525s
2026-10-01 23:30:26,957 INFO     benchmark — 820/4000  A:80%  6.09 matches/s  ETA 522s
2026-10-01 23:30:28,180 INFO     benchmark — 830/4000  A:80%  6.11 matches/s  ETA 519s
2026-10-01 23:30:30,015 WARNING  benchmark — voided hand: >2000 actions (policy cycle)
2026-10-01 23:30:30,823 INFO     benchmark — 840/4000  A:80%  6.07 matches/s  ETA 521s
2026-10-01 23:30:32,146 INFO     benchmark — 850/4000  A:80%  6.08 matches/s  ETA 518s
2026-10-01 23:30:33,403 INFO     benchmark — 860/4000  A:80%  6.10 matches/s  ETA 515s
2026-10-01 23:30:34,318 INFO     benchmark — 870/4000  A:80%  6.13 matches/s  ETA 511s
2026-10-01 23:30:35,525 INFO     benchmark — 880/4000  A:81%  6.15 matches/s  ETA 508s
2026-10-01 23:30:36,716 INFO     benchmark — 890/4000  A:80%  6.17 matches/s  ETA 504s
2026-10-01 23:30:37,950 INFO     benchmark — 900/4000  A:80%  6.18 matches/s  ETA 501s
2026-10-01 23:30:39,220 INFO     benchmark — 910/4000  A:80%  6.20 matches/s  ETA 499s
2026-10-01 23:30:40,463 INFO     benchmark — 920/4000  A:80%  6.21 matches/s  ETA 496s
2026-10-01 23:30:41,667 INFO     benchmark — 930/4000  A:80%  6.23 matches/s  ETA 493s
2026-10-01 23:30:43,023 INFO     benchmark — 940/4000  A:81%  6.24 matches/s  ETA 490s
2026-10-01 23:30:44,404 INFO     benchmark — 950/4000  A:80%  6.25 matches/s  ETA 488s
2026-10-01 23:30:45,816 INFO     benchmark — 960/4000  A:80%  6.26 matches/s  ETA 486s
2026-10-01 23:30:46,727 INFO     benchmark — 970/4000  A:80%  6.28 matches/s  ETA 482s
2026-10-01 23:30:47,900 INFO     benchmark — 980/4000  A:81%  6.30 matches/s  ETA 479s
2026-10-01 23:30:49,159 INFO     benchmark — 990/4000  A:81%  6.31 matches/s  ETA 477s
2026-10-01 23:30:50,892 WARNING  benchmark — voided hand: >2000 actions (policy cycle)
2026-10-01 23:30:51,945 INFO     benchmark — 1000/4000  A:81%  6.27 matches/s  ETA 479s
2026-10-01 23:30:53,100 INFO     benchmark — 1010/4000  A:81%  6.28 matches/s  ETA 476s
2026-10-01 23:30:54,370 INFO     benchmark — 1020/4000  A:81%  6.30 matches/s  ETA 473s
2026-10-01 23:30:55,786 INFO     benchmark — 1030/4000  A:80%  6.30 matches/s  ETA 471s
2026-10-01 23:30:57,124 INFO     benchmark — 1040/4000  A:80%  6.31 matches/s  ETA 469s
2026-10-01 23:30:58,399 INFO     benchmark — 1050/4000  A:80%  6.32 matches/s  ETA 466s
2026-10-01 23:30:59,731 INFO     benchmark — 1060/4000  A:80%  6.33 matches/s  ETA 464s
2026-10-01 23:31:00,907 INFO     benchmark — 1070/4000  A:80%  6.35 matches/s  ETA 461s
2026-10-01 23:31:02,191 INFO     benchmark — 1080/4000  A:80%  6.36 matches/s  ETA 459s
2026-10-01 23:31:03,517 INFO     benchmark — 1090/4000  A:80%  6.37 matches/s  ETA 457s
2026-10-01 23:31:04,854 INFO     benchmark — 1100/4000  A:80%  6.38 matches/s  ETA 455s
2026-10-01 23:31:05,935 INFO     benchmark — 1110/4000  A:80%  6.40 matches/s  ETA 452s
2026-10-01 23:31:07,095 INFO     benchmark — 1120/4000  A:80%  6.41 matches/s  ETA 449s
2026-10-01 23:31:08,360 INFO     benchmark — 1130/4000  A:80%  6.42 matches/s  ETA 447s
2026-10-01 23:31:09,578 INFO     benchmark — 1140/4000  A:80%  6.43 matches/s  ETA 445s
2026-10-01 23:31:10,551 INFO     benchmark — 1150/4000  A:80%  6.45 matches/s  ETA 442s
2026-10-01 23:31:12,030 INFO     benchmark — 1160/4000  A:80%  6.46 matches/s  ETA 440s
2026-10-01 23:31:13,380 INFO     benchmark — 1170/4000  A:80%  6.46 matches/s  ETA 438s
2026-10-01 23:31:14,666 INFO     benchmark — 1180/4000  A:80%  6.47 matches/s  ETA 436s
2026-10-01 23:31:15,920 INFO     benchmark — 1190/4000  A:80%  6.48 matches/s  ETA 433s
2026-10-01 23:31:17,270 INFO     benchmark — 1200/4000  A:80%  6.49 matches/s  ETA 431s
2026-10-01 23:31:18,574 INFO     benchmark — 1210/4000  A:80%  6.50 matches/s  ETA 429s
2026-10-01 23:31:20,119 INFO     benchmark — 1220/4000  A:80%  6.50 matches/s  ETA 428s
2026-10-01 23:31:21,329 INFO     benchmark — 1230/4000  A:80%  6.51 matches/s  ETA 426s
2026-10-01 23:31:22,638 INFO     benchmark — 1240/4000  A:80%  6.52 matches/s  ETA 423s
2026-10-01 23:31:23,648 INFO     benchmark — 1250/4000  A:80%  6.54 matches/s  ETA 421s
2026-10-01 23:31:24,993 INFO     benchmark — 1260/4000  A:79%  6.54 matches/s  ETA 419s
2026-10-01 23:31:26,407 INFO     benchmark — 1270/4000  A:80%  6.55 matches/s  ETA 417s
2026-10-01 23:31:28,359 INFO     benchmark — 1280/4000  A:80%  6.53 matches/s  ETA 416s
2026-10-01 23:31:30,084 INFO     benchmark — 1290/4000  A:80%  6.52 matches/s  ETA 415s
2026-10-01 23:31:31,939 INFO     benchmark — 1300/4000  A:80%  6.51 matches/s  ETA 414s
2026-10-01 23:31:33,887 INFO     benchmark — 1310/4000  A:80%  6.50 matches/s  ETA 414s
2026-10-01 23:31:35,674 INFO     benchmark — 1320/4000  A:80%  6.49 matches/s  ETA 413s
2026-10-01 23:31:37,548 INFO     benchmark — 1330/4000  A:79%  6.48 matches/s  ETA 412s
2026-10-01 23:31:39,236 INFO     benchmark — 1340/4000  A:79%  6.48 matches/s  ETA 411s
2026-10-01 23:31:40,978 INFO     benchmark — 1350/4000  A:79%  6.47 matches/s  ETA 409s
2026-10-01 23:31:42,633 INFO     benchmark — 1360/4000  A:79%  6.47 matches/s  ETA 408s
2026-10-01 23:31:44,709 INFO     benchmark — 1370/4000  A:79%  6.45 matches/s  ETA 408s
2026-10-01 23:31:46,673 INFO     benchmark — 1380/4000  A:79%  6.44 matches/s  ETA 407s
2026-10-01 23:31:48,623 INFO     benchmark — 1390/4000  A:79%  6.43 matches/s  ETA 406s
2026-10-01 23:31:50,137 INFO     benchmark — 1400/4000  A:79%  6.43 matches/s  ETA 404s
2026-10-01 23:31:51,890 INFO     benchmark — 1410/4000  A:79%  6.42 matches/s  ETA 403s
2026-10-01 23:31:53,574 INFO     benchmark — 1420/4000  A:79%  6.42 matches/s  ETA 402s
2026-10-01 23:31:55,556 INFO     benchmark — 1430/4000  A:79%  6.41 matches/s  ETA 401s
2026-10-01 23:31:57,115 INFO     benchmark — 1440/4000  A:79%  6.41 matches/s  ETA 400s
2026-10-01 23:31:59,190 INFO     benchmark — 1450/4000  A:79%  6.39 matches/s  ETA 399s
2026-10-01 23:32:01,272 INFO     benchmark — 1460/4000  A:79%  6.38 matches/s  ETA 398s
2026-10-01 23:32:03,259 INFO     benchmark — 1470/4000  A:79%  6.37 matches/s  ETA 397s
2026-10-01 23:32:04,956 INFO     benchmark — 1480/4000  A:79%  6.36 matches/s  ETA 396s
2026-10-01 23:32:06,975 INFO     benchmark — 1490/4000  A:79%  6.35 matches/s  ETA 395s
2026-10-01 23:32:09,035 INFO     benchmark — 1500/4000  A:79%  6.34 matches/s  ETA 394s
2026-10-01 23:32:10,736 INFO     benchmark — 1510/4000  A:79%  6.34 matches/s  ETA 393s
2026-10-01 23:32:12,393 INFO     benchmark — 1520/4000  A:79%  6.33 matches/s  ETA 392s
2026-10-01 23:32:13,980 INFO     benchmark — 1530/4000  A:79%  6.33 matches/s  ETA 390s
2026-10-01 23:32:15,803 INFO     benchmark — 1540/4000  A:79%  6.33 matches/s  ETA 389s
2026-10-01 23:32:17,591 INFO     benchmark — 1550/4000  A:79%  6.32 matches/s  ETA 388s
2026-10-01 23:32:19,519 INFO     benchmark — 1560/4000  A:79%  6.31 matches/s  ETA 387s
2026-10-01 23:32:21,418 INFO     benchmark — 1570/4000  A:79%  6.30 matches/s  ETA 385s
2026-10-01 23:32:22,923 INFO     benchmark — 1580/4000  A:79%  6.31 matches/s  ETA 384s
2026-10-01 23:32:24,802 INFO     benchmark — 1590/4000  A:79%  6.30 matches/s  ETA 383s
2026-10-01 23:32:26,811 INFO     benchmark — 1600/4000  A:79%  6.29 matches/s  ETA 382s
2026-10-01 23:32:28,476 INFO     benchmark — 1610/4000  A:79%  6.29 matches/s  ETA 380s
2026-10-01 23:32:30,239 INFO     benchmark — 1620/4000  A:79%  6.28 matches/s  ETA 379s
2026-10-01 23:32:32,112 INFO     benchmark — 1630/4000  A:79%  6.28 matches/s  ETA 378s
2026-10-01 23:32:33,914 INFO     benchmark — 1640/4000  A:79%  6.27 matches/s  ETA 376s
2026-10-01 23:32:35,857 INFO     benchmark — 1650/4000  A:79%  6.26 matches/s  ETA 375s
2026-10-01 23:32:37,580 INFO     benchmark — 1660/4000  A:79%  6.26 matches/s  ETA 374s
2026-10-01 23:32:39,517 INFO     benchmark — 1670/4000  A:79%  6.25 matches/s  ETA 373s
2026-10-01 23:32:41,501 INFO     benchmark — 1680/4000  A:79%  6.24 matches/s  ETA 372s
2026-10-01 23:32:43,402 INFO     benchmark — 1690/4000  A:79%  6.24 matches/s  ETA 370s
2026-10-01 23:32:45,479 INFO     benchmark — 1700/4000  A:79%  6.22 matches/s  ETA 369s
2026-10-01 23:32:47,212 INFO     benchmark — 1710/4000  A:79%  6.22 matches/s  ETA 368s
2026-10-01 23:32:48,794 INFO     benchmark — 1720/4000  A:79%  6.22 matches/s  ETA 366s
2026-10-01 23:32:50,358 INFO     benchmark — 1730/4000  A:79%  6.22 matches/s  ETA 365s
2026-10-01 23:32:52,254 INFO     benchmark — 1740/4000  A:79%  6.22 matches/s  ETA 364s
2026-10-01 23:32:54,170 INFO     benchmark — 1750/4000  A:79%  6.21 matches/s  ETA 362s
2026-10-01 23:32:55,989 INFO     benchmark — 1760/4000  A:79%  6.21 matches/s  ETA 361s
2026-10-01 23:32:57,807 INFO     benchmark — 1770/4000  A:79%  6.20 matches/s  ETA 360s
2026-10-01 23:32:59,597 INFO     benchmark — 1780/4000  A:79%  6.20 matches/s  ETA 358s
2026-10-01 23:33:01,481 INFO     benchmark — 1790/4000  A:79%  6.19 matches/s  ETA 357s
2026-10-01 23:33:03,483 INFO     benchmark — 1800/4000  A:79%  6.18 matches/s  ETA 356s
2026-10-01 23:33:05,559 INFO     benchmark — 1810/4000  A:79%  6.17 matches/s  ETA 355s
2026-10-01 23:33:07,435 INFO     benchmark — 1820/4000  A:79%  6.17 matches/s  ETA 353s
2026-10-01 23:33:09,214 INFO     benchmark — 1830/4000  A:79%  6.17 matches/s  ETA 352s
2026-10-01 23:33:11,051 INFO     benchmark — 1840/4000  A:79%  6.16 matches/s  ETA 351s
2026-10-01 23:33:13,010 INFO     benchmark — 1850/4000  A:79%  6.15 matches/s  ETA 349s
2026-10-01 23:33:14,751 INFO     benchmark — 1860/4000  A:79%  6.15 matches/s  ETA 348s
2026-10-01 23:33:16,372 INFO     benchmark — 1870/4000  A:79%  6.15 matches/s  ETA 346s
2026-10-01 23:33:18,269 INFO     benchmark — 1880/4000  A:79%  6.15 matches/s  ETA 345s
2026-10-01 23:33:20,149 INFO     benchmark — 1890/4000  A:79%  6.14 matches/s  ETA 344s
2026-10-01 23:33:21,962 INFO     benchmark — 1900/4000  A:79%  6.14 matches/s  ETA 342s
2026-10-01 23:33:24,097 INFO     benchmark — 1910/4000  A:79%  6.13 matches/s  ETA 341s
2026-10-01 23:33:25,843 INFO     benchmark — 1920/4000  A:79%  6.13 matches/s  ETA 340s
2026-10-01 23:33:27,541 INFO     benchmark — 1930/4000  A:79%  6.12 matches/s  ETA 338s
2026-10-01 23:33:29,290 INFO     benchmark — 1940/4000  A:79%  6.12 matches/s  ETA 337s
2026-10-01 23:33:30,929 INFO     benchmark — 1950/4000  A:79%  6.12 matches/s  ETA 335s
2026-10-01 23:33:32,992 INFO     benchmark — 1960/4000  A:79%  6.11 matches/s  ETA 334s
2026-10-01 23:33:34,672 INFO     benchmark — 1970/4000  A:79%  6.11 matches/s  ETA 332s
2026-10-01 23:33:36,471 INFO     benchmark — 1980/4000  A:79%  6.11 matches/s  ETA 331s
2026-10-01 23:33:38,389 INFO     benchmark — 1990/4000  A:79%  6.10 matches/s  ETA 329s
2026-10-01 23:33:40,226 INFO     benchmark — 2000/4000  A:79%  6.10 matches/s  ETA 328s
2026-10-01 23:33:41,928 INFO     benchmark — 2010/4000  A:79%  6.10 matches/s  ETA 326s
2026-10-01 23:33:43,945 INFO     benchmark — 2020/4000  A:79%  6.09 matches/s  ETA 325s
2026-10-01 23:33:45,835 INFO     benchmark — 2030/4000  A:79%  6.09 matches/s  ETA 324s
2026-10-01 23:33:47,595 INFO     benchmark — 2040/4000  A:79%  6.09 matches/s  ETA 322s
2026-10-01 23:33:49,509 INFO     benchmark — 2050/4000  A:79%  6.08 matches/s  ETA 321s
2026-10-01 23:33:51,570 INFO     benchmark — 2060/4000  A:79%  6.07 matches/s  ETA 319s
2026-10-01 23:33:53,075 INFO     benchmark — 2070/4000  A:79%  6.08 matches/s  ETA 318s
2026-10-01 23:33:54,765 INFO     benchmark — 2080/4000  A:79%  6.08 matches/s  ETA 316s
2026-10-01 23:33:56,534 INFO     benchmark — 2090/4000  A:79%  6.07 matches/s  ETA 315s
2026-10-01 23:33:58,369 INFO     benchmark — 2100/4000  A:79%  6.07 matches/s  ETA 313s
2026-10-01 23:34:00,260 INFO     benchmark — 2110/4000  A:79%  6.07 matches/s  ETA 312s
2026-10-01 23:34:04,399 WARNING  benchmark — voided hand: >2000 actions (policy cycle)
2026-10-01 23:34:04,426 INFO     benchmark — 2120/4000  A:79%  6.02 matches/s  ETA 312s
2026-10-01 23:34:06,413 INFO     benchmark — 2130/4000  A:79%  6.02 matches/s  ETA 311s
2026-10-01 23:34:08,532 INFO     benchmark — 2140/4000  A:79%  6.01 matches/s  ETA 310s
2026-10-01 23:34:10,352 INFO     benchmark — 2150/4000  A:79%  6.01 matches/s  ETA 308s
2026-10-01 23:34:12,183 INFO     benchmark — 2160/4000  A:79%  6.00 matches/s  ETA 307s
2026-10-01 23:34:14,031 INFO     benchmark — 2170/4000  A:79%  6.00 matches/s  ETA 305s
2026-10-01 23:34:15,817 INFO     benchmark — 2180/4000  A:79%  6.00 matches/s  ETA 303s
2026-10-01 23:34:17,719 INFO     benchmark — 2190/4000  A:79%  5.99 matches/s  ETA 302s
2026-10-01 23:34:19,682 INFO     benchmark — 2200/4000  A:79%  5.99 matches/s  ETA 301s
2026-10-01 23:34:21,818 INFO     benchmark — 2210/4000  A:79%  5.98 matches/s  ETA 299s
2026-10-01 23:34:23,688 INFO     benchmark — 2220/4000  A:80%  5.98 matches/s  ETA 298s
2026-10-01 23:34:25,453 INFO     benchmark — 2230/4000  A:80%  5.98 matches/s  ETA 296s
2026-10-01 23:34:27,159 INFO     benchmark — 2240/4000  A:80%  5.98 matches/s  ETA 294s
2026-10-01 23:34:29,230 INFO     benchmark — 2250/4000  A:79%  5.97 matches/s  ETA 293s
2026-10-01 23:34:30,784 INFO     benchmark — 2260/4000  A:79%  5.97 matches/s  ETA 291s
2026-10-01 23:34:32,647 INFO     benchmark — 2270/4000  A:79%  5.97 matches/s  ETA 290s
2026-10-01 23:34:34,583 INFO     benchmark — 2280/4000  A:79%  5.97 matches/s  ETA 288s
2026-10-01 23:34:36,486 INFO     benchmark — 2290/4000  A:79%  5.96 matches/s  ETA 287s
2026-10-01 23:34:38,202 INFO     benchmark — 2300/4000  A:79%  5.96 matches/s  ETA 285s
2026-10-01 23:34:40,031 INFO     benchmark — 2310/4000  A:79%  5.96 matches/s  ETA 284s
2026-10-01 23:34:41,724 INFO     benchmark — 2320/4000  A:79%  5.96 matches/s  ETA 282s
2026-10-01 23:34:43,584 INFO     benchmark — 2330/4000  A:79%  5.96 matches/s  ETA 280s
2026-10-01 23:34:45,289 INFO     benchmark — 2340/4000  A:79%  5.96 matches/s  ETA 279s
2026-10-01 23:34:47,235 INFO     benchmark — 2350/4000  A:79%  5.95 matches/s  ETA 277s
2026-10-01 23:34:49,099 INFO     benchmark — 2360/4000  A:79%  5.95 matches/s  ETA 276s
2026-10-01 23:34:50,721 INFO     benchmark — 2370/4000  A:79%  5.95 matches/s  ETA 274s
2026-10-01 23:34:52,443 INFO     benchmark — 2380/4000  A:79%  5.95 matches/s  ETA 272s
2026-10-01 23:34:54,309 INFO     benchmark — 2390/4000  A:79%  5.95 matches/s  ETA 271s
2026-10-01 23:34:56,354 INFO     benchmark — 2400/4000  A:80%  5.94 matches/s  ETA 269s
2026-10-01 23:34:58,890 WARNING  benchmark — voided hand: >2000 actions (policy cycle)
2026-10-01 23:35:00,313 INFO     benchmark — 2410/4000  A:80%  5.91 matches/s  ETA 269s
2026-10-01 23:35:02,034 INFO     benchmark — 2420/4000  A:79%  5.91 matches/s  ETA 267s
2026-10-01 23:35:03,891 INFO     benchmark — 2430/4000  A:79%  5.91 matches/s  ETA 266s
2026-10-01 23:35:05,883 INFO     benchmark — 2440/4000  A:80%  5.90 matches/s  ETA 264s
2026-10-01 23:35:07,427 INFO     benchmark — 2450/4000  A:79%  5.90 matches/s  ETA 263s
2026-10-01 23:35:09,152 INFO     benchmark — 2460/4000  A:79%  5.90 matches/s  ETA 261s
2026-10-01 23:35:10,867 INFO     benchmark — 2470/4000  A:79%  5.90 matches/s  ETA 259s
2026-10-01 23:35:12,840 INFO     benchmark — 2480/4000  A:80%  5.90 matches/s  ETA 258s
2026-10-01 23:35:14,778 INFO     benchmark — 2490/4000  A:79%  5.89 matches/s  ETA 256s
2026-10-01 23:35:16,590 INFO     benchmark — 2500/4000  A:79%  5.89 matches/s  ETA 255s
2026-10-01 23:35:18,282 INFO     benchmark — 2510/4000  A:79%  5.89 matches/s  ETA 253s
2026-10-01 23:35:20,041 INFO     benchmark — 2520/4000  A:80%  5.89 matches/s  ETA 251s
2026-10-01 23:35:21,756 INFO     benchmark — 2530/4000  A:80%  5.89 matches/s  ETA 249s
2026-10-01 23:35:23,586 INFO     benchmark — 2540/4000  A:80%  5.89 matches/s  ETA 248s
2026-10-01 23:35:25,639 INFO     benchmark — 2550/4000  A:80%  5.89 matches/s  ETA 246s
2026-10-01 23:35:27,539 INFO     benchmark — 2560/4000  A:80%  5.88 matches/s  ETA 245s
2026-10-01 23:35:29,272 INFO     benchmark — 2570/4000  A:80%  5.88 matches/s  ETA 243s
2026-10-01 23:35:31,085 INFO     benchmark — 2580/4000  A:80%  5.88 matches/s  ETA 241s
2026-10-01 23:35:32,984 INFO     benchmark — 2590/4000  A:80%  5.88 matches/s  ETA 240s
2026-10-01 23:35:34,839 INFO     benchmark — 2600/4000  A:80%  5.88 matches/s  ETA 238s
2026-10-01 23:35:36,695 INFO     benchmark — 2610/4000  A:80%  5.87 matches/s  ETA 237s
2026-10-01 23:35:38,750 INFO     benchmark — 2620/4000  A:80%  5.87 matches/s  ETA 235s
2026-10-01 23:35:40,594 INFO     benchmark — 2630/4000  A:80%  5.87 matches/s  ETA 233s
2026-10-01 23:35:42,514 INFO     benchmark — 2640/4000  A:80%  5.86 matches/s  ETA 232s
2026-10-01 23:35:44,558 INFO     benchmark — 2650/4000  A:80%  5.86 matches/s  ETA 230s
2026-10-01 23:35:46,282 INFO     benchmark — 2660/4000  A:80%  5.86 matches/s  ETA 229s
2026-10-01 23:35:47,831 INFO     benchmark — 2670/4000  A:80%  5.86 matches/s  ETA 227s
2026-10-01 23:35:49,371 INFO     benchmark — 2680/4000  A:80%  5.86 matches/s  ETA 225s
2026-10-01 23:35:51,188 INFO     benchmark — 2690/4000  A:80%  5.86 matches/s  ETA 223s
2026-10-01 23:35:53,033 INFO     benchmark — 2700/4000  A:80%  5.86 matches/s  ETA 222s
2026-10-01 23:35:54,755 INFO     benchmark — 2710/4000  A:80%  5.86 matches/s  ETA 220s
2026-10-01 23:35:56,897 INFO     benchmark — 2720/4000  A:80%  5.86 matches/s  ETA 219s
2026-10-01 23:35:58,874 INFO     benchmark — 2730/4000  A:80%  5.85 matches/s  ETA 217s
2026-10-01 23:36:00,873 INFO     benchmark — 2740/4000  A:80%  5.85 matches/s  ETA 215s
2026-10-01 23:36:02,744 INFO     benchmark — 2750/4000  A:80%  5.85 matches/s  ETA 214s
2026-10-01 23:36:04,575 INFO     benchmark — 2760/4000  A:80%  5.85 matches/s  ETA 212s
2026-10-01 23:36:08,614 WARNING  benchmark — voided hand: >2000 actions (policy cycle)
2026-10-01 23:36:08,659 INFO     benchmark — 2770/4000  A:80%  5.82 matches/s  ETA 211s
2026-10-01 23:36:10,704 INFO     benchmark — 2780/4000  A:80%  5.81 matches/s  ETA 210s
2026-10-01 23:36:12,857 INFO     benchmark — 2790/4000  A:80%  5.81 matches/s  ETA 208s
2026-10-01 23:36:14,861 INFO     benchmark — 2800/4000  A:80%  5.80 matches/s  ETA 207s
2026-10-01 23:36:17,088 INFO     benchmark — 2810/4000  A:80%  5.80 matches/s  ETA 205s
2026-10-01 23:36:18,786 INFO     benchmark — 2820/4000  A:80%  5.80 matches/s  ETA 204s
2026-10-01 23:36:20,896 INFO     benchmark — 2830/4000  A:80%  5.79 matches/s  ETA 202s
2026-10-01 23:36:22,721 INFO     benchmark — 2840/4000  A:80%  5.79 matches/s  ETA 200s
2026-10-01 23:36:24,766 INFO     benchmark — 2850/4000  A:80%  5.79 matches/s  ETA 199s
2026-10-01 23:36:26,809 INFO     benchmark — 2860/4000  A:80%  5.78 matches/s  ETA 197s
2026-10-01 23:36:28,663 INFO     benchmark — 2870/4000  A:80%  5.78 matches/s  ETA 195s
2026-10-01 23:36:30,598 INFO     benchmark — 2880/4000  A:80%  5.78 matches/s  ETA 194s
2026-10-01 23:36:32,101 INFO     benchmark — 2890/4000  A:80%  5.78 matches/s  ETA 192s
2026-10-01 23:36:33,884 INFO     benchmark — 2900/4000  A:80%  5.78 matches/s  ETA 190s
2026-10-01 23:36:37,606 WARNING  benchmark — voided hand: >2000 actions (policy cycle)
2026-10-01 23:36:37,968 INFO     benchmark — 2910/4000  A:80%  5.76 matches/s  ETA 189s
2026-10-01 23:36:39,838 INFO     benchmark — 2920/4000  A:80%  5.75 matches/s  ETA 188s
2026-10-01 23:36:41,731 INFO     benchmark — 2930/4000  A:80%  5.75 matches/s  ETA 186s
2026-10-01 23:36:43,407 INFO     benchmark — 2940/4000  A:80%  5.75 matches/s  ETA 184s
2026-10-01 23:36:45,358 INFO     benchmark — 2950/4000  A:80%  5.75 matches/s  ETA 183s
2026-10-01 23:36:47,122 INFO     benchmark — 2960/4000  A:80%  5.75 matches/s  ETA 181s
2026-10-01 23:36:49,121 INFO     benchmark — 2970/4000  A:80%  5.75 matches/s  ETA 179s
2026-10-01 23:36:50,841 INFO     benchmark — 2980/4000  A:80%  5.75 matches/s  ETA 177s
2026-10-01 23:36:52,554 INFO     benchmark — 2990/4000  A:80%  5.75 matches/s  ETA 176s
2026-10-01 23:36:54,298 INFO     benchmark — 3000/4000  A:80%  5.75 matches/s  ETA 174s
2026-10-01 23:36:56,330 INFO     benchmark — 3010/4000  A:80%  5.74 matches/s  ETA 172s
2026-10-01 23:36:58,200 INFO     benchmark — 3020/4000  A:80%  5.74 matches/s  ETA 171s
2026-10-01 23:37:00,174 INFO     benchmark — 3030/4000  A:80%  5.74 matches/s  ETA 169s
2026-10-01 23:37:02,166 INFO     benchmark — 3040/4000  A:80%  5.74 matches/s  ETA 167s
2026-10-01 23:37:03,948 INFO     benchmark — 3050/4000  A:80%  5.74 matches/s  ETA 166s
2026-10-01 23:37:05,579 INFO     benchmark — 3060/4000  A:80%  5.74 matches/s  ETA 164s
2026-10-01 23:37:07,317 INFO     benchmark — 3070/4000  A:80%  5.74 matches/s  ETA 162s
2026-10-01 23:37:09,151 INFO     benchmark — 3080/4000  A:80%  5.74 matches/s  ETA 160s
2026-10-01 23:37:10,976 INFO     benchmark — 3090/4000  A:80%  5.74 matches/s  ETA 159s
2026-10-01 23:37:12,421 INFO     benchmark — 3100/4000  A:80%  5.74 matches/s  ETA 157s
2026-10-01 23:37:14,302 INFO     benchmark — 3110/4000  A:80%  5.74 matches/s  ETA 155s
2026-10-01 23:37:16,225 INFO     benchmark — 3120/4000  A:80%  5.74 matches/s  ETA 153s
2026-10-01 23:37:18,149 INFO     benchmark — 3130/4000  A:80%  5.74 matches/s  ETA 152s
2026-10-01 23:37:20,077 INFO     benchmark — 3140/4000  A:80%  5.73 matches/s  ETA 150s
2026-10-01 23:37:21,957 INFO     benchmark — 3150/4000  A:80%  5.73 matches/s  ETA 148s
2026-10-01 23:37:23,789 INFO     benchmark — 3160/4000  A:80%  5.73 matches/s  ETA 147s
2026-10-01 23:37:25,597 INFO     benchmark — 3170/4000  A:80%  5.73 matches/s  ETA 145s
2026-10-01 23:37:29,272 WARNING  benchmark — voided hand: >2000 actions (policy cycle)
2026-10-01 23:37:29,789 INFO     benchmark — 3180/4000  A:80%  5.70 matches/s  ETA 144s
2026-10-01 23:37:31,115 INFO     benchmark — 3190/4000  A:80%  5.71 matches/s  ETA 142s
2026-10-01 23:37:32,997 INFO     benchmark — 3200/4000  A:80%  5.71 matches/s  ETA 140s
2026-10-01 23:37:34,574 INFO     benchmark — 3210/4000  A:80%  5.71 matches/s  ETA 138s
2026-10-01 23:37:36,312 INFO     benchmark — 3220/4000  A:80%  5.71 matches/s  ETA 137s
2026-10-01 23:37:38,461 INFO     benchmark — 3230/4000  A:80%  5.71 matches/s  ETA 135s
2026-10-01 23:37:40,615 INFO     benchmark — 3240/4000  A:80%  5.70 matches/s  ETA 133s
2026-10-01 23:37:42,396 INFO     benchmark — 3250/4000  A:80%  5.70 matches/s  ETA 132s
2026-10-01 23:37:45,948 WARNING  benchmark — voided hand: >2000 actions (policy cycle)
2026-10-01 23:37:46,344 INFO     benchmark — 3260/4000  A:80%  5.68 matches/s  ETA 130s
2026-10-01 23:37:48,256 INFO     benchmark — 3270/4000  A:80%  5.68 matches/s  ETA 129s
2026-10-01 23:37:50,197 INFO     benchmark — 3280/4000  A:80%  5.68 matches/s  ETA 127s
2026-10-01 23:37:52,079 INFO     benchmark — 3290/4000  A:80%  5.68 matches/s  ETA 125s
2026-10-01 23:37:54,014 INFO     benchmark — 3300/4000  A:80%  5.67 matches/s  ETA 123s
2026-10-01 23:37:56,000 INFO     benchmark — 3310/4000  A:80%  5.67 matches/s  ETA 122s
2026-10-01 23:37:57,926 INFO     benchmark — 3320/4000  A:80%  5.67 matches/s  ETA 120s
2026-10-01 23:37:59,706 INFO     benchmark — 3330/4000  A:80%  5.67 matches/s  ETA 118s
2026-10-01 23:38:01,719 INFO     benchmark — 3340/4000  A:80%  5.67 matches/s  ETA 116s
2026-10-01 23:38:03,683 INFO     benchmark — 3350/4000  A:80%  5.67 matches/s  ETA 115s
2026-10-01 23:38:05,536 INFO     benchmark — 3360/4000  A:80%  5.66 matches/s  ETA 113s
2026-10-01 23:38:07,505 INFO     benchmark — 3370/4000  A:80%  5.66 matches/s  ETA 111s
2026-10-01 23:38:09,204 INFO     benchmark — 3380/4000  A:80%  5.66 matches/s  ETA 109s
2026-10-01 23:38:10,904 INFO     benchmark — 3390/4000  A:80%  5.66 matches/s  ETA 108s
2026-10-01 23:38:12,541 INFO     benchmark — 3400/4000  A:80%  5.67 matches/s  ETA 106s
2026-10-01 23:38:14,397 INFO     benchmark — 3410/4000  A:80%  5.66 matches/s  ETA 104s
2026-10-01 23:38:15,973 INFO     benchmark — 3420/4000  A:80%  5.67 matches/s  ETA 102s
2026-10-01 23:38:17,857 INFO     benchmark — 3430/4000  A:80%  5.66 matches/s  ETA 101s
2026-10-01 23:38:19,919 INFO     benchmark — 3440/4000  A:80%  5.66 matches/s  ETA 99s
2026-10-01 23:38:22,139 INFO     benchmark — 3450/4000  A:80%  5.66 matches/s  ETA 97s
2026-10-01 23:38:24,044 INFO     benchmark — 3460/4000  A:80%  5.66 matches/s  ETA 95s
2026-10-01 23:38:27,408 WARNING  benchmark — voided hand: >2000 actions (policy cycle)
2026-10-01 23:38:28,165 INFO     benchmark — 3470/4000  A:80%  5.64 matches/s  ETA 94s
2026-10-01 23:38:30,045 INFO     benchmark — 3480/4000  A:80%  5.63 matches/s  ETA 92s
2026-10-01 23:38:32,183 INFO     benchmark — 3490/4000  A:80%  5.63 matches/s  ETA 91s
2026-10-01 23:38:34,093 INFO     benchmark — 3500/4000  A:80%  5.63 matches/s  ETA 89s
2026-10-01 23:38:35,753 INFO     benchmark — 3510/4000  A:80%  5.63 matches/s  ETA 87s
2026-10-01 23:38:37,728 INFO     benchmark — 3520/4000  A:80%  5.63 matches/s  ETA 85s
2026-10-01 23:38:39,475 INFO     benchmark — 3530/4000  A:80%  5.63 matches/s  ETA 83s
2026-10-01 23:38:41,410 INFO     benchmark — 3540/4000  A:80%  5.63 matches/s  ETA 82s
2026-10-01 23:38:43,146 INFO     benchmark — 3550/4000  A:80%  5.63 matches/s  ETA 80s
2026-10-01 23:38:44,794 INFO     benchmark — 3560/4000  A:80%  5.63 matches/s  ETA 78s
2026-10-01 23:38:46,713 INFO     benchmark — 3570/4000  A:80%  5.63 matches/s  ETA 76s
2026-10-01 23:38:48,919 INFO     benchmark — 3580/4000  A:80%  5.62 matches/s  ETA 75s
2026-10-01 23:38:50,918 INFO     benchmark — 3590/4000  A:80%  5.62 matches/s  ETA 73s
2026-10-01 23:38:52,884 INFO     benchmark — 3600/4000  A:80%  5.62 matches/s  ETA 71s
2026-10-01 23:38:55,086 INFO     benchmark — 3610/4000  A:80%  5.62 matches/s  ETA 69s
2026-10-01 23:38:56,805 INFO     benchmark — 3620/4000  A:80%  5.62 matches/s  ETA 68s
2026-10-01 23:38:58,828 INFO     benchmark — 3630/4000  A:80%  5.62 matches/s  ETA 66s
2026-10-01 23:39:00,392 INFO     benchmark — 3640/4000  A:80%  5.62 matches/s  ETA 64s
2026-10-01 23:39:02,494 INFO     benchmark — 3650/4000  A:80%  5.61 matches/s  ETA 62s
2026-10-01 23:39:04,291 INFO     benchmark — 3660/4000  A:80%  5.61 matches/s  ETA 61s
2026-10-01 23:39:05,485 INFO     benchmark — 3670/4000  A:80%  5.62 matches/s  ETA 59s
2026-10-01 23:39:06,683 INFO     benchmark — 3680/4000  A:80%  5.62 matches/s  ETA 57s
2026-10-01 23:39:08,005 INFO     benchmark — 3690/4000  A:80%  5.63 matches/s  ETA 55s
2026-10-01 23:39:09,288 INFO     benchmark — 3700/4000  A:80%  5.63 matches/s  ETA 53s
2026-10-01 23:39:10,653 INFO     benchmark — 3710/4000  A:80%  5.64 matches/s  ETA 51s
2026-10-01 23:39:12,056 INFO     benchmark — 3720/4000  A:80%  5.64 matches/s  ETA 50s
2026-10-01 23:39:13,447 INFO     benchmark — 3730/4000  A:80%  5.64 matches/s  ETA 48s
2026-10-01 23:39:14,724 INFO     benchmark — 3740/4000  A:80%  5.65 matches/s  ETA 46s
2026-10-01 23:39:16,203 INFO     benchmark — 3750/4000  A:80%  5.65 matches/s  ETA 44s
2026-10-01 23:39:17,546 INFO     benchmark — 3760/4000  A:80%  5.65 matches/s  ETA 42s
2026-10-01 23:39:18,686 INFO     benchmark — 3770/4000  A:80%  5.66 matches/s  ETA 41s
2026-10-01 23:39:20,026 INFO     benchmark — 3780/4000  A:80%  5.66 matches/s  ETA 39s
2026-10-01 23:39:21,400 INFO     benchmark — 3790/4000  A:80%  5.66 matches/s  ETA 37s
2026-10-01 23:39:22,866 INFO     benchmark — 3800/4000  A:80%  5.67 matches/s  ETA 35s
2026-10-01 23:39:24,041 INFO     benchmark — 3810/4000  A:80%  5.67 matches/s  ETA 33s
2026-10-01 23:39:25,428 INFO     benchmark — 3820/4000  A:80%  5.68 matches/s  ETA 32s
2026-10-01 23:39:26,801 INFO     benchmark — 3830/4000  A:80%  5.68 matches/s  ETA 30s
2026-10-01 23:39:28,115 INFO     benchmark — 3840/4000  A:80%  5.68 matches/s  ETA 28s
2026-10-01 23:39:29,264 INFO     benchmark — 3850/4000  A:80%  5.69 matches/s  ETA 26s
2026-10-01 23:39:30,488 INFO     benchmark — 3860/4000  A:80%  5.69 matches/s  ETA 25s
2026-10-01 23:39:32,354 INFO     benchmark — 3870/4000  A:80%  5.69 matches/s  ETA 23s
2026-10-01 23:39:34,366 INFO     benchmark — 3880/4000  A:80%  5.69 matches/s  ETA 21s
2026-10-01 23:39:36,018 INFO     benchmark — 3890/4000  A:80%  5.69 matches/s  ETA 19s
2026-10-01 23:39:37,369 INFO     benchmark — 3900/4000  A:80%  5.69 matches/s  ETA 18s
2026-10-01 23:39:38,698 INFO     benchmark — 3910/4000  A:80%  5.70 matches/s  ETA 16s
2026-10-01 23:39:41,360 WARNING  benchmark — voided hand: >2000 actions (policy cycle)
2026-10-01 23:39:41,377 INFO     benchmark — 3920/4000  A:80%  5.69 matches/s  ETA 14s
2026-10-01 23:39:42,629 INFO     benchmark — 3930/4000  A:80%  5.69 matches/s  ETA 12s
2026-10-01 23:39:43,830 INFO     benchmark — 3940/4000  A:80%  5.70 matches/s  ETA 11s
2026-10-01 23:39:45,034 INFO     benchmark — 3950/4000  A:80%  5.70 matches/s  ETA 9s
2026-10-01 23:39:46,458 INFO     benchmark — 3960/4000  A:80%  5.71 matches/s  ETA 7s
2026-10-01 23:39:47,792 INFO     benchmark — 3970/4000  A:80%  5.71 matches/s  ETA 5s
2026-10-01 23:39:49,125 INFO     benchmark — 3980/4000  A:80%  5.71 matches/s  ETA 4s
2026-10-01 23:39:50,310 INFO     benchmark — 3990/4000  A:80%  5.72 matches/s  ETA 2s
2026-10-01 23:39:52,087 WARNING  benchmark — voided hand: >2000 actions (policy cycle)
2026-10-01 23:39:52,895 INFO     benchmark — 4000/4000  A:80%  5.71 matches/s  ETA 0s
2026-10-01 23:39:52,935 INFO     benchmark — wrote results/008/thr5M_vs_thr.json

──────────────────────────────────────────────────
Mode:        match_rl_vs_threshold
Matches:      4,000
──────────────────────────────────────────────────
RL(truco_threshold_5000000) wins:  3,204  (80.1%)
Threshold wins:  796  (19.9%)
Ties:        0  (0.0%)
──────────────────────────────────────────────────

