2026-10-02 00:10:14,442 INFO     benchmark — 10/4000  A:50%  6.94 matches/s  ETA 575s
2026-10-02 00:10:15,911 INFO     benchmark — 20/4000  A:50%  6.87 matches/s  ETA 579s
2026-10-02 00:10:17,700 INFO     benchmark — 30/4000  A:53%  6.38 matches/s  ETA 622s
2026-10-02 00:10:19,157 INFO     benchmark — 40/4000  A:58%  6.50 matches/s  ETA 609s
2026-10-02 00:10:20,183 INFO     benchmark — 50/4000  A:58%  6.96 matches/s  ETA 567s
2026-10-02 00:10:21,357 INFO     benchmark — 60/4000  A:55%  7.18 matches/s  ETA 549s
2026-10-02 00:10:22,521 INFO     benchmark — 70/4000  A:54%  7.35 matches/s  ETA 534s
2026-10-02 00:10:23,621 INFO     benchmark — 80/4000  A:52%  7.53 matches/s  ETA 520s
2026-10-02 00:10:24,654 INFO     benchmark — 90/4000  A:51%  7.72 matches/s  ETA 506s
2026-10-02 00:10:25,793 INFO     benchmark — 100/4000  A:52%  7.82 matches/s  ETA 499s
2026-10-02 00:10:26,913 INFO     benchmark — 110/4000  A:54%  7.91 matches/s  ETA 492s
2026-10-02 00:10:27,801 INFO     benchmark — 120/4000  A:52%  8.11 matches/s  ETA 479s
2026-10-02 00:10:28,530 INFO     benchmark — 130/4000  A:53%  8.37 matches/s  ETA 462s
2026-10-02 00:10:29,809 INFO     benchmark — 140/4000  A:55%  8.33 matches/s  ETA 463s
2026-10-02 00:10:31,381 INFO     benchmark — 150/4000  A:53%  8.16 matches/s  ETA 472s
2026-10-02 00:10:33,304 INFO     benchmark — 160/4000  A:53%  7.88 matches/s  ETA 487s
2026-10-02 00:10:35,381 INFO     benchmark — 170/4000  A:52%  7.60 matches/s  ETA 504s
2026-10-02 00:10:37,025 INFO     benchmark — 180/4000  A:52%  7.49 matches/s  ETA 510s
2026-10-02 00:10:38,384 INFO     benchmark — 190/4000  A:52%  7.49 matches/s  ETA 509s
2026-10-02 00:10:40,002 INFO     benchmark — 200/4000  A:51%  7.41 matches/s  ETA 513s
2026-10-02 00:10:41,265 INFO     benchmark — 210/4000  A:50%  7.43 matches/s  ETA 510s
2026-10-02 00:10:42,970 INFO     benchmark — 220/4000  A:50%  7.34 matches/s  ETA 515s
2026-10-02 00:10:44,584 INFO     benchmark — 230/4000  A:51%  7.28 matches/s  ETA 518s
2026-10-02 00:10:45,707 INFO     benchmark — 240/4000  A:51%  7.34 matches/s  ETA 512s
2026-10-02 00:10:46,786 INFO     benchmark — 250/4000  A:51%  7.40 matches/s  ETA 507s
2026-10-02 00:10:48,108 INFO     benchmark — 260/4000  A:52%  7.41 matches/s  ETA 505s
2026-10-02 00:10:49,331 INFO     benchmark — 270/4000  A:52%  7.43 matches/s  ETA 502s
2026-10-02 00:10:51,144 INFO     benchmark — 280/4000  A:52%  7.34 matches/s  ETA 507s
2026-10-02 00:10:53,031 INFO     benchmark — 290/4000  A:51%  7.24 matches/s  ETA 512s
2026-10-02 00:10:54,855 INFO     benchmark — 300/4000  A:52%  7.17 matches/s  ETA 516s
2026-10-02 00:10:55,793 INFO     benchmark — 310/4000  A:53%  7.24 matches/s  ETA 509s
2026-10-02 00:10:57,568 INFO     benchmark — 320/4000  A:53%  7.18 matches/s  ETA 513s
2026-10-02 00:10:59,228 INFO     benchmark — 330/4000  A:53%  7.14 matches/s  ETA 514s
2026-10-02 00:11:01,303 INFO     benchmark — 340/4000  A:53%  7.04 matches/s  ETA 520s
2026-10-02 00:11:02,660 INFO     benchmark — 350/4000  A:52%  7.05 matches/s  ETA 518s
2026-10-02 00:11:04,655 INFO     benchmark — 360/4000  A:52%  6.97 matches/s  ETA 522s
2026-10-02 00:11:06,233 INFO     benchmark — 370/4000  A:52%  6.95 matches/s  ETA 522s
2026-10-02 00:11:07,363 INFO     benchmark — 380/4000  A:52%  6.99 matches/s  ETA 518s
2026-10-02 00:11:08,863 INFO     benchmark — 390/4000  A:52%  6.98 matches/s  ETA 517s
2026-10-02 00:11:10,774 INFO     benchmark — 400/4000  A:52%  6.92 matches/s  ETA 520s
2026-10-02 00:11:12,231 INFO     benchmark — 410/4000  A:52%  6.92 matches/s  ETA 519s
2026-10-02 00:11:13,326 INFO     benchmark — 420/4000  A:51%  6.96 matches/s  ETA 514s
2026-10-02 00:11:14,850 INFO     benchmark — 430/4000  A:51%  6.95 matches/s  ETA 513s
2026-10-02 00:11:16,876 INFO     benchmark — 440/4000  A:51%  6.89 matches/s  ETA 517s
2026-10-02 00:11:18,647 INFO     benchmark — 450/4000  A:51%  6.85 matches/s  ETA 518s
2026-10-02 00:11:20,024 INFO     benchmark — 460/4000  A:52%  6.86 matches/s  ETA 516s
2026-10-02 00:11:21,509 INFO     benchmark — 470/4000  A:52%  6.86 matches/s  ETA 515s
2026-10-02 00:11:22,348 INFO     benchmark — 480/4000  A:52%  6.92 matches/s  ETA 509s
2026-10-02 00:11:24,133 INFO     benchmark — 490/4000  A:51%  6.89 matches/s  ETA 510s
2026-10-02 00:11:25,500 INFO     benchmark — 500/4000  A:51%  6.90 matches/s  ETA 507s
2026-10-02 00:11:26,752 INFO     benchmark — 510/4000  A:51%  6.92 matches/s  ETA 505s
2026-10-02 00:11:28,631 INFO     benchmark — 520/4000  A:51%  6.88 matches/s  ETA 506s
2026-10-02 00:11:30,019 INFO     benchmark — 530/4000  A:51%  6.88 matches/s  ETA 504s
2026-10-02 00:11:31,612 INFO     benchmark — 540/4000  A:51%  6.87 matches/s  ETA 504s
2026-10-02 00:11:33,575 INFO     benchmark — 550/4000  A:51%  6.83 matches/s  ETA 505s
2026-10-02 00:11:34,983 INFO     benchmark — 560/4000  A:51%  6.83 matches/s  ETA 504s
2026-10-02 00:11:36,238 INFO     benchmark — 570/4000  A:51%  6.85 matches/s  ETA 501s
2026-10-02 00:11:37,200 INFO     benchmark — 580/4000  A:51%  6.89 matches/s  ETA 496s
2026-10-02 00:11:38,406 INFO     benchmark — 590/4000  A:51%  6.91 matches/s  ETA 494s
2026-10-02 00:11:39,441 INFO     benchmark — 600/4000  A:51%  6.94 matches/s  ETA 490s
2026-10-02 00:11:40,203 INFO     benchmark — 610/4000  A:51%  7.00 matches/s  ETA 485s
2026-10-02 00:11:41,634 INFO     benchmark — 620/4000  A:51%  7.00 matches/s  ETA 483s
2026-10-02 00:11:43,125 INFO     benchmark — 630/4000  A:51%  6.99 matches/s  ETA 482s
2026-10-02 00:11:44,888 INFO     benchmark — 640/4000  A:51%  6.97 matches/s  ETA 482s
2026-10-02 00:11:46,276 INFO     benchmark — 650/4000  A:51%  6.97 matches/s  ETA 481s
2026-10-02 00:11:47,940 INFO     benchmark — 660/4000  A:51%  6.95 matches/s  ETA 480s
2026-10-02 00:11:49,637 INFO     benchmark — 670/4000  A:51%  6.93 matches/s  ETA 480s
2026-10-02 00:11:50,668 INFO     benchmark — 680/4000  A:51%  6.96 matches/s  ETA 477s
2026-10-02 00:11:52,338 INFO     benchmark — 690/4000  A:51%  6.95 matches/s  ETA 477s
2026-10-02 00:11:53,461 INFO     benchmark — 700/4000  A:51%  6.97 matches/s  ETA 474s
2026-10-02 00:11:54,746 INFO     benchmark — 710/4000  A:51%  6.98 matches/s  ETA 471s
2026-10-02 00:11:56,511 INFO     benchmark — 720/4000  A:51%  6.96 matches/s  ETA 472s
2026-10-02 00:11:58,085 INFO     benchmark — 730/4000  A:51%  6.95 matches/s  ETA 471s
2026-10-02 00:11:59,384 INFO     benchmark — 740/4000  A:51%  6.96 matches/s  ETA 469s
2026-10-02 00:12:00,768 INFO     benchmark — 750/4000  A:51%  6.96 matches/s  ETA 467s
2026-10-02 00:12:02,800 INFO     benchmark — 760/4000  A:51%  6.92 matches/s  ETA 468s
2026-10-02 00:12:04,173 INFO     benchmark — 770/4000  A:51%  6.93 matches/s  ETA 466s
2026-10-02 00:12:05,538 INFO     benchmark — 780/4000  A:52%  6.93 matches/s  ETA 465s
2026-10-02 00:12:07,009 INFO     benchmark — 790/4000  A:52%  6.93 matches/s  ETA 463s
2026-10-02 00:12:08,275 INFO     benchmark — 800/4000  A:52%  6.94 matches/s  ETA 461s
2026-10-02 00:12:09,481 INFO     benchmark — 810/4000  A:52%  6.95 matches/s  ETA 459s
2026-10-02 00:12:10,781 INFO     benchmark — 820/4000  A:52%  6.96 matches/s  ETA 457s
2026-10-02 00:12:12,704 INFO     benchmark — 830/4000  A:52%  6.93 matches/s  ETA 457s
2026-10-02 00:12:13,594 INFO     benchmark — 840/4000  A:52%  6.97 matches/s  ETA 454s
2026-10-02 00:12:15,028 INFO     benchmark — 850/4000  A:52%  6.97 matches/s  ETA 452s
2026-10-02 00:12:16,740 INFO     benchmark — 860/4000  A:52%  6.95 matches/s  ETA 452s
2026-10-02 00:12:17,837 INFO     benchmark — 870/4000  A:52%  6.97 matches/s  ETA 449s
2026-10-02 00:12:19,036 INFO     benchmark — 880/4000  A:52%  6.98 matches/s  ETA 447s
2026-10-02 00:12:21,033 INFO     benchmark — 890/4000  A:52%  6.95 matches/s  ETA 447s
2026-10-02 00:12:21,976 INFO     benchmark — 900/4000  A:52%  6.98 matches/s  ETA 444s
2026-10-02 00:12:23,486 INFO     benchmark — 910/4000  A:52%  6.97 matches/s  ETA 443s
2026-10-02 00:12:24,457 INFO     benchmark — 920/4000  A:52%  7.00 matches/s  ETA 440s
2026-10-02 00:12:26,635 INFO     benchmark — 930/4000  A:52%  6.96 matches/s  ETA 441s
2026-10-02 00:12:28,091 INFO     benchmark — 940/4000  A:52%  6.96 matches/s  ETA 440s
2026-10-02 00:12:29,419 INFO     benchmark — 950/4000  A:52%  6.96 matches/s  ETA 438s
2026-10-02 00:12:31,183 INFO     benchmark — 960/4000  A:52%  6.95 matches/s  ETA 438s
2026-10-02 00:12:33,074 INFO     benchmark — 970/4000  A:52%  6.92 matches/s  ETA 438s
2026-10-02 00:12:35,144 INFO     benchmark — 980/4000  A:52%  6.89 matches/s  ETA 438s
2026-10-02 00:12:35,988 INFO     benchmark — 990/4000  A:52%  6.92 matches/s  ETA 435s
2026-10-02 00:12:37,843 INFO     benchmark — 1000/4000  A:52%  6.90 matches/s  ETA 435s
2026-10-02 00:12:39,667 INFO     benchmark — 1010/4000  A:52%  6.89 matches/s  ETA 434s
2026-10-02 00:12:40,357 INFO     benchmark — 1020/4000  A:52%  6.92 matches/s  ETA 431s
2026-10-02 00:12:42,444 INFO     benchmark — 1030/4000  A:52%  6.89 matches/s  ETA 431s
2026-10-02 00:12:43,881 INFO     benchmark — 1040/4000  A:52%  6.89 matches/s  ETA 429s
2026-10-02 00:12:45,391 INFO     benchmark — 1050/4000  A:52%  6.89 matches/s  ETA 428s
2026-10-02 00:12:46,598 INFO     benchmark — 1060/4000  A:52%  6.90 matches/s  ETA 426s
2026-10-02 00:12:47,806 INFO     benchmark — 1070/4000  A:52%  6.91 matches/s  ETA 424s
2026-10-02 00:12:49,067 INFO     benchmark — 1080/4000  A:52%  6.92 matches/s  ETA 422s
2026-10-02 00:12:50,286 INFO     benchmark — 1090/4000  A:52%  6.93 matches/s  ETA 420s
2026-10-02 00:12:51,844 INFO     benchmark — 1100/4000  A:52%  6.93 matches/s  ETA 419s
2026-10-02 00:12:53,212 INFO     benchmark — 1110/4000  A:52%  6.93 matches/s  ETA 417s
2026-10-02 00:12:54,558 INFO     benchmark — 1120/4000  A:52%  6.93 matches/s  ETA 415s
2026-10-02 00:12:56,062 INFO     benchmark — 1130/4000  A:52%  6.93 matches/s  ETA 414s
2026-10-02 00:12:57,651 INFO     benchmark — 1140/4000  A:52%  6.92 matches/s  ETA 413s
2026-10-02 00:12:59,107 INFO     benchmark — 1150/4000  A:52%  6.92 matches/s  ETA 412s
2026-10-02 00:13:00,525 INFO     benchmark — 1160/4000  A:52%  6.92 matches/s  ETA 410s
2026-10-02 00:13:02,246 INFO     benchmark — 1170/4000  A:52%  6.91 matches/s  ETA 409s
2026-10-02 00:13:03,359 INFO     benchmark — 1180/4000  A:52%  6.93 matches/s  ETA 407s
2026-10-02 00:13:05,697 INFO     benchmark — 1190/4000  A:52%  6.89 matches/s  ETA 408s
2026-10-02 00:13:06,941 INFO     benchmark — 1200/4000  A:52%  6.90 matches/s  ETA 406s
2026-10-02 00:13:08,632 INFO     benchmark — 1210/4000  A:52%  6.89 matches/s  ETA 405s
2026-10-02 00:13:09,799 INFO     benchmark — 1220/4000  A:52%  6.90 matches/s  ETA 403s
2026-10-02 00:13:11,621 INFO     benchmark — 1230/4000  A:52%  6.89 matches/s  ETA 402s
2026-10-02 00:13:12,976 INFO     benchmark — 1240/4000  A:52%  6.89 matches/s  ETA 401s
2026-10-02 00:13:13,936 INFO     benchmark — 1250/4000  A:52%  6.91 matches/s  ETA 398s
2026-10-02 00:13:15,662 INFO     benchmark — 1260/4000  A:52%  6.90 matches/s  ETA 397s
2026-10-02 00:13:17,097 INFO     benchmark — 1270/4000  A:52%  6.90 matches/s  ETA 396s
2026-10-02 00:13:18,992 INFO     benchmark — 1280/4000  A:52%  6.88 matches/s  ETA 395s
2026-10-02 00:13:20,726 INFO     benchmark — 1290/4000  A:52%  6.87 matches/s  ETA 394s
2026-10-02 00:13:22,048 INFO     benchmark — 1300/4000  A:52%  6.88 matches/s  ETA 393s
2026-10-02 00:13:22,920 INFO     benchmark — 1310/4000  A:52%  6.90 matches/s  ETA 390s
2026-10-02 00:13:24,563 INFO     benchmark — 1320/4000  A:52%  6.89 matches/s  ETA 389s
2026-10-02 00:13:25,869 INFO     benchmark — 1330/4000  A:52%  6.90 matches/s  ETA 387s
2026-10-02 00:13:27,413 INFO     benchmark — 1340/4000  A:52%  6.89 matches/s  ETA 386s
2026-10-02 00:13:28,694 INFO     benchmark — 1350/4000  A:52%  6.90 matches/s  ETA 384s
2026-10-02 00:13:30,323 INFO     benchmark — 1360/4000  A:52%  6.89 matches/s  ETA 383s
2026-10-02 00:13:31,281 INFO     benchmark — 1370/4000  A:52%  6.91 matches/s  ETA 381s
2026-10-02 00:13:32,634 INFO     benchmark — 1380/4000  A:52%  6.91 matches/s  ETA 379s
2026-10-02 00:13:33,842 INFO     benchmark — 1390/4000  A:52%  6.92 matches/s  ETA 377s
2026-10-02 00:13:35,423 INFO     benchmark — 1400/4000  A:52%  6.92 matches/s  ETA 376s
2026-10-02 00:13:36,863 INFO     benchmark — 1410/4000  A:52%  6.92 matches/s  ETA 374s
2026-10-02 00:13:38,565 INFO     benchmark — 1420/4000  A:52%  6.91 matches/s  ETA 373s
2026-10-02 00:13:39,625 INFO     benchmark — 1430/4000  A:52%  6.92 matches/s  ETA 371s
2026-10-02 00:13:41,071 INFO     benchmark — 1440/4000  A:52%  6.92 matches/s  ETA 370s
2026-10-02 00:13:42,109 INFO     benchmark — 1450/4000  A:52%  6.93 matches/s  ETA 368s
2026-10-02 00:13:43,610 INFO     benchmark — 1460/4000  A:52%  6.93 matches/s  ETA 366s
2026-10-02 00:13:44,576 INFO     benchmark — 1470/4000  A:52%  6.95 matches/s  ETA 364s
2026-10-02 00:13:45,726 INFO     benchmark — 1480/4000  A:52%  6.96 matches/s  ETA 362s
2026-10-02 00:13:46,437 INFO     benchmark — 1490/4000  A:52%  6.98 matches/s  ETA 360s
2026-10-02 00:13:47,468 INFO     benchmark — 1500/4000  A:52%  6.99 matches/s  ETA 357s
2026-10-02 00:13:48,363 INFO     benchmark — 1510/4000  A:52%  7.01 matches/s  ETA 355s
2026-10-02 00:13:49,358 INFO     benchmark — 1520/4000  A:52%  7.03 matches/s  ETA 353s
2026-10-02 00:13:50,802 INFO     benchmark — 1530/4000  A:52%  7.02 matches/s  ETA 352s
2026-10-02 00:13:52,178 INFO     benchmark — 1540/4000  A:52%  7.03 matches/s  ETA 350s
2026-10-02 00:13:53,643 INFO     benchmark — 1550/4000  A:52%  7.02 matches/s  ETA 349s
2026-10-02 00:13:54,552 INFO     benchmark — 1560/4000  A:52%  7.04 matches/s  ETA 347s
2026-10-02 00:13:56,196 INFO     benchmark — 1570/4000  A:52%  7.03 matches/s  ETA 345s
2026-10-02 00:13:57,901 INFO     benchmark — 1580/4000  A:52%  7.03 matches/s  ETA 344s
2026-10-02 00:13:59,737 INFO     benchmark — 1590/4000  A:52%  7.01 matches/s  ETA 344s
2026-10-02 00:14:00,731 INFO     benchmark — 1600/4000  A:52%  7.03 matches/s  ETA 342s
2026-10-02 00:14:01,666 INFO     benchmark — 1610/4000  A:52%  7.04 matches/s  ETA 339s
2026-10-02 00:14:02,657 INFO     benchmark — 1620/4000  A:52%  7.05 matches/s  ETA 337s
2026-10-02 00:14:03,958 INFO     benchmark — 1630/4000  A:52%  7.06 matches/s  ETA 336s
2026-10-02 00:14:05,246 INFO     benchmark — 1640/4000  A:52%  7.06 matches/s  ETA 334s
2026-10-02 00:14:07,328 INFO     benchmark — 1650/4000  A:52%  7.04 matches/s  ETA 334s
2026-10-02 00:14:09,415 INFO     benchmark — 1660/4000  A:52%  7.02 matches/s  ETA 333s
2026-10-02 00:14:10,998 INFO     benchmark — 1670/4000  A:52%  7.02 matches/s  ETA 332s
2026-10-02 00:14:12,578 INFO     benchmark — 1680/4000  A:52%  7.01 matches/s  ETA 331s
2026-10-02 00:14:13,774 INFO     benchmark — 1690/4000  A:52%  7.02 matches/s  ETA 329s
2026-10-02 00:14:14,651 INFO     benchmark — 1700/4000  A:52%  7.03 matches/s  ETA 327s
2026-10-02 00:14:15,693 INFO     benchmark — 1710/4000  A:52%  7.05 matches/s  ETA 325s
2026-10-02 00:14:16,622 INFO     benchmark — 1720/4000  A:52%  7.06 matches/s  ETA 323s
2026-10-02 00:14:17,972 INFO     benchmark — 1730/4000  A:52%  7.06 matches/s  ETA 321s
2026-10-02 00:14:18,921 INFO     benchmark — 1740/4000  A:52%  7.08 matches/s  ETA 319s
2026-10-02 00:14:20,068 INFO     benchmark — 1750/4000  A:52%  7.08 matches/s  ETA 318s
2026-10-02 00:14:20,897 INFO     benchmark — 1760/4000  A:52%  7.10 matches/s  ETA 316s
2026-10-02 00:14:22,823 INFO     benchmark — 1770/4000  A:52%  7.09 matches/s  ETA 315s
2026-10-02 00:14:25,274 INFO     benchmark — 1780/4000  A:52%  7.06 matches/s  ETA 315s
2026-10-02 00:14:26,499 INFO     benchmark — 1790/4000  A:52%  7.06 matches/s  ETA 313s
2026-10-02 00:14:28,618 INFO     benchmark — 1800/4000  A:53%  7.04 matches/s  ETA 312s
2026-10-02 00:14:30,482 INFO     benchmark — 1810/4000  A:53%  7.03 matches/s  ETA 312s
2026-10-02 00:14:31,816 INFO     benchmark — 1820/4000  A:53%  7.03 matches/s  ETA 310s
2026-10-02 00:14:33,795 INFO     benchmark — 1830/4000  A:53%  7.02 matches/s  ETA 309s
2026-10-02 00:14:35,026 INFO     benchmark — 1840/4000  A:52%  7.02 matches/s  ETA 308s
2026-10-02 00:14:37,009 INFO     benchmark — 1850/4000  A:52%  7.01 matches/s  ETA 307s
2026-10-02 00:14:38,886 INFO     benchmark — 1860/4000  A:53%  7.00 matches/s  ETA 306s
2026-10-02 00:14:40,788 INFO     benchmark — 1870/4000  A:52%  6.98 matches/s  ETA 305s
2026-10-02 00:14:42,020 INFO     benchmark — 1880/4000  A:52%  6.99 matches/s  ETA 303s
2026-10-02 00:14:42,842 INFO     benchmark — 1890/4000  A:52%  7.00 matches/s  ETA 301s
2026-10-02 00:14:43,990 INFO     benchmark — 1900/4000  A:52%  7.01 matches/s  ETA 300s
2026-10-02 00:14:45,074 INFO     benchmark — 1910/4000  A:52%  7.02 matches/s  ETA 298s
2026-10-02 00:14:46,428 INFO     benchmark — 1920/4000  A:52%  7.02 matches/s  ETA 296s
2026-10-02 00:14:47,772 INFO     benchmark — 1930/4000  A:53%  7.02 matches/s  ETA 295s
2026-10-02 00:14:49,043 INFO     benchmark — 1940/4000  A:52%  7.03 matches/s  ETA 293s
2026-10-02 00:14:50,645 INFO     benchmark — 1950/4000  A:53%  7.02 matches/s  ETA 292s
2026-10-02 00:14:52,284 INFO     benchmark — 1960/4000  A:52%  7.02 matches/s  ETA 291s
2026-10-02 00:14:53,692 INFO     benchmark — 1970/4000  A:52%  7.02 matches/s  ETA 289s
2026-10-02 00:14:55,414 INFO     benchmark — 1980/4000  A:52%  7.01 matches/s  ETA 288s
2026-10-02 00:14:56,909 INFO     benchmark — 1990/4000  A:52%  7.01 matches/s  ETA 287s
2026-10-02 00:14:58,123 INFO     benchmark — 2000/4000  A:52%  7.01 matches/s  ETA 285s
2026-10-02 00:14:59,688 INFO     benchmark — 2010/4000  A:52%  7.01 matches/s  ETA 284s
2026-10-02 00:15:01,253 INFO     benchmark — 2020/4000  A:52%  7.01 matches/s  ETA 283s
2026-10-02 00:15:02,263 INFO     benchmark — 2030/4000  A:52%  7.02 matches/s  ETA 281s
2026-10-02 00:15:03,219 INFO     benchmark — 2040/4000  A:52%  7.03 matches/s  ETA 279s
2026-10-02 00:15:04,367 INFO     benchmark — 2050/4000  A:53%  7.04 matches/s  ETA 277s
2026-10-02 00:15:06,041 INFO     benchmark — 2060/4000  A:52%  7.03 matches/s  ETA 276s
2026-10-02 00:15:06,912 INFO     benchmark — 2070/4000  A:52%  7.04 matches/s  ETA 274s
2026-10-02 00:15:07,769 INFO     benchmark — 2080/4000  A:52%  7.06 matches/s  ETA 272s
2026-10-02 00:15:08,687 INFO     benchmark — 2090/4000  A:52%  7.07 matches/s  ETA 270s
2026-10-02 00:15:09,397 INFO     benchmark — 2100/4000  A:52%  7.09 matches/s  ETA 268s
2026-10-02 00:15:10,290 INFO     benchmark — 2110/4000  A:52%  7.10 matches/s  ETA 266s
2026-10-02 00:15:11,235 INFO     benchmark — 2120/4000  A:52%  7.11 matches/s  ETA 264s
2026-10-02 00:15:12,218 INFO     benchmark — 2130/4000  A:52%  7.12 matches/s  ETA 263s
2026-10-02 00:15:13,180 INFO     benchmark — 2140/4000  A:52%  7.13 matches/s  ETA 261s
2026-10-02 00:15:14,855 INFO     benchmark — 2150/4000  A:52%  7.12 matches/s  ETA 260s
2026-10-02 00:15:16,522 INFO     benchmark — 2160/4000  A:52%  7.12 matches/s  ETA 259s
2026-10-02 00:15:18,006 INFO     benchmark — 2170/4000  A:52%  7.11 matches/s  ETA 257s
2026-10-02 00:15:18,867 INFO     benchmark — 2180/4000  A:52%  7.13 matches/s  ETA 255s
2026-10-02 00:15:21,283 INFO     benchmark — 2190/4000  A:52%  7.10 matches/s  ETA 255s
2026-10-02 00:15:22,119 INFO     benchmark — 2200/4000  A:52%  7.12 matches/s  ETA 253s
2026-10-02 00:15:23,819 INFO     benchmark — 2210/4000  A:52%  7.11 matches/s  ETA 252s
2026-10-02 00:15:25,622 INFO     benchmark — 2220/4000  A:52%  7.10 matches/s  ETA 251s
2026-10-02 00:15:26,979 INFO     benchmark — 2230/4000  A:52%  7.10 matches/s  ETA 249s
2026-10-02 00:15:28,926 INFO     benchmark — 2240/4000  A:53%  7.09 matches/s  ETA 248s
2026-10-02 00:15:31,034 INFO     benchmark — 2250/4000  A:53%  7.07 matches/s  ETA 247s
2026-10-02 00:15:32,808 INFO     benchmark — 2260/4000  A:53%  7.07 matches/s  ETA 246s
2026-10-02 00:15:34,870 INFO     benchmark — 2270/4000  A:53%  7.05 matches/s  ETA 245s
2026-10-02 00:15:36,284 INFO     benchmark — 2280/4000  A:53%  7.05 matches/s  ETA 244s
2026-10-02 00:15:37,884 INFO     benchmark — 2290/4000  A:53%  7.05 matches/s  ETA 243s
2026-10-02 00:15:39,376 INFO     benchmark — 2300/4000  A:53%  7.05 matches/s  ETA 241s
2026-10-02 00:15:40,942 INFO     benchmark — 2310/4000  A:53%  7.04 matches/s  ETA 240s
2026-10-02 00:15:42,689 INFO     benchmark — 2320/4000  A:53%  7.04 matches/s  ETA 239s
2026-10-02 00:15:44,454 INFO     benchmark — 2330/4000  A:53%  7.03 matches/s  ETA 238s
2026-10-02 00:15:46,385 INFO     benchmark — 2340/4000  A:53%  7.02 matches/s  ETA 237s
2026-10-02 00:15:48,477 INFO     benchmark — 2350/4000  A:53%  7.00 matches/s  ETA 236s
2026-10-02 00:15:50,082 INFO     benchmark — 2360/4000  A:53%  7.00 matches/s  ETA 234s
2026-10-02 00:15:51,539 INFO     benchmark — 2370/4000  A:53%  7.00 matches/s  ETA 233s
2026-10-02 00:15:53,292 INFO     benchmark — 2380/4000  A:53%  6.99 matches/s  ETA 232s
2026-10-02 00:15:54,997 INFO     benchmark — 2390/4000  A:53%  6.99 matches/s  ETA 230s
2026-10-02 00:15:56,518 INFO     benchmark — 2400/4000  A:53%  6.99 matches/s  ETA 229s
2026-10-02 00:15:58,300 INFO     benchmark — 2410/4000  A:53%  6.98 matches/s  ETA 228s
2026-10-02 00:16:00,041 INFO     benchmark — 2420/4000  A:53%  6.97 matches/s  ETA 227s
2026-10-02 00:16:01,407 INFO     benchmark — 2430/4000  A:53%  6.97 matches/s  ETA 225s
2026-10-02 00:16:02,603 INFO     benchmark — 2440/4000  A:53%  6.98 matches/s  ETA 224s
2026-10-02 00:16:04,384 INFO     benchmark — 2450/4000  A:53%  6.97 matches/s  ETA 222s
2026-10-02 00:16:06,310 INFO     benchmark — 2460/4000  A:53%  6.96 matches/s  ETA 221s
2026-10-02 00:16:07,955 INFO     benchmark — 2470/4000  A:53%  6.96 matches/s  ETA 220s
2026-10-02 00:16:09,577 INFO     benchmark — 2480/4000  A:53%  6.96 matches/s  ETA 219s
2026-10-02 00:16:11,150 INFO     benchmark — 2490/4000  A:53%  6.95 matches/s  ETA 217s
2026-10-02 00:16:12,632 INFO     benchmark — 2500/4000  A:53%  6.95 matches/s  ETA 216s
2026-10-02 00:16:14,962 INFO     benchmark — 2510/4000  A:53%  6.93 matches/s  ETA 215s
2026-10-02 00:16:16,436 INFO     benchmark — 2520/4000  A:53%  6.93 matches/s  ETA 213s
2026-10-02 00:16:18,178 INFO     benchmark — 2530/4000  A:53%  6.93 matches/s  ETA 212s
2026-10-02 00:16:19,812 INFO     benchmark — 2540/4000  A:53%  6.92 matches/s  ETA 211s
2026-10-02 00:16:20,771 INFO     benchmark — 2550/4000  A:53%  6.93 matches/s  ETA 209s
2026-10-02 00:16:22,723 INFO     benchmark — 2560/4000  A:53%  6.92 matches/s  ETA 208s
2026-10-02 00:16:24,419 INFO     benchmark — 2570/4000  A:53%  6.92 matches/s  ETA 207s
2026-10-02 00:16:25,399 INFO     benchmark — 2580/4000  A:53%  6.93 matches/s  ETA 205s
2026-10-02 00:16:27,461 INFO     benchmark — 2590/4000  A:53%  6.92 matches/s  ETA 204s
2026-10-02 00:16:28,993 INFO     benchmark — 2600/4000  A:53%  6.92 matches/s  ETA 202s
2026-10-02 00:16:30,426 INFO     benchmark — 2610/4000  A:53%  6.92 matches/s  ETA 201s
2026-10-02 00:16:32,442 INFO     benchmark — 2620/4000  A:53%  6.90 matches/s  ETA 200s
2026-10-02 00:16:34,391 INFO     benchmark — 2630/4000  A:53%  6.90 matches/s  ETA 199s
2026-10-02 00:16:35,411 INFO     benchmark — 2640/4000  A:53%  6.90 matches/s  ETA 197s
2026-10-02 00:16:36,484 INFO     benchmark — 2650/4000  A:53%  6.91 matches/s  ETA 195s
2026-10-02 00:16:37,279 INFO     benchmark — 2660/4000  A:53%  6.92 matches/s  ETA 194s
2026-10-02 00:16:38,188 INFO     benchmark — 2670/4000  A:53%  6.93 matches/s  ETA 192s
2026-10-02 00:16:39,210 INFO     benchmark — 2680/4000  A:53%  6.94 matches/s  ETA 190s
2026-10-02 00:16:41,501 INFO     benchmark — 2690/4000  A:53%  6.92 matches/s  ETA 189s
2026-10-02 00:16:42,466 INFO     benchmark — 2700/4000  A:52%  6.93 matches/s  ETA 188s
2026-10-02 00:16:43,866 INFO     benchmark — 2710/4000  A:52%  6.93 matches/s  ETA 186s
2026-10-02 00:16:45,080 INFO     benchmark — 2720/4000  A:52%  6.94 matches/s  ETA 185s
2026-10-02 00:16:46,494 INFO     benchmark — 2730/4000  A:53%  6.94 matches/s  ETA 183s
2026-10-02 00:16:47,821 INFO     benchmark — 2740/4000  A:53%  6.94 matches/s  ETA 182s
2026-10-02 00:16:49,821 INFO     benchmark — 2750/4000  A:53%  6.93 matches/s  ETA 180s
2026-10-02 00:16:51,625 INFO     benchmark — 2760/4000  A:53%  6.92 matches/s  ETA 179s
2026-10-02 00:16:53,294 INFO     benchmark — 2770/4000  A:53%  6.92 matches/s  ETA 178s
2026-10-02 00:16:55,264 INFO     benchmark — 2780/4000  A:53%  6.91 matches/s  ETA 177s
2026-10-02 00:16:56,923 INFO     benchmark — 2790/4000  A:53%  6.91 matches/s  ETA 175s
2026-10-02 00:16:58,457 INFO     benchmark — 2800/4000  A:53%  6.91 matches/s  ETA 174s
2026-10-02 00:17:00,346 INFO     benchmark — 2810/4000  A:53%  6.90 matches/s  ETA 173s
2026-10-02 00:17:01,549 INFO     benchmark — 2820/4000  A:53%  6.90 matches/s  ETA 171s
2026-10-02 00:17:02,781 INFO     benchmark — 2830/4000  A:53%  6.91 matches/s  ETA 169s
2026-10-02 00:17:03,991 INFO     benchmark — 2840/4000  A:53%  6.91 matches/s  ETA 168s
2026-10-02 00:17:05,823 INFO     benchmark — 2850/4000  A:53%  6.90 matches/s  ETA 167s
2026-10-02 00:17:07,280 INFO     benchmark — 2860/4000  A:53%  6.90 matches/s  ETA 165s
2026-10-02 00:17:08,581 INFO     benchmark — 2870/4000  A:53%  6.91 matches/s  ETA 164s
2026-10-02 00:17:10,719 INFO     benchmark — 2880/4000  A:53%  6.89 matches/s  ETA 162s
2026-10-02 00:17:12,145 INFO     benchmark — 2890/4000  A:53%  6.90 matches/s  ETA 161s
2026-10-02 00:17:14,198 INFO     benchmark — 2900/4000  A:53%  6.89 matches/s  ETA 160s
2026-10-02 00:17:15,438 INFO     benchmark — 2910/4000  A:53%  6.89 matches/s  ETA 158s
2026-10-02 00:17:17,519 INFO     benchmark — 2920/4000  A:53%  6.88 matches/s  ETA 157s
2026-10-02 00:17:20,098 INFO     benchmark — 2930/4000  A:53%  6.86 matches/s  ETA 156s
2026-10-02 00:17:21,842 INFO     benchmark — 2940/4000  A:53%  6.86 matches/s  ETA 155s
2026-10-02 00:17:23,079 INFO     benchmark — 2950/4000  A:53%  6.86 matches/s  ETA 153s
2026-10-02 00:17:24,389 INFO     benchmark — 2960/4000  A:53%  6.86 matches/s  ETA 152s
2026-10-02 00:17:25,888 INFO     benchmark — 2970/4000  A:53%  6.86 matches/s  ETA 150s
2026-10-02 00:17:27,565 INFO     benchmark — 2980/4000  A:53%  6.86 matches/s  ETA 149s
2026-10-02 00:17:28,856 INFO     benchmark — 2990/4000  A:53%  6.86 matches/s  ETA 147s
2026-10-02 00:17:29,891 INFO     benchmark — 3000/4000  A:53%  6.87 matches/s  ETA 146s
2026-10-02 00:17:31,155 INFO     benchmark — 3010/4000  A:53%  6.87 matches/s  ETA 144s
2026-10-02 00:17:32,469 INFO     benchmark — 3020/4000  A:53%  6.87 matches/s  ETA 143s
2026-10-02 00:17:33,981 INFO     benchmark — 3030/4000  A:53%  6.87 matches/s  ETA 141s
2026-10-02 00:17:35,901 INFO     benchmark — 3040/4000  A:53%  6.86 matches/s  ETA 140s
2026-10-02 00:17:37,430 INFO     benchmark — 3050/4000  A:53%  6.86 matches/s  ETA 138s
2026-10-02 00:17:39,235 INFO     benchmark — 3060/4000  A:53%  6.86 matches/s  ETA 137s
2026-10-02 00:17:40,875 INFO     benchmark — 3070/4000  A:53%  6.85 matches/s  ETA 136s
2026-10-02 00:17:43,044 INFO     benchmark — 3080/4000  A:53%  6.84 matches/s  ETA 134s
2026-10-02 00:17:44,814 INFO     benchmark — 3090/4000  A:53%  6.84 matches/s  ETA 133s
2026-10-02 00:17:46,507 INFO     benchmark — 3100/4000  A:53%  6.84 matches/s  ETA 132s
2026-10-02 00:17:48,262 INFO     benchmark — 3110/4000  A:53%  6.83 matches/s  ETA 130s
2026-10-02 00:17:49,869 INFO     benchmark — 3120/4000  A:53%  6.83 matches/s  ETA 129s
2026-10-02 00:17:51,212 INFO     benchmark — 3130/4000  A:53%  6.83 matches/s  ETA 127s
2026-10-02 00:17:53,034 INFO     benchmark — 3140/4000  A:53%  6.83 matches/s  ETA 126s
2026-10-02 00:17:54,338 INFO     benchmark — 3150/4000  A:53%  6.83 matches/s  ETA 124s
2026-10-02 00:17:55,463 INFO     benchmark — 3160/4000  A:53%  6.83 matches/s  ETA 123s
2026-10-02 00:17:56,592 INFO     benchmark — 3170/4000  A:53%  6.84 matches/s  ETA 121s
2026-10-02 00:17:57,818 INFO     benchmark — 3180/4000  A:53%  6.84 matches/s  ETA 120s
2026-10-02 00:17:59,273 INFO     benchmark — 3190/4000  A:53%  6.84 matches/s  ETA 118s
2026-10-02 00:18:00,609 INFO     benchmark — 3200/4000  A:53%  6.84 matches/s  ETA 117s
2026-10-02 00:18:02,126 INFO     benchmark — 3210/4000  A:53%  6.84 matches/s  ETA 115s
2026-10-02 00:18:04,004 INFO     benchmark — 3220/4000  A:53%  6.84 matches/s  ETA 114s
2026-10-02 00:18:05,340 INFO     benchmark — 3230/4000  A:53%  6.84 matches/s  ETA 113s
2026-10-02 00:18:06,730 INFO     benchmark — 3240/4000  A:53%  6.84 matches/s  ETA 111s
2026-10-02 00:18:08,380 INFO     benchmark — 3250/4000  A:53%  6.84 matches/s  ETA 110s
2026-10-02 00:18:09,655 INFO     benchmark — 3260/4000  A:53%  6.84 matches/s  ETA 108s
2026-10-02 00:18:11,708 INFO     benchmark — 3270/4000  A:53%  6.83 matches/s  ETA 107s
2026-10-02 00:18:13,084 INFO     benchmark — 3280/4000  A:53%  6.83 matches/s  ETA 105s
2026-10-02 00:18:14,390 INFO     benchmark — 3290/4000  A:53%  6.83 matches/s  ETA 104s
2026-10-02 00:18:15,563 INFO     benchmark — 3300/4000  A:53%  6.84 matches/s  ETA 102s
2026-10-02 00:18:17,038 INFO     benchmark — 3310/4000  A:53%  6.84 matches/s  ETA 101s
2026-10-02 00:18:18,128 INFO     benchmark — 3320/4000  A:53%  6.84 matches/s  ETA 99s
2026-10-02 00:18:19,397 INFO     benchmark — 3330/4000  A:53%  6.85 matches/s  ETA 98s
2026-10-02 00:18:20,551 INFO     benchmark — 3340/4000  A:53%  6.85 matches/s  ETA 96s
2026-10-02 00:18:21,449 INFO     benchmark — 3350/4000  A:53%  6.86 matches/s  ETA 95s
2026-10-02 00:18:22,636 INFO     benchmark — 3360/4000  A:53%  6.86 matches/s  ETA 93s
2026-10-02 00:18:24,318 INFO     benchmark — 3370/4000  A:53%  6.86 matches/s  ETA 92s
2026-10-02 00:18:25,349 INFO     benchmark — 3380/4000  A:53%  6.87 matches/s  ETA 90s
2026-10-02 00:18:27,112 INFO     benchmark — 3390/4000  A:53%  6.86 matches/s  ETA 89s
2026-10-02 00:18:28,188 INFO     benchmark — 3400/4000  A:53%  6.87 matches/s  ETA 87s
2026-10-02 00:18:29,855 INFO     benchmark — 3410/4000  A:53%  6.86 matches/s  ETA 86s
2026-10-02 00:18:31,717 INFO     benchmark — 3420/4000  A:53%  6.86 matches/s  ETA 85s
2026-10-02 00:18:33,475 INFO     benchmark — 3430/4000  A:53%  6.85 matches/s  ETA 83s
2026-10-02 00:18:35,188 INFO     benchmark — 3440/4000  A:53%  6.85 matches/s  ETA 82s
2026-10-02 00:18:37,234 INFO     benchmark — 3450/4000  A:54%  6.84 matches/s  ETA 80s
2026-10-02 00:18:38,739 INFO     benchmark — 3460/4000  A:54%  6.84 matches/s  ETA 79s
2026-10-02 00:18:39,939 INFO     benchmark — 3470/4000  A:54%  6.85 matches/s  ETA 77s
2026-10-02 00:18:41,146 INFO     benchmark — 3480/4000  A:54%  6.85 matches/s  ETA 76s
2026-10-02 00:18:43,155 INFO     benchmark — 3490/4000  A:54%  6.84 matches/s  ETA 75s
2026-10-02 00:18:44,330 INFO     benchmark — 3500/4000  A:54%  6.84 matches/s  ETA 73s
2026-10-02 00:18:45,412 INFO     benchmark — 3510/4000  A:54%  6.85 matches/s  ETA 72s
2026-10-02 00:18:46,308 INFO     benchmark — 3520/4000  A:54%  6.86 matches/s  ETA 70s
2026-10-02 00:18:46,955 INFO     benchmark — 3530/4000  A:54%  6.87 matches/s  ETA 68s
2026-10-02 00:18:48,126 INFO     benchmark — 3540/4000  A:53%  6.87 matches/s  ETA 67s
2026-10-02 00:18:48,919 INFO     benchmark — 3550/4000  A:53%  6.88 matches/s  ETA 65s
2026-10-02 00:18:50,155 INFO     benchmark — 3560/4000  A:53%  6.88 matches/s  ETA 64s
2026-10-02 00:18:51,575 INFO     benchmark — 3570/4000  A:53%  6.88 matches/s  ETA 62s
2026-10-02 00:18:52,499 INFO     benchmark — 3580/4000  A:53%  6.89 matches/s  ETA 61s
2026-10-02 00:18:53,822 INFO     benchmark — 3590/4000  A:54%  6.89 matches/s  ETA 59s
2026-10-02 00:18:54,869 INFO     benchmark — 3600/4000  A:54%  6.90 matches/s  ETA 58s
2026-10-02 00:18:56,153 INFO     benchmark — 3610/4000  A:54%  6.90 matches/s  ETA 57s
2026-10-02 00:18:57,304 INFO     benchmark — 3620/4000  A:54%  6.90 matches/s  ETA 55s
2026-10-02 00:18:58,311 INFO     benchmark — 3630/4000  A:54%  6.91 matches/s  ETA 54s
2026-10-02 00:18:59,372 INFO     benchmark — 3640/4000  A:54%  6.92 matches/s  ETA 52s
2026-10-02 00:19:00,766 INFO     benchmark — 3650/4000  A:54%  6.92 matches/s  ETA 51s
2026-10-02 00:19:01,941 INFO     benchmark — 3660/4000  A:54%  6.92 matches/s  ETA 49s
2026-10-02 00:19:03,131 INFO     benchmark — 3670/4000  A:54%  6.92 matches/s  ETA 48s
2026-10-02 00:19:04,244 INFO     benchmark — 3680/4000  A:54%  6.93 matches/s  ETA 46s
2026-10-02 00:19:05,171 INFO     benchmark — 3690/4000  A:54%  6.93 matches/s  ETA 45s
2026-10-02 00:19:06,158 INFO     benchmark — 3700/4000  A:54%  6.94 matches/s  ETA 43s
2026-10-02 00:19:07,396 INFO     benchmark — 3710/4000  A:54%  6.94 matches/s  ETA 42s
2026-10-02 00:19:08,767 INFO     benchmark — 3720/4000  A:54%  6.94 matches/s  ETA 40s
2026-10-02 00:19:09,650 INFO     benchmark — 3730/4000  A:54%  6.95 matches/s  ETA 39s
2026-10-02 00:19:10,900 INFO     benchmark — 3740/4000  A:54%  6.95 matches/s  ETA 37s
2026-10-02 00:19:11,941 INFO     benchmark — 3750/4000  A:54%  6.96 matches/s  ETA 36s
2026-10-02 00:19:13,347 INFO     benchmark — 3760/4000  A:54%  6.96 matches/s  ETA 34s
2026-10-02 00:19:14,712 INFO     benchmark — 3770/4000  A:54%  6.96 matches/s  ETA 33s
2026-10-02 00:19:15,795 INFO     benchmark — 3780/4000  A:54%  6.96 matches/s  ETA 32s
2026-10-02 00:19:17,485 INFO     benchmark — 3790/4000  A:54%  6.96 matches/s  ETA 30s
2026-10-02 00:19:19,011 INFO     benchmark — 3800/4000  A:54%  6.96 matches/s  ETA 29s
2026-10-02 00:19:20,123 INFO     benchmark — 3810/4000  A:54%  6.96 matches/s  ETA 27s
2026-10-02 00:19:21,623 INFO     benchmark — 3820/4000  A:54%  6.96 matches/s  ETA 26s
2026-10-02 00:19:22,625 INFO     benchmark — 3830/4000  A:54%  6.97 matches/s  ETA 24s
2026-10-02 00:19:23,502 INFO     benchmark — 3840/4000  A:54%  6.98 matches/s  ETA 23s
2026-10-02 00:19:24,733 INFO     benchmark — 3850/4000  A:54%  6.98 matches/s  ETA 21s
2026-10-02 00:19:25,987 INFO     benchmark — 3860/4000  A:54%  6.98 matches/s  ETA 20s
2026-10-02 00:19:27,254 INFO     benchmark — 3870/4000  A:54%  6.98 matches/s  ETA 19s
2026-10-02 00:19:28,146 INFO     benchmark — 3880/4000  A:54%  6.99 matches/s  ETA 17s
2026-10-02 00:19:29,214 INFO     benchmark — 3890/4000  A:54%  6.99 matches/s  ETA 16s
2026-10-02 00:19:30,338 INFO     benchmark — 3900/4000  A:54%  7.00 matches/s  ETA 14s
2026-10-02 00:19:31,560 INFO     benchmark — 3910/4000  A:54%  7.00 matches/s  ETA 13s
2026-10-02 00:19:32,224 INFO     benchmark — 3920/4000  A:54%  7.01 matches/s  ETA 11s
2026-10-02 00:19:33,192 INFO     benchmark — 3930/4000  A:54%  7.02 matches/s  ETA 10s
2026-10-02 00:19:34,152 INFO     benchmark — 3940/4000  A:54%  7.02 matches/s  ETA 9s
2026-10-02 00:19:35,199 INFO     benchmark — 3950/4000  A:54%  7.03 matches/s  ETA 7s
2026-10-02 00:19:36,107 INFO     benchmark — 3960/4000  A:54%  7.03 matches/s  ETA 6s
2026-10-02 00:19:37,024 INFO     benchmark — 3970/4000  A:54%  7.04 matches/s  ETA 4s
2026-10-02 00:19:38,030 INFO     benchmark — 3980/4000  A:54%  7.04 matches/s  ETA 3s
2026-10-02 00:19:39,175 INFO     benchmark — 3990/4000  A:54%  7.05 matches/s  ETA 1s
2026-10-02 00:19:40,435 INFO     benchmark — 4000/4000  A:54%  7.05 matches/s  ETA 0s
2026-10-02 00:19:40,488 INFO     benchmark — wrote results/008/thr5M_vs_rnd.json

──────────────────────────────────────────────────
Mode:        match_rl_vs_random
Matches:      4,000
──────────────────────────────────────────────────
RL(truco_threshold_5000000) wins:  2,148  (53.7%)
Random wins:  1,852  (46.3%)
Ties:        0  (0.0%)
──────────────────────────────────────────────────

