2026-10-05 19:06:22,509 INFO     benchmark — 10/4000  A:20%  1.99 matches/s  ETA 2005s
2026-10-05 19:06:25,005 INFO     benchmark — 20/4000  A:35%  2.66 matches/s  ETA 1497s
2026-10-05 19:06:27,592 INFO     benchmark — 30/4000  A:37%  2.97 matches/s  ETA 1338s
2026-10-05 19:06:31,925 INFO     benchmark — 40/4000  A:38%  2.77 matches/s  ETA 1430s
2026-10-05 19:06:34,915 INFO     benchmark — 50/4000  A:34%  2.87 matches/s  ETA 1377s
2026-10-05 19:06:38,048 INFO     benchmark — 60/4000  A:37%  2.92 matches/s  ETA 1350s
2026-10-05 19:06:41,707 INFO     benchmark — 70/4000  A:37%  2.89 matches/s  ETA 1360s
2026-10-05 19:06:44,346 INFO     benchmark — 80/4000  A:39%  2.98 matches/s  ETA 1316s
2026-10-05 19:06:46,514 INFO     benchmark — 90/4000  A:39%  3.10 matches/s  ETA 1261s
2026-10-05 19:06:50,092 INFO     benchmark — 100/4000  A:37%  3.07 matches/s  ETA 1272s
2026-10-05 19:06:51,973 INFO     benchmark — 110/4000  A:35%  3.19 matches/s  ETA 1220s
2026-10-05 19:06:55,336 INFO     benchmark — 120/4000  A:34%  3.17 matches/s  ETA 1224s
2026-10-05 19:06:58,758 INFO     benchmark — 130/4000  A:35%  3.15 matches/s  ETA 1229s
2026-10-05 19:07:02,105 INFO     benchmark — 140/4000  A:36%  3.14 matches/s  ETA 1230s
2026-10-05 19:07:06,380 INFO     benchmark — 150/4000  A:37%  3.07 matches/s  ETA 1255s
2026-10-05 19:07:09,229 INFO     benchmark — 160/4000  A:38%  3.09 matches/s  ETA 1242s
2026-10-05 19:07:13,994 INFO     benchmark — 170/4000  A:36%  3.01 matches/s  ETA 1273s
2026-10-05 19:07:17,213 INFO     benchmark — 180/4000  A:36%  3.01 matches/s  ETA 1268s
2026-10-05 19:07:22,213 INFO     benchmark — 190/4000  A:36%  2.94 matches/s  ETA 1298s
2026-10-05 19:07:25,781 INFO     benchmark — 200/4000  A:35%  2.93 matches/s  ETA 1298s
2026-10-05 19:07:28,643 INFO     benchmark — 210/4000  A:34%  2.95 matches/s  ETA 1284s
2026-10-05 19:07:33,167 INFO     benchmark — 220/4000  A:33%  2.91 matches/s  ETA 1300s
2026-10-05 19:07:37,067 INFO     benchmark — 230/4000  A:33%  2.89 matches/s  ETA 1304s
2026-10-05 19:07:39,404 INFO     benchmark — 240/4000  A:34%  2.93 matches/s  ETA 1283s
2026-10-05 19:07:44,056 INFO     benchmark — 250/4000  A:33%  2.89 matches/s  ETA 1299s
2026-10-05 19:07:47,586 INFO     benchmark — 260/4000  A:33%  2.89 matches/s  ETA 1296s
2026-10-05 19:07:49,317 INFO     benchmark — 270/4000  A:33%  2.94 matches/s  ETA 1269s
2026-10-05 19:07:52,765 INFO     benchmark — 280/4000  A:32%  2.94 matches/s  ETA 1266s
2026-10-05 19:07:55,095 INFO     benchmark — 290/4000  A:32%  2.97 matches/s  ETA 1249s
2026-10-05 19:07:59,434 INFO     benchmark — 300/4000  A:33%  2.94 matches/s  ETA 1257s
2026-10-05 19:08:04,921 INFO     benchmark — 310/4000  A:33%  2.89 matches/s  ETA 1279s
2026-10-05 19:08:10,225 INFO     benchmark — 320/4000  A:33%  2.84 matches/s  ETA 1297s
2026-10-05 19:08:14,536 INFO     benchmark — 330/4000  A:32%  2.82 matches/s  ETA 1302s
2026-10-05 19:08:17,997 INFO     benchmark — 340/4000  A:33%  2.82 matches/s  ETA 1297s
2026-10-05 19:08:22,503 INFO     benchmark — 350/4000  A:33%  2.80 matches/s  ETA 1304s
2026-10-05 19:08:28,465 INFO     benchmark — 360/4000  A:33%  2.75 matches/s  ETA 1324s
2026-10-05 19:08:33,990 INFO     benchmark — 370/4000  A:34%  2.71 matches/s  ETA 1339s
2026-10-05 19:08:38,027 INFO     benchmark — 380/4000  A:34%  2.70 matches/s  ETA 1339s
2026-10-05 19:08:40,880 INFO     benchmark — 390/4000  A:35%  2.72 matches/s  ETA 1327s
2026-10-05 19:08:43,626 INFO     benchmark — 400/4000  A:34%  2.74 matches/s  ETA 1315s
2026-10-05 19:08:47,889 INFO     benchmark — 410/4000  A:34%  2.73 matches/s  ETA 1317s
2026-10-05 19:08:50,959 INFO     benchmark — 420/4000  A:33%  2.74 matches/s  ETA 1308s
2026-10-05 19:08:54,492 INFO     benchmark — 430/4000  A:34%  2.74 matches/s  ETA 1304s
2026-10-05 19:08:57,056 INFO     benchmark — 440/4000  A:34%  2.76 matches/s  ETA 1291s
2026-10-05 19:09:00,561 INFO     benchmark — 450/4000  A:33%  2.76 matches/s  ETA 1287s
2026-10-05 19:09:04,111 INFO     benchmark — 460/4000  A:34%  2.76 matches/s  ETA 1282s
2026-10-05 19:09:06,749 INFO     benchmark — 470/4000  A:33%  2.78 matches/s  ETA 1271s
2026-10-05 19:09:10,138 INFO     benchmark — 480/4000  A:34%  2.78 matches/s  ETA 1266s
2026-10-05 19:09:12,582 INFO     benchmark — 490/4000  A:34%  2.80 matches/s  ETA 1254s
2026-10-05 19:09:15,342 INFO     benchmark — 500/4000  A:33%  2.81 matches/s  ETA 1245s
2026-10-05 19:09:17,548 INFO     benchmark — 510/4000  A:33%  2.83 matches/s  ETA 1232s
2026-10-05 19:09:20,723 INFO     benchmark — 520/4000  A:33%  2.84 matches/s  ETA 1226s
2026-10-05 19:09:23,997 INFO     benchmark — 530/4000  A:34%  2.84 matches/s  ETA 1221s
2026-10-05 19:09:26,612 INFO     benchmark — 540/4000  A:34%  2.86 matches/s  ETA 1212s
2026-10-05 19:09:29,652 INFO     benchmark — 550/4000  A:34%  2.86 matches/s  ETA 1205s
2026-10-05 19:09:31,937 INFO     benchmark — 560/4000  A:34%  2.88 matches/s  ETA 1195s
2026-10-05 19:09:34,559 INFO     benchmark — 570/4000  A:34%  2.89 matches/s  ETA 1186s
2026-10-05 19:09:37,529 INFO     benchmark — 580/4000  A:34%  2.90 matches/s  ETA 1180s
2026-10-05 19:09:40,695 INFO     benchmark — 590/4000  A:34%  2.90 matches/s  ETA 1174s
2026-10-05 19:09:44,255 INFO     benchmark — 600/4000  A:34%  2.90 matches/s  ETA 1172s
2026-10-05 19:09:47,341 INFO     benchmark — 610/4000  A:34%  2.91 matches/s  ETA 1166s
2026-10-05 19:09:50,976 INFO     benchmark — 620/4000  A:34%  2.90 matches/s  ETA 1164s
2026-10-05 19:09:53,804 INFO     benchmark — 630/4000  A:34%  2.91 matches/s  ETA 1157s
2026-10-05 19:09:57,272 INFO     benchmark — 640/4000  A:34%  2.91 matches/s  ETA 1154s
2026-10-05 19:10:01,156 INFO     benchmark — 650/4000  A:34%  2.91 matches/s  ETA 1153s
2026-10-05 19:10:04,746 INFO     benchmark — 660/4000  A:34%  2.90 matches/s  ETA 1150s
2026-10-05 19:10:07,797 INFO     benchmark — 670/4000  A:34%  2.91 matches/s  ETA 1145s
2026-10-05 19:10:09,949 INFO     benchmark — 680/4000  A:35%  2.93 matches/s  ETA 1135s
2026-10-05 19:10:12,471 INFO     benchmark — 690/4000  A:35%  2.94 matches/s  ETA 1127s
2026-10-05 19:10:14,875 INFO     benchmark — 700/4000  A:35%  2.95 matches/s  ETA 1119s
2026-10-05 19:10:17,728 INFO     benchmark — 710/4000  A:35%  2.96 matches/s  ETA 1113s
2026-10-05 19:10:20,647 INFO     benchmark — 720/4000  A:35%  2.96 matches/s  ETA 1108s
2026-10-05 19:10:23,323 INFO     benchmark — 730/4000  A:35%  2.97 matches/s  ETA 1101s
2026-10-05 19:10:26,828 INFO     benchmark — 740/4000  A:35%  2.97 matches/s  ETA 1098s
2026-10-05 19:10:29,325 INFO     benchmark — 750/4000  A:35%  2.98 matches/s  ETA 1091s
2026-10-05 19:10:33,133 INFO     benchmark — 760/4000  A:35%  2.97 matches/s  ETA 1090s
2026-10-05 19:10:36,791 INFO     benchmark — 770/4000  A:35%  2.97 matches/s  ETA 1088s
2026-10-05 19:10:39,717 INFO     benchmark — 780/4000  A:35%  2.97 matches/s  ETA 1083s
2026-10-05 19:10:42,020 INFO     benchmark — 790/4000  A:35%  2.99 matches/s  ETA 1075s
2026-10-05 19:10:45,353 INFO     benchmark — 800/4000  A:35%  2.99 matches/s  ETA 1071s
2026-10-05 19:10:48,473 INFO     benchmark — 810/4000  A:35%  2.99 matches/s  ETA 1067s
2026-10-05 19:10:50,590 INFO     benchmark — 820/4000  A:34%  3.00 matches/s  ETA 1059s
2026-10-05 19:10:53,835 INFO     benchmark — 830/4000  A:35%  3.00 matches/s  ETA 1055s
2026-10-05 19:10:56,930 INFO     benchmark — 840/4000  A:35%  3.01 matches/s  ETA 1051s
2026-10-05 19:10:59,887 INFO     benchmark — 850/4000  A:35%  3.01 matches/s  ETA 1047s
2026-10-05 19:11:04,140 INFO     benchmark — 860/4000  A:35%  3.00 matches/s  ETA 1047s
2026-10-05 19:11:07,505 INFO     benchmark — 870/4000  A:35%  3.00 matches/s  ETA 1043s
2026-10-05 19:11:10,761 INFO     benchmark — 880/4000  A:35%  3.00 matches/s  ETA 1040s
2026-10-05 19:11:13,916 INFO     benchmark — 890/4000  A:34%  3.00 matches/s  ETA 1036s
2026-10-05 19:11:17,101 INFO     benchmark — 900/4000  A:34%  3.00 matches/s  ETA 1032s
2026-10-05 19:11:20,447 INFO     benchmark — 910/4000  A:34%  3.00 matches/s  ETA 1029s
2026-10-05 19:11:22,569 INFO     benchmark — 920/4000  A:34%  3.02 matches/s  ETA 1021s
2026-10-05 19:11:25,554 INFO     benchmark — 930/4000  A:34%  3.02 matches/s  ETA 1017s
2026-10-05 19:11:27,397 INFO     benchmark — 940/4000  A:34%  3.03 matches/s  ETA 1009s
2026-10-05 19:11:30,002 INFO     benchmark — 950/4000  A:34%  3.04 matches/s  ETA 1003s
2026-10-05 19:11:33,449 INFO     benchmark — 960/4000  A:34%  3.04 matches/s  ETA 1001s
2026-10-05 19:11:35,612 INFO     benchmark — 970/4000  A:34%  3.05 matches/s  ETA 994s
2026-10-05 19:11:39,284 INFO     benchmark — 980/4000  A:34%  3.05 matches/s  ETA 992s
2026-10-05 19:11:41,794 INFO     benchmark — 990/4000  A:34%  3.05 matches/s  ETA 986s
2026-10-05 19:11:45,604 INFO     benchmark — 1000/4000  A:34%  3.05 matches/s  ETA 984s
2026-10-05 19:11:48,528 INFO     benchmark — 1010/4000  A:34%  3.05 matches/s  ETA 980s
2026-10-05 19:11:51,395 INFO     benchmark — 1020/4000  A:34%  3.05 matches/s  ETA 976s
2026-10-05 19:11:52,772 INFO     benchmark — 1030/4000  A:34%  3.07 matches/s  ETA 967s
2026-10-05 19:11:56,310 INFO     benchmark — 1040/4000  A:34%  3.07 matches/s  ETA 964s
2026-10-05 19:11:59,137 INFO     benchmark — 1050/4000  A:34%  3.07 matches/s  ETA 960s
2026-10-05 19:12:02,697 INFO     benchmark — 1060/4000  A:35%  3.07 matches/s  ETA 957s
2026-10-05 19:12:06,456 INFO     benchmark — 1070/4000  A:35%  3.07 matches/s  ETA 956s
2026-10-05 19:12:09,871 INFO     benchmark — 1080/4000  A:35%  3.06 matches/s  ETA 953s
2026-10-05 19:12:12,985 INFO     benchmark — 1090/4000  A:35%  3.07 matches/s  ETA 949s
2026-10-05 19:12:16,246 INFO     benchmark — 1100/4000  A:35%  3.07 matches/s  ETA 946s
2026-10-05 19:12:19,429 INFO     benchmark — 1110/4000  A:35%  3.07 matches/s  ETA 942s
2026-10-05 19:12:22,561 INFO     benchmark — 1120/4000  A:35%  3.07 matches/s  ETA 939s
2026-10-05 19:12:25,812 INFO     benchmark — 1130/4000  A:35%  3.07 matches/s  ETA 935s
2026-10-05 19:12:28,182 INFO     benchmark — 1140/4000  A:35%  3.08 matches/s  ETA 930s
2026-10-05 19:12:30,158 INFO     benchmark — 1150/4000  A:35%  3.09 matches/s  ETA 924s
2026-10-05 19:12:33,708 INFO     benchmark — 1160/4000  A:35%  3.08 matches/s  ETA 921s
2026-10-05 19:12:35,627 INFO     benchmark — 1170/4000  A:35%  3.09 matches/s  ETA 915s
2026-10-05 19:12:38,477 INFO     benchmark — 1180/4000  A:34%  3.10 matches/s  ETA 911s
2026-10-05 19:12:41,182 INFO     benchmark — 1190/4000  A:34%  3.10 matches/s  ETA 906s
2026-10-05 19:12:43,438 INFO     benchmark — 1200/4000  A:34%  3.11 matches/s  ETA 901s
2026-10-05 19:12:47,675 INFO     benchmark — 1210/4000  A:34%  3.10 matches/s  ETA 900s
2026-10-05 19:12:50,717 INFO     benchmark — 1220/4000  A:34%  3.10 matches/s  ETA 896s
2026-10-05 19:12:52,726 INFO     benchmark — 1230/4000  A:34%  3.11 matches/s  ETA 890s
2026-10-05 19:12:55,410 INFO     benchmark — 1240/4000  A:34%  3.12 matches/s  ETA 886s
2026-10-05 19:12:57,364 INFO     benchmark — 1250/4000  A:34%  3.13 matches/s  ETA 880s
2026-10-05 19:13:01,153 INFO     benchmark — 1260/4000  A:34%  3.12 matches/s  ETA 878s
2026-10-05 19:13:04,025 INFO     benchmark — 1270/4000  A:34%  3.12 matches/s  ETA 874s
2026-10-05 19:13:06,120 INFO     benchmark — 1280/4000  A:34%  3.13 matches/s  ETA 868s
2026-10-05 19:13:08,513 INFO     benchmark — 1290/4000  A:34%  3.14 matches/s  ETA 863s
2026-10-05 19:13:11,465 INFO     benchmark — 1300/4000  A:34%  3.14 matches/s  ETA 860s
2026-10-05 19:13:14,281 INFO     benchmark — 1310/4000  A:34%  3.14 matches/s  ETA 856s
2026-10-05 19:13:16,784 INFO     benchmark — 1320/4000  A:34%  3.15 matches/s  ETA 851s
2026-10-05 19:13:20,477 INFO     benchmark — 1330/4000  A:34%  3.14 matches/s  ETA 849s
2026-10-05 19:13:23,722 INFO     benchmark — 1340/4000  A:34%  3.14 matches/s  ETA 846s
2026-10-05 19:13:26,140 INFO     benchmark — 1350/4000  A:34%  3.15 matches/s  ETA 841s
2026-10-05 19:13:29,253 INFO     benchmark — 1360/4000  A:34%  3.15 matches/s  ETA 838s
2026-10-05 19:13:31,580 INFO     benchmark — 1370/4000  A:34%  3.16 matches/s  ETA 833s
2026-10-05 19:13:33,943 INFO     benchmark — 1380/4000  A:34%  3.16 matches/s  ETA 829s
2026-10-05 19:13:35,872 INFO     benchmark — 1390/4000  A:34%  3.17 matches/s  ETA 823s
2026-10-05 19:13:39,439 INFO     benchmark — 1400/4000  A:34%  3.17 matches/s  ETA 821s
2026-10-05 19:13:42,322 INFO     benchmark — 1410/4000  A:34%  3.17 matches/s  ETA 817s
2026-10-05 19:13:44,918 INFO     benchmark — 1420/4000  A:34%  3.17 matches/s  ETA 813s
2026-10-05 19:13:47,876 INFO     benchmark — 1430/4000  A:34%  3.18 matches/s  ETA 809s
2026-10-05 19:13:51,953 INFO     benchmark — 1440/4000  A:34%  3.17 matches/s  ETA 808s
2026-10-05 19:13:54,809 INFO     benchmark — 1450/4000  A:34%  3.17 matches/s  ETA 804s
2026-10-05 19:13:57,670 INFO     benchmark — 1460/4000  A:34%  3.17 matches/s  ETA 801s
2026-10-05 19:14:00,558 INFO     benchmark — 1470/4000  A:34%  3.17 matches/s  ETA 797s
2026-10-05 19:14:03,209 INFO     benchmark — 1480/4000  A:34%  3.18 matches/s  ETA 793s
2026-10-05 19:14:06,309 INFO     benchmark — 1490/4000  A:34%  3.18 matches/s  ETA 790s
2026-10-05 19:14:09,015 INFO     benchmark — 1500/4000  A:34%  3.18 matches/s  ETA 786s
2026-10-05 19:14:12,531 INFO     benchmark — 1510/4000  A:34%  3.18 matches/s  ETA 783s
2026-10-05 19:14:15,365 INFO     benchmark — 1520/4000  A:34%  3.18 matches/s  ETA 780s
2026-10-05 19:14:18,035 INFO     benchmark — 1530/4000  A:34%  3.18 matches/s  ETA 776s
2026-10-05 19:14:20,377 INFO     benchmark — 1540/4000  A:34%  3.19 matches/s  ETA 771s
2026-10-05 19:14:23,941 INFO     benchmark — 1550/4000  A:34%  3.19 matches/s  ETA 769s
2026-10-05 19:14:26,154 INFO     benchmark — 1560/4000  A:34%  3.19 matches/s  ETA 764s
2026-10-05 19:14:28,241 INFO     benchmark — 1570/4000  A:34%  3.20 matches/s  ETA 760s
2026-10-05 19:14:31,362 INFO     benchmark — 1580/4000  A:35%  3.20 matches/s  ETA 756s
2026-10-05 19:14:33,843 INFO     benchmark — 1590/4000  A:34%  3.20 matches/s  ETA 752s
2026-10-05 19:14:36,868 INFO     benchmark — 1600/4000  A:34%  3.20 matches/s  ETA 749s
2026-10-05 19:14:40,061 INFO     benchmark — 1610/4000  A:35%  3.20 matches/s  ETA 746s
2026-10-05 19:14:43,699 INFO     benchmark — 1620/4000  A:35%  3.20 matches/s  ETA 744s
2026-10-05 19:14:46,477 INFO     benchmark — 1630/4000  A:35%  3.20 matches/s  ETA 740s
2026-10-05 19:14:49,089 INFO     benchmark — 1640/4000  A:35%  3.21 matches/s  ETA 736s
2026-10-05 19:14:50,443 INFO     benchmark — 1650/4000  A:35%  3.22 matches/s  ETA 731s
2026-10-05 19:14:53,630 INFO     benchmark — 1660/4000  A:35%  3.22 matches/s  ETA 728s
2026-10-05 19:14:56,009 INFO     benchmark — 1670/4000  A:34%  3.22 matches/s  ETA 723s
2026-10-05 19:14:59,161 INFO     benchmark — 1680/4000  A:34%  3.22 matches/s  ETA 720s
2026-10-05 19:15:01,739 INFO     benchmark — 1690/4000  A:34%  3.22 matches/s  ETA 717s
2026-10-05 19:15:05,122 INFO     benchmark — 1700/4000  A:34%  3.22 matches/s  ETA 714s
2026-10-05 19:15:08,117 INFO     benchmark — 1710/4000  A:34%  3.22 matches/s  ETA 711s
2026-10-05 19:15:10,149 INFO     benchmark — 1720/4000  A:34%  3.23 matches/s  ETA 706s
2026-10-05 19:15:13,125 INFO     benchmark — 1730/4000  A:34%  3.23 matches/s  ETA 703s
2026-10-05 19:15:15,965 INFO     benchmark — 1740/4000  A:34%  3.23 matches/s  ETA 699s
2026-10-05 19:15:18,402 INFO     benchmark — 1750/4000  A:34%  3.24 matches/s  ETA 695s
2026-10-05 19:15:21,093 INFO     benchmark — 1760/4000  A:34%  3.24 matches/s  ETA 692s
2026-10-05 19:15:24,486 INFO     benchmark — 1770/4000  A:34%  3.24 matches/s  ETA 689s
2026-10-05 19:15:27,494 INFO     benchmark — 1780/4000  A:34%  3.24 matches/s  ETA 686s
2026-10-05 19:15:29,981 INFO     benchmark — 1790/4000  A:34%  3.24 matches/s  ETA 682s
2026-10-05 19:15:33,352 INFO     benchmark — 1800/4000  A:34%  3.24 matches/s  ETA 679s
2026-10-05 19:15:37,283 INFO     benchmark — 1810/4000  A:34%  3.23 matches/s  ETA 677s
2026-10-05 19:15:40,327 INFO     benchmark — 1820/4000  A:34%  3.23 matches/s  ETA 674s
2026-10-05 19:15:43,991 INFO     benchmark — 1830/4000  A:34%  3.23 matches/s  ETA 672s
2026-10-05 19:15:46,221 INFO     benchmark — 1840/4000  A:34%  3.24 matches/s  ETA 668s
2026-10-05 19:15:50,350 INFO     benchmark — 1850/4000  A:34%  3.23 matches/s  ETA 666s
2026-10-05 19:15:53,126 INFO     benchmark — 1860/4000  A:34%  3.23 matches/s  ETA 662s
2026-10-05 19:15:56,443 INFO     benchmark — 1870/4000  A:34%  3.23 matches/s  ETA 659s
2026-10-05 19:15:59,391 INFO     benchmark — 1880/4000  A:34%  3.23 matches/s  ETA 656s
2026-10-05 19:16:01,952 INFO     benchmark — 1890/4000  A:34%  3.23 matches/s  ETA 653s
2026-10-05 19:16:04,237 INFO     benchmark — 1900/4000  A:34%  3.24 matches/s  ETA 649s
2026-10-05 19:16:08,071 INFO     benchmark — 1910/4000  A:34%  3.23 matches/s  ETA 646s
2026-10-05 19:16:10,488 INFO     benchmark — 1920/4000  A:34%  3.24 matches/s  ETA 642s
2026-10-05 19:16:12,741 INFO     benchmark — 1930/4000  A:35%  3.24 matches/s  ETA 638s
2026-10-05 19:16:15,291 INFO     benchmark — 1940/4000  A:35%  3.25 matches/s  ETA 635s
2026-10-05 19:16:18,801 INFO     benchmark — 1950/4000  A:35%  3.24 matches/s  ETA 632s
2026-10-05 19:16:21,730 INFO     benchmark — 1960/4000  A:34%  3.24 matches/s  ETA 629s
2026-10-05 19:16:24,388 INFO     benchmark — 1970/4000  A:34%  3.25 matches/s  ETA 625s
2026-10-05 19:16:28,258 INFO     benchmark — 1980/4000  A:34%  3.24 matches/s  ETA 623s
2026-10-05 19:16:31,658 INFO     benchmark — 1990/4000  A:34%  3.24 matches/s  ETA 620s
2026-10-05 19:16:34,244 INFO     benchmark — 2000/4000  A:34%  3.24 matches/s  ETA 617s
2026-10-05 19:16:37,038 INFO     benchmark — 2010/4000  A:35%  3.24 matches/s  ETA 613s
2026-10-05 19:16:40,594 INFO     benchmark — 2020/4000  A:35%  3.24 matches/s  ETA 611s
2026-10-05 19:16:43,456 INFO     benchmark — 2030/4000  A:35%  3.24 matches/s  ETA 607s
2026-10-05 19:16:46,742 INFO     benchmark — 2040/4000  A:35%  3.24 matches/s  ETA 605s
2026-10-05 19:16:49,339 INFO     benchmark — 2050/4000  A:35%  3.24 matches/s  ETA 601s
2026-10-05 19:16:51,940 INFO     benchmark — 2060/4000  A:35%  3.25 matches/s  ETA 597s
2026-10-05 19:16:55,373 INFO     benchmark — 2070/4000  A:35%  3.25 matches/s  ETA 595s
2026-10-05 19:16:58,629 INFO     benchmark — 2080/4000  A:35%  3.24 matches/s  ETA 592s
2026-10-05 19:17:01,354 INFO     benchmark — 2090/4000  A:35%  3.25 matches/s  ETA 588s
2026-10-05 19:17:05,333 INFO     benchmark — 2100/4000  A:35%  3.24 matches/s  ETA 586s
2026-10-05 19:17:09,033 INFO     benchmark — 2110/4000  A:35%  3.24 matches/s  ETA 584s
2026-10-05 19:17:11,746 INFO     benchmark — 2120/4000  A:35%  3.24 matches/s  ETA 580s
2026-10-05 19:17:13,747 INFO     benchmark — 2130/4000  A:35%  3.25 matches/s  ETA 576s
2026-10-05 19:17:16,392 INFO     benchmark — 2140/4000  A:35%  3.25 matches/s  ETA 573s
2026-10-05 19:17:20,811 INFO     benchmark — 2150/4000  A:35%  3.24 matches/s  ETA 571s
2026-10-05 19:17:23,073 INFO     benchmark — 2160/4000  A:35%  3.25 matches/s  ETA 567s
2026-10-05 19:17:25,693 INFO     benchmark — 2170/4000  A:35%  3.25 matches/s  ETA 564s
2026-10-05 19:17:30,038 INFO     benchmark — 2180/4000  A:35%  3.24 matches/s  ETA 561s
2026-10-05 19:17:33,381 INFO     benchmark — 2190/4000  A:35%  3.24 matches/s  ETA 559s
2026-10-05 19:17:37,018 INFO     benchmark — 2200/4000  A:35%  3.24 matches/s  ETA 556s
2026-10-05 19:17:40,311 INFO     benchmark — 2210/4000  A:35%  3.24 matches/s  ETA 553s
2026-10-05 19:17:44,095 INFO     benchmark — 2220/4000  A:35%  3.23 matches/s  ETA 551s
2026-10-05 19:17:46,749 INFO     benchmark — 2230/4000  A:35%  3.24 matches/s  ETA 547s
2026-10-05 19:17:49,242 INFO     benchmark — 2240/4000  A:35%  3.24 matches/s  ETA 544s
2026-10-05 19:17:52,359 INFO     benchmark — 2250/4000  A:35%  3.24 matches/s  ETA 540s
2026-10-05 19:17:54,910 INFO     benchmark — 2260/4000  A:35%  3.24 matches/s  ETA 537s
2026-10-05 19:17:57,773 INFO     benchmark — 2270/4000  A:35%  3.24 matches/s  ETA 534s
2026-10-05 19:17:59,542 INFO     benchmark — 2280/4000  A:35%  3.25 matches/s  ETA 530s
2026-10-05 19:18:02,849 INFO     benchmark — 2290/4000  A:35%  3.25 matches/s  ETA 527s
2026-10-05 19:18:05,301 INFO     benchmark — 2300/4000  A:35%  3.25 matches/s  ETA 523s
2026-10-05 19:18:08,361 INFO     benchmark — 2310/4000  A:35%  3.25 matches/s  ETA 520s
2026-10-05 19:18:11,424 INFO     benchmark — 2320/4000  A:35%  3.25 matches/s  ETA 517s
2026-10-05 19:18:15,400 INFO     benchmark — 2330/4000  A:35%  3.25 matches/s  ETA 515s
2026-10-05 19:18:18,335 INFO     benchmark — 2340/4000  A:35%  3.25 matches/s  ETA 511s
2026-10-05 19:18:21,956 INFO     benchmark — 2350/4000  A:35%  3.24 matches/s  ETA 509s
2026-10-05 19:18:25,226 INFO     benchmark — 2360/4000  A:35%  3.24 matches/s  ETA 506s
2026-10-05 19:18:28,448 INFO     benchmark — 2370/4000  A:35%  3.24 matches/s  ETA 503s
2026-10-05 19:18:31,643 INFO     benchmark — 2380/4000  A:35%  3.24 matches/s  ETA 500s
2026-10-05 19:18:34,759 INFO     benchmark — 2390/4000  A:35%  3.24 matches/s  ETA 497s
2026-10-05 19:18:37,689 INFO     benchmark — 2400/4000  A:35%  3.24 matches/s  ETA 493s
2026-10-05 19:18:40,687 INFO     benchmark — 2410/4000  A:35%  3.24 matches/s  ETA 490s
2026-10-05 19:18:43,796 INFO     benchmark — 2420/4000  A:35%  3.24 matches/s  ETA 487s
2026-10-05 19:18:46,203 INFO     benchmark — 2430/4000  A:35%  3.25 matches/s  ETA 484s
2026-10-05 19:18:48,253 INFO     benchmark — 2440/4000  A:35%  3.25 matches/s  ETA 480s
2026-10-05 19:18:51,702 INFO     benchmark — 2450/4000  A:35%  3.25 matches/s  ETA 477s
2026-10-05 19:18:55,150 INFO     benchmark — 2460/4000  A:35%  3.25 matches/s  ETA 474s
2026-10-05 19:18:58,127 INFO     benchmark — 2470/4000  A:35%  3.25 matches/s  ETA 471s
2026-10-05 19:19:01,715 INFO     benchmark — 2480/4000  A:35%  3.25 matches/s  ETA 468s
2026-10-05 19:19:05,219 INFO     benchmark — 2490/4000  A:35%  3.24 matches/s  ETA 466s
2026-10-05 19:19:07,896 INFO     benchmark — 2500/4000  A:35%  3.25 matches/s  ETA 462s
2026-10-05 19:19:11,556 INFO     benchmark — 2510/4000  A:35%  3.24 matches/s  ETA 460s
2026-10-05 19:19:15,095 INFO     benchmark — 2520/4000  A:35%  3.24 matches/s  ETA 457s
2026-10-05 19:19:18,279 INFO     benchmark — 2530/4000  A:35%  3.24 matches/s  ETA 454s
2026-10-05 19:19:21,043 INFO     benchmark — 2540/4000  A:35%  3.24 matches/s  ETA 450s
2026-10-05 19:19:24,409 INFO     benchmark — 2550/4000  A:35%  3.24 matches/s  ETA 447s
2026-10-05 19:19:27,626 INFO     benchmark — 2560/4000  A:35%  3.24 matches/s  ETA 444s
2026-10-05 19:19:31,110 INFO     benchmark — 2570/4000  A:35%  3.24 matches/s  ETA 442s
2026-10-05 19:19:34,017 INFO     benchmark — 2580/4000  A:35%  3.24 matches/s  ETA 438s
2026-10-05 19:19:37,420 INFO     benchmark — 2590/4000  A:35%  3.24 matches/s  ETA 435s
2026-10-05 19:19:41,474 INFO     benchmark — 2600/4000  A:35%  3.23 matches/s  ETA 433s
2026-10-05 19:19:44,520 INFO     benchmark — 2610/4000  A:35%  3.23 matches/s  ETA 430s
2026-10-05 19:19:47,974 INFO     benchmark — 2620/4000  A:35%  3.23 matches/s  ETA 427s
2026-10-05 19:19:50,823 INFO     benchmark — 2630/4000  A:35%  3.23 matches/s  ETA 424s
2026-10-05 19:19:53,981 INFO     benchmark — 2640/4000  A:35%  3.23 matches/s  ETA 421s
2026-10-05 19:19:57,577 INFO     benchmark — 2650/4000  A:35%  3.23 matches/s  ETA 418s
2026-10-05 19:20:01,508 INFO     benchmark — 2660/4000  A:35%  3.23 matches/s  ETA 415s
2026-10-05 19:20:03,701 INFO     benchmark — 2670/4000  A:35%  3.23 matches/s  ETA 412s
2026-10-05 19:20:05,957 INFO     benchmark — 2680/4000  A:35%  3.23 matches/s  ETA 408s
2026-10-05 19:20:09,086 INFO     benchmark — 2690/4000  A:35%  3.23 matches/s  ETA 405s
2026-10-05 19:20:12,332 INFO     benchmark — 2700/4000  A:35%  3.23 matches/s  ETA 402s
2026-10-05 19:20:15,108 INFO     benchmark — 2710/4000  A:35%  3.24 matches/s  ETA 399s
2026-10-05 19:20:17,141 INFO     benchmark — 2720/4000  A:35%  3.24 matches/s  ETA 395s
2026-10-05 19:20:21,004 INFO     benchmark — 2730/4000  A:35%  3.24 matches/s  ETA 392s
2026-10-05 19:20:23,814 INFO     benchmark — 2740/4000  A:35%  3.24 matches/s  ETA 389s
2026-10-05 19:20:27,707 INFO     benchmark — 2750/4000  A:35%  3.23 matches/s  ETA 386s
2026-10-05 19:20:30,763 INFO     benchmark — 2760/4000  A:35%  3.23 matches/s  ETA 383s
2026-10-05 19:20:34,051 INFO     benchmark — 2770/4000  A:35%  3.23 matches/s  ETA 380s
2026-10-05 19:20:37,550 INFO     benchmark — 2780/4000  A:35%  3.23 matches/s  ETA 377s
2026-10-05 19:20:40,765 INFO     benchmark — 2790/4000  A:35%  3.23 matches/s  ETA 374s
2026-10-05 19:20:43,618 INFO     benchmark — 2800/4000  A:36%  3.23 matches/s  ETA 371s
2026-10-05 19:20:46,607 INFO     benchmark — 2810/4000  A:36%  3.23 matches/s  ETA 368s
2026-10-05 19:20:49,572 INFO     benchmark — 2820/4000  A:35%  3.23 matches/s  ETA 365s
2026-10-05 19:20:52,392 INFO     benchmark — 2830/4000  A:36%  3.23 matches/s  ETA 362s
2026-10-05 19:20:55,042 INFO     benchmark — 2840/4000  A:36%  3.24 matches/s  ETA 358s
2026-10-05 19:20:58,687 INFO     benchmark — 2850/4000  A:36%  3.23 matches/s  ETA 356s
2026-10-05 19:21:01,746 INFO     benchmark — 2860/4000  A:35%  3.23 matches/s  ETA 352s
2026-10-05 19:21:05,696 INFO     benchmark — 2870/4000  A:35%  3.23 matches/s  ETA 350s
2026-10-05 19:21:08,435 INFO     benchmark — 2880/4000  A:35%  3.23 matches/s  ETA 346s
2026-10-05 19:21:11,664 INFO     benchmark — 2890/4000  A:36%  3.23 matches/s  ETA 343s
2026-10-05 19:21:14,389 INFO     benchmark — 2900/4000  A:35%  3.23 matches/s  ETA 340s
2026-10-05 19:21:16,870 INFO     benchmark — 2910/4000  A:35%  3.24 matches/s  ETA 337s
2026-10-05 19:21:19,862 INFO     benchmark — 2920/4000  A:35%  3.24 matches/s  ETA 334s
2026-10-05 19:21:22,686 INFO     benchmark — 2930/4000  A:35%  3.24 matches/s  ETA 331s
2026-10-05 19:21:26,013 INFO     benchmark — 2940/4000  A:35%  3.24 matches/s  ETA 328s
2026-10-05 19:21:28,228 INFO     benchmark — 2950/4000  A:35%  3.24 matches/s  ETA 324s
2026-10-05 19:21:31,271 INFO     benchmark — 2960/4000  A:35%  3.24 matches/s  ETA 321s
2026-10-05 19:21:34,096 INFO     benchmark — 2970/4000  A:35%  3.24 matches/s  ETA 318s
2026-10-05 19:21:36,812 INFO     benchmark — 2980/4000  A:35%  3.24 matches/s  ETA 315s
2026-10-05 19:21:39,760 INFO     benchmark — 2990/4000  A:35%  3.24 matches/s  ETA 312s
2026-10-05 19:21:43,474 INFO     benchmark — 3000/4000  A:35%  3.24 matches/s  ETA 309s
2026-10-05 19:21:46,827 INFO     benchmark — 3010/4000  A:35%  3.24 matches/s  ETA 306s
2026-10-05 19:21:49,998 INFO     benchmark — 3020/4000  A:35%  3.24 matches/s  ETA 303s
2026-10-05 19:21:53,166 INFO     benchmark — 3030/4000  A:35%  3.24 matches/s  ETA 300s
2026-10-05 19:21:56,390 INFO     benchmark — 3040/4000  A:35%  3.24 matches/s  ETA 296s
2026-10-05 19:21:59,323 INFO     benchmark — 3050/4000  A:35%  3.24 matches/s  ETA 293s
2026-10-05 19:22:02,063 INFO     benchmark — 3060/4000  A:35%  3.24 matches/s  ETA 290s
2026-10-05 19:22:04,766 INFO     benchmark — 3070/4000  A:35%  3.24 matches/s  ETA 287s
2026-10-05 19:22:07,096 INFO     benchmark — 3080/4000  A:35%  3.24 matches/s  ETA 284s
2026-10-05 19:22:09,354 INFO     benchmark — 3090/4000  A:35%  3.25 matches/s  ETA 280s
2026-10-05 19:22:12,107 INFO     benchmark — 3100/4000  A:35%  3.25 matches/s  ETA 277s
2026-10-05 19:22:15,862 INFO     benchmark — 3110/4000  A:35%  3.25 matches/s  ETA 274s
2026-10-05 19:22:18,737 INFO     benchmark — 3120/4000  A:35%  3.25 matches/s  ETA 271s
2026-10-05 19:22:21,752 INFO     benchmark — 3130/4000  A:35%  3.25 matches/s  ETA 268s
2026-10-05 19:22:25,106 INFO     benchmark — 3140/4000  A:35%  3.25 matches/s  ETA 265s
2026-10-05 19:22:27,834 INFO     benchmark — 3150/4000  A:35%  3.25 matches/s  ETA 262s
2026-10-05 19:22:30,354 INFO     benchmark — 3160/4000  A:35%  3.25 matches/s  ETA 259s
2026-10-05 19:22:33,159 INFO     benchmark — 3170/4000  A:35%  3.25 matches/s  ETA 255s
2026-10-05 19:22:35,355 INFO     benchmark — 3180/4000  A:35%  3.25 matches/s  ETA 252s
2026-10-05 19:22:38,907 INFO     benchmark — 3190/4000  A:35%  3.25 matches/s  ETA 249s
2026-10-05 19:22:41,895 INFO     benchmark — 3200/4000  A:35%  3.25 matches/s  ETA 246s
2026-10-05 19:22:44,922 INFO     benchmark — 3210/4000  A:35%  3.25 matches/s  ETA 243s
2026-10-05 19:22:47,836 INFO     benchmark — 3220/4000  A:35%  3.25 matches/s  ETA 240s
2026-10-05 19:22:51,040 INFO     benchmark — 3230/4000  A:35%  3.25 matches/s  ETA 237s
2026-10-05 19:22:54,190 INFO     benchmark — 3240/4000  A:35%  3.25 matches/s  ETA 234s
2026-10-05 19:22:56,656 INFO     benchmark — 3250/4000  A:35%  3.25 matches/s  ETA 231s
2026-10-05 19:22:59,527 INFO     benchmark — 3260/4000  A:35%  3.25 matches/s  ETA 227s
2026-10-05 19:23:02,953 INFO     benchmark — 3270/4000  A:35%  3.25 matches/s  ETA 224s
2026-10-05 19:23:06,259 INFO     benchmark — 3280/4000  A:35%  3.25 matches/s  ETA 221s
2026-10-05 19:23:08,992 INFO     benchmark — 3290/4000  A:35%  3.25 matches/s  ETA 218s
2026-10-05 19:23:11,440 INFO     benchmark — 3300/4000  A:35%  3.25 matches/s  ETA 215s
2026-10-05 19:23:14,677 INFO     benchmark — 3310/4000  A:35%  3.25 matches/s  ETA 212s
2026-10-05 19:23:17,422 INFO     benchmark — 3320/4000  A:35%  3.26 matches/s  ETA 209s
2026-10-05 19:23:20,593 INFO     benchmark — 3330/4000  A:35%  3.25 matches/s  ETA 206s
2026-10-05 19:23:23,552 INFO     benchmark — 3340/4000  A:35%  3.26 matches/s  ETA 203s
2026-10-05 19:23:26,215 INFO     benchmark — 3350/4000  A:35%  3.26 matches/s  ETA 200s
2026-10-05 19:23:28,999 INFO     benchmark — 3360/4000  A:35%  3.26 matches/s  ETA 196s
2026-10-05 19:23:32,526 INFO     benchmark — 3370/4000  A:35%  3.26 matches/s  ETA 193s
2026-10-05 19:23:35,011 INFO     benchmark — 3380/4000  A:35%  3.26 matches/s  ETA 190s
2026-10-05 19:23:38,353 INFO     benchmark — 3390/4000  A:35%  3.26 matches/s  ETA 187s
2026-10-05 19:23:41,479 INFO     benchmark — 3400/4000  A:35%  3.26 matches/s  ETA 184s
2026-10-05 19:23:44,249 INFO     benchmark — 3410/4000  A:35%  3.26 matches/s  ETA 181s
2026-10-05 19:23:46,748 INFO     benchmark — 3420/4000  A:35%  3.26 matches/s  ETA 178s
2026-10-05 19:23:49,625 INFO     benchmark — 3430/4000  A:35%  3.26 matches/s  ETA 175s
2026-10-05 19:23:52,724 INFO     benchmark — 3440/4000  A:35%  3.26 matches/s  ETA 172s
2026-10-05 19:23:54,690 INFO     benchmark — 3450/4000  A:35%  3.26 matches/s  ETA 169s
2026-10-05 19:23:57,003 INFO     benchmark — 3460/4000  A:35%  3.27 matches/s  ETA 165s
2026-10-05 19:24:00,261 INFO     benchmark — 3470/4000  A:35%  3.27 matches/s  ETA 162s
2026-10-05 19:24:03,303 INFO     benchmark — 3480/4000  A:35%  3.27 matches/s  ETA 159s
2026-10-05 19:24:06,328 INFO     benchmark — 3490/4000  A:35%  3.27 matches/s  ETA 156s
2026-10-05 19:24:09,523 INFO     benchmark — 3500/4000  A:35%  3.26 matches/s  ETA 153s
2026-10-05 19:24:12,091 INFO     benchmark — 3510/4000  A:35%  3.27 matches/s  ETA 150s
2026-10-05 19:24:15,299 INFO     benchmark — 3520/4000  A:35%  3.27 matches/s  ETA 147s
2026-10-05 19:24:18,734 INFO     benchmark — 3530/4000  A:35%  3.26 matches/s  ETA 144s
2026-10-05 19:24:22,104 INFO     benchmark — 3540/4000  A:35%  3.26 matches/s  ETA 141s
2026-10-05 19:24:25,725 INFO     benchmark — 3550/4000  A:35%  3.26 matches/s  ETA 138s
2026-10-05 19:24:27,801 INFO     benchmark — 3560/4000  A:35%  3.27 matches/s  ETA 135s
2026-10-05 19:24:31,627 INFO     benchmark — 3570/4000  A:35%  3.26 matches/s  ETA 132s
2026-10-05 19:24:34,920 INFO     benchmark — 3580/4000  A:35%  3.26 matches/s  ETA 129s
2026-10-05 19:24:37,541 INFO     benchmark — 3590/4000  A:35%  3.26 matches/s  ETA 126s
2026-10-05 19:24:39,697 INFO     benchmark — 3600/4000  A:35%  3.27 matches/s  ETA 122s
2026-10-05 19:24:43,172 INFO     benchmark — 3610/4000  A:35%  3.26 matches/s  ETA 119s
2026-10-05 19:24:47,320 INFO     benchmark — 3620/4000  A:35%  3.26 matches/s  ETA 117s
2026-10-05 19:24:51,370 INFO     benchmark — 3630/4000  A:35%  3.26 matches/s  ETA 114s
2026-10-05 19:24:55,308 INFO     benchmark — 3640/4000  A:35%  3.26 matches/s  ETA 111s
2026-10-05 19:24:58,513 INFO     benchmark — 3650/4000  A:35%  3.26 matches/s  ETA 107s
2026-10-05 19:25:01,378 INFO     benchmark — 3660/4000  A:35%  3.26 matches/s  ETA 104s
2026-10-05 19:25:03,389 INFO     benchmark — 3670/4000  A:35%  3.26 matches/s  ETA 101s
2026-10-05 19:25:06,394 INFO     benchmark — 3680/4000  A:35%  3.26 matches/s  ETA 98s
2026-10-05 19:25:09,446 INFO     benchmark — 3690/4000  A:35%  3.26 matches/s  ETA 95s
2026-10-05 19:25:12,213 INFO     benchmark — 3700/4000  A:35%  3.26 matches/s  ETA 92s
2026-10-05 19:25:14,836 INFO     benchmark — 3710/4000  A:35%  3.26 matches/s  ETA 89s
2026-10-05 19:25:16,613 INFO     benchmark — 3720/4000  A:35%  3.27 matches/s  ETA 86s
2026-10-05 19:25:20,006 INFO     benchmark — 3730/4000  A:35%  3.26 matches/s  ETA 83s
2026-10-05 19:25:22,819 INFO     benchmark — 3740/4000  A:35%  3.27 matches/s  ETA 80s
2026-10-05 19:25:26,127 INFO     benchmark — 3750/4000  A:35%  3.26 matches/s  ETA 77s
2026-10-05 19:25:28,596 INFO     benchmark — 3760/4000  A:35%  3.27 matches/s  ETA 73s
2026-10-05 19:25:30,807 INFO     benchmark — 3770/4000  A:35%  3.27 matches/s  ETA 70s
2026-10-05 19:25:33,900 INFO     benchmark — 3780/4000  A:35%  3.27 matches/s  ETA 67s
2026-10-05 19:25:36,677 INFO     benchmark — 3790/4000  A:35%  3.27 matches/s  ETA 64s
2026-10-05 19:25:39,661 INFO     benchmark — 3800/4000  A:35%  3.27 matches/s  ETA 61s
2026-10-05 19:25:43,017 INFO     benchmark — 3810/4000  A:35%  3.27 matches/s  ETA 58s
2026-10-05 19:25:45,796 INFO     benchmark — 3820/4000  A:35%  3.27 matches/s  ETA 55s
2026-10-05 19:25:48,491 INFO     benchmark — 3830/4000  A:35%  3.27 matches/s  ETA 52s
2026-10-05 19:25:50,990 INFO     benchmark — 3840/4000  A:35%  3.27 matches/s  ETA 49s
2026-10-05 19:25:53,809 INFO     benchmark — 3850/4000  A:35%  3.27 matches/s  ETA 46s
2026-10-05 19:25:56,971 INFO     benchmark — 3860/4000  A:35%  3.27 matches/s  ETA 43s
2026-10-05 19:25:59,865 INFO     benchmark — 3870/4000  A:35%  3.27 matches/s  ETA 40s
2026-10-05 19:26:02,504 INFO     benchmark — 3880/4000  A:35%  3.27 matches/s  ETA 37s
2026-10-05 19:26:06,261 INFO     benchmark — 3890/4000  A:35%  3.27 matches/s  ETA 34s
2026-10-05 19:26:08,869 INFO     benchmark — 3900/4000  A:35%  3.27 matches/s  ETA 31s
2026-10-05 19:26:11,173 INFO     benchmark — 3910/4000  A:35%  3.28 matches/s  ETA 27s
2026-10-05 19:26:13,882 INFO     benchmark — 3920/4000  A:35%  3.28 matches/s  ETA 24s
2026-10-05 19:26:16,589 INFO     benchmark — 3930/4000  A:35%  3.28 matches/s  ETA 21s
2026-10-05 19:26:20,082 INFO     benchmark — 3940/4000  A:35%  3.28 matches/s  ETA 18s
2026-10-05 19:26:23,389 INFO     benchmark — 3950/4000  A:35%  3.28 matches/s  ETA 15s
2026-10-05 19:26:26,164 INFO     benchmark — 3960/4000  A:35%  3.28 matches/s  ETA 12s
2026-10-05 19:26:28,787 INFO     benchmark — 3970/4000  A:35%  3.28 matches/s  ETA 9s
2026-10-05 19:26:31,759 INFO     benchmark — 3980/4000  A:35%  3.28 matches/s  ETA 6s
2026-10-05 19:26:34,191 INFO     benchmark — 3990/4000  A:35%  3.28 matches/s  ETA 3s
2026-10-05 19:26:37,384 INFO     benchmark — 4000/4000  A:35%  3.28 matches/s  ETA 0s
2026-10-05 19:26:37,390 INFO     benchmark — wrote results/009/baseline_thr_vs_vn.json

──────────────────────────────────────────────────
Mode:        match_von_neumann_vs_threshold
Matches:      4,000
──────────────────────────────────────────────────
VonNeumann(r=20) wins:  1,415  (35.4%)
Threshold wins:  2,585  (64.6%)
Ties:        0  (0.0%)
──────────────────────────────────────────────────

