2026-10-05 19:06:17,515 INFO     benchmark — 10/4000  A:90%  928.66 matches/s  ETA 4s
2026-10-05 19:06:17,524 INFO     benchmark — 20/4000  A:90%  979.19 matches/s  ETA 4s
2026-10-05 19:06:17,536 INFO     benchmark — 30/4000  A:93%  928.50 matches/s  ETA 4s
2026-10-05 19:06:17,545 INFO     benchmark — 40/4000  A:92%  974.21 matches/s  ETA 4s
2026-10-05 19:06:17,555 INFO     benchmark — 50/4000  A:92%  980.75 matches/s  ETA 4s
2026-10-05 19:06:17,569 INFO     benchmark — 60/4000  A:93%  916.10 matches/s  ETA 4s
2026-10-05 19:06:17,580 INFO     benchmark — 70/4000  A:93%  921.83 matches/s  ETA 4s
2026-10-05 19:06:17,588 INFO     benchmark — 80/4000  A:92%  946.02 matches/s  ETA 4s
2026-10-05 19:06:17,598 INFO     benchmark — 90/4000  A:91%  958.27 matches/s  ETA 4s
2026-10-05 19:06:17,607 INFO     benchmark — 100/4000  A:91%  973.75 matches/s  ETA 4s
2026-10-05 19:06:17,619 INFO     benchmark — 110/4000  A:88%  956.18 matches/s  ETA 4s
2026-10-05 19:06:17,628 INFO     benchmark — 120/4000  A:88%  969.50 matches/s  ETA 4s
2026-10-05 19:06:17,638 INFO     benchmark — 130/4000  A:88%  971.83 matches/s  ETA 4s
2026-10-05 19:06:17,648 INFO     benchmark — 140/4000  A:88%  973.87 matches/s  ETA 4s
2026-10-05 19:06:17,657 INFO     benchmark — 150/4000  A:88%  979.11 matches/s  ETA 4s
2026-10-05 19:06:17,665 INFO     benchmark — 160/4000  A:88%  990.75 matches/s  ETA 4s
2026-10-05 19:06:17,675 INFO     benchmark — 170/4000  A:88%  990.94 matches/s  ETA 4s
2026-10-05 19:06:17,685 INFO     benchmark — 180/4000  A:88%  993.68 matches/s  ETA 4s
2026-10-05 19:06:17,695 INFO     benchmark — 190/4000  A:87%  996.30 matches/s  ETA 4s
2026-10-05 19:06:17,705 INFO     benchmark — 200/4000  A:88%  996.23 matches/s  ETA 4s
2026-10-05 19:06:17,715 INFO     benchmark — 210/4000  A:89%  995.60 matches/s  ETA 4s
2026-10-05 19:06:17,725 INFO     benchmark — 220/4000  A:89%  994.37 matches/s  ETA 4s
2026-10-05 19:06:17,736 INFO     benchmark — 230/4000  A:89%  991.04 matches/s  ETA 4s
2026-10-05 19:06:17,744 INFO     benchmark — 240/4000  A:89%  1000.73 matches/s  ETA 4s
2026-10-05 19:06:17,754 INFO     benchmark — 250/4000  A:89%  998.24 matches/s  ETA 4s
2026-10-05 19:06:17,762 INFO     benchmark — 260/4000  A:90%  1006.09 matches/s  ETA 4s
2026-10-05 19:06:17,771 INFO     benchmark — 270/4000  A:89%  1012.20 matches/s  ETA 4s
2026-10-05 19:06:17,783 INFO     benchmark — 280/4000  A:89%  1003.35 matches/s  ETA 4s
2026-10-05 19:06:17,795 INFO     benchmark — 290/4000  A:88%  995.92 matches/s  ETA 4s
2026-10-05 19:06:17,804 INFO     benchmark — 300/4000  A:88%  999.56 matches/s  ETA 4s
2026-10-05 19:06:17,813 INFO     benchmark — 310/4000  A:88%  1001.68 matches/s  ETA 4s
2026-10-05 19:06:17,824 INFO     benchmark — 320/4000  A:88%  999.11 matches/s  ETA 4s
2026-10-05 19:06:17,833 INFO     benchmark — 330/4000  A:88%  1003.18 matches/s  ETA 4s
2026-10-05 19:06:17,843 INFO     benchmark — 340/4000  A:89%  1003.84 matches/s  ETA 4s
2026-10-05 19:06:17,853 INFO     benchmark — 350/4000  A:89%  1001.53 matches/s  ETA 4s
2026-10-05 19:06:17,860 INFO     benchmark — 360/4000  A:88%  1009.53 matches/s  ETA 4s
2026-10-05 19:06:17,869 INFO     benchmark — 370/4000  A:88%  1013.66 matches/s  ETA 4s
2026-10-05 19:06:17,877 INFO     benchmark — 380/4000  A:88%  1019.39 matches/s  ETA 4s
2026-10-05 19:06:17,886 INFO     benchmark — 390/4000  A:88%  1021.42 matches/s  ETA 4s
2026-10-05 19:06:17,896 INFO     benchmark — 400/4000  A:88%  1019.18 matches/s  ETA 4s
2026-10-05 19:06:17,906 INFO     benchmark — 410/4000  A:88%  1018.40 matches/s  ETA 4s
2026-10-05 19:06:17,916 INFO     benchmark — 420/4000  A:89%  1018.97 matches/s  ETA 4s
2026-10-05 19:06:17,925 INFO     benchmark — 430/4000  A:89%  1022.34 matches/s  ETA 3s
2026-10-05 19:06:17,934 INFO     benchmark — 440/4000  A:89%  1022.07 matches/s  ETA 3s
2026-10-05 19:06:17,943 INFO     benchmark — 450/4000  A:89%  1024.47 matches/s  ETA 3s
2026-10-05 19:06:17,952 INFO     benchmark — 460/4000  A:89%  1025.59 matches/s  ETA 3s
2026-10-05 19:06:17,961 INFO     benchmark — 470/4000  A:89%  1027.83 matches/s  ETA 3s
2026-10-05 19:06:17,972 INFO     benchmark — 480/4000  A:89%  1025.67 matches/s  ETA 3s
2026-10-05 19:06:17,981 INFO     benchmark — 490/4000  A:89%  1026.40 matches/s  ETA 3s
2026-10-05 19:06:17,992 INFO     benchmark — 500/4000  A:89%  1024.52 matches/s  ETA 3s
2026-10-05 19:06:18,002 INFO     benchmark — 510/4000  A:89%  1023.60 matches/s  ETA 3s
2026-10-05 19:06:18,013 INFO     benchmark — 520/4000  A:89%  1022.13 matches/s  ETA 3s
2026-10-05 19:06:18,023 INFO     benchmark — 530/4000  A:89%  1020.62 matches/s  ETA 3s
2026-10-05 19:06:18,031 INFO     benchmark — 540/4000  A:89%  1024.03 matches/s  ETA 3s
2026-10-05 19:06:18,042 INFO     benchmark — 550/4000  A:89%  1022.96 matches/s  ETA 3s
2026-10-05 19:06:18,049 INFO     benchmark — 560/4000  A:89%  1027.06 matches/s  ETA 3s
2026-10-05 19:06:18,060 INFO     benchmark — 570/4000  A:89%  1025.17 matches/s  ETA 3s
2026-10-05 19:06:18,068 INFO     benchmark — 580/4000  A:88%  1027.78 matches/s  ETA 3s
2026-10-05 19:06:18,078 INFO     benchmark — 590/4000  A:88%  1027.93 matches/s  ETA 3s
2026-10-05 19:06:18,089 INFO     benchmark — 600/4000  A:89%  1026.02 matches/s  ETA 3s
2026-10-05 19:06:18,098 INFO     benchmark — 610/4000  A:89%  1027.03 matches/s  ETA 3s
2026-10-05 19:06:18,109 INFO     benchmark — 620/4000  A:88%  1025.29 matches/s  ETA 3s
2026-10-05 19:06:18,119 INFO     benchmark — 630/4000  A:88%  1024.28 matches/s  ETA 3s
2026-10-05 19:06:18,127 INFO     benchmark — 640/4000  A:88%  1027.05 matches/s  ETA 3s
2026-10-05 19:06:18,137 INFO     benchmark — 650/4000  A:88%  1026.16 matches/s  ETA 3s
2026-10-05 19:06:18,146 INFO     benchmark — 660/4000  A:88%  1027.98 matches/s  ETA 3s
2026-10-05 19:06:18,156 INFO     benchmark — 670/4000  A:88%  1026.69 matches/s  ETA 3s
2026-10-05 19:06:18,167 INFO     benchmark — 680/4000  A:88%  1025.40 matches/s  ETA 3s
2026-10-05 19:06:18,178 INFO     benchmark — 690/4000  A:88%  1023.64 matches/s  ETA 3s
2026-10-05 19:06:18,188 INFO     benchmark — 700/4000  A:88%  1022.94 matches/s  ETA 3s
2026-10-05 19:06:18,199 INFO     benchmark — 710/4000  A:88%  1021.27 matches/s  ETA 3s
2026-10-05 19:06:18,209 INFO     benchmark — 720/4000  A:88%  1021.01 matches/s  ETA 3s
2026-10-05 19:06:18,218 INFO     benchmark — 730/4000  A:88%  1021.92 matches/s  ETA 3s
2026-10-05 19:06:18,229 INFO     benchmark — 740/4000  A:88%  1020.73 matches/s  ETA 3s
2026-10-05 19:06:18,239 INFO     benchmark — 750/4000  A:88%  1020.25 matches/s  ETA 3s
2026-10-05 19:06:18,249 INFO     benchmark — 760/4000  A:88%  1019.86 matches/s  ETA 3s
2026-10-05 19:06:18,259 INFO     benchmark — 770/4000  A:88%  1019.94 matches/s  ETA 3s
2026-10-05 19:06:18,267 INFO     benchmark — 780/4000  A:88%  1021.98 matches/s  ETA 3s
2026-10-05 19:06:18,275 INFO     benchmark — 790/4000  A:88%  1024.32 matches/s  ETA 3s
2026-10-05 19:06:18,285 INFO     benchmark — 800/4000  A:88%  1023.84 matches/s  ETA 3s
2026-10-05 19:06:18,295 INFO     benchmark — 810/4000  A:88%  1023.27 matches/s  ETA 3s
2026-10-05 19:06:18,303 INFO     benchmark — 820/4000  A:88%  1025.57 matches/s  ETA 3s
2026-10-05 19:06:18,313 INFO     benchmark — 830/4000  A:88%  1025.85 matches/s  ETA 3s
2026-10-05 19:06:18,322 INFO     benchmark — 840/4000  A:88%  1027.12 matches/s  ETA 3s
2026-10-05 19:06:18,329 INFO     benchmark — 850/4000  A:88%  1029.81 matches/s  ETA 3s
2026-10-05 19:06:18,339 INFO     benchmark — 860/4000  A:88%  1029.23 matches/s  ETA 3s
2026-10-05 19:06:18,347 INFO     benchmark — 870/4000  A:88%  1031.56 matches/s  ETA 3s
2026-10-05 19:06:18,358 INFO     benchmark — 880/4000  A:88%  1030.73 matches/s  ETA 3s
2026-10-05 19:06:18,365 INFO     benchmark — 890/4000  A:88%  1033.78 matches/s  ETA 3s
2026-10-05 19:06:18,377 INFO     benchmark — 900/4000  A:88%  1031.24 matches/s  ETA 3s
2026-10-05 19:06:18,387 INFO     benchmark — 910/4000  A:88%  1031.02 matches/s  ETA 3s
2026-10-05 19:06:18,397 INFO     benchmark — 920/4000  A:88%  1030.61 matches/s  ETA 3s
2026-10-05 19:06:18,405 INFO     benchmark — 930/4000  A:88%  1032.17 matches/s  ETA 3s
2026-10-05 19:06:18,413 INFO     benchmark — 940/4000  A:88%  1034.06 matches/s  ETA 3s
2026-10-05 19:06:18,424 INFO     benchmark — 950/4000  A:88%  1032.20 matches/s  ETA 3s
2026-10-05 19:06:18,436 INFO     benchmark — 960/4000  A:88%  1029.66 matches/s  ETA 3s
2026-10-05 19:06:18,446 INFO     benchmark — 970/4000  A:88%  1029.82 matches/s  ETA 3s
2026-10-05 19:06:18,456 INFO     benchmark — 980/4000  A:88%  1028.83 matches/s  ETA 3s
2026-10-05 19:06:18,465 INFO     benchmark — 990/4000  A:88%  1029.70 matches/s  ETA 3s
2026-10-05 19:06:18,473 INFO     benchmark — 1000/4000  A:88%  1032.16 matches/s  ETA 3s
2026-10-05 19:06:18,482 INFO     benchmark — 1010/4000  A:88%  1032.89 matches/s  ETA 3s
2026-10-05 19:06:18,491 INFO     benchmark — 1020/4000  A:88%  1033.29 matches/s  ETA 3s
2026-10-05 19:06:18,502 INFO     benchmark — 1030/4000  A:88%  1032.42 matches/s  ETA 3s
2026-10-05 19:06:18,511 INFO     benchmark — 1040/4000  A:88%  1032.41 matches/s  ETA 3s
2026-10-05 19:06:18,521 INFO     benchmark — 1050/4000  A:88%  1032.30 matches/s  ETA 3s
2026-10-05 19:06:18,532 INFO     benchmark — 1060/4000  A:88%  1031.43 matches/s  ETA 3s
2026-10-05 19:06:18,542 INFO     benchmark — 1070/4000  A:88%  1031.01 matches/s  ETA 3s
2026-10-05 19:06:18,553 INFO     benchmark — 1080/4000  A:88%  1029.71 matches/s  ETA 3s
2026-10-05 19:06:18,562 INFO     benchmark — 1090/4000  A:88%  1029.80 matches/s  ETA 3s
2026-10-05 19:06:18,572 INFO     benchmark — 1100/4000  A:88%  1029.51 matches/s  ETA 3s
2026-10-05 19:06:18,584 INFO     benchmark — 1110/4000  A:88%  1028.04 matches/s  ETA 3s
2026-10-05 19:06:18,592 INFO     benchmark — 1120/4000  A:88%  1029.04 matches/s  ETA 3s
2026-10-05 19:06:18,602 INFO     benchmark — 1130/4000  A:88%  1029.01 matches/s  ETA 3s
2026-10-05 19:06:18,612 INFO     benchmark — 1140/4000  A:88%  1028.88 matches/s  ETA 3s
2026-10-05 19:06:18,621 INFO     benchmark — 1150/4000  A:88%  1029.72 matches/s  ETA 3s
2026-10-05 19:06:18,632 INFO     benchmark — 1160/4000  A:88%  1028.67 matches/s  ETA 3s
2026-10-05 19:06:18,641 INFO     benchmark — 1170/4000  A:88%  1029.09 matches/s  ETA 3s
2026-10-05 19:06:18,650 INFO     benchmark — 1180/4000  A:88%  1029.23 matches/s  ETA 3s
2026-10-05 19:06:18,659 INFO     benchmark — 1190/4000  A:88%  1029.88 matches/s  ETA 3s
2026-10-05 19:06:18,669 INFO     benchmark — 1200/4000  A:88%  1030.18 matches/s  ETA 3s
2026-10-05 19:06:18,679 INFO     benchmark — 1210/4000  A:88%  1029.71 matches/s  ETA 3s
2026-10-05 19:06:18,689 INFO     benchmark — 1220/4000  A:88%  1029.28 matches/s  ETA 3s
2026-10-05 19:06:18,698 INFO     benchmark — 1230/4000  A:88%  1030.43 matches/s  ETA 3s
2026-10-05 19:06:18,707 INFO     benchmark — 1240/4000  A:88%  1031.00 matches/s  ETA 3s
2026-10-05 19:06:18,716 INFO     benchmark — 1250/4000  A:88%  1031.66 matches/s  ETA 3s
2026-10-05 19:06:18,725 INFO     benchmark — 1260/4000  A:88%  1031.97 matches/s  ETA 3s
2026-10-05 19:06:18,737 INFO     benchmark — 1270/4000  A:88%  1030.01 matches/s  ETA 3s
2026-10-05 19:06:18,747 INFO     benchmark — 1280/4000  A:88%  1029.46 matches/s  ETA 3s
2026-10-05 19:06:18,759 INFO     benchmark — 1290/4000  A:88%  1027.60 matches/s  ETA 3s
2026-10-05 19:06:18,768 INFO     benchmark — 1300/4000  A:88%  1028.49 matches/s  ETA 3s
2026-10-05 19:06:18,776 INFO     benchmark — 1310/4000  A:88%  1029.47 matches/s  ETA 3s
2026-10-05 19:06:18,787 INFO     benchmark — 1320/4000  A:88%  1028.57 matches/s  ETA 3s
2026-10-05 19:06:18,796 INFO     benchmark — 1330/4000  A:88%  1029.68 matches/s  ETA 3s
2026-10-05 19:06:18,807 INFO     benchmark — 1340/4000  A:88%  1028.23 matches/s  ETA 3s
2026-10-05 19:06:18,817 INFO     benchmark — 1350/4000  A:88%  1027.89 matches/s  ETA 3s
2026-10-05 19:06:18,827 INFO     benchmark — 1360/4000  A:88%  1027.64 matches/s  ETA 3s
2026-10-05 19:06:18,837 INFO     benchmark — 1370/4000  A:88%  1028.06 matches/s  ETA 3s
2026-10-05 19:06:18,847 INFO     benchmark — 1380/4000  A:88%  1027.21 matches/s  ETA 3s
2026-10-05 19:06:18,858 INFO     benchmark — 1390/4000  A:88%  1026.40 matches/s  ETA 3s
2026-10-05 19:06:18,867 INFO     benchmark — 1400/4000  A:88%  1027.01 matches/s  ETA 3s
2026-10-05 19:06:18,877 INFO     benchmark — 1410/4000  A:88%  1027.06 matches/s  ETA 3s
2026-10-05 19:06:18,886 INFO     benchmark — 1420/4000  A:88%  1027.71 matches/s  ETA 3s
2026-10-05 19:06:18,896 INFO     benchmark — 1430/4000  A:88%  1026.89 matches/s  ETA 3s
2026-10-05 19:06:18,906 INFO     benchmark — 1440/4000  A:88%  1026.83 matches/s  ETA 2s
2026-10-05 19:06:18,916 INFO     benchmark — 1450/4000  A:88%  1026.82 matches/s  ETA 2s
2026-10-05 19:06:18,924 INFO     benchmark — 1460/4000  A:88%  1027.92 matches/s  ETA 2s
2026-10-05 19:06:18,936 INFO     benchmark — 1470/4000  A:88%  1026.57 matches/s  ETA 2s
2026-10-05 19:06:18,946 INFO     benchmark — 1480/4000  A:88%  1026.02 matches/s  ETA 2s
2026-10-05 19:06:18,956 INFO     benchmark — 1490/4000  A:88%  1026.03 matches/s  ETA 2s
2026-10-05 19:06:18,964 INFO     benchmark — 1500/4000  A:88%  1027.67 matches/s  ETA 2s
2026-10-05 19:06:18,974 INFO     benchmark — 1510/4000  A:88%  1027.43 matches/s  ETA 2s
2026-10-05 19:06:18,984 INFO     benchmark — 1520/4000  A:88%  1026.84 matches/s  ETA 2s
2026-10-05 19:06:18,993 INFO     benchmark — 1530/4000  A:88%  1027.73 matches/s  ETA 2s
2026-10-05 19:06:19,001 INFO     benchmark — 1540/4000  A:88%  1028.68 matches/s  ETA 2s
2026-10-05 19:06:19,011 INFO     benchmark — 1550/4000  A:88%  1028.27 matches/s  ETA 2s
2026-10-05 19:06:19,022 INFO     benchmark — 1560/4000  A:88%  1027.45 matches/s  ETA 2s
2026-10-05 19:06:19,033 INFO     benchmark — 1570/4000  A:88%  1027.01 matches/s  ETA 2s
2026-10-05 19:06:19,044 INFO     benchmark — 1580/4000  A:88%  1026.20 matches/s  ETA 2s
2026-10-05 19:06:19,056 INFO     benchmark — 1590/4000  A:88%  1024.28 matches/s  ETA 2s
2026-10-05 19:06:19,066 INFO     benchmark — 1600/4000  A:88%  1024.00 matches/s  ETA 2s
2026-10-05 19:06:19,075 INFO     benchmark — 1610/4000  A:88%  1024.84 matches/s  ETA 2s
2026-10-05 19:06:19,085 INFO     benchmark — 1620/4000  A:88%  1024.43 matches/s  ETA 2s
2026-10-05 19:06:19,094 INFO     benchmark — 1630/4000  A:88%  1024.97 matches/s  ETA 2s
2026-10-05 19:06:19,103 INFO     benchmark — 1640/4000  A:88%  1025.78 matches/s  ETA 2s
2026-10-05 19:06:19,113 INFO     benchmark — 1650/4000  A:88%  1025.40 matches/s  ETA 2s
2026-10-05 19:06:19,123 INFO     benchmark — 1660/4000  A:88%  1025.11 matches/s  ETA 2s
2026-10-05 19:06:19,134 INFO     benchmark — 1670/4000  A:88%  1024.75 matches/s  ETA 2s
2026-10-05 19:06:19,145 INFO     benchmark — 1680/4000  A:88%  1023.80 matches/s  ETA 2s
2026-10-05 19:06:19,154 INFO     benchmark — 1690/4000  A:88%  1024.29 matches/s  ETA 2s
2026-10-05 19:06:19,165 INFO     benchmark — 1700/4000  A:88%  1023.29 matches/s  ETA 2s
2026-10-05 19:06:19,175 INFO     benchmark — 1710/4000  A:88%  1023.20 matches/s  ETA 2s
2026-10-05 19:06:19,184 INFO     benchmark — 1720/4000  A:88%  1024.05 matches/s  ETA 2s
2026-10-05 19:06:19,193 INFO     benchmark — 1730/4000  A:88%  1024.33 matches/s  ETA 2s
2026-10-05 19:06:19,202 INFO     benchmark — 1740/4000  A:88%  1024.63 matches/s  ETA 2s
2026-10-05 19:06:19,211 INFO     benchmark — 1750/4000  A:88%  1025.31 matches/s  ETA 2s
2026-10-05 19:06:19,219 INFO     benchmark — 1760/4000  A:88%  1026.00 matches/s  ETA 2s
2026-10-05 19:06:19,228 INFO     benchmark — 1770/4000  A:88%  1026.87 matches/s  ETA 2s
2026-10-05 19:06:19,238 INFO     benchmark — 1780/4000  A:88%  1026.18 matches/s  ETA 2s
2026-10-05 19:06:19,247 INFO     benchmark — 1790/4000  A:88%  1026.85 matches/s  ETA 2s
2026-10-05 19:06:19,257 INFO     benchmark — 1800/4000  A:88%  1026.53 matches/s  ETA 2s
2026-10-05 19:06:19,268 INFO     benchmark — 1810/4000  A:88%  1026.07 matches/s  ETA 2s
2026-10-05 19:06:19,278 INFO     benchmark — 1820/4000  A:88%  1026.05 matches/s  ETA 2s
2026-10-05 19:06:19,285 INFO     benchmark — 1830/4000  A:88%  1027.29 matches/s  ETA 2s
2026-10-05 19:06:19,297 INFO     benchmark — 1840/4000  A:88%  1026.37 matches/s  ETA 2s
2026-10-05 19:06:19,305 INFO     benchmark — 1850/4000  A:88%  1027.32 matches/s  ETA 2s
2026-10-05 19:06:19,314 INFO     benchmark — 1860/4000  A:88%  1027.43 matches/s  ETA 2s
2026-10-05 19:06:19,325 INFO     benchmark — 1870/4000  A:88%  1026.84 matches/s  ETA 2s
2026-10-05 19:06:19,335 INFO     benchmark — 1880/4000  A:88%  1026.49 matches/s  ETA 2s
2026-10-05 19:06:19,346 INFO     benchmark — 1890/4000  A:88%  1025.77 matches/s  ETA 2s
2026-10-05 19:06:19,355 INFO     benchmark — 1900/4000  A:88%  1026.59 matches/s  ETA 2s
2026-10-05 19:06:19,364 INFO     benchmark — 1910/4000  A:88%  1026.79 matches/s  ETA 2s
2026-10-05 19:06:19,374 INFO     benchmark — 1920/4000  A:88%  1026.75 matches/s  ETA 2s
2026-10-05 19:06:19,384 INFO     benchmark — 1930/4000  A:88%  1026.62 matches/s  ETA 2s
2026-10-05 19:06:19,394 INFO     benchmark — 1940/4000  A:88%  1026.38 matches/s  ETA 2s
2026-10-05 19:06:19,404 INFO     benchmark — 1950/4000  A:88%  1026.15 matches/s  ETA 2s
2026-10-05 19:06:19,415 INFO     benchmark — 1960/4000  A:88%  1025.49 matches/s  ETA 2s
2026-10-05 19:06:19,424 INFO     benchmark — 1970/4000  A:88%  1026.05 matches/s  ETA 2s
2026-10-05 19:06:19,433 INFO     benchmark — 1980/4000  A:88%  1026.38 matches/s  ETA 2s
2026-10-05 19:06:19,443 INFO     benchmark — 1990/4000  A:88%  1026.44 matches/s  ETA 2s
2026-10-05 19:06:19,453 INFO     benchmark — 2000/4000  A:88%  1026.07 matches/s  ETA 2s
2026-10-05 19:06:19,464 INFO     benchmark — 2010/4000  A:88%  1025.62 matches/s  ETA 2s
2026-10-05 19:06:19,473 INFO     benchmark — 2020/4000  A:88%  1025.59 matches/s  ETA 2s
2026-10-05 19:06:19,486 INFO     benchmark — 2030/4000  A:88%  1024.39 matches/s  ETA 2s
2026-10-05 19:06:19,499 INFO     benchmark — 2040/4000  A:88%  1022.75 matches/s  ETA 2s
2026-10-05 19:06:19,508 INFO     benchmark — 2050/4000  A:88%  1022.86 matches/s  ETA 2s
2026-10-05 19:06:19,518 INFO     benchmark — 2060/4000  A:88%  1022.67 matches/s  ETA 2s
2026-10-05 19:06:19,528 INFO     benchmark — 2070/4000  A:88%  1022.74 matches/s  ETA 2s
2026-10-05 19:06:19,537 INFO     benchmark — 2080/4000  A:88%  1022.83 matches/s  ETA 2s
2026-10-05 19:06:19,547 INFO     benchmark — 2090/4000  A:88%  1023.17 matches/s  ETA 2s
2026-10-05 19:06:19,555 INFO     benchmark — 2100/4000  A:88%  1023.95 matches/s  ETA 2s
2026-10-05 19:06:19,566 INFO     benchmark — 2110/4000  A:88%  1023.23 matches/s  ETA 2s
2026-10-05 19:06:19,577 INFO     benchmark — 2120/4000  A:88%  1022.71 matches/s  ETA 2s
2026-10-05 19:06:19,588 INFO     benchmark — 2130/4000  A:88%  1022.04 matches/s  ETA 2s
2026-10-05 19:06:19,598 INFO     benchmark — 2140/4000  A:88%  1022.01 matches/s  ETA 2s
2026-10-05 19:06:19,607 INFO     benchmark — 2150/4000  A:88%  1022.27 matches/s  ETA 2s
2026-10-05 19:06:19,615 INFO     benchmark — 2160/4000  A:88%  1023.21 matches/s  ETA 2s
2026-10-05 19:06:19,626 INFO     benchmark — 2170/4000  A:88%  1022.62 matches/s  ETA 2s
2026-10-05 19:06:19,636 INFO     benchmark — 2180/4000  A:88%  1022.60 matches/s  ETA 2s
2026-10-05 19:06:19,645 INFO     benchmark — 2190/4000  A:88%  1022.85 matches/s  ETA 2s
2026-10-05 19:06:19,656 INFO     benchmark — 2200/4000  A:88%  1022.14 matches/s  ETA 2s
2026-10-05 19:06:19,666 INFO     benchmark — 2210/4000  A:88%  1022.07 matches/s  ETA 2s
2026-10-05 19:06:19,676 INFO     benchmark — 2220/4000  A:88%  1022.24 matches/s  ETA 2s
2026-10-05 19:06:19,685 INFO     benchmark — 2230/4000  A:88%  1022.34 matches/s  ETA 2s
2026-10-05 19:06:19,694 INFO     benchmark — 2240/4000  A:88%  1022.61 matches/s  ETA 2s
2026-10-05 19:06:19,704 INFO     benchmark — 2250/4000  A:88%  1022.50 matches/s  ETA 2s
2026-10-05 19:06:19,713 INFO     benchmark — 2260/4000  A:88%  1022.92 matches/s  ETA 2s
2026-10-05 19:06:19,721 INFO     benchmark — 2270/4000  A:88%  1023.81 matches/s  ETA 2s
2026-10-05 19:06:19,730 INFO     benchmark — 2280/4000  A:88%  1024.07 matches/s  ETA 2s
2026-10-05 19:06:19,742 INFO     benchmark — 2290/4000  A:88%  1022.96 matches/s  ETA 2s
2026-10-05 19:06:19,751 INFO     benchmark — 2300/4000  A:88%  1023.52 matches/s  ETA 2s
2026-10-05 19:06:19,758 INFO     benchmark — 2310/4000  A:88%  1024.66 matches/s  ETA 2s
2026-10-05 19:06:19,768 INFO     benchmark — 2320/4000  A:88%  1024.51 matches/s  ETA 2s
2026-10-05 19:06:19,780 INFO     benchmark — 2330/4000  A:88%  1023.79 matches/s  ETA 2s
2026-10-05 19:06:19,790 INFO     benchmark — 2340/4000  A:88%  1023.38 matches/s  ETA 2s
2026-10-05 19:06:19,801 INFO     benchmark — 2350/4000  A:88%  1023.18 matches/s  ETA 2s
2026-10-05 19:06:19,811 INFO     benchmark — 2360/4000  A:88%  1022.94 matches/s  ETA 2s
2026-10-05 19:06:19,820 INFO     benchmark — 2370/4000  A:88%  1023.33 matches/s  ETA 2s
2026-10-05 19:06:19,829 INFO     benchmark — 2380/4000  A:88%  1023.82 matches/s  ETA 2s
2026-10-05 19:06:19,839 INFO     benchmark — 2390/4000  A:88%  1023.71 matches/s  ETA 2s
2026-10-05 19:06:19,849 INFO     benchmark — 2400/4000  A:88%  1023.46 matches/s  ETA 2s
2026-10-05 19:06:19,859 INFO     benchmark — 2410/4000  A:88%  1023.33 matches/s  ETA 2s
2026-10-05 19:06:19,869 INFO     benchmark — 2420/4000  A:88%  1023.10 matches/s  ETA 2s
2026-10-05 19:06:19,879 INFO     benchmark — 2430/4000  A:88%  1022.95 matches/s  ETA 2s
2026-10-05 19:06:19,889 INFO     benchmark — 2440/4000  A:88%  1022.81 matches/s  ETA 2s
2026-10-05 19:06:19,899 INFO     benchmark — 2450/4000  A:88%  1023.13 matches/s  ETA 2s
2026-10-05 19:06:19,906 INFO     benchmark — 2460/4000  A:88%  1024.14 matches/s  ETA 2s
2026-10-05 19:06:19,915 INFO     benchmark — 2470/4000  A:88%  1024.56 matches/s  ETA 1s
2026-10-05 19:06:19,925 INFO     benchmark — 2480/4000  A:88%  1024.19 matches/s  ETA 1s
2026-10-05 19:06:19,936 INFO     benchmark — 2490/4000  A:88%  1023.68 matches/s  ETA 1s
2026-10-05 19:06:19,947 INFO     benchmark — 2500/4000  A:88%  1023.36 matches/s  ETA 1s
2026-10-05 19:06:19,957 INFO     benchmark — 2510/4000  A:88%  1023.08 matches/s  ETA 1s
2026-10-05 19:06:19,969 INFO     benchmark — 2520/4000  A:88%  1022.26 matches/s  ETA 1s
2026-10-05 19:06:19,980 INFO     benchmark — 2530/4000  A:88%  1021.71 matches/s  ETA 1s
2026-10-05 19:06:19,991 INFO     benchmark — 2540/4000  A:88%  1021.32 matches/s  ETA 1s
2026-10-05 19:06:19,999 INFO     benchmark — 2550/4000  A:88%  1021.92 matches/s  ETA 1s
2026-10-05 19:06:20,010 INFO     benchmark — 2560/4000  A:88%  1021.63 matches/s  ETA 1s
2026-10-05 19:06:20,019 INFO     benchmark — 2570/4000  A:88%  1021.83 matches/s  ETA 1s
2026-10-05 19:06:20,029 INFO     benchmark — 2580/4000  A:88%  1021.90 matches/s  ETA 1s
2026-10-05 19:06:20,039 INFO     benchmark — 2590/4000  A:88%  1021.56 matches/s  ETA 1s
2026-10-05 19:06:20,051 INFO     benchmark — 2600/4000  A:88%  1020.91 matches/s  ETA 1s
2026-10-05 19:06:20,061 INFO     benchmark — 2610/4000  A:88%  1020.74 matches/s  ETA 1s
2026-10-05 19:06:20,071 INFO     benchmark — 2620/4000  A:88%  1020.57 matches/s  ETA 1s
2026-10-05 19:06:20,080 INFO     benchmark — 2630/4000  A:88%  1020.94 matches/s  ETA 1s
2026-10-05 19:06:20,089 INFO     benchmark — 2640/4000  A:88%  1021.34 matches/s  ETA 1s
2026-10-05 19:06:20,099 INFO     benchmark — 2650/4000  A:88%  1021.29 matches/s  ETA 1s
2026-10-05 19:06:20,108 INFO     benchmark — 2660/4000  A:88%  1021.40 matches/s  ETA 1s
2026-10-05 19:06:20,116 INFO     benchmark — 2670/4000  A:88%  1022.09 matches/s  ETA 1s
2026-10-05 19:06:20,125 INFO     benchmark — 2680/4000  A:88%  1022.37 matches/s  ETA 1s
2026-10-05 19:06:20,132 INFO     benchmark — 2690/4000  A:88%  1023.43 matches/s  ETA 1s
2026-10-05 19:06:20,143 INFO     benchmark — 2700/4000  A:88%  1023.10 matches/s  ETA 1s
2026-10-05 19:06:20,153 INFO     benchmark — 2710/4000  A:88%  1022.94 matches/s  ETA 1s
2026-10-05 19:06:20,163 INFO     benchmark — 2720/4000  A:88%  1023.04 matches/s  ETA 1s
2026-10-05 19:06:20,173 INFO     benchmark — 2730/4000  A:88%  1022.73 matches/s  ETA 1s
2026-10-05 19:06:20,185 INFO     benchmark — 2740/4000  A:88%  1021.94 matches/s  ETA 1s
2026-10-05 19:06:20,195 INFO     benchmark — 2750/4000  A:88%  1022.04 matches/s  ETA 1s
2026-10-05 19:06:20,204 INFO     benchmark — 2760/4000  A:88%  1022.32 matches/s  ETA 1s
2026-10-05 19:06:20,214 INFO     benchmark — 2770/4000  A:88%  1022.23 matches/s  ETA 1s
2026-10-05 19:06:20,223 INFO     benchmark — 2780/4000  A:88%  1022.42 matches/s  ETA 1s
2026-10-05 19:06:20,233 INFO     benchmark — 2790/4000  A:88%  1022.50 matches/s  ETA 1s
2026-10-05 19:06:20,242 INFO     benchmark — 2800/4000  A:88%  1022.59 matches/s  ETA 1s
2026-10-05 19:06:20,251 INFO     benchmark — 2810/4000  A:88%  1022.77 matches/s  ETA 1s
2026-10-05 19:06:20,262 INFO     benchmark — 2820/4000  A:88%  1022.56 matches/s  ETA 1s
2026-10-05 19:06:20,270 INFO     benchmark — 2830/4000  A:88%  1023.25 matches/s  ETA 1s
2026-10-05 19:06:20,279 INFO     benchmark — 2840/4000  A:88%  1023.43 matches/s  ETA 1s
2026-10-05 19:06:20,287 INFO     benchmark — 2850/4000  A:88%  1024.02 matches/s  ETA 1s
2026-10-05 19:06:20,297 INFO     benchmark — 2860/4000  A:88%  1023.85 matches/s  ETA 1s
2026-10-05 19:06:20,306 INFO     benchmark — 2870/4000  A:88%  1024.13 matches/s  ETA 1s
2026-10-05 19:06:20,317 INFO     benchmark — 2880/4000  A:88%  1023.62 matches/s  ETA 1s
2026-10-05 19:06:20,328 INFO     benchmark — 2890/4000  A:88%  1023.47 matches/s  ETA 1s
2026-10-05 19:06:20,337 INFO     benchmark — 2900/4000  A:88%  1023.58 matches/s  ETA 1s
2026-10-05 19:06:20,348 INFO     benchmark — 2910/4000  A:88%  1023.25 matches/s  ETA 1s
2026-10-05 19:06:20,357 INFO     benchmark — 2920/4000  A:88%  1023.41 matches/s  ETA 1s
2026-10-05 19:06:20,366 INFO     benchmark — 2930/4000  A:88%  1023.69 matches/s  ETA 1s
2026-10-05 19:06:20,374 INFO     benchmark — 2940/4000  A:88%  1024.29 matches/s  ETA 1s
2026-10-05 19:06:20,384 INFO     benchmark — 2950/4000  A:88%  1024.25 matches/s  ETA 1s
2026-10-05 19:06:20,392 INFO     benchmark — 2960/4000  A:88%  1024.82 matches/s  ETA 1s
2026-10-05 19:06:20,403 INFO     benchmark — 2970/4000  A:88%  1024.53 matches/s  ETA 1s
2026-10-05 19:06:20,414 INFO     benchmark — 2980/4000  A:88%  1024.10 matches/s  ETA 1s
2026-10-05 19:06:20,423 INFO     benchmark — 2990/4000  A:88%  1024.43 matches/s  ETA 1s
2026-10-05 19:06:20,432 INFO     benchmark — 3000/4000  A:88%  1024.43 matches/s  ETA 1s
2026-10-05 19:06:20,443 INFO     benchmark — 3010/4000  A:88%  1024.18 matches/s  ETA 1s
2026-10-05 19:06:20,454 INFO     benchmark — 3020/4000  A:88%  1023.54 matches/s  ETA 1s
2026-10-05 19:06:20,464 INFO     benchmark — 3030/4000  A:88%  1023.68 matches/s  ETA 1s
2026-10-05 19:06:20,473 INFO     benchmark — 3040/4000  A:88%  1023.73 matches/s  ETA 1s
2026-10-05 19:06:20,485 INFO     benchmark — 3050/4000  A:88%  1023.15 matches/s  ETA 1s
2026-10-05 19:06:20,493 INFO     benchmark — 3060/4000  A:88%  1023.78 matches/s  ETA 1s
2026-10-05 19:06:20,504 INFO     benchmark — 3070/4000  A:88%  1023.27 matches/s  ETA 1s
2026-10-05 19:06:20,512 INFO     benchmark — 3080/4000  A:88%  1023.86 matches/s  ETA 1s
2026-10-05 19:06:20,523 INFO     benchmark — 3090/4000  A:88%  1023.47 matches/s  ETA 1s
2026-10-05 19:06:20,533 INFO     benchmark — 3100/4000  A:88%  1023.48 matches/s  ETA 1s
2026-10-05 19:06:20,543 INFO     benchmark — 3110/4000  A:88%  1023.19 matches/s  ETA 1s
2026-10-05 19:06:20,553 INFO     benchmark — 3120/4000  A:88%  1023.35 matches/s  ETA 1s
2026-10-05 19:06:20,562 INFO     benchmark — 3130/4000  A:88%  1023.38 matches/s  ETA 1s
2026-10-05 19:06:20,572 INFO     benchmark — 3140/4000  A:88%  1023.50 matches/s  ETA 1s
2026-10-05 19:06:20,581 INFO     benchmark — 3150/4000  A:88%  1023.85 matches/s  ETA 1s
2026-10-05 19:06:20,589 INFO     benchmark — 3160/4000  A:88%  1024.21 matches/s  ETA 1s
2026-10-05 19:06:20,599 INFO     benchmark — 3170/4000  A:88%  1024.18 matches/s  ETA 1s
2026-10-05 19:06:20,610 INFO     benchmark — 3180/4000  A:88%  1023.82 matches/s  ETA 1s
2026-10-05 19:06:20,620 INFO     benchmark — 3190/4000  A:88%  1023.71 matches/s  ETA 1s
2026-10-05 19:06:20,632 INFO     benchmark — 3200/4000  A:88%  1023.12 matches/s  ETA 1s
2026-10-05 19:06:20,640 INFO     benchmark — 3210/4000  A:88%  1023.45 matches/s  ETA 1s
2026-10-05 19:06:20,652 INFO     benchmark — 3220/4000  A:88%  1022.81 matches/s  ETA 1s
2026-10-05 19:06:20,660 INFO     benchmark — 3230/4000  A:88%  1023.35 matches/s  ETA 1s
2026-10-05 19:06:20,670 INFO     benchmark — 3240/4000  A:88%  1023.36 matches/s  ETA 1s
2026-10-05 19:06:20,680 INFO     benchmark — 3250/4000  A:88%  1023.35 matches/s  ETA 1s
2026-10-05 19:06:20,687 INFO     benchmark — 3260/4000  A:88%  1024.13 matches/s  ETA 1s
2026-10-05 19:06:20,697 INFO     benchmark — 3270/4000  A:88%  1024.16 matches/s  ETA 1s
2026-10-05 19:06:20,706 INFO     benchmark — 3280/4000  A:88%  1024.30 matches/s  ETA 1s
2026-10-05 19:06:20,716 INFO     benchmark — 3290/4000  A:88%  1024.31 matches/s  ETA 1s
2026-10-05 19:06:20,727 INFO     benchmark — 3300/4000  A:88%  1023.72 matches/s  ETA 1s
2026-10-05 19:06:20,739 INFO     benchmark — 3310/4000  A:88%  1023.25 matches/s  ETA 1s
2026-10-05 19:06:20,749 INFO     benchmark — 3320/4000  A:88%  1022.99 matches/s  ETA 1s
2026-10-05 19:06:20,758 INFO     benchmark — 3330/4000  A:88%  1023.19 matches/s  ETA 1s
2026-10-05 19:06:20,770 INFO     benchmark — 3340/4000  A:88%  1022.64 matches/s  ETA 1s
2026-10-05 19:06:20,779 INFO     benchmark — 3350/4000  A:88%  1022.87 matches/s  ETA 1s
2026-10-05 19:06:20,791 INFO     benchmark — 3360/4000  A:88%  1022.22 matches/s  ETA 1s
2026-10-05 19:06:20,800 INFO     benchmark — 3370/4000  A:88%  1022.40 matches/s  ETA 1s
2026-10-05 19:06:20,809 INFO     benchmark — 3380/4000  A:88%  1022.76 matches/s  ETA 1s
2026-10-05 19:06:20,819 INFO     benchmark — 3390/4000  A:88%  1022.62 matches/s  ETA 1s
2026-10-05 19:06:20,831 INFO     benchmark — 3400/4000  A:88%  1021.97 matches/s  ETA 1s
2026-10-05 19:06:20,841 INFO     benchmark — 3410/4000  A:88%  1021.93 matches/s  ETA 1s
2026-10-05 19:06:20,852 INFO     benchmark — 3420/4000  A:88%  1021.49 matches/s  ETA 1s
2026-10-05 19:06:20,861 INFO     benchmark — 3430/4000  A:88%  1021.64 matches/s  ETA 1s
2026-10-05 19:06:20,871 INFO     benchmark — 3440/4000  A:88%  1021.80 matches/s  ETA 1s
2026-10-05 19:06:20,877 INFO     benchmark — 3450/4000  A:88%  1022.70 matches/s  ETA 1s
2026-10-05 19:06:20,887 INFO     benchmark — 3460/4000  A:88%  1022.72 matches/s  ETA 1s
2026-10-05 19:06:20,898 INFO     benchmark — 3470/4000  A:88%  1022.41 matches/s  ETA 1s
2026-10-05 19:06:20,909 INFO     benchmark — 3480/4000  A:88%  1021.92 matches/s  ETA 1s
2026-10-05 19:06:20,921 INFO     benchmark — 3490/4000  A:88%  1021.35 matches/s  ETA 0s
2026-10-05 19:06:20,930 INFO     benchmark — 3500/4000  A:88%  1021.44 matches/s  ETA 0s
2026-10-05 19:06:20,937 INFO     benchmark — 3510/4000  A:88%  1022.26 matches/s  ETA 0s
2026-10-05 19:06:20,946 INFO     benchmark — 3520/4000  A:88%  1022.62 matches/s  ETA 0s
2026-10-05 19:06:20,956 INFO     benchmark — 3530/4000  A:88%  1022.67 matches/s  ETA 0s
2026-10-05 19:06:20,965 INFO     benchmark — 3540/4000  A:88%  1022.72 matches/s  ETA 0s
2026-10-05 19:06:20,975 INFO     benchmark — 3550/4000  A:88%  1022.75 matches/s  ETA 0s
2026-10-05 19:06:20,985 INFO     benchmark — 3560/4000  A:88%  1022.53 matches/s  ETA 0s
2026-10-05 19:06:20,995 INFO     benchmark — 3570/4000  A:88%  1022.48 matches/s  ETA 0s
2026-10-05 19:06:21,006 INFO     benchmark — 3580/4000  A:88%  1022.29 matches/s  ETA 0s
2026-10-05 19:06:21,015 INFO     benchmark — 3590/4000  A:88%  1022.47 matches/s  ETA 0s
2026-10-05 19:06:21,026 INFO     benchmark — 3600/4000  A:88%  1022.21 matches/s  ETA 0s
2026-10-05 19:06:21,037 INFO     benchmark — 3610/4000  A:88%  1021.89 matches/s  ETA 0s
2026-10-05 19:06:21,045 INFO     benchmark — 3620/4000  A:88%  1022.31 matches/s  ETA 0s
2026-10-05 19:06:21,056 INFO     benchmark — 3630/4000  A:88%  1021.91 matches/s  ETA 0s
2026-10-05 19:06:21,068 INFO     benchmark — 3640/4000  A:88%  1021.30 matches/s  ETA 0s
2026-10-05 19:06:21,077 INFO     benchmark — 3650/4000  A:88%  1021.66 matches/s  ETA 0s
2026-10-05 19:06:21,086 INFO     benchmark — 3660/4000  A:88%  1021.84 matches/s  ETA 0s
2026-10-05 19:06:21,093 INFO     benchmark — 3670/4000  A:88%  1022.53 matches/s  ETA 0s
2026-10-05 19:06:21,102 INFO     benchmark — 3680/4000  A:88%  1022.79 matches/s  ETA 0s
2026-10-05 19:06:21,112 INFO     benchmark — 3690/4000  A:88%  1022.74 matches/s  ETA 0s
2026-10-05 19:06:21,121 INFO     benchmark — 3700/4000  A:88%  1022.99 matches/s  ETA 0s
2026-10-05 19:06:21,130 INFO     benchmark — 3710/4000  A:88%  1023.24 matches/s  ETA 0s
2026-10-05 19:06:21,138 INFO     benchmark — 3720/4000  A:88%  1023.57 matches/s  ETA 0s
2026-10-05 19:06:21,147 INFO     benchmark — 3730/4000  A:88%  1023.85 matches/s  ETA 0s
2026-10-05 19:06:21,157 INFO     benchmark — 3740/4000  A:88%  1023.89 matches/s  ETA 0s
2026-10-05 19:06:21,168 INFO     benchmark — 3750/4000  A:88%  1023.56 matches/s  ETA 0s
2026-10-05 19:06:21,178 INFO     benchmark — 3760/4000  A:88%  1023.31 matches/s  ETA 0s
2026-10-05 19:06:21,188 INFO     benchmark — 3770/4000  A:88%  1023.42 matches/s  ETA 0s
2026-10-05 19:06:21,197 INFO     benchmark — 3780/4000  A:88%  1023.45 matches/s  ETA 0s
2026-10-05 19:06:21,206 INFO     benchmark — 3790/4000  A:88%  1023.70 matches/s  ETA 0s
2026-10-05 19:06:21,216 INFO     benchmark — 3800/4000  A:88%  1023.66 matches/s  ETA 0s
2026-10-05 19:06:21,227 INFO     benchmark — 3810/4000  A:88%  1023.44 matches/s  ETA 0s
2026-10-05 19:06:21,236 INFO     benchmark — 3820/4000  A:88%  1023.46 matches/s  ETA 0s
2026-10-05 19:06:21,244 INFO     benchmark — 3830/4000  A:88%  1024.05 matches/s  ETA 0s
2026-10-05 19:06:21,252 INFO     benchmark — 3840/4000  A:88%  1024.63 matches/s  ETA 0s
2026-10-05 19:06:21,259 INFO     benchmark — 3850/4000  A:88%  1025.27 matches/s  ETA 0s
2026-10-05 19:06:21,269 INFO     benchmark — 3860/4000  A:88%  1025.10 matches/s  ETA 0s
2026-10-05 19:06:21,279 INFO     benchmark — 3870/4000  A:88%  1025.16 matches/s  ETA 0s
2026-10-05 19:06:21,288 INFO     benchmark — 3880/4000  A:88%  1025.32 matches/s  ETA 0s
2026-10-05 19:06:21,298 INFO     benchmark — 3890/4000  A:88%  1025.27 matches/s  ETA 0s
2026-10-05 19:06:21,307 INFO     benchmark — 3900/4000  A:88%  1025.37 matches/s  ETA 0s
2026-10-05 19:06:21,318 INFO     benchmark — 3910/4000  A:88%  1025.21 matches/s  ETA 0s
2026-10-05 19:06:21,328 INFO     benchmark — 3920/4000  A:88%  1025.10 matches/s  ETA 0s
2026-10-05 19:06:21,334 INFO     benchmark — 3930/4000  A:88%  1025.98 matches/s  ETA 0s
2026-10-05 19:06:21,345 INFO     benchmark — 3940/4000  A:88%  1025.81 matches/s  ETA 0s
2026-10-05 19:06:21,354 INFO     benchmark — 3950/4000  A:88%  1025.99 matches/s  ETA 0s
2026-10-05 19:06:21,365 INFO     benchmark — 3960/4000  A:88%  1025.60 matches/s  ETA 0s
2026-10-05 19:06:21,377 INFO     benchmark — 3970/4000  A:88%  1024.97 matches/s  ETA 0s
2026-10-05 19:06:21,388 INFO     benchmark — 3980/4000  A:88%  1024.79 matches/s  ETA 0s
2026-10-05 19:06:21,398 INFO     benchmark — 3990/4000  A:88%  1024.75 matches/s  ETA 0s
2026-10-05 19:06:21,408 INFO     benchmark — 4000/4000  A:88%  1024.53 matches/s  ETA 0s
2026-10-05 19:06:21,414 INFO     benchmark — wrote results/009/baseline_thr_vs_rnd.json

──────────────────────────────────────────────────
Mode:        match_threshold_vs_random
Matches:      4,000
──────────────────────────────────────────────────
Threshold wins:  3,501  (87.5%)
Random wins:  499  (12.5%)
Ties:        0  (0.0%)
──────────────────────────────────────────────────

