2026-10-05 19:06:23,630 INFO     benchmark — 10/4000  A:70%  39.31 matches/s  ETA 101s
2026-10-05 19:06:23,846 INFO     benchmark — 20/4000  A:80%  42.51 matches/s  ETA 94s
2026-10-05 19:06:24,122 INFO     benchmark — 30/4000  A:83%  40.19 matches/s  ETA 99s
2026-10-05 19:06:24,277 INFO     benchmark — 40/4000  A:85%  44.37 matches/s  ETA 89s
2026-10-05 19:06:24,365 INFO     benchmark — 50/4000  A:78%  50.51 matches/s  ETA 78s
2026-10-05 19:06:24,473 INFO     benchmark — 60/4000  A:82%  54.65 matches/s  ETA 72s
2026-10-05 19:06:24,562 INFO     benchmark — 70/4000  A:80%  58.98 matches/s  ETA 67s
2026-10-05 19:06:24,657 INFO     benchmark — 80/4000  A:80%  62.43 matches/s  ETA 63s
2026-10-05 19:06:24,748 INFO     benchmark — 90/4000  A:81%  65.59 matches/s  ETA 60s
2026-10-05 19:06:24,842 INFO     benchmark — 100/4000  A:82%  68.17 matches/s  ETA 57s
2026-10-05 19:06:24,992 INFO     benchmark — 110/4000  A:81%  68.04 matches/s  ETA 57s
2026-10-05 19:06:25,283 INFO     benchmark — 120/4000  A:81%  62.90 matches/s  ETA 62s
2026-10-05 19:06:25,547 INFO     benchmark — 130/4000  A:82%  59.86 matches/s  ETA 65s
2026-10-05 19:06:25,717 INFO     benchmark — 140/4000  A:80%  59.80 matches/s  ETA 65s
2026-10-05 19:06:25,925 INFO     benchmark — 150/4000  A:81%  58.84 matches/s  ETA 65s
2026-10-05 19:06:26,172 INFO     benchmark — 160/4000  A:81%  57.20 matches/s  ETA 67s
2026-10-05 19:06:26,423 INFO     benchmark — 170/4000  A:82%  55.77 matches/s  ETA 69s
2026-10-05 19:06:26,702 INFO     benchmark — 180/4000  A:82%  54.11 matches/s  ETA 71s
2026-10-05 19:06:26,908 INFO     benchmark — 190/4000  A:82%  53.78 matches/s  ETA 71s
2026-10-05 19:06:27,170 INFO     benchmark — 200/4000  A:82%  52.70 matches/s  ETA 72s
2026-10-05 19:06:27,276 INFO     benchmark — 210/4000  A:82%  53.84 matches/s  ETA 70s
2026-10-05 19:06:27,352 INFO     benchmark — 220/4000  A:82%  55.32 matches/s  ETA 68s
2026-10-05 19:06:27,435 INFO     benchmark — 230/4000  A:81%  56.65 matches/s  ETA 67s
2026-10-05 19:06:27,524 INFO     benchmark — 240/4000  A:81%  57.85 matches/s  ETA 65s
2026-10-05 19:06:27,628 INFO     benchmark — 250/4000  A:81%  58.78 matches/s  ETA 64s
2026-10-05 19:06:27,722 INFO     benchmark — 260/4000  A:81%  59.81 matches/s  ETA 63s
2026-10-05 19:06:27,821 INFO     benchmark — 270/4000  A:81%  60.73 matches/s  ETA 61s
2026-10-05 19:06:28,056 INFO     benchmark — 280/4000  A:81%  59.82 matches/s  ETA 62s
2026-10-05 19:06:28,273 INFO     benchmark — 290/4000  A:81%  59.21 matches/s  ETA 63s
2026-10-05 19:06:28,513 INFO     benchmark — 300/4000  A:81%  58.39 matches/s  ETA 63s
2026-10-05 19:06:28,733 INFO     benchmark — 310/4000  A:81%  57.86 matches/s  ETA 64s
2026-10-05 19:06:28,825 INFO     benchmark — 320/4000  A:81%  58.72 matches/s  ETA 63s
2026-10-05 19:06:28,916 INFO     benchmark — 330/4000  A:81%  59.56 matches/s  ETA 62s
2026-10-05 19:06:29,100 INFO     benchmark — 340/4000  A:81%  59.39 matches/s  ETA 62s
2026-10-05 19:06:29,193 INFO     benchmark — 350/4000  A:81%  60.16 matches/s  ETA 61s
2026-10-05 19:06:29,282 INFO     benchmark — 360/4000  A:82%  60.95 matches/s  ETA 60s
2026-10-05 19:06:29,366 INFO     benchmark — 370/4000  A:82%  61.76 matches/s  ETA 59s
2026-10-05 19:06:29,467 INFO     benchmark — 380/4000  A:81%  62.38 matches/s  ETA 58s
2026-10-05 19:06:29,570 INFO     benchmark — 390/4000  A:82%  62.96 matches/s  ETA 57s
2026-10-05 19:06:29,662 INFO     benchmark — 400/4000  A:81%  63.63 matches/s  ETA 57s
2026-10-05 19:06:29,757 INFO     benchmark — 410/4000  A:81%  64.24 matches/s  ETA 56s
2026-10-05 19:06:29,861 INFO     benchmark — 420/4000  A:82%  64.75 matches/s  ETA 55s
2026-10-05 19:06:29,945 INFO     benchmark — 430/4000  A:82%  65.45 matches/s  ETA 55s
2026-10-05 19:06:30,039 INFO     benchmark — 440/4000  A:82%  66.03 matches/s  ETA 54s
2026-10-05 19:06:30,176 INFO     benchmark — 450/4000  A:82%  66.17 matches/s  ETA 54s
2026-10-05 19:06:30,370 INFO     benchmark — 460/4000  A:82%  65.76 matches/s  ETA 54s
2026-10-05 19:06:30,477 INFO     benchmark — 470/4000  A:82%  66.18 matches/s  ETA 53s
2026-10-05 19:06:30,572 INFO     benchmark — 480/4000  A:82%  66.69 matches/s  ETA 53s
2026-10-05 19:06:30,671 INFO     benchmark — 490/4000  A:82%  67.16 matches/s  ETA 52s
2026-10-05 19:06:30,780 INFO     benchmark — 500/4000  A:82%  67.53 matches/s  ETA 52s
2026-10-05 19:06:30,870 INFO     benchmark — 510/4000  A:82%  68.05 matches/s  ETA 51s
2026-10-05 19:06:30,961 INFO     benchmark — 520/4000  A:82%  68.55 matches/s  ETA 51s
2026-10-05 19:06:31,066 INFO     benchmark — 530/4000  A:82%  68.92 matches/s  ETA 50s
2026-10-05 19:06:31,163 INFO     benchmark — 540/4000  A:82%  69.34 matches/s  ETA 50s
2026-10-05 19:06:31,339 INFO     benchmark — 550/4000  A:83%  69.07 matches/s  ETA 50s
2026-10-05 19:06:31,426 INFO     benchmark — 560/4000  A:83%  69.56 matches/s  ETA 49s
2026-10-05 19:06:31,527 INFO     benchmark — 570/4000  A:82%  69.93 matches/s  ETA 49s
2026-10-05 19:06:31,620 INFO     benchmark — 580/4000  A:83%  70.35 matches/s  ETA 49s
2026-10-05 19:06:31,756 INFO     benchmark — 590/4000  A:83%  70.40 matches/s  ETA 48s
2026-10-05 19:06:32,014 INFO     benchmark — 600/4000  A:82%  69.46 matches/s  ETA 49s
2026-10-05 19:06:32,282 INFO     benchmark — 610/4000  A:83%  68.49 matches/s  ETA 49s
2026-10-05 19:06:32,576 INFO     benchmark — 620/4000  A:82%  67.39 matches/s  ETA 50s
2026-10-05 19:06:32,848 INFO     benchmark — 630/4000  A:82%  66.51 matches/s  ETA 51s
2026-10-05 19:06:32,983 INFO     benchmark — 640/4000  A:83%  66.61 matches/s  ETA 50s
2026-10-05 19:06:33,146 INFO     benchmark — 650/4000  A:83%  66.52 matches/s  ETA 50s
2026-10-05 19:06:33,422 INFO     benchmark — 660/4000  A:83%  65.70 matches/s  ETA 51s
2026-10-05 19:06:33,702 INFO     benchmark — 670/4000  A:83%  64.88 matches/s  ETA 51s
2026-10-05 19:06:33,789 INFO     benchmark — 680/4000  A:83%  65.30 matches/s  ETA 51s
2026-10-05 19:06:33,886 INFO     benchmark — 690/4000  A:83%  65.65 matches/s  ETA 50s
2026-10-05 19:06:33,981 INFO     benchmark — 700/4000  A:83%  66.00 matches/s  ETA 50s
2026-10-05 19:06:34,086 INFO     benchmark — 710/4000  A:83%  66.29 matches/s  ETA 50s
2026-10-05 19:06:34,200 INFO     benchmark — 720/4000  A:83%  66.52 matches/s  ETA 49s
2026-10-05 19:06:34,316 INFO     benchmark — 730/4000  A:83%  66.72 matches/s  ETA 49s
2026-10-05 19:06:34,398 INFO     benchmark — 740/4000  A:83%  67.14 matches/s  ETA 49s
2026-10-05 19:06:34,498 INFO     benchmark — 750/4000  A:83%  67.43 matches/s  ETA 48s
2026-10-05 19:06:34,588 INFO     benchmark — 760/4000  A:84%  67.78 matches/s  ETA 48s
2026-10-05 19:06:34,672 INFO     benchmark — 770/4000  A:84%  68.16 matches/s  ETA 47s
2026-10-05 19:06:34,767 INFO     benchmark — 780/4000  A:84%  68.47 matches/s  ETA 47s
2026-10-05 19:06:34,849 INFO     benchmark — 790/4000  A:84%  68.86 matches/s  ETA 47s
2026-10-05 19:06:34,940 INFO     benchmark — 800/4000  A:84%  69.18 matches/s  ETA 46s
2026-10-05 19:06:35,031 INFO     benchmark — 810/4000  A:84%  69.49 matches/s  ETA 46s
2026-10-05 19:06:35,098 INFO     benchmark — 820/4000  A:84%  69.95 matches/s  ETA 45s
2026-10-05 19:06:35,191 INFO     benchmark — 830/4000  A:84%  70.24 matches/s  ETA 45s
2026-10-05 19:06:35,285 INFO     benchmark — 840/4000  A:84%  70.53 matches/s  ETA 45s
2026-10-05 19:06:35,361 INFO     benchmark — 850/4000  A:84%  70.92 matches/s  ETA 44s
2026-10-05 19:06:35,473 INFO     benchmark — 860/4000  A:84%  71.09 matches/s  ETA 44s
2026-10-05 19:06:35,567 INFO     benchmark — 870/4000  A:84%  71.36 matches/s  ETA 44s
2026-10-05 19:06:35,718 INFO     benchmark — 880/4000  A:84%  71.30 matches/s  ETA 44s
2026-10-05 19:06:35,801 INFO     benchmark — 890/4000  A:84%  71.63 matches/s  ETA 43s
2026-10-05 19:06:35,895 INFO     benchmark — 900/4000  A:84%  71.89 matches/s  ETA 43s
2026-10-05 19:06:35,990 INFO     benchmark — 910/4000  A:84%  72.14 matches/s  ETA 43s
2026-10-05 19:06:36,092 INFO     benchmark — 920/4000  A:84%  72.34 matches/s  ETA 43s
2026-10-05 19:06:36,196 INFO     benchmark — 930/4000  A:84%  72.54 matches/s  ETA 42s
2026-10-05 19:06:36,276 INFO     benchmark — 940/4000  A:84%  72.87 matches/s  ETA 42s
2026-10-05 19:06:36,427 INFO     benchmark — 950/4000  A:84%  72.79 matches/s  ETA 42s
2026-10-05 19:06:36,695 INFO     benchmark — 960/4000  A:84%  72.07 matches/s  ETA 42s
2026-10-05 19:06:36,811 INFO     benchmark — 970/4000  A:84%  72.20 matches/s  ETA 42s
2026-10-05 19:06:36,904 INFO     benchmark — 980/4000  A:83%  72.44 matches/s  ETA 42s
2026-10-05 19:06:36,999 INFO     benchmark — 990/4000  A:83%  72.67 matches/s  ETA 41s
2026-10-05 19:06:37,092 INFO     benchmark — 1000/4000  A:84%  72.91 matches/s  ETA 41s
2026-10-05 19:06:37,221 INFO     benchmark — 1010/4000  A:84%  72.95 matches/s  ETA 41s
2026-10-05 19:06:37,386 INFO     benchmark — 1020/4000  A:83%  72.80 matches/s  ETA 41s
2026-10-05 19:06:37,578 INFO     benchmark — 1030/4000  A:83%  72.52 matches/s  ETA 41s
2026-10-05 19:06:37,680 INFO     benchmark — 1040/4000  A:84%  72.71 matches/s  ETA 41s
2026-10-05 19:06:37,784 INFO     benchmark — 1050/4000  A:84%  72.87 matches/s  ETA 40s
2026-10-05 19:06:37,885 INFO     benchmark — 1060/4000  A:84%  73.05 matches/s  ETA 40s
2026-10-05 19:06:38,028 INFO     benchmark — 1070/4000  A:83%  73.02 matches/s  ETA 40s
2026-10-05 19:06:38,133 INFO     benchmark — 1080/4000  A:83%  73.18 matches/s  ETA 40s
2026-10-05 19:06:38,337 INFO     benchmark — 1090/4000  A:83%  72.85 matches/s  ETA 40s
2026-10-05 19:06:38,429 INFO     benchmark — 1100/4000  A:83%  73.07 matches/s  ETA 40s
2026-10-05 19:06:38,516 INFO     benchmark — 1110/4000  A:83%  73.31 matches/s  ETA 39s
2026-10-05 19:06:38,657 INFO     benchmark — 1120/4000  A:84%  73.29 matches/s  ETA 39s
2026-10-05 19:06:38,749 INFO     benchmark — 1130/4000  A:84%  73.50 matches/s  ETA 39s
2026-10-05 19:06:38,840 INFO     benchmark — 1140/4000  A:84%  73.71 matches/s  ETA 39s
2026-10-05 19:06:38,929 INFO     benchmark — 1150/4000  A:84%  73.94 matches/s  ETA 39s
2026-10-05 19:06:39,019 INFO     benchmark — 1160/4000  A:84%  74.15 matches/s  ETA 38s
2026-10-05 19:06:39,109 INFO     benchmark — 1170/4000  A:83%  74.36 matches/s  ETA 38s
2026-10-05 19:06:39,202 INFO     benchmark — 1180/4000  A:83%  74.56 matches/s  ETA 38s
2026-10-05 19:06:39,303 INFO     benchmark — 1190/4000  A:84%  74.71 matches/s  ETA 38s
2026-10-05 19:06:39,387 INFO     benchmark — 1200/4000  A:84%  74.94 matches/s  ETA 37s
2026-10-05 19:06:39,486 INFO     benchmark — 1210/4000  A:83%  75.10 matches/s  ETA 37s
2026-10-05 19:06:39,577 INFO     benchmark — 1220/4000  A:83%  75.30 matches/s  ETA 37s
2026-10-05 19:06:39,679 INFO     benchmark — 1230/4000  A:83%  75.45 matches/s  ETA 37s
2026-10-05 19:06:39,773 INFO     benchmark — 1240/4000  A:83%  75.62 matches/s  ETA 36s
2026-10-05 19:06:39,880 INFO     benchmark — 1250/4000  A:83%  75.74 matches/s  ETA 36s
2026-10-05 19:06:39,973 INFO     benchmark — 1260/4000  A:83%  75.91 matches/s  ETA 36s
2026-10-05 19:06:40,052 INFO     benchmark — 1270/4000  A:83%  76.15 matches/s  ETA 36s
2026-10-05 19:06:40,149 INFO     benchmark — 1280/4000  A:83%  76.31 matches/s  ETA 36s
2026-10-05 19:06:40,230 INFO     benchmark — 1290/4000  A:83%  76.54 matches/s  ETA 35s
2026-10-05 19:06:40,325 INFO     benchmark — 1300/4000  A:83%  76.70 matches/s  ETA 35s
2026-10-05 19:06:40,421 INFO     benchmark — 1310/4000  A:83%  76.85 matches/s  ETA 35s
2026-10-05 19:06:40,511 INFO     benchmark — 1320/4000  A:83%  77.03 matches/s  ETA 35s
2026-10-05 19:06:40,598 INFO     benchmark — 1330/4000  A:84%  77.23 matches/s  ETA 35s
2026-10-05 19:06:40,710 INFO     benchmark — 1340/4000  A:84%  77.30 matches/s  ETA 34s
2026-10-05 19:06:40,805 INFO     benchmark — 1350/4000  A:83%  77.46 matches/s  ETA 34s
2026-10-05 19:06:40,903 INFO     benchmark — 1360/4000  A:84%  77.59 matches/s  ETA 34s
2026-10-05 19:06:40,995 INFO     benchmark — 1370/4000  A:84%  77.75 matches/s  ETA 34s
2026-10-05 19:06:41,096 INFO     benchmark — 1380/4000  A:84%  77.87 matches/s  ETA 34s
2026-10-05 19:06:41,174 INFO     benchmark — 1390/4000  A:83%  78.10 matches/s  ETA 33s
2026-10-05 19:06:41,264 INFO     benchmark — 1400/4000  A:83%  78.26 matches/s  ETA 33s
2026-10-05 19:06:41,360 INFO     benchmark — 1410/4000  A:83%  78.40 matches/s  ETA 33s
2026-10-05 19:06:41,447 INFO     benchmark — 1420/4000  A:83%  78.58 matches/s  ETA 33s
2026-10-05 19:06:41,558 INFO     benchmark — 1430/4000  A:83%  78.65 matches/s  ETA 33s
2026-10-05 19:06:41,656 INFO     benchmark — 1440/4000  A:83%  78.77 matches/s  ETA 32s
2026-10-05 19:06:41,746 INFO     benchmark — 1450/4000  A:83%  78.93 matches/s  ETA 32s
2026-10-05 19:06:41,838 INFO     benchmark — 1460/4000  A:83%  79.08 matches/s  ETA 32s
2026-10-05 19:06:41,951 INFO     benchmark — 1470/4000  A:83%  79.14 matches/s  ETA 32s
2026-10-05 19:06:42,159 INFO     benchmark — 1480/4000  A:83%  78.79 matches/s  ETA 32s
2026-10-05 19:06:42,337 INFO     benchmark — 1490/4000  A:83%  78.58 matches/s  ETA 32s
2026-10-05 19:06:42,431 INFO     benchmark — 1500/4000  A:83%  78.71 matches/s  ETA 32s
2026-10-05 19:06:42,537 INFO     benchmark — 1510/4000  A:83%  78.80 matches/s  ETA 32s
2026-10-05 19:06:42,636 INFO     benchmark — 1520/4000  A:83%  78.92 matches/s  ETA 31s
2026-10-05 19:06:42,731 INFO     benchmark — 1530/4000  A:83%  79.05 matches/s  ETA 31s
2026-10-05 19:06:42,950 INFO     benchmark — 1540/4000  A:83%  78.67 matches/s  ETA 31s
2026-10-05 19:06:43,157 INFO     benchmark — 1550/4000  A:83%  78.35 matches/s  ETA 31s
2026-10-05 19:06:43,261 INFO     benchmark — 1560/4000  A:83%  78.45 matches/s  ETA 31s
2026-10-05 19:06:43,346 INFO     benchmark — 1570/4000  A:83%  78.62 matches/s  ETA 31s
2026-10-05 19:06:43,444 INFO     benchmark — 1580/4000  A:83%  78.73 matches/s  ETA 31s
2026-10-05 19:06:43,553 INFO     benchmark — 1590/4000  A:83%  78.80 matches/s  ETA 31s
2026-10-05 19:06:43,654 INFO     benchmark — 1600/4000  A:83%  78.90 matches/s  ETA 30s
2026-10-05 19:06:43,741 INFO     benchmark — 1610/4000  A:83%  79.05 matches/s  ETA 30s
2026-10-05 19:06:43,836 INFO     benchmark — 1620/4000  A:83%  79.18 matches/s  ETA 30s
2026-10-05 19:06:43,914 INFO     benchmark — 1630/4000  A:83%  79.36 matches/s  ETA 30s
2026-10-05 19:06:43,998 INFO     benchmark — 1640/4000  A:83%  79.52 matches/s  ETA 30s
2026-10-05 19:06:44,074 INFO     benchmark — 1650/4000  A:83%  79.71 matches/s  ETA 29s
2026-10-05 19:06:44,182 INFO     benchmark — 1660/4000  A:83%  79.78 matches/s  ETA 29s
2026-10-05 19:06:44,275 INFO     benchmark — 1670/4000  A:83%  79.90 matches/s  ETA 29s
2026-10-05 19:06:44,369 INFO     benchmark — 1680/4000  A:83%  80.02 matches/s  ETA 29s
2026-10-05 19:06:44,455 INFO     benchmark — 1690/4000  A:83%  80.17 matches/s  ETA 29s
2026-10-05 19:06:44,550 INFO     benchmark — 1700/4000  A:83%  80.28 matches/s  ETA 29s
2026-10-05 19:06:44,649 INFO     benchmark — 1710/4000  A:83%  80.38 matches/s  ETA 28s
2026-10-05 19:06:44,751 INFO     benchmark — 1720/4000  A:83%  80.47 matches/s  ETA 28s
2026-10-05 19:06:44,842 INFO     benchmark — 1730/4000  A:83%  80.59 matches/s  ETA 28s
2026-10-05 19:06:44,936 INFO     benchmark — 1740/4000  A:83%  80.70 matches/s  ETA 28s
2026-10-05 19:06:45,019 INFO     benchmark — 1750/4000  A:83%  80.85 matches/s  ETA 28s
2026-10-05 19:06:45,115 INFO     benchmark — 1760/4000  A:83%  80.96 matches/s  ETA 28s
2026-10-05 19:06:45,205 INFO     benchmark — 1770/4000  A:83%  81.08 matches/s  ETA 28s
2026-10-05 19:06:45,301 INFO     benchmark — 1780/4000  A:83%  81.18 matches/s  ETA 27s
2026-10-05 19:06:45,383 INFO     benchmark — 1790/4000  A:83%  81.34 matches/s  ETA 27s
2026-10-05 19:06:45,463 INFO     benchmark — 1800/4000  A:83%  81.49 matches/s  ETA 27s
2026-10-05 19:06:45,548 INFO     benchmark — 1810/4000  A:83%  81.63 matches/s  ETA 27s
2026-10-05 19:06:45,635 INFO     benchmark — 1820/4000  A:83%  81.76 matches/s  ETA 27s
2026-10-05 19:06:45,716 INFO     benchmark — 1830/4000  A:83%  81.91 matches/s  ETA 26s
2026-10-05 19:06:45,807 INFO     benchmark — 1840/4000  A:83%  82.03 matches/s  ETA 26s
2026-10-05 19:06:45,900 INFO     benchmark — 1850/4000  A:83%  82.13 matches/s  ETA 26s
2026-10-05 19:06:45,991 INFO     benchmark — 1860/4000  A:83%  82.24 matches/s  ETA 26s
2026-10-05 19:06:46,091 INFO     benchmark — 1870/4000  A:83%  82.32 matches/s  ETA 26s
2026-10-05 19:06:46,192 INFO     benchmark — 1880/4000  A:83%  82.40 matches/s  ETA 26s
2026-10-05 19:06:46,279 INFO     benchmark — 1890/4000  A:83%  82.52 matches/s  ETA 26s
2026-10-05 19:06:46,357 INFO     benchmark — 1900/4000  A:83%  82.68 matches/s  ETA 25s
2026-10-05 19:06:46,455 INFO     benchmark — 1910/4000  A:83%  82.76 matches/s  ETA 25s
2026-10-05 19:06:46,549 INFO     benchmark — 1920/4000  A:83%  82.85 matches/s  ETA 25s
2026-10-05 19:06:46,652 INFO     benchmark — 1930/4000  A:83%  82.92 matches/s  ETA 25s
2026-10-05 19:06:46,751 INFO     benchmark — 1940/4000  A:83%  82.99 matches/s  ETA 25s
2026-10-05 19:06:46,877 INFO     benchmark — 1950/4000  A:83%  82.97 matches/s  ETA 25s
2026-10-05 19:06:46,981 INFO     benchmark — 1960/4000  A:83%  83.03 matches/s  ETA 25s
2026-10-05 19:06:47,067 INFO     benchmark — 1970/4000  A:83%  83.15 matches/s  ETA 24s
2026-10-05 19:06:47,148 INFO     benchmark — 1980/4000  A:83%  83.29 matches/s  ETA 24s
2026-10-05 19:06:47,239 INFO     benchmark — 1990/4000  A:83%  83.39 matches/s  ETA 24s
2026-10-05 19:06:47,336 INFO     benchmark — 2000/4000  A:83%  83.47 matches/s  ETA 24s
2026-10-05 19:06:47,421 INFO     benchmark — 2010/4000  A:83%  83.59 matches/s  ETA 24s
2026-10-05 19:06:47,503 INFO     benchmark — 2020/4000  A:83%  83.72 matches/s  ETA 24s
2026-10-05 19:06:47,612 INFO     benchmark — 2030/4000  A:83%  83.76 matches/s  ETA 24s
2026-10-05 19:06:47,698 INFO     benchmark — 2040/4000  A:83%  83.87 matches/s  ETA 23s
2026-10-05 19:06:47,798 INFO     benchmark — 2050/4000  A:83%  83.94 matches/s  ETA 23s
2026-10-05 19:06:47,894 INFO     benchmark — 2060/4000  A:83%  84.02 matches/s  ETA 23s
2026-10-05 19:06:47,985 INFO     benchmark — 2070/4000  A:83%  84.11 matches/s  ETA 23s
2026-10-05 19:06:48,067 INFO     benchmark — 2080/4000  A:83%  84.24 matches/s  ETA 23s
2026-10-05 19:06:48,168 INFO     benchmark — 2090/4000  A:83%  84.30 matches/s  ETA 23s
2026-10-05 19:06:48,269 INFO     benchmark — 2100/4000  A:83%  84.36 matches/s  ETA 23s
2026-10-05 19:06:48,338 INFO     benchmark — 2110/4000  A:84%  84.53 matches/s  ETA 22s
2026-10-05 19:06:48,422 INFO     benchmark — 2120/4000  A:84%  84.64 matches/s  ETA 22s
2026-10-05 19:06:48,525 INFO     benchmark — 2130/4000  A:83%  84.69 matches/s  ETA 22s
2026-10-05 19:06:48,613 INFO     benchmark — 2140/4000  A:83%  84.79 matches/s  ETA 22s
2026-10-05 19:06:48,699 INFO     benchmark — 2150/4000  A:84%  84.90 matches/s  ETA 22s
2026-10-05 19:06:48,799 INFO     benchmark — 2160/4000  A:83%  84.96 matches/s  ETA 22s
2026-10-05 19:06:48,889 INFO     benchmark — 2170/4000  A:84%  85.05 matches/s  ETA 22s
2026-10-05 19:06:48,990 INFO     benchmark — 2180/4000  A:84%  85.11 matches/s  ETA 21s
2026-10-05 19:06:49,081 INFO     benchmark — 2190/4000  A:84%  85.20 matches/s  ETA 21s
2026-10-05 19:06:49,158 INFO     benchmark — 2200/4000  A:84%  85.33 matches/s  ETA 21s
2026-10-05 19:06:49,262 INFO     benchmark — 2210/4000  A:83%  85.37 matches/s  ETA 21s
2026-10-05 19:06:49,358 INFO     benchmark — 2220/4000  A:83%  85.44 matches/s  ETA 21s
2026-10-05 19:06:49,451 INFO     benchmark — 2230/4000  A:83%  85.52 matches/s  ETA 21s
2026-10-05 19:06:49,553 INFO     benchmark — 2240/4000  A:83%  85.57 matches/s  ETA 21s
2026-10-05 19:06:49,639 INFO     benchmark — 2250/4000  A:83%  85.67 matches/s  ETA 20s
2026-10-05 19:06:49,733 INFO     benchmark — 2260/4000  A:83%  85.74 matches/s  ETA 20s
2026-10-05 19:06:49,830 INFO     benchmark — 2270/4000  A:83%  85.81 matches/s  ETA 20s
2026-10-05 19:06:49,910 INFO     benchmark — 2280/4000  A:83%  85.92 matches/s  ETA 20s
2026-10-05 19:06:49,994 INFO     benchmark — 2290/4000  A:83%  86.03 matches/s  ETA 20s
2026-10-05 19:06:50,064 INFO     benchmark — 2300/4000  A:83%  86.18 matches/s  ETA 20s
2026-10-05 19:06:50,151 INFO     benchmark — 2310/4000  A:83%  86.27 matches/s  ETA 20s
2026-10-05 19:06:50,257 INFO     benchmark — 2320/4000  A:83%  86.30 matches/s  ETA 19s
2026-10-05 19:06:50,356 INFO     benchmark — 2330/4000  A:83%  86.36 matches/s  ETA 19s
2026-10-05 19:06:50,452 INFO     benchmark — 2340/4000  A:83%  86.42 matches/s  ETA 19s
2026-10-05 19:06:50,530 INFO     benchmark — 2350/4000  A:83%  86.54 matches/s  ETA 19s
2026-10-05 19:06:50,626 INFO     benchmark — 2360/4000  A:83%  86.60 matches/s  ETA 19s
2026-10-05 19:06:50,740 INFO     benchmark — 2370/4000  A:83%  86.61 matches/s  ETA 19s
2026-10-05 19:06:50,833 INFO     benchmark — 2380/4000  A:83%  86.68 matches/s  ETA 19s
2026-10-05 19:06:50,903 INFO     benchmark — 2390/4000  A:83%  86.82 matches/s  ETA 19s
2026-10-05 19:06:51,013 INFO     benchmark — 2400/4000  A:83%  86.84 matches/s  ETA 18s
2026-10-05 19:06:51,109 INFO     benchmark — 2410/4000  A:83%  86.90 matches/s  ETA 18s
2026-10-05 19:06:51,191 INFO     benchmark — 2420/4000  A:83%  87.00 matches/s  ETA 18s
2026-10-05 19:06:51,281 INFO     benchmark — 2430/4000  A:83%  87.08 matches/s  ETA 18s
2026-10-05 19:06:51,379 INFO     benchmark — 2440/4000  A:83%  87.13 matches/s  ETA 18s
2026-10-05 19:06:51,471 INFO     benchmark — 2450/4000  A:83%  87.20 matches/s  ETA 18s
2026-10-05 19:06:51,579 INFO     benchmark — 2460/4000  A:83%  87.22 matches/s  ETA 18s
2026-10-05 19:06:51,685 INFO     benchmark — 2470/4000  A:83%  87.25 matches/s  ETA 18s
2026-10-05 19:06:51,765 INFO     benchmark — 2480/4000  A:83%  87.36 matches/s  ETA 17s
2026-10-05 19:06:51,852 INFO     benchmark — 2490/4000  A:83%  87.44 matches/s  ETA 17s
2026-10-05 19:06:51,951 INFO     benchmark — 2500/4000  A:83%  87.49 matches/s  ETA 17s
2026-10-05 19:06:52,046 INFO     benchmark — 2510/4000  A:83%  87.54 matches/s  ETA 17s
2026-10-05 19:06:52,130 INFO     benchmark — 2520/4000  A:83%  87.64 matches/s  ETA 17s
2026-10-05 19:06:52,227 INFO     benchmark — 2530/4000  A:83%  87.69 matches/s  ETA 17s
2026-10-05 19:06:52,311 INFO     benchmark — 2540/4000  A:83%  87.78 matches/s  ETA 17s
2026-10-05 19:06:52,412 INFO     benchmark — 2550/4000  A:83%  87.82 matches/s  ETA 17s
2026-10-05 19:06:52,507 INFO     benchmark — 2560/4000  A:83%  87.88 matches/s  ETA 16s
2026-10-05 19:06:52,612 INFO     benchmark — 2570/4000  A:83%  87.90 matches/s  ETA 16s
2026-10-05 19:06:52,699 INFO     benchmark — 2580/4000  A:83%  87.98 matches/s  ETA 16s
2026-10-05 19:06:52,790 INFO     benchmark — 2590/4000  A:83%  88.05 matches/s  ETA 16s
2026-10-05 19:06:52,877 INFO     benchmark — 2600/4000  A:83%  88.13 matches/s  ETA 16s
2026-10-05 19:06:52,976 INFO     benchmark — 2610/4000  A:83%  88.17 matches/s  ETA 16s
2026-10-05 19:06:53,061 INFO     benchmark — 2620/4000  A:83%  88.26 matches/s  ETA 16s
2026-10-05 19:06:53,145 INFO     benchmark — 2630/4000  A:83%  88.35 matches/s  ETA 16s
2026-10-05 19:06:53,243 INFO     benchmark — 2640/4000  A:83%  88.39 matches/s  ETA 15s
2026-10-05 19:06:53,353 INFO     benchmark — 2650/4000  A:83%  88.40 matches/s  ETA 15s
2026-10-05 19:06:53,428 INFO     benchmark — 2660/4000  A:83%  88.51 matches/s  ETA 15s
2026-10-05 19:06:53,523 INFO     benchmark — 2670/4000  A:83%  88.56 matches/s  ETA 15s
2026-10-05 19:06:53,624 INFO     benchmark — 2680/4000  A:83%  88.60 matches/s  ETA 15s
2026-10-05 19:06:53,711 INFO     benchmark — 2690/4000  A:83%  88.67 matches/s  ETA 15s
2026-10-05 19:06:53,813 INFO     benchmark — 2700/4000  A:83%  88.71 matches/s  ETA 15s
2026-10-05 19:06:53,916 INFO     benchmark — 2710/4000  A:83%  88.73 matches/s  ETA 15s
2026-10-05 19:06:54,025 INFO     benchmark — 2720/4000  A:83%  88.75 matches/s  ETA 14s
2026-10-05 19:06:54,125 INFO     benchmark — 2730/4000  A:83%  88.78 matches/s  ETA 14s
2026-10-05 19:06:54,210 INFO     benchmark — 2740/4000  A:83%  88.86 matches/s  ETA 14s
2026-10-05 19:06:54,278 INFO     benchmark — 2750/4000  A:83%  88.99 matches/s  ETA 14s
2026-10-05 19:06:54,367 INFO     benchmark — 2760/4000  A:83%  89.06 matches/s  ETA 14s
2026-10-05 19:06:54,453 INFO     benchmark — 2770/4000  A:83%  89.13 matches/s  ETA 14s
2026-10-05 19:06:54,535 INFO     benchmark — 2780/4000  A:83%  89.22 matches/s  ETA 14s
2026-10-05 19:06:54,634 INFO     benchmark — 2790/4000  A:83%  89.25 matches/s  ETA 14s
2026-10-05 19:06:54,727 INFO     benchmark — 2800/4000  A:83%  89.31 matches/s  ETA 13s
2026-10-05 19:06:54,824 INFO     benchmark — 2810/4000  A:83%  89.35 matches/s  ETA 13s
2026-10-05 19:06:54,919 INFO     benchmark — 2820/4000  A:83%  89.40 matches/s  ETA 13s
2026-10-05 19:06:55,004 INFO     benchmark — 2830/4000  A:83%  89.47 matches/s  ETA 13s
2026-10-05 19:06:55,106 INFO     benchmark — 2840/4000  A:83%  89.50 matches/s  ETA 13s
2026-10-05 19:06:55,207 INFO     benchmark — 2850/4000  A:83%  89.53 matches/s  ETA 13s
2026-10-05 19:06:55,325 INFO     benchmark — 2860/4000  A:83%  89.52 matches/s  ETA 13s
2026-10-05 19:06:55,433 INFO     benchmark — 2870/4000  A:83%  89.53 matches/s  ETA 13s
2026-10-05 19:06:55,529 INFO     benchmark — 2880/4000  A:83%  89.57 matches/s  ETA 13s
2026-10-05 19:06:55,626 INFO     benchmark — 2890/4000  A:83%  89.61 matches/s  ETA 12s
2026-10-05 19:06:55,723 INFO     benchmark — 2900/4000  A:83%  89.65 matches/s  ETA 12s
2026-10-05 19:06:55,822 INFO     benchmark — 2910/4000  A:83%  89.69 matches/s  ETA 12s
2026-10-05 19:06:55,911 INFO     benchmark — 2920/4000  A:83%  89.75 matches/s  ETA 12s
2026-10-05 19:06:56,000 INFO     benchmark — 2930/4000  A:83%  89.81 matches/s  ETA 12s
2026-10-05 19:06:56,098 INFO     benchmark — 2940/4000  A:83%  89.85 matches/s  ETA 12s
2026-10-05 19:06:56,179 INFO     benchmark — 2950/4000  A:83%  89.93 matches/s  ETA 12s
2026-10-05 19:06:56,269 INFO     benchmark — 2960/4000  A:83%  89.99 matches/s  ETA 12s
2026-10-05 19:06:56,354 INFO     benchmark — 2970/4000  A:83%  90.06 matches/s  ETA 11s
2026-10-05 19:06:56,460 INFO     benchmark — 2980/4000  A:83%  90.07 matches/s  ETA 11s
2026-10-05 19:06:56,550 INFO     benchmark — 2990/4000  A:83%  90.13 matches/s  ETA 11s
2026-10-05 19:06:56,653 INFO     benchmark — 3000/4000  A:83%  90.15 matches/s  ETA 11s
2026-10-05 19:06:56,741 INFO     benchmark — 3010/4000  A:83%  90.21 matches/s  ETA 11s
2026-10-05 19:06:56,829 INFO     benchmark — 3020/4000  A:83%  90.27 matches/s  ETA 11s
2026-10-05 19:06:56,916 INFO     benchmark — 3030/4000  A:83%  90.34 matches/s  ETA 11s
2026-10-05 19:06:57,007 INFO     benchmark — 3040/4000  A:83%  90.39 matches/s  ETA 11s
2026-10-05 19:06:57,092 INFO     benchmark — 3050/4000  A:83%  90.46 matches/s  ETA 11s
2026-10-05 19:06:57,182 INFO     benchmark — 3060/4000  A:83%  90.51 matches/s  ETA 10s
2026-10-05 19:06:57,281 INFO     benchmark — 3070/4000  A:83%  90.55 matches/s  ETA 10s
2026-10-05 19:06:57,381 INFO     benchmark — 3080/4000  A:84%  90.57 matches/s  ETA 10s
2026-10-05 19:06:57,474 INFO     benchmark — 3090/4000  A:83%  90.62 matches/s  ETA 10s
2026-10-05 19:06:57,548 INFO     benchmark — 3100/4000  A:83%  90.72 matches/s  ETA 10s
2026-10-05 19:06:57,630 INFO     benchmark — 3110/4000  A:83%  90.79 matches/s  ETA 10s
2026-10-05 19:06:57,719 INFO     benchmark — 3120/4000  A:83%  90.85 matches/s  ETA 10s
2026-10-05 19:06:57,822 INFO     benchmark — 3130/4000  A:83%  90.86 matches/s  ETA 10s
2026-10-05 19:06:57,896 INFO     benchmark — 3140/4000  A:83%  90.96 matches/s  ETA 9s
2026-10-05 19:06:57,986 INFO     benchmark — 3150/4000  A:83%  91.01 matches/s  ETA 9s
2026-10-05 19:06:58,058 INFO     benchmark — 3160/4000  A:83%  91.11 matches/s  ETA 9s
2026-10-05 19:06:58,154 INFO     benchmark — 3170/4000  A:83%  91.15 matches/s  ETA 9s
2026-10-05 19:06:58,269 INFO     benchmark — 3180/4000  A:83%  91.13 matches/s  ETA 9s
2026-10-05 19:06:58,380 INFO     benchmark — 3190/4000  A:83%  91.13 matches/s  ETA 9s
2026-10-05 19:06:58,487 INFO     benchmark — 3200/4000  A:83%  91.14 matches/s  ETA 9s
2026-10-05 19:06:58,576 INFO     benchmark — 3210/4000  A:83%  91.19 matches/s  ETA 9s
2026-10-05 19:06:58,679 INFO     benchmark — 3220/4000  A:83%  91.21 matches/s  ETA 9s
2026-10-05 19:06:58,775 INFO     benchmark — 3230/4000  A:83%  91.24 matches/s  ETA 8s
2026-10-05 19:06:58,867 INFO     benchmark — 3240/4000  A:83%  91.29 matches/s  ETA 8s
2026-10-05 19:06:58,945 INFO     benchmark — 3250/4000  A:83%  91.37 matches/s  ETA 8s
2026-10-05 19:06:59,034 INFO     benchmark — 3260/4000  A:83%  91.42 matches/s  ETA 8s
2026-10-05 19:06:59,133 INFO     benchmark — 3270/4000  A:83%  91.45 matches/s  ETA 8s
2026-10-05 19:06:59,224 INFO     benchmark — 3280/4000  A:83%  91.50 matches/s  ETA 8s
2026-10-05 19:06:59,328 INFO     benchmark — 3290/4000  A:83%  91.51 matches/s  ETA 8s
2026-10-05 19:06:59,423 INFO     benchmark — 3300/4000  A:83%  91.55 matches/s  ETA 8s
2026-10-05 19:06:59,540 INFO     benchmark — 3310/4000  A:83%  91.52 matches/s  ETA 8s
2026-10-05 19:06:59,641 INFO     benchmark — 3320/4000  A:83%  91.55 matches/s  ETA 7s
2026-10-05 19:06:59,731 INFO     benchmark — 3330/4000  A:83%  91.59 matches/s  ETA 7s
2026-10-05 19:06:59,832 INFO     benchmark — 3340/4000  A:83%  91.62 matches/s  ETA 7s
2026-10-05 19:06:59,933 INFO     benchmark — 3350/4000  A:83%  91.64 matches/s  ETA 7s
2026-10-05 19:07:00,050 INFO     benchmark — 3360/4000  A:83%  91.62 matches/s  ETA 7s
2026-10-05 19:07:00,125 INFO     benchmark — 3370/4000  A:84%  91.70 matches/s  ETA 7s
2026-10-05 19:07:00,229 INFO     benchmark — 3380/4000  A:83%  91.71 matches/s  ETA 7s
2026-10-05 19:07:00,326 INFO     benchmark — 3390/4000  A:84%  91.74 matches/s  ETA 7s
2026-10-05 19:07:00,423 INFO     benchmark — 3400/4000  A:84%  91.77 matches/s  ETA 7s
2026-10-05 19:07:00,536 INFO     benchmark — 3410/4000  A:84%  91.76 matches/s  ETA 6s
2026-10-05 19:07:00,635 INFO     benchmark — 3420/4000  A:84%  91.79 matches/s  ETA 6s
2026-10-05 19:07:00,712 INFO     benchmark — 3430/4000  A:84%  91.87 matches/s  ETA 6s
2026-10-05 19:07:00,810 INFO     benchmark — 3440/4000  A:84%  91.89 matches/s  ETA 6s
2026-10-05 19:07:00,886 INFO     benchmark — 3450/4000  A:84%  91.97 matches/s  ETA 6s
2026-10-05 19:07:00,990 INFO     benchmark — 3460/4000  A:84%  91.98 matches/s  ETA 6s
2026-10-05 19:07:01,091 INFO     benchmark — 3470/4000  A:84%  92.00 matches/s  ETA 6s
2026-10-05 19:07:01,186 INFO     benchmark — 3480/4000  A:84%  92.04 matches/s  ETA 6s
2026-10-05 19:07:01,279 INFO     benchmark — 3490/4000  A:83%  92.07 matches/s  ETA 6s
2026-10-05 19:07:01,383 INFO     benchmark — 3500/4000  A:83%  92.09 matches/s  ETA 5s
2026-10-05 19:07:01,461 INFO     benchmark — 3510/4000  A:84%  92.16 matches/s  ETA 5s
2026-10-05 19:07:01,551 INFO     benchmark — 3520/4000  A:83%  92.21 matches/s  ETA 5s
2026-10-05 19:07:01,638 INFO     benchmark — 3530/4000  A:83%  92.26 matches/s  ETA 5s
2026-10-05 19:07:01,733 INFO     benchmark — 3540/4000  A:83%  92.29 matches/s  ETA 5s
2026-10-05 19:07:01,842 INFO     benchmark — 3550/4000  A:83%  92.29 matches/s  ETA 5s
2026-10-05 19:07:01,918 INFO     benchmark — 3560/4000  A:83%  92.37 matches/s  ETA 5s
2026-10-05 19:07:02,010 INFO     benchmark — 3570/4000  A:84%  92.40 matches/s  ETA 5s
2026-10-05 19:07:02,122 INFO     benchmark — 3580/4000  A:84%  92.39 matches/s  ETA 5s
2026-10-05 19:07:02,214 INFO     benchmark — 3590/4000  A:83%  92.43 matches/s  ETA 4s
2026-10-05 19:07:02,309 INFO     benchmark — 3600/4000  A:83%  92.47 matches/s  ETA 4s
2026-10-05 19:07:02,401 INFO     benchmark — 3610/4000  A:83%  92.50 matches/s  ETA 4s
2026-10-05 19:07:02,495 INFO     benchmark — 3620/4000  A:83%  92.54 matches/s  ETA 4s
2026-10-05 19:07:02,586 INFO     benchmark — 3630/4000  A:83%  92.58 matches/s  ETA 4s
2026-10-05 19:07:02,694 INFO     benchmark — 3640/4000  A:83%  92.58 matches/s  ETA 4s
2026-10-05 19:07:02,795 INFO     benchmark — 3650/4000  A:83%  92.59 matches/s  ETA 4s
2026-10-05 19:07:02,901 INFO     benchmark — 3660/4000  A:83%  92.60 matches/s  ETA 4s
2026-10-05 19:07:03,005 INFO     benchmark — 3670/4000  A:83%  92.61 matches/s  ETA 4s
2026-10-05 19:07:03,100 INFO     benchmark — 3680/4000  A:83%  92.64 matches/s  ETA 3s
2026-10-05 19:07:03,193 INFO     benchmark — 3690/4000  A:83%  92.67 matches/s  ETA 3s
2026-10-05 19:07:03,291 INFO     benchmark — 3700/4000  A:83%  92.70 matches/s  ETA 3s
2026-10-05 19:07:03,381 INFO     benchmark — 3710/4000  A:83%  92.74 matches/s  ETA 3s
2026-10-05 19:07:03,493 INFO     benchmark — 3720/4000  A:83%  92.73 matches/s  ETA 3s
2026-10-05 19:07:03,588 INFO     benchmark — 3730/4000  A:83%  92.76 matches/s  ETA 3s
2026-10-05 19:07:03,695 INFO     benchmark — 3740/4000  A:83%  92.76 matches/s  ETA 3s
2026-10-05 19:07:03,803 INFO     benchmark — 3750/4000  A:83%  92.76 matches/s  ETA 3s
2026-10-05 19:07:03,897 INFO     benchmark — 3760/4000  A:83%  92.79 matches/s  ETA 3s
2026-10-05 19:07:03,992 INFO     benchmark — 3770/4000  A:83%  92.82 matches/s  ETA 2s
2026-10-05 19:07:04,074 INFO     benchmark — 3780/4000  A:83%  92.88 matches/s  ETA 2s
2026-10-05 19:07:04,166 INFO     benchmark — 3790/4000  A:83%  92.91 matches/s  ETA 2s
2026-10-05 19:07:04,253 INFO     benchmark — 3800/4000  A:84%  92.96 matches/s  ETA 2s
2026-10-05 19:07:04,359 INFO     benchmark — 3810/4000  A:84%  92.96 matches/s  ETA 2s
2026-10-05 19:07:04,479 INFO     benchmark — 3820/4000  A:83%  92.94 matches/s  ETA 2s
2026-10-05 19:07:04,565 INFO     benchmark — 3830/4000  A:83%  92.98 matches/s  ETA 2s
2026-10-05 19:07:04,670 INFO     benchmark — 3840/4000  A:84%  92.99 matches/s  ETA 2s
2026-10-05 19:07:04,760 INFO     benchmark — 3850/4000  A:83%  93.03 matches/s  ETA 2s
2026-10-05 19:07:04,857 INFO     benchmark — 3860/4000  A:83%  93.05 matches/s  ETA 2s
2026-10-05 19:07:04,946 INFO     benchmark — 3870/4000  A:84%  93.10 matches/s  ETA 1s
2026-10-05 19:07:05,028 INFO     benchmark — 3880/4000  A:84%  93.15 matches/s  ETA 1s
2026-10-05 19:07:05,124 INFO     benchmark — 3890/4000  A:83%  93.18 matches/s  ETA 1s
2026-10-05 19:07:05,206 INFO     benchmark — 3900/4000  A:83%  93.23 matches/s  ETA 1s
2026-10-05 19:07:05,311 INFO     benchmark — 3910/4000  A:83%  93.24 matches/s  ETA 1s
2026-10-05 19:07:05,409 INFO     benchmark — 3920/4000  A:83%  93.26 matches/s  ETA 1s
2026-10-05 19:07:05,514 INFO     benchmark — 3930/4000  A:83%  93.26 matches/s  ETA 1s
2026-10-05 19:07:05,612 INFO     benchmark — 3940/4000  A:83%  93.28 matches/s  ETA 1s
2026-10-05 19:07:05,695 INFO     benchmark — 3950/4000  A:83%  93.34 matches/s  ETA 1s
2026-10-05 19:07:05,789 INFO     benchmark — 3960/4000  A:83%  93.37 matches/s  ETA 0s
2026-10-05 19:07:05,890 INFO     benchmark — 3970/4000  A:83%  93.38 matches/s  ETA 0s
2026-10-05 19:07:06,000 INFO     benchmark — 3980/4000  A:83%  93.37 matches/s  ETA 0s
2026-10-05 19:07:06,086 INFO     benchmark — 3990/4000  A:83%  93.42 matches/s  ETA 0s
2026-10-05 19:07:06,178 INFO     benchmark — 4000/4000  A:83%  93.45 matches/s  ETA 0s
2026-10-05 19:07:06,185 INFO     benchmark — wrote results/009/bc_vs_rnd.json

──────────────────────────────────────────────────
Mode:        match_rl_vs_random
Matches:      4,000
──────────────────────────────────────────────────
RL(bc_init) wins:  3,336  (83.4%)
Random wins:  664  (16.6%)
Ties:        0  (0.0%)
──────────────────────────────────────────────────

