2026-10-05 19:07:03,810 INFO     benchmark — 10/4000  A:30%  2.98 matches/s  ETA 1338s
2026-10-05 19:07:06,942 INFO     benchmark — 20/4000  A:40%  3.08 matches/s  ETA 1290s
2026-10-05 19:07:11,076 INFO     benchmark — 30/4000  A:47%  2.83 matches/s  ETA 1405s
2026-10-05 19:07:15,306 INFO     benchmark — 40/4000  A:48%  2.69 matches/s  ETA 1470s
2026-10-05 19:07:18,638 INFO     benchmark — 50/4000  A:44%  2.75 matches/s  ETA 1436s
2026-10-05 19:07:22,585 INFO     benchmark — 60/4000  A:48%  2.71 matches/s  ETA 1453s
2026-10-05 19:07:26,412 INFO     benchmark — 70/4000  A:46%  2.70 matches/s  ETA 1457s
2026-10-05 19:07:29,982 INFO     benchmark — 80/4000  A:45%  2.71 matches/s  ETA 1447s
2026-10-05 19:07:34,347 INFO     benchmark — 90/4000  A:47%  2.66 matches/s  ETA 1472s
2026-10-05 19:07:37,847 INFO     benchmark — 100/4000  A:48%  2.67 matches/s  ETA 1458s
2026-10-05 19:07:41,762 INFO     benchmark — 110/4000  A:47%  2.66 matches/s  ETA 1461s
2026-10-05 19:07:45,112 INFO     benchmark — 120/4000  A:47%  2.69 matches/s  ETA 1444s
2026-10-05 19:07:48,762 INFO     benchmark — 130/4000  A:47%  2.69 matches/s  ETA 1438s
2026-10-05 19:07:52,544 INFO     benchmark — 140/4000  A:48%  2.69 matches/s  ETA 1436s
2026-10-05 19:07:56,396 INFO     benchmark — 150/4000  A:48%  2.68 matches/s  ETA 1436s
2026-10-05 19:07:59,818 INFO     benchmark — 160/4000  A:48%  2.70 matches/s  ETA 1425s
2026-10-05 19:08:04,083 INFO     benchmark — 170/4000  A:48%  2.67 matches/s  ETA 1433s
2026-10-05 19:08:07,517 INFO     benchmark — 180/4000  A:47%  2.68 matches/s  ETA 1423s
2026-10-05 19:08:10,680 INFO     benchmark — 190/4000  A:48%  2.71 matches/s  ETA 1408s
2026-10-05 19:08:13,897 INFO     benchmark — 200/4000  A:50%  2.72 matches/s  ETA 1395s
2026-10-05 19:08:17,235 INFO     benchmark — 210/4000  A:49%  2.74 matches/s  ETA 1386s
2026-10-05 19:08:20,357 INFO     benchmark — 220/4000  A:49%  2.75 matches/s  ETA 1373s
2026-10-05 19:08:24,722 INFO     benchmark — 230/4000  A:48%  2.73 matches/s  ETA 1381s
2026-10-05 19:08:28,406 INFO     benchmark — 240/4000  A:50%  2.73 matches/s  ETA 1378s
2026-10-05 19:08:32,054 INFO     benchmark — 250/4000  A:49%  2.73 matches/s  ETA 1374s
2026-10-05 19:08:35,243 INFO     benchmark — 260/4000  A:50%  2.74 matches/s  ETA 1363s
2026-10-05 19:08:37,913 INFO     benchmark — 270/4000  A:49%  2.77 matches/s  ETA 1346s
2026-10-05 19:08:40,803 INFO     benchmark — 280/4000  A:49%  2.79 matches/s  ETA 1333s
2026-10-05 19:08:44,611 INFO     benchmark — 290/4000  A:48%  2.78 matches/s  ETA 1332s
2026-10-05 19:08:47,436 INFO     benchmark — 300/4000  A:48%  2.80 matches/s  ETA 1319s
2026-10-05 19:08:51,257 INFO     benchmark — 310/4000  A:47%  2.80 matches/s  ETA 1319s
2026-10-05 19:08:54,917 INFO     benchmark — 320/4000  A:48%  2.80 matches/s  ETA 1316s
2026-10-05 19:08:58,392 INFO     benchmark — 330/4000  A:49%  2.80 matches/s  ETA 1312s
2026-10-05 19:09:01,441 INFO     benchmark — 340/4000  A:49%  2.81 matches/s  ETA 1302s
2026-10-05 19:09:04,443 INFO     benchmark — 350/4000  A:50%  2.82 matches/s  ETA 1293s
2026-10-05 19:09:06,784 INFO     benchmark — 360/4000  A:50%  2.85 matches/s  ETA 1277s
2026-10-05 19:09:10,813 INFO     benchmark — 370/4000  A:50%  2.84 matches/s  ETA 1279s
2026-10-05 19:09:13,769 INFO     benchmark — 380/4000  A:50%  2.85 matches/s  ETA 1270s
2026-10-05 19:09:17,533 INFO     benchmark — 390/4000  A:50%  2.85 matches/s  ETA 1269s
2026-10-05 19:09:20,352 INFO     benchmark — 400/4000  A:50%  2.86 matches/s  ETA 1259s
2026-10-05 19:09:23,510 INFO     benchmark — 410/4000  A:50%  2.87 matches/s  ETA 1253s
2026-10-05 19:09:26,538 INFO     benchmark — 420/4000  A:50%  2.88 matches/s  ETA 1245s
2026-10-05 19:09:29,045 INFO     benchmark — 430/4000  A:50%  2.89 matches/s  ETA 1234s
2026-10-05 19:09:32,285 INFO     benchmark — 440/4000  A:50%  2.90 matches/s  ETA 1228s
2026-10-05 19:09:35,317 INFO     benchmark — 450/4000  A:50%  2.91 matches/s  ETA 1222s
2026-10-05 19:09:37,840 INFO     benchmark — 460/4000  A:50%  2.92 matches/s  ETA 1211s
2026-10-05 19:09:40,170 INFO     benchmark — 470/4000  A:50%  2.94 matches/s  ETA 1200s
2026-10-05 19:09:43,416 INFO     benchmark — 480/4000  A:50%  2.95 matches/s  ETA 1195s
2026-10-05 19:09:46,704 INFO     benchmark — 490/4000  A:50%  2.95 matches/s  ETA 1191s
2026-10-05 19:09:50,312 INFO     benchmark — 500/4000  A:50%  2.94 matches/s  ETA 1189s
2026-10-05 19:09:54,069 INFO     benchmark — 510/4000  A:50%  2.94 matches/s  ETA 1188s
2026-10-05 19:09:57,623 INFO     benchmark — 520/4000  A:50%  2.94 matches/s  ETA 1186s
2026-10-05 19:10:01,082 INFO     benchmark — 530/4000  A:50%  2.93 matches/s  ETA 1183s
2026-10-05 19:10:04,069 INFO     benchmark — 540/4000  A:51%  2.94 matches/s  ETA 1176s
2026-10-05 19:10:07,537 INFO     benchmark — 550/4000  A:50%  2.94 matches/s  ETA 1174s
2026-10-05 19:10:10,203 INFO     benchmark — 560/4000  A:50%  2.95 matches/s  ETA 1166s
2026-10-05 19:10:13,240 INFO     benchmark — 570/4000  A:50%  2.96 matches/s  ETA 1160s
2026-10-05 19:10:16,723 INFO     benchmark — 580/4000  A:50%  2.96 matches/s  ETA 1157s
2026-10-05 19:10:20,050 INFO     benchmark — 590/4000  A:50%  2.96 matches/s  ETA 1154s
2026-10-05 19:10:23,545 INFO     benchmark — 600/4000  A:50%  2.95 matches/s  ETA 1151s
2026-10-05 19:10:27,357 INFO     benchmark — 610/4000  A:50%  2.95 matches/s  ETA 1150s
2026-10-05 19:10:31,212 INFO     benchmark — 620/4000  A:49%  2.94 matches/s  ETA 1149s
2026-10-05 19:10:34,999 INFO     benchmark — 630/4000  A:49%  2.94 matches/s  ETA 1148s
2026-10-05 19:10:37,607 INFO     benchmark — 640/4000  A:49%  2.95 matches/s  ETA 1140s
2026-10-05 19:10:41,651 INFO     benchmark — 650/4000  A:49%  2.94 matches/s  ETA 1140s
2026-10-05 19:10:44,854 INFO     benchmark — 660/4000  A:48%  2.94 matches/s  ETA 1136s
2026-10-05 19:10:48,490 INFO     benchmark — 670/4000  A:48%  2.94 matches/s  ETA 1133s
2026-10-05 19:10:50,992 INFO     benchmark — 680/4000  A:49%  2.95 matches/s  ETA 1126s
2026-10-05 19:10:54,366 INFO     benchmark — 690/4000  A:49%  2.95 matches/s  ETA 1122s
2026-10-05 19:10:57,890 INFO     benchmark — 700/4000  A:49%  2.95 matches/s  ETA 1119s
2026-10-05 19:11:01,409 INFO     benchmark — 710/4000  A:49%  2.95 matches/s  ETA 1117s
2026-10-05 19:11:05,443 INFO     benchmark — 720/4000  A:49%  2.94 matches/s  ETA 1116s
2026-10-05 19:11:08,046 INFO     benchmark — 730/4000  A:49%  2.95 matches/s  ETA 1109s
2026-10-05 19:11:10,623 INFO     benchmark — 740/4000  A:49%  2.96 matches/s  ETA 1102s
2026-10-05 19:11:14,458 INFO     benchmark — 750/4000  A:49%  2.95 matches/s  ETA 1101s
2026-10-05 19:11:18,015 INFO     benchmark — 760/4000  A:49%  2.95 matches/s  ETA 1098s
2026-10-05 19:11:21,555 INFO     benchmark — 770/4000  A:49%  2.95 matches/s  ETA 1095s
2026-10-05 19:11:25,349 INFO     benchmark — 780/4000  A:49%  2.94 matches/s  ETA 1094s
2026-10-05 19:11:28,346 INFO     benchmark — 790/4000  A:49%  2.95 matches/s  ETA 1089s
2026-10-05 19:11:31,822 INFO     benchmark — 800/4000  A:50%  2.95 matches/s  ETA 1085s
2026-10-05 19:11:34,040 INFO     benchmark — 810/4000  A:50%  2.96 matches/s  ETA 1077s
2026-10-05 19:11:36,613 INFO     benchmark — 820/4000  A:50%  2.97 matches/s  ETA 1071s
2026-10-05 19:11:40,069 INFO     benchmark — 830/4000  A:50%  2.97 matches/s  ETA 1068s
2026-10-05 19:11:42,834 INFO     benchmark — 840/4000  A:50%  2.97 matches/s  ETA 1062s
2026-10-05 19:11:45,529 INFO     benchmark — 850/4000  A:50%  2.98 matches/s  ETA 1056s
2026-10-05 19:11:49,000 INFO     benchmark — 860/4000  A:50%  2.98 matches/s  ETA 1054s
2026-10-05 19:11:52,116 INFO     benchmark — 870/4000  A:50%  2.98 matches/s  ETA 1049s
2026-10-05 19:11:55,784 INFO     benchmark — 880/4000  A:50%  2.98 matches/s  ETA 1047s
2026-10-05 19:11:59,548 INFO     benchmark — 890/4000  A:50%  2.98 matches/s  ETA 1045s
2026-10-05 19:12:02,076 INFO     benchmark — 900/4000  A:50%  2.98 matches/s  ETA 1039s
2026-10-05 19:12:05,439 INFO     benchmark — 910/4000  A:50%  2.98 matches/s  ETA 1036s
2026-10-05 19:12:08,596 INFO     benchmark — 920/4000  A:50%  2.99 matches/s  ETA 1032s
2026-10-05 19:12:11,878 INFO     benchmark — 930/4000  A:51%  2.99 matches/s  ETA 1028s
2026-10-05 19:12:15,088 INFO     benchmark — 940/4000  A:50%  2.99 matches/s  ETA 1024s
2026-10-05 19:12:19,285 INFO     benchmark — 950/4000  A:50%  2.98 matches/s  ETA 1024s
2026-10-05 19:12:23,442 INFO     benchmark — 960/4000  A:50%  2.97 matches/s  ETA 1023s
2026-10-05 19:12:27,119 INFO     benchmark — 970/4000  A:50%  2.97 matches/s  ETA 1020s
2026-10-05 19:12:30,862 INFO     benchmark — 980/4000  A:50%  2.97 matches/s  ETA 1018s
2026-10-05 19:12:34,945 INFO     benchmark — 990/4000  A:50%  2.96 matches/s  ETA 1017s
2026-10-05 19:12:37,230 INFO     benchmark — 1000/4000  A:50%  2.97 matches/s  ETA 1010s
2026-10-05 19:12:40,633 INFO     benchmark — 1010/4000  A:50%  2.97 matches/s  ETA 1007s
2026-10-05 19:12:43,402 INFO     benchmark — 1020/4000  A:50%  2.97 matches/s  ETA 1002s
2026-10-05 19:12:46,877 INFO     benchmark — 1030/4000  A:50%  2.97 matches/s  ETA 999s
2026-10-05 19:12:50,481 INFO     benchmark — 1040/4000  A:50%  2.97 matches/s  ETA 996s
2026-10-05 19:12:53,642 INFO     benchmark — 1050/4000  A:50%  2.97 matches/s  ETA 992s
2026-10-05 19:12:57,045 INFO     benchmark — 1060/4000  A:50%  2.97 matches/s  ETA 989s
2026-10-05 19:13:00,137 INFO     benchmark — 1070/4000  A:50%  2.97 matches/s  ETA 985s
2026-10-05 19:13:02,974 INFO     benchmark — 1080/4000  A:50%  2.98 matches/s  ETA 980s
2026-10-05 19:13:05,624 INFO     benchmark — 1090/4000  A:50%  2.98 matches/s  ETA 975s
2026-10-05 19:13:09,086 INFO     benchmark — 1100/4000  A:50%  2.98 matches/s  ETA 972s
2026-10-05 19:13:12,170 INFO     benchmark — 1110/4000  A:50%  2.99 matches/s  ETA 968s
2026-10-05 19:13:15,634 INFO     benchmark — 1120/4000  A:50%  2.99 matches/s  ETA 965s
2026-10-05 19:13:18,225 INFO     benchmark — 1130/4000  A:50%  2.99 matches/s  ETA 959s
2026-10-05 19:13:21,099 INFO     benchmark — 1140/4000  A:51%  2.99 matches/s  ETA 955s
2026-10-05 19:13:24,197 INFO     benchmark — 1150/4000  A:50%  3.00 matches/s  ETA 951s
2026-10-05 19:13:26,598 INFO     benchmark — 1160/4000  A:50%  3.00 matches/s  ETA 945s
2026-10-05 19:13:30,314 INFO     benchmark — 1170/4000  A:50%  3.00 matches/s  ETA 943s
2026-10-05 19:13:32,911 INFO     benchmark — 1180/4000  A:50%  3.01 matches/s  ETA 938s
2026-10-05 19:13:35,550 INFO     benchmark — 1190/4000  A:50%  3.01 matches/s  ETA 933s
2026-10-05 19:13:39,173 INFO     benchmark — 1200/4000  A:50%  3.01 matches/s  ETA 930s
2026-10-05 19:13:42,860 INFO     benchmark — 1210/4000  A:50%  3.01 matches/s  ETA 928s
2026-10-05 19:13:46,869 INFO     benchmark — 1220/4000  A:50%  3.00 matches/s  ETA 926s
2026-10-05 19:13:49,692 INFO     benchmark — 1230/4000  A:50%  3.01 matches/s  ETA 922s
2026-10-05 19:13:53,616 INFO     benchmark — 1240/4000  A:50%  3.00 matches/s  ETA 920s
2026-10-05 19:13:56,835 INFO     benchmark — 1250/4000  A:50%  3.00 matches/s  ETA 916s
2026-10-05 19:14:00,355 INFO     benchmark — 1260/4000  A:51%  3.00 matches/s  ETA 913s
2026-10-05 19:14:03,457 INFO     benchmark — 1270/4000  A:51%  3.00 matches/s  ETA 909s
2026-10-05 19:14:06,756 INFO     benchmark — 1280/4000  A:50%  3.00 matches/s  ETA 906s
2026-10-05 19:14:10,508 INFO     benchmark — 1290/4000  A:50%  3.00 matches/s  ETA 903s
2026-10-05 19:14:14,038 INFO     benchmark — 1300/4000  A:50%  3.00 matches/s  ETA 901s
2026-10-05 19:14:17,839 INFO     benchmark — 1310/4000  A:51%  3.00 matches/s  ETA 898s
2026-10-05 19:14:20,869 INFO     benchmark — 1320/4000  A:51%  3.00 matches/s  ETA 894s
2026-10-05 19:14:24,233 INFO     benchmark — 1330/4000  A:51%  3.00 matches/s  ETA 891s
2026-10-05 19:14:27,736 INFO     benchmark — 1340/4000  A:51%  3.00 matches/s  ETA 888s
2026-10-05 19:14:30,672 INFO     benchmark — 1350/4000  A:50%  3.00 matches/s  ETA 884s
2026-10-05 19:14:34,208 INFO     benchmark — 1360/4000  A:51%  3.00 matches/s  ETA 881s
2026-10-05 19:14:37,706 INFO     benchmark — 1370/4000  A:51%  3.00 matches/s  ETA 878s
2026-10-05 19:14:41,827 INFO     benchmark — 1380/4000  A:51%  2.99 matches/s  ETA 876s
2026-10-05 19:14:43,875 INFO     benchmark — 1390/4000  A:50%  3.00 matches/s  ETA 870s
2026-10-05 19:14:47,238 INFO     benchmark — 1400/4000  A:51%  3.00 matches/s  ETA 867s
2026-10-05 19:14:51,084 INFO     benchmark — 1410/4000  A:51%  3.00 matches/s  ETA 864s
2026-10-05 19:14:54,618 INFO     benchmark — 1420/4000  A:51%  2.99 matches/s  ETA 862s
2026-10-05 19:14:57,867 INFO     benchmark — 1430/4000  A:51%  3.00 matches/s  ETA 858s
2026-10-05 19:15:01,459 INFO     benchmark — 1440/4000  A:51%  2.99 matches/s  ETA 855s
2026-10-05 19:15:04,801 INFO     benchmark — 1450/4000  A:51%  2.99 matches/s  ETA 852s
2026-10-05 19:15:07,481 INFO     benchmark — 1460/4000  A:51%  3.00 matches/s  ETA 847s
2026-10-05 19:15:10,823 INFO     benchmark — 1470/4000  A:51%  3.00 matches/s  ETA 844s
2026-10-05 19:15:13,416 INFO     benchmark — 1480/4000  A:51%  3.00 matches/s  ETA 839s
2026-10-05 19:15:16,773 INFO     benchmark — 1490/4000  A:51%  3.00 matches/s  ETA 836s
2026-10-05 19:15:19,646 INFO     benchmark — 1500/4000  A:51%  3.00 matches/s  ETA 832s
2026-10-05 19:15:23,132 INFO     benchmark — 1510/4000  A:51%  3.00 matches/s  ETA 829s
2026-10-05 19:15:25,720 INFO     benchmark — 1520/4000  A:51%  3.01 matches/s  ETA 824s
2026-10-05 19:15:28,763 INFO     benchmark — 1530/4000  A:50%  3.01 matches/s  ETA 821s
2026-10-05 19:15:32,308 INFO     benchmark — 1540/4000  A:50%  3.01 matches/s  ETA 818s
2026-10-05 19:15:35,625 INFO     benchmark — 1550/4000  A:50%  3.01 matches/s  ETA 814s
2026-10-05 19:15:39,218 INFO     benchmark — 1560/4000  A:50%  3.01 matches/s  ETA 811s
2026-10-05 19:15:42,302 INFO     benchmark — 1570/4000  A:50%  3.01 matches/s  ETA 808s
2026-10-05 19:15:45,491 INFO     benchmark — 1580/4000  A:50%  3.01 matches/s  ETA 804s
2026-10-05 19:15:49,497 INFO     benchmark — 1590/4000  A:50%  3.01 matches/s  ETA 802s
2026-10-05 19:15:53,947 INFO     benchmark — 1600/4000  A:50%  3.00 matches/s  ETA 800s
2026-10-05 19:15:58,010 INFO     benchmark — 1610/4000  A:50%  3.00 matches/s  ETA 798s
2026-10-05 19:16:01,637 INFO     benchmark — 1620/4000  A:50%  2.99 matches/s  ETA 795s
2026-10-05 19:16:05,620 INFO     benchmark — 1630/4000  A:50%  2.99 matches/s  ETA 793s
2026-10-05 19:16:09,111 INFO     benchmark — 1640/4000  A:50%  2.99 matches/s  ETA 790s
2026-10-05 19:16:11,515 INFO     benchmark — 1650/4000  A:50%  2.99 matches/s  ETA 785s
2026-10-05 19:16:14,859 INFO     benchmark — 1660/4000  A:50%  2.99 matches/s  ETA 782s
2026-10-05 19:16:18,457 INFO     benchmark — 1670/4000  A:50%  2.99 matches/s  ETA 779s
2026-10-05 19:16:21,652 INFO     benchmark — 1680/4000  A:50%  2.99 matches/s  ETA 775s
2026-10-05 19:16:25,485 INFO     benchmark — 1690/4000  A:50%  2.99 matches/s  ETA 772s
2026-10-05 19:16:28,541 INFO     benchmark — 1700/4000  A:50%  2.99 matches/s  ETA 769s
2026-10-05 19:16:31,520 INFO     benchmark — 1710/4000  A:50%  2.99 matches/s  ETA 765s
2026-10-05 19:16:35,382 INFO     benchmark — 1720/4000  A:50%  2.99 matches/s  ETA 762s
2026-10-05 19:16:38,821 INFO     benchmark — 1730/4000  A:50%  2.99 matches/s  ETA 759s
2026-10-05 19:16:42,101 INFO     benchmark — 1740/4000  A:50%  2.99 matches/s  ETA 755s
2026-10-05 19:16:44,800 INFO     benchmark — 1750/4000  A:50%  2.99 matches/s  ETA 751s
2026-10-05 19:16:48,710 INFO     benchmark — 1760/4000  A:50%  2.99 matches/s  ETA 749s
2026-10-05 19:16:52,104 INFO     benchmark — 1770/4000  A:50%  2.99 matches/s  ETA 745s
2026-10-05 19:16:55,505 INFO     benchmark — 1780/4000  A:50%  2.99 matches/s  ETA 742s
2026-10-05 19:16:59,313 INFO     benchmark — 1790/4000  A:50%  2.99 matches/s  ETA 739s
2026-10-05 19:17:02,195 INFO     benchmark — 1800/4000  A:50%  2.99 matches/s  ETA 735s
2026-10-05 19:17:04,929 INFO     benchmark — 1810/4000  A:50%  2.99 matches/s  ETA 731s
2026-10-05 19:17:07,935 INFO     benchmark — 1820/4000  A:50%  3.00 matches/s  ETA 728s
2026-10-05 19:17:11,379 INFO     benchmark — 1830/4000  A:50%  3.00 matches/s  ETA 724s
2026-10-05 19:17:14,157 INFO     benchmark — 1840/4000  A:50%  3.00 matches/s  ETA 720s
2026-10-05 19:17:16,874 INFO     benchmark — 1850/4000  A:50%  3.00 matches/s  ETA 716s
2026-10-05 19:17:20,199 INFO     benchmark — 1860/4000  A:50%  3.00 matches/s  ETA 713s
2026-10-05 19:17:22,714 INFO     benchmark — 1870/4000  A:50%  3.01 matches/s  ETA 709s
2026-10-05 19:17:25,872 INFO     benchmark — 1880/4000  A:50%  3.01 matches/s  ETA 705s
2026-10-05 19:17:29,626 INFO     benchmark — 1890/4000  A:50%  3.00 matches/s  ETA 702s
2026-10-05 19:17:32,569 INFO     benchmark — 1900/4000  A:50%  3.01 matches/s  ETA 699s
2026-10-05 19:17:35,538 INFO     benchmark — 1910/4000  A:50%  3.01 matches/s  ETA 695s
2026-10-05 19:17:38,938 INFO     benchmark — 1920/4000  A:50%  3.01 matches/s  ETA 692s
2026-10-05 19:17:42,626 INFO     benchmark — 1930/4000  A:50%  3.01 matches/s  ETA 689s
2026-10-05 19:17:46,364 INFO     benchmark — 1940/4000  A:50%  3.00 matches/s  ETA 686s
2026-10-05 19:17:49,920 INFO     benchmark — 1950/4000  A:50%  3.00 matches/s  ETA 683s
2026-10-05 19:17:52,877 INFO     benchmark — 1960/4000  A:50%  3.00 matches/s  ETA 679s
2026-10-05 19:17:55,131 INFO     benchmark — 1970/4000  A:50%  3.01 matches/s  ETA 675s
2026-10-05 19:17:58,219 INFO     benchmark — 1980/4000  A:51%  3.01 matches/s  ETA 671s
2026-10-05 19:18:02,010 INFO     benchmark — 1990/4000  A:51%  3.01 matches/s  ETA 668s
2026-10-05 19:18:05,410 INFO     benchmark — 2000/4000  A:51%  3.01 matches/s  ETA 665s
2026-10-05 19:18:09,103 INFO     benchmark — 2010/4000  A:51%  3.01 matches/s  ETA 662s
2026-10-05 19:18:11,345 INFO     benchmark — 2020/4000  A:51%  3.01 matches/s  ETA 658s
2026-10-05 19:18:14,481 INFO     benchmark — 2030/4000  A:50%  3.01 matches/s  ETA 654s
2026-10-05 19:18:17,212 INFO     benchmark — 2040/4000  A:50%  3.01 matches/s  ETA 650s
2026-10-05 19:18:20,381 INFO     benchmark — 2050/4000  A:50%  3.02 matches/s  ETA 647s
2026-10-05 19:18:23,521 INFO     benchmark — 2060/4000  A:50%  3.02 matches/s  ETA 643s
2026-10-05 19:18:26,637 INFO     benchmark — 2070/4000  A:51%  3.02 matches/s  ETA 640s
2026-10-05 19:18:29,334 INFO     benchmark — 2080/4000  A:51%  3.02 matches/s  ETA 636s
2026-10-05 19:18:32,991 INFO     benchmark — 2090/4000  A:51%  3.02 matches/s  ETA 633s
2026-10-05 19:18:37,086 INFO     benchmark — 2100/4000  A:51%  3.01 matches/s  ETA 630s
2026-10-05 19:18:39,607 INFO     benchmark — 2110/4000  A:51%  3.02 matches/s  ETA 626s
2026-10-05 19:18:42,812 INFO     benchmark — 2120/4000  A:51%  3.02 matches/s  ETA 623s
2026-10-05 19:18:45,999 INFO     benchmark — 2130/4000  A:51%  3.02 matches/s  ETA 619s
2026-10-05 19:18:48,879 INFO     benchmark — 2140/4000  A:51%  3.02 matches/s  ETA 616s
2026-10-05 19:18:52,740 INFO     benchmark — 2150/4000  A:51%  3.02 matches/s  ETA 613s
2026-10-05 19:18:55,511 INFO     benchmark — 2160/4000  A:51%  3.02 matches/s  ETA 609s
2026-10-05 19:18:58,526 INFO     benchmark — 2170/4000  A:51%  3.02 matches/s  ETA 606s
2026-10-05 19:19:02,097 INFO     benchmark — 2180/4000  A:51%  3.02 matches/s  ETA 602s
2026-10-05 19:19:05,166 INFO     benchmark — 2190/4000  A:51%  3.02 matches/s  ETA 599s
2026-10-05 19:19:09,207 INFO     benchmark — 2200/4000  A:51%  3.02 matches/s  ETA 596s
2026-10-05 19:19:12,050 INFO     benchmark — 2210/4000  A:51%  3.02 matches/s  ETA 593s
2026-10-05 19:19:15,228 INFO     benchmark — 2220/4000  A:51%  3.02 matches/s  ETA 589s
2026-10-05 19:19:18,072 INFO     benchmark — 2230/4000  A:51%  3.02 matches/s  ETA 585s
2026-10-05 19:19:20,904 INFO     benchmark — 2240/4000  A:51%  3.03 matches/s  ETA 582s
2026-10-05 19:19:24,057 INFO     benchmark — 2250/4000  A:51%  3.03 matches/s  ETA 578s
2026-10-05 19:19:27,944 INFO     benchmark — 2260/4000  A:50%  3.02 matches/s  ETA 575s
2026-10-05 19:19:31,802 INFO     benchmark — 2270/4000  A:50%  3.02 matches/s  ETA 573s
2026-10-05 19:19:35,531 INFO     benchmark — 2280/4000  A:50%  3.02 matches/s  ETA 570s
2026-10-05 19:19:38,619 INFO     benchmark — 2290/4000  A:50%  3.02 matches/s  ETA 566s
2026-10-05 19:19:41,511 INFO     benchmark — 2300/4000  A:50%  3.02 matches/s  ETA 563s
2026-10-05 19:19:44,476 INFO     benchmark — 2310/4000  A:50%  3.02 matches/s  ETA 559s
2026-10-05 19:19:48,763 INFO     benchmark — 2320/4000  A:50%  3.02 matches/s  ETA 556s
2026-10-05 19:19:52,084 INFO     benchmark — 2330/4000  A:50%  3.02 matches/s  ETA 553s
2026-10-05 19:19:55,472 INFO     benchmark — 2340/4000  A:50%  3.02 matches/s  ETA 550s
2026-10-05 19:19:59,352 INFO     benchmark — 2350/4000  A:50%  3.02 matches/s  ETA 547s
2026-10-05 19:20:02,815 INFO     benchmark — 2360/4000  A:50%  3.02 matches/s  ETA 544s
2026-10-05 19:20:05,993 INFO     benchmark — 2370/4000  A:50%  3.02 matches/s  ETA 540s
2026-10-05 19:20:09,786 INFO     benchmark — 2380/4000  A:50%  3.02 matches/s  ETA 537s
2026-10-05 19:20:13,049 INFO     benchmark — 2390/4000  A:50%  3.02 matches/s  ETA 534s
2026-10-05 19:20:16,277 INFO     benchmark — 2400/4000  A:50%  3.02 matches/s  ETA 531s
2026-10-05 19:20:20,098 INFO     benchmark — 2410/4000  A:50%  3.01 matches/s  ETA 528s
2026-10-05 19:20:24,069 INFO     benchmark — 2420/4000  A:50%  3.01 matches/s  ETA 525s
2026-10-05 19:20:27,064 INFO     benchmark — 2430/4000  A:50%  3.01 matches/s  ETA 521s
2026-10-05 19:20:29,513 INFO     benchmark — 2440/4000  A:50%  3.02 matches/s  ETA 517s
2026-10-05 19:20:32,421 INFO     benchmark — 2450/4000  A:49%  3.02 matches/s  ETA 514s
2026-10-05 19:20:36,145 INFO     benchmark — 2460/4000  A:49%  3.02 matches/s  ETA 511s
2026-10-05 19:20:38,938 INFO     benchmark — 2470/4000  A:50%  3.02 matches/s  ETA 507s
2026-10-05 19:20:42,107 INFO     benchmark — 2480/4000  A:50%  3.02 matches/s  ETA 504s
2026-10-05 19:20:46,010 INFO     benchmark — 2490/4000  A:50%  3.02 matches/s  ETA 501s
2026-10-05 19:20:49,629 INFO     benchmark — 2500/4000  A:49%  3.02 matches/s  ETA 498s
2026-10-05 19:20:53,062 INFO     benchmark — 2510/4000  A:49%  3.01 matches/s  ETA 494s
2026-10-05 19:20:56,550 INFO     benchmark — 2520/4000  A:49%  3.01 matches/s  ETA 491s
2026-10-05 19:20:59,502 INFO     benchmark — 2530/4000  A:49%  3.02 matches/s  ETA 488s
2026-10-05 19:21:02,040 INFO     benchmark — 2540/4000  A:49%  3.02 matches/s  ETA 484s
2026-10-05 19:21:05,296 INFO     benchmark — 2550/4000  A:49%  3.02 matches/s  ETA 480s
2026-10-05 19:21:08,363 INFO     benchmark — 2560/4000  A:49%  3.02 matches/s  ETA 477s
2026-10-05 19:21:12,432 INFO     benchmark — 2570/4000  A:49%  3.02 matches/s  ETA 474s
2026-10-05 19:21:14,936 INFO     benchmark — 2580/4000  A:49%  3.02 matches/s  ETA 470s
2026-10-05 19:21:18,376 INFO     benchmark — 2590/4000  A:49%  3.02 matches/s  ETA 467s
2026-10-05 19:21:22,109 INFO     benchmark — 2600/4000  A:49%  3.02 matches/s  ETA 464s
2026-10-05 19:21:26,070 INFO     benchmark — 2610/4000  A:49%  3.02 matches/s  ETA 461s
2026-10-05 19:21:29,187 INFO     benchmark — 2620/4000  A:49%  3.02 matches/s  ETA 458s
2026-10-05 19:21:31,712 INFO     benchmark — 2630/4000  A:49%  3.02 matches/s  ETA 454s
2026-10-05 19:21:35,840 INFO     benchmark — 2640/4000  A:49%  3.02 matches/s  ETA 451s
2026-10-05 19:21:39,743 INFO     benchmark — 2650/4000  A:49%  3.01 matches/s  ETA 448s
2026-10-05 19:21:43,422 INFO     benchmark — 2660/4000  A:49%  3.01 matches/s  ETA 445s
2026-10-05 19:21:46,920 INFO     benchmark — 2670/4000  A:49%  3.01 matches/s  ETA 442s
2026-10-05 19:21:50,348 INFO     benchmark — 2680/4000  A:49%  3.01 matches/s  ETA 438s
2026-10-05 19:21:52,079 INFO     benchmark — 2690/4000  A:49%  3.02 matches/s  ETA 434s
2026-10-05 19:21:55,675 INFO     benchmark — 2700/4000  A:49%  3.02 matches/s  ETA 431s
2026-10-05 19:21:58,762 INFO     benchmark — 2710/4000  A:49%  3.02 matches/s  ETA 428s
2026-10-05 19:22:02,293 INFO     benchmark — 2720/4000  A:49%  3.02 matches/s  ETA 424s
2026-10-05 19:22:05,106 INFO     benchmark — 2730/4000  A:49%  3.02 matches/s  ETA 421s
2026-10-05 19:22:08,934 INFO     benchmark — 2740/4000  A:49%  3.02 matches/s  ETA 418s
2026-10-05 19:22:11,726 INFO     benchmark — 2750/4000  A:49%  3.02 matches/s  ETA 414s
2026-10-05 19:22:15,537 INFO     benchmark — 2760/4000  A:49%  3.02 matches/s  ETA 411s
2026-10-05 19:22:18,236 INFO     benchmark — 2770/4000  A:49%  3.02 matches/s  ETA 408s
2026-10-05 19:22:22,262 INFO     benchmark — 2780/4000  A:49%  3.02 matches/s  ETA 405s
2026-10-05 19:22:25,380 INFO     benchmark — 2790/4000  A:49%  3.02 matches/s  ETA 401s
2026-10-05 19:22:29,601 INFO     benchmark — 2800/4000  A:49%  3.01 matches/s  ETA 398s
2026-10-05 19:22:32,633 INFO     benchmark — 2810/4000  A:50%  3.01 matches/s  ETA 395s
2026-10-05 19:22:35,166 INFO     benchmark — 2820/4000  A:49%  3.02 matches/s  ETA 391s
2026-10-05 19:22:38,578 INFO     benchmark — 2830/4000  A:49%  3.02 matches/s  ETA 388s
2026-10-05 19:22:43,023 INFO     benchmark — 2840/4000  A:49%  3.01 matches/s  ETA 385s
2026-10-05 19:22:45,667 INFO     benchmark — 2850/4000  A:49%  3.02 matches/s  ETA 381s
2026-10-05 19:22:48,673 INFO     benchmark — 2860/4000  A:49%  3.02 matches/s  ETA 378s
2026-10-05 19:22:52,748 INFO     benchmark — 2870/4000  A:49%  3.01 matches/s  ETA 375s
2026-10-05 19:22:56,932 INFO     benchmark — 2880/4000  A:49%  3.01 matches/s  ETA 372s
2026-10-05 19:23:00,543 INFO     benchmark — 2890/4000  A:49%  3.01 matches/s  ETA 369s
2026-10-05 19:23:02,731 INFO     benchmark — 2900/4000  A:49%  3.01 matches/s  ETA 365s
2026-10-05 19:23:05,593 INFO     benchmark — 2910/4000  A:49%  3.02 matches/s  ETA 362s
2026-10-05 19:23:10,065 INFO     benchmark — 2920/4000  A:49%  3.01 matches/s  ETA 359s
2026-10-05 19:23:13,234 INFO     benchmark — 2930/4000  A:49%  3.01 matches/s  ETA 355s
2026-10-05 19:23:15,842 INFO     benchmark — 2940/4000  A:49%  3.01 matches/s  ETA 352s
2026-10-05 19:23:19,164 INFO     benchmark — 2950/4000  A:49%  3.01 matches/s  ETA 348s
2026-10-05 19:23:23,048 INFO     benchmark — 2960/4000  A:50%  3.01 matches/s  ETA 345s
2026-10-05 19:23:26,484 INFO     benchmark — 2970/4000  A:50%  3.01 matches/s  ETA 342s
2026-10-05 19:23:30,311 INFO     benchmark — 2980/4000  A:50%  3.01 matches/s  ETA 339s
2026-10-05 19:23:33,625 INFO     benchmark — 2990/4000  A:50%  3.01 matches/s  ETA 335s
2026-10-05 19:23:37,173 INFO     benchmark — 3000/4000  A:50%  3.01 matches/s  ETA 332s
2026-10-05 19:23:40,386 INFO     benchmark — 3010/4000  A:50%  3.01 matches/s  ETA 329s
2026-10-05 19:23:44,290 INFO     benchmark — 3020/4000  A:50%  3.01 matches/s  ETA 326s
2026-10-05 19:23:48,207 INFO     benchmark — 3030/4000  A:50%  3.01 matches/s  ETA 323s
2026-10-05 19:23:50,836 INFO     benchmark — 3040/4000  A:50%  3.01 matches/s  ETA 319s
2026-10-05 19:23:53,945 INFO     benchmark — 3050/4000  A:50%  3.01 matches/s  ETA 316s
2026-10-05 19:23:57,008 INFO     benchmark — 3060/4000  A:50%  3.01 matches/s  ETA 312s
2026-10-05 19:24:00,653 INFO     benchmark — 3070/4000  A:50%  3.01 matches/s  ETA 309s
2026-10-05 19:24:04,298 INFO     benchmark — 3080/4000  A:50%  3.01 matches/s  ETA 306s
2026-10-05 19:24:07,177 INFO     benchmark — 3090/4000  A:50%  3.01 matches/s  ETA 302s
2026-10-05 19:24:10,397 INFO     benchmark — 3100/4000  A:50%  3.01 matches/s  ETA 299s
2026-10-05 19:24:14,127 INFO     benchmark — 3110/4000  A:50%  3.01 matches/s  ETA 296s
2026-10-05 19:24:16,970 INFO     benchmark — 3120/4000  A:50%  3.01 matches/s  ETA 292s
2026-10-05 19:24:20,348 INFO     benchmark — 3130/4000  A:50%  3.01 matches/s  ETA 289s
2026-10-05 19:24:23,781 INFO     benchmark — 3140/4000  A:50%  3.01 matches/s  ETA 286s
2026-10-05 19:24:26,140 INFO     benchmark — 3150/4000  A:50%  3.01 matches/s  ETA 282s
2026-10-05 19:24:30,154 INFO     benchmark — 3160/4000  A:50%  3.01 matches/s  ETA 279s
2026-10-05 19:24:33,910 INFO     benchmark — 3170/4000  A:50%  3.01 matches/s  ETA 276s
2026-10-05 19:24:37,829 INFO     benchmark — 3180/4000  A:50%  3.01 matches/s  ETA 273s
2026-10-05 19:24:41,470 INFO     benchmark — 3190/4000  A:50%  3.01 matches/s  ETA 269s
2026-10-05 19:24:45,375 INFO     benchmark — 3200/4000  A:50%  3.00 matches/s  ETA 266s
2026-10-05 19:24:49,201 INFO     benchmark — 3210/4000  A:50%  3.00 matches/s  ETA 263s
2026-10-05 19:24:52,391 INFO     benchmark — 3220/4000  A:50%  3.00 matches/s  ETA 260s
2026-10-05 19:24:55,932 INFO     benchmark — 3230/4000  A:50%  3.00 matches/s  ETA 256s
2026-10-05 19:24:59,468 INFO     benchmark — 3240/4000  A:50%  3.00 matches/s  ETA 253s
2026-10-05 19:25:02,882 INFO     benchmark — 3250/4000  A:50%  3.00 matches/s  ETA 250s
2026-10-05 19:25:05,643 INFO     benchmark — 3260/4000  A:50%  3.00 matches/s  ETA 246s
2026-10-05 19:25:08,952 INFO     benchmark — 3270/4000  A:50%  3.00 matches/s  ETA 243s
2026-10-05 19:25:11,857 INFO     benchmark — 3280/4000  A:50%  3.01 matches/s  ETA 240s
2026-10-05 19:25:15,290 INFO     benchmark — 3290/4000  A:50%  3.01 matches/s  ETA 236s
2026-10-05 19:25:18,188 INFO     benchmark — 3300/4000  A:50%  3.01 matches/s  ETA 233s
2026-10-05 19:25:21,748 INFO     benchmark — 3310/4000  A:50%  3.01 matches/s  ETA 230s
2026-10-05 19:25:24,501 INFO     benchmark — 3320/4000  A:50%  3.01 matches/s  ETA 226s
2026-10-05 19:25:29,024 INFO     benchmark — 3330/4000  A:50%  3.00 matches/s  ETA 223s
2026-10-05 19:25:32,528 INFO     benchmark — 3340/4000  A:50%  3.00 matches/s  ETA 220s
2026-10-05 19:25:36,250 INFO     benchmark — 3350/4000  A:50%  3.00 matches/s  ETA 216s
2026-10-05 19:25:39,446 INFO     benchmark — 3360/4000  A:50%  3.00 matches/s  ETA 213s
2026-10-05 19:25:43,740 INFO     benchmark — 3370/4000  A:50%  3.00 matches/s  ETA 210s
2026-10-05 19:25:46,712 INFO     benchmark — 3380/4000  A:50%  3.00 matches/s  ETA 207s
2026-10-05 19:25:50,472 INFO     benchmark — 3390/4000  A:50%  3.00 matches/s  ETA 203s
2026-10-05 19:25:53,991 INFO     benchmark — 3400/4000  A:50%  3.00 matches/s  ETA 200s
2026-10-05 19:25:57,930 INFO     benchmark — 3410/4000  A:50%  3.00 matches/s  ETA 197s
2026-10-05 19:26:01,824 INFO     benchmark — 3420/4000  A:50%  3.00 matches/s  ETA 194s
2026-10-05 19:26:05,040 INFO     benchmark — 3430/4000  A:50%  3.00 matches/s  ETA 190s
2026-10-05 19:26:08,500 INFO     benchmark — 3440/4000  A:50%  3.00 matches/s  ETA 187s
2026-10-05 19:26:11,704 INFO     benchmark — 3450/4000  A:50%  3.00 matches/s  ETA 184s
2026-10-05 19:26:15,163 INFO     benchmark — 3460/4000  A:50%  3.00 matches/s  ETA 180s
2026-10-05 19:26:18,077 INFO     benchmark — 3470/4000  A:50%  3.00 matches/s  ETA 177s
2026-10-05 19:26:21,503 INFO     benchmark — 3480/4000  A:50%  3.00 matches/s  ETA 173s
2026-10-05 19:26:24,261 INFO     benchmark — 3490/4000  A:50%  3.00 matches/s  ETA 170s
2026-10-05 19:26:28,220 INFO     benchmark — 3500/4000  A:50%  3.00 matches/s  ETA 167s
2026-10-05 19:26:31,626 INFO     benchmark — 3510/4000  A:50%  3.00 matches/s  ETA 163s
2026-10-05 19:26:35,476 INFO     benchmark — 3520/4000  A:50%  3.00 matches/s  ETA 160s
2026-10-05 19:26:38,811 INFO     benchmark — 3530/4000  A:50%  3.00 matches/s  ETA 157s
2026-10-05 19:26:42,372 INFO     benchmark — 3540/4000  A:50%  3.00 matches/s  ETA 154s
2026-10-05 19:26:46,063 INFO     benchmark — 3550/4000  A:50%  2.99 matches/s  ETA 150s
2026-10-05 19:26:50,099 INFO     benchmark — 3560/4000  A:50%  2.99 matches/s  ETA 147s
2026-10-05 19:26:53,546 INFO     benchmark — 3570/4000  A:50%  2.99 matches/s  ETA 144s
2026-10-05 19:26:56,346 INFO     benchmark — 3580/4000  A:50%  2.99 matches/s  ETA 140s
2026-10-05 19:26:58,990 INFO     benchmark — 3590/4000  A:50%  3.00 matches/s  ETA 137s
2026-10-05 19:27:02,503 INFO     benchmark — 3600/4000  A:50%  2.99 matches/s  ETA 134s
2026-10-05 19:27:05,429 INFO     benchmark — 3610/4000  A:50%  3.00 matches/s  ETA 130s
2026-10-05 19:27:07,907 INFO     benchmark — 3620/4000  A:50%  3.00 matches/s  ETA 127s
2026-10-05 19:27:10,881 INFO     benchmark — 3630/4000  A:50%  3.00 matches/s  ETA 123s
2026-10-05 19:27:14,451 INFO     benchmark — 3640/4000  A:50%  3.00 matches/s  ETA 120s
2026-10-05 19:27:17,456 INFO     benchmark — 3650/4000  A:50%  3.00 matches/s  ETA 117s
2026-10-05 19:27:20,735 INFO     benchmark — 3660/4000  A:50%  3.00 matches/s  ETA 113s
2026-10-05 19:27:23,520 INFO     benchmark — 3670/4000  A:50%  3.00 matches/s  ETA 110s
2026-10-05 19:27:27,076 INFO     benchmark — 3680/4000  A:50%  3.00 matches/s  ETA 107s
2026-10-05 19:27:29,814 INFO     benchmark — 3690/4000  A:50%  3.00 matches/s  ETA 103s
2026-10-05 19:27:32,772 INFO     benchmark — 3700/4000  A:50%  3.00 matches/s  ETA 100s
2026-10-05 19:27:36,032 INFO     benchmark — 3710/4000  A:50%  3.00 matches/s  ETA 97s
2026-10-05 19:27:39,709 INFO     benchmark — 3720/4000  A:50%  3.00 matches/s  ETA 93s
2026-10-05 19:27:43,278 INFO     benchmark — 3730/4000  A:50%  3.00 matches/s  ETA 90s
2026-10-05 19:27:45,909 INFO     benchmark — 3740/4000  A:50%  3.00 matches/s  ETA 87s
2026-10-05 19:27:48,707 INFO     benchmark — 3750/4000  A:50%  3.00 matches/s  ETA 83s
2026-10-05 19:27:51,894 INFO     benchmark — 3760/4000  A:50%  3.00 matches/s  ETA 80s
2026-10-05 19:27:54,912 INFO     benchmark — 3770/4000  A:50%  3.01 matches/s  ETA 77s
2026-10-05 19:27:57,855 INFO     benchmark — 3780/4000  A:50%  3.01 matches/s  ETA 73s
2026-10-05 19:28:00,984 INFO     benchmark — 3790/4000  A:50%  3.01 matches/s  ETA 70s
2026-10-05 19:28:03,584 INFO     benchmark — 3800/4000  A:50%  3.01 matches/s  ETA 66s
2026-10-05 19:28:07,660 INFO     benchmark — 3810/4000  A:50%  3.01 matches/s  ETA 63s
2026-10-05 19:28:10,371 INFO     benchmark — 3820/4000  A:50%  3.01 matches/s  ETA 60s
2026-10-05 19:28:12,609 INFO     benchmark — 3830/4000  A:50%  3.01 matches/s  ETA 56s
2026-10-05 19:28:16,006 INFO     benchmark — 3840/4000  A:50%  3.01 matches/s  ETA 53s
2026-10-05 19:28:18,474 INFO     benchmark — 3850/4000  A:50%  3.01 matches/s  ETA 50s
2026-10-05 19:28:22,172 INFO     benchmark — 3860/4000  A:50%  3.01 matches/s  ETA 46s
2026-10-05 19:28:25,533 INFO     benchmark — 3870/4000  A:50%  3.01 matches/s  ETA 43s
2026-10-05 19:28:29,021 INFO     benchmark — 3880/4000  A:50%  3.01 matches/s  ETA 40s
2026-10-05 19:28:32,013 INFO     benchmark — 3890/4000  A:50%  3.01 matches/s  ETA 37s
2026-10-05 19:28:35,470 INFO     benchmark — 3900/4000  A:50%  3.01 matches/s  ETA 33s
2026-10-05 19:28:38,772 INFO     benchmark — 3910/4000  A:50%  3.01 matches/s  ETA 30s
2026-10-05 19:28:42,051 INFO     benchmark — 3920/4000  A:50%  3.01 matches/s  ETA 27s
2026-10-05 19:28:44,384 INFO     benchmark — 3930/4000  A:50%  3.01 matches/s  ETA 23s
2026-10-05 19:28:47,736 INFO     benchmark — 3940/4000  A:50%  3.01 matches/s  ETA 20s
2026-10-05 19:28:50,677 INFO     benchmark — 3950/4000  A:50%  3.01 matches/s  ETA 17s
2026-10-05 19:28:53,763 INFO     benchmark — 3960/4000  A:50%  3.02 matches/s  ETA 13s
2026-10-05 19:28:57,351 INFO     benchmark — 3970/4000  A:50%  3.01 matches/s  ETA 10s
2026-10-05 19:29:00,455 INFO     benchmark — 3980/4000  A:50%  3.02 matches/s  ETA 7s
2026-10-05 19:29:03,534 INFO     benchmark — 3990/4000  A:50%  3.02 matches/s  ETA 3s
2026-10-05 19:29:06,996 INFO     benchmark — 4000/4000  A:50%  3.02 matches/s  ETA 0s
2026-10-05 19:29:07,002 INFO     benchmark — wrote results/009/bc_vs_vn.json

──────────────────────────────────────────────────
Mode:        match_rl_vs_vonneumann
Matches:      4,000
──────────────────────────────────────────────────
RL(bc_init) wins:  2,006  (50.1%)
VonNeumann(r=20) wins:  1,994  (49.9%)
Ties:        0  (0.0%)
──────────────────────────────────────────────────

