2026-10-05 19:06:18,733 INFO     benchmark — 10/4000  A:90%  22.63 matches/s  ETA 176s
2026-10-05 19:06:19,111 INFO     benchmark — 20/4000  A:85%  24.38 matches/s  ETA 163s
2026-10-05 19:06:19,519 INFO     benchmark — 30/4000  A:87%  24.42 matches/s  ETA 163s
2026-10-05 19:06:19,955 INFO     benchmark — 40/4000  A:88%  24.04 matches/s  ETA 165s
2026-10-05 19:06:20,393 INFO     benchmark — 50/4000  A:84%  23.78 matches/s  ETA 166s
2026-10-05 19:06:20,775 INFO     benchmark — 60/4000  A:87%  24.15 matches/s  ETA 163s
2026-10-05 19:06:21,197 INFO     benchmark — 70/4000  A:89%  24.08 matches/s  ETA 163s
2026-10-05 19:06:21,611 INFO     benchmark — 80/4000  A:89%  24.09 matches/s  ETA 163s
2026-10-05 19:06:22,065 INFO     benchmark — 90/4000  A:89%  23.84 matches/s  ETA 164s
2026-10-05 19:06:22,481 INFO     benchmark — 100/4000  A:88%  23.87 matches/s  ETA 163s
2026-10-05 19:06:22,927 INFO     benchmark — 110/4000  A:87%  23.72 matches/s  ETA 164s
2026-10-05 19:06:23,388 INFO     benchmark — 120/4000  A:88%  23.54 matches/s  ETA 165s
2026-10-05 19:06:23,810 INFO     benchmark — 130/4000  A:88%  23.55 matches/s  ETA 164s
2026-10-05 19:06:24,265 INFO     benchmark — 140/4000  A:89%  23.43 matches/s  ETA 165s
2026-10-05 19:06:24,668 INFO     benchmark — 150/4000  A:89%  23.52 matches/s  ETA 164s
2026-10-05 19:06:25,092 INFO     benchmark — 160/4000  A:89%  23.53 matches/s  ETA 163s
2026-10-05 19:06:25,515 INFO     benchmark — 170/4000  A:89%  23.53 matches/s  ETA 163s
2026-10-05 19:06:25,974 INFO     benchmark — 180/4000  A:89%  23.43 matches/s  ETA 163s
2026-10-05 19:06:26,361 INFO     benchmark — 190/4000  A:89%  23.54 matches/s  ETA 162s
2026-10-05 19:06:26,854 INFO     benchmark — 200/4000  A:90%  23.36 matches/s  ETA 163s
2026-10-05 19:06:27,321 INFO     benchmark — 210/4000  A:90%  23.26 matches/s  ETA 163s
2026-10-05 19:06:27,774 INFO     benchmark — 220/4000  A:90%  23.20 matches/s  ETA 163s
2026-10-05 19:06:28,230 INFO     benchmark — 230/4000  A:90%  23.14 matches/s  ETA 163s
2026-10-05 19:06:28,627 INFO     benchmark — 240/4000  A:90%  23.22 matches/s  ETA 162s
2026-10-05 19:06:29,089 INFO     benchmark — 250/4000  A:90%  23.15 matches/s  ETA 162s
2026-10-05 19:06:29,526 INFO     benchmark — 260/4000  A:90%  23.14 matches/s  ETA 162s
2026-10-05 19:06:29,935 INFO     benchmark — 270/4000  A:90%  23.19 matches/s  ETA 161s
2026-10-05 19:06:30,396 INFO     benchmark — 280/4000  A:90%  23.13 matches/s  ETA 161s
2026-10-05 19:06:30,872 INFO     benchmark — 290/4000  A:90%  23.05 matches/s  ETA 161s
2026-10-05 19:06:31,293 INFO     benchmark — 300/4000  A:89%  23.07 matches/s  ETA 160s
2026-10-05 19:06:31,777 INFO     benchmark — 310/4000  A:89%  22.99 matches/s  ETA 161s
2026-10-05 19:06:32,228 INFO     benchmark — 320/4000  A:89%  22.96 matches/s  ETA 160s
2026-10-05 19:06:32,680 INFO     benchmark — 330/4000  A:89%  22.93 matches/s  ETA 160s
2026-10-05 19:06:33,075 INFO     benchmark — 340/4000  A:89%  23.00 matches/s  ETA 159s
2026-10-05 19:06:33,498 INFO     benchmark — 350/4000  A:89%  23.02 matches/s  ETA 159s
2026-10-05 19:06:33,968 INFO     benchmark — 360/4000  A:89%  22.96 matches/s  ETA 159s
2026-10-05 19:06:34,438 INFO     benchmark — 370/4000  A:90%  22.91 matches/s  ETA 158s
2026-10-05 19:06:34,898 INFO     benchmark — 380/4000  A:90%  22.88 matches/s  ETA 158s
2026-10-05 19:06:35,333 INFO     benchmark — 390/4000  A:90%  22.88 matches/s  ETA 158s
2026-10-05 19:06:35,785 INFO     benchmark — 400/4000  A:90%  22.86 matches/s  ETA 157s
2026-10-05 19:06:36,190 INFO     benchmark — 410/4000  A:90%  22.91 matches/s  ETA 157s
2026-10-05 19:06:36,609 INFO     benchmark — 420/4000  A:90%  22.93 matches/s  ETA 156s
2026-10-05 19:06:37,007 INFO     benchmark — 430/4000  A:90%  22.97 matches/s  ETA 155s
2026-10-05 19:06:37,433 INFO     benchmark — 440/4000  A:90%  22.99 matches/s  ETA 155s
2026-10-05 19:06:37,909 INFO     benchmark — 450/4000  A:90%  22.94 matches/s  ETA 155s
2026-10-05 19:06:38,372 INFO     benchmark — 460/4000  A:90%  22.91 matches/s  ETA 155s
2026-10-05 19:06:38,751 INFO     benchmark — 470/4000  A:90%  22.97 matches/s  ETA 154s
2026-10-05 19:06:39,151 INFO     benchmark — 480/4000  A:90%  23.01 matches/s  ETA 153s
2026-10-05 19:06:39,619 INFO     benchmark — 490/4000  A:90%  22.97 matches/s  ETA 153s
2026-10-05 19:06:40,109 INFO     benchmark — 500/4000  A:90%  22.92 matches/s  ETA 153s
2026-10-05 19:06:40,569 INFO     benchmark — 510/4000  A:90%  22.89 matches/s  ETA 152s
2026-10-05 19:06:40,957 INFO     benchmark — 520/4000  A:90%  22.94 matches/s  ETA 152s
2026-10-05 19:06:41,394 INFO     benchmark — 530/4000  A:90%  22.94 matches/s  ETA 151s
2026-10-05 19:06:41,835 INFO     benchmark — 540/4000  A:90%  22.94 matches/s  ETA 151s
2026-10-05 19:06:42,288 INFO     benchmark — 550/4000  A:90%  22.92 matches/s  ETA 151s
2026-10-05 19:06:42,735 INFO     benchmark — 560/4000  A:90%  22.91 matches/s  ETA 150s
2026-10-05 19:06:43,203 INFO     benchmark — 570/4000  A:90%  22.88 matches/s  ETA 150s
2026-10-05 19:06:43,600 INFO     benchmark — 580/4000  A:90%  22.92 matches/s  ETA 149s
2026-10-05 19:06:43,986 INFO     benchmark — 590/4000  A:90%  22.96 matches/s  ETA 149s
2026-10-05 19:06:44,453 INFO     benchmark — 600/4000  A:90%  22.93 matches/s  ETA 148s
2026-10-05 19:06:44,894 INFO     benchmark — 610/4000  A:90%  22.93 matches/s  ETA 148s
2026-10-05 19:06:45,340 INFO     benchmark — 620/4000  A:90%  22.92 matches/s  ETA 147s
2026-10-05 19:06:45,809 INFO     benchmark — 630/4000  A:90%  22.89 matches/s  ETA 147s
2026-10-05 19:06:46,283 INFO     benchmark — 640/4000  A:90%  22.86 matches/s  ETA 147s
2026-10-05 19:06:46,734 INFO     benchmark — 650/4000  A:90%  22.85 matches/s  ETA 147s
2026-10-05 19:06:47,233 INFO     benchmark — 660/4000  A:90%  22.80 matches/s  ETA 146s
2026-10-05 19:06:47,676 INFO     benchmark — 670/4000  A:90%  22.80 matches/s  ETA 146s
2026-10-05 19:06:48,110 INFO     benchmark — 680/4000  A:91%  22.80 matches/s  ETA 146s
2026-10-05 19:06:48,518 INFO     benchmark — 690/4000  A:91%  22.83 matches/s  ETA 145s
2026-10-05 19:06:48,960 INFO     benchmark — 700/4000  A:91%  22.82 matches/s  ETA 145s
2026-10-05 19:06:49,349 INFO     benchmark — 710/4000  A:91%  22.86 matches/s  ETA 144s
2026-10-05 19:06:49,864 INFO     benchmark — 720/4000  A:91%  22.80 matches/s  ETA 144s
2026-10-05 19:06:50,287 INFO     benchmark — 730/4000  A:91%  22.82 matches/s  ETA 143s
2026-10-05 19:06:50,671 INFO     benchmark — 740/4000  A:91%  22.85 matches/s  ETA 143s
2026-10-05 19:06:51,110 INFO     benchmark — 750/4000  A:91%  22.85 matches/s  ETA 142s
2026-10-05 19:06:51,518 INFO     benchmark — 760/4000  A:91%  22.87 matches/s  ETA 142s
2026-10-05 19:06:51,951 INFO     benchmark — 770/4000  A:91%  22.88 matches/s  ETA 141s
2026-10-05 19:06:52,424 INFO     benchmark — 780/4000  A:91%  22.85 matches/s  ETA 141s
2026-10-05 19:06:52,883 INFO     benchmark — 790/4000  A:91%  22.84 matches/s  ETA 141s
2026-10-05 19:06:53,292 INFO     benchmark — 800/4000  A:91%  22.86 matches/s  ETA 140s
2026-10-05 19:06:53,776 INFO     benchmark — 810/4000  A:91%  22.83 matches/s  ETA 140s
2026-10-05 19:06:54,244 INFO     benchmark — 820/4000  A:91%  22.81 matches/s  ETA 139s
2026-10-05 19:06:54,698 INFO     benchmark — 830/4000  A:91%  22.80 matches/s  ETA 139s
2026-10-05 19:06:55,151 INFO     benchmark — 840/4000  A:91%  22.79 matches/s  ETA 139s
2026-10-05 19:06:55,574 INFO     benchmark — 850/4000  A:91%  22.80 matches/s  ETA 138s
2026-10-05 19:06:56,046 INFO     benchmark — 860/4000  A:91%  22.78 matches/s  ETA 138s
2026-10-05 19:06:56,489 INFO     benchmark — 870/4000  A:91%  22.78 matches/s  ETA 137s
2026-10-05 19:06:56,901 INFO     benchmark — 880/4000  A:91%  22.79 matches/s  ETA 137s
2026-10-05 19:06:57,347 INFO     benchmark — 890/4000  A:91%  22.79 matches/s  ETA 136s
2026-10-05 19:06:57,774 INFO     benchmark — 900/4000  A:91%  22.79 matches/s  ETA 136s
2026-10-05 19:06:58,219 INFO     benchmark — 910/4000  A:91%  22.79 matches/s  ETA 136s
2026-10-05 19:06:58,624 INFO     benchmark — 920/4000  A:91%  22.81 matches/s  ETA 135s
2026-10-05 19:06:59,057 INFO     benchmark — 930/4000  A:91%  22.81 matches/s  ETA 135s
2026-10-05 19:06:59,478 INFO     benchmark — 940/4000  A:91%  22.82 matches/s  ETA 134s
2026-10-05 19:06:59,960 INFO     benchmark — 950/4000  A:91%  22.80 matches/s  ETA 134s
2026-10-05 19:07:00,477 INFO     benchmark — 960/4000  A:91%  22.76 matches/s  ETA 134s
2026-10-05 19:07:00,900 INFO     benchmark — 970/4000  A:91%  22.77 matches/s  ETA 133s
2026-10-05 19:07:01,366 INFO     benchmark — 980/4000  A:91%  22.75 matches/s  ETA 133s
2026-10-05 19:07:01,747 INFO     benchmark — 990/4000  A:91%  22.78 matches/s  ETA 132s
2026-10-05 19:07:02,146 INFO     benchmark — 1000/4000  A:91%  22.80 matches/s  ETA 132s
2026-10-05 19:07:02,615 INFO     benchmark — 1010/4000  A:91%  22.79 matches/s  ETA 131s
2026-10-05 19:07:03,000 INFO     benchmark — 1020/4000  A:91%  22.81 matches/s  ETA 131s
2026-10-05 19:07:03,503 INFO     benchmark — 1030/4000  A:91%  22.78 matches/s  ETA 130s
2026-10-05 19:07:03,974 INFO     benchmark — 1040/4000  A:91%  22.77 matches/s  ETA 130s
2026-10-05 19:07:04,397 INFO     benchmark — 1050/4000  A:91%  22.77 matches/s  ETA 130s
2026-10-05 19:07:04,826 INFO     benchmark — 1060/4000  A:91%  22.78 matches/s  ETA 129s
2026-10-05 19:07:05,266 INFO     benchmark — 1070/4000  A:91%  22.78 matches/s  ETA 129s
2026-10-05 19:07:05,678 INFO     benchmark — 1080/4000  A:91%  22.79 matches/s  ETA 128s
2026-10-05 19:07:06,123 INFO     benchmark — 1090/4000  A:91%  22.79 matches/s  ETA 128s
2026-10-05 19:07:06,546 INFO     benchmark — 1100/4000  A:91%  22.80 matches/s  ETA 127s
2026-10-05 19:07:06,976 INFO     benchmark — 1110/4000  A:91%  22.80 matches/s  ETA 127s
2026-10-05 19:07:07,400 INFO     benchmark — 1120/4000  A:91%  22.81 matches/s  ETA 126s
2026-10-05 19:07:07,810 INFO     benchmark — 1130/4000  A:91%  22.82 matches/s  ETA 126s
2026-10-05 19:07:08,203 INFO     benchmark — 1140/4000  A:91%  22.84 matches/s  ETA 125s
2026-10-05 19:07:08,654 INFO     benchmark — 1150/4000  A:91%  22.83 matches/s  ETA 125s
2026-10-05 19:07:09,122 INFO     benchmark — 1160/4000  A:90%  22.82 matches/s  ETA 124s
2026-10-05 19:07:09,490 INFO     benchmark — 1170/4000  A:90%  22.85 matches/s  ETA 124s
2026-10-05 19:07:09,924 INFO     benchmark — 1180/4000  A:91%  22.85 matches/s  ETA 123s
2026-10-05 19:07:10,389 INFO     benchmark — 1190/4000  A:91%  22.84 matches/s  ETA 123s
2026-10-05 19:07:10,779 INFO     benchmark — 1200/4000  A:90%  22.86 matches/s  ETA 122s
2026-10-05 19:07:11,205 INFO     benchmark — 1210/4000  A:90%  22.87 matches/s  ETA 122s
2026-10-05 19:07:11,663 INFO     benchmark — 1220/4000  A:90%  22.86 matches/s  ETA 122s
2026-10-05 19:07:12,121 INFO     benchmark — 1230/4000  A:91%  22.85 matches/s  ETA 121s
2026-10-05 19:07:12,546 INFO     benchmark — 1240/4000  A:91%  22.85 matches/s  ETA 121s
2026-10-05 19:07:12,977 INFO     benchmark — 1250/4000  A:91%  22.86 matches/s  ETA 120s
2026-10-05 19:07:13,429 INFO     benchmark — 1260/4000  A:91%  22.85 matches/s  ETA 120s
2026-10-05 19:07:13,878 INFO     benchmark — 1270/4000  A:91%  22.85 matches/s  ETA 119s
2026-10-05 19:07:14,332 INFO     benchmark — 1280/4000  A:91%  22.84 matches/s  ETA 119s
2026-10-05 19:07:14,755 INFO     benchmark — 1290/4000  A:91%  22.85 matches/s  ETA 119s
2026-10-05 19:07:15,204 INFO     benchmark — 1300/4000  A:91%  22.84 matches/s  ETA 118s
2026-10-05 19:07:15,617 INFO     benchmark — 1310/4000  A:91%  22.85 matches/s  ETA 118s
2026-10-05 19:07:16,112 INFO     benchmark — 1320/4000  A:90%  22.83 matches/s  ETA 117s
2026-10-05 19:07:16,538 INFO     benchmark — 1330/4000  A:90%  22.83 matches/s  ETA 117s
2026-10-05 19:07:17,078 INFO     benchmark — 1340/4000  A:90%  22.79 matches/s  ETA 117s
2026-10-05 19:07:17,513 INFO     benchmark — 1350/4000  A:90%  22.80 matches/s  ETA 116s
2026-10-05 19:07:17,990 INFO     benchmark — 1360/4000  A:90%  22.78 matches/s  ETA 116s
2026-10-05 19:07:18,474 INFO     benchmark — 1370/4000  A:90%  22.76 matches/s  ETA 116s
2026-10-05 19:07:18,903 INFO     benchmark — 1380/4000  A:90%  22.77 matches/s  ETA 115s
2026-10-05 19:07:19,388 INFO     benchmark — 1390/4000  A:90%  22.75 matches/s  ETA 115s
2026-10-05 19:07:19,800 INFO     benchmark — 1400/4000  A:90%  22.76 matches/s  ETA 114s
2026-10-05 19:07:20,249 INFO     benchmark — 1410/4000  A:90%  22.76 matches/s  ETA 114s
2026-10-05 19:07:20,684 INFO     benchmark — 1420/4000  A:90%  22.76 matches/s  ETA 113s
2026-10-05 19:07:21,115 INFO     benchmark — 1430/4000  A:90%  22.76 matches/s  ETA 113s
2026-10-05 19:07:21,552 INFO     benchmark — 1440/4000  A:90%  22.76 matches/s  ETA 112s
2026-10-05 19:07:22,004 INFO     benchmark — 1450/4000  A:90%  22.76 matches/s  ETA 112s
2026-10-05 19:07:22,426 INFO     benchmark — 1460/4000  A:90%  22.76 matches/s  ETA 112s
2026-10-05 19:07:22,892 INFO     benchmark — 1470/4000  A:90%  22.76 matches/s  ETA 111s
2026-10-05 19:07:23,330 INFO     benchmark — 1480/4000  A:90%  22.76 matches/s  ETA 111s
2026-10-05 19:07:23,836 INFO     benchmark — 1490/4000  A:90%  22.73 matches/s  ETA 110s
2026-10-05 19:07:24,258 INFO     benchmark — 1500/4000  A:90%  22.74 matches/s  ETA 110s
2026-10-05 19:07:24,674 INFO     benchmark — 1510/4000  A:90%  22.75 matches/s  ETA 109s
2026-10-05 19:07:25,131 INFO     benchmark — 1520/4000  A:90%  22.74 matches/s  ETA 109s
2026-10-05 19:07:25,546 INFO     benchmark — 1530/4000  A:91%  22.75 matches/s  ETA 109s
2026-10-05 19:07:25,942 INFO     benchmark — 1540/4000  A:91%  22.76 matches/s  ETA 108s
2026-10-05 19:07:26,371 INFO     benchmark — 1550/4000  A:91%  22.77 matches/s  ETA 108s
2026-10-05 19:07:26,845 INFO     benchmark — 1560/4000  A:91%  22.76 matches/s  ETA 107s
2026-10-05 19:07:27,282 INFO     benchmark — 1570/4000  A:91%  22.76 matches/s  ETA 107s
2026-10-05 19:07:27,714 INFO     benchmark — 1580/4000  A:91%  22.76 matches/s  ETA 106s
2026-10-05 19:07:28,186 INFO     benchmark — 1590/4000  A:91%  22.75 matches/s  ETA 106s
2026-10-05 19:07:28,626 INFO     benchmark — 1600/4000  A:91%  22.75 matches/s  ETA 106s
2026-10-05 19:07:29,011 INFO     benchmark — 1610/4000  A:91%  22.77 matches/s  ETA 105s
2026-10-05 19:07:29,391 INFO     benchmark — 1620/4000  A:91%  22.78 matches/s  ETA 104s
2026-10-05 19:07:29,798 INFO     benchmark — 1630/4000  A:91%  22.79 matches/s  ETA 104s
2026-10-05 19:07:30,240 INFO     benchmark — 1640/4000  A:91%  22.79 matches/s  ETA 104s
2026-10-05 19:07:30,689 INFO     benchmark — 1650/4000  A:91%  22.79 matches/s  ETA 103s
2026-10-05 19:07:31,167 INFO     benchmark — 1660/4000  A:91%  22.78 matches/s  ETA 103s
2026-10-05 19:07:31,645 INFO     benchmark — 1670/4000  A:91%  22.77 matches/s  ETA 102s
2026-10-05 19:07:32,055 INFO     benchmark — 1680/4000  A:91%  22.78 matches/s  ETA 102s
2026-10-05 19:07:32,551 INFO     benchmark — 1690/4000  A:91%  22.76 matches/s  ETA 102s
2026-10-05 19:07:32,996 INFO     benchmark — 1700/4000  A:91%  22.76 matches/s  ETA 101s
2026-10-05 19:07:33,481 INFO     benchmark — 1710/4000  A:91%  22.74 matches/s  ETA 101s
2026-10-05 19:07:33,978 INFO     benchmark — 1720/4000  A:91%  22.73 matches/s  ETA 100s
2026-10-05 19:07:34,419 INFO     benchmark — 1730/4000  A:91%  22.72 matches/s  ETA 100s
2026-10-05 19:07:34,797 INFO     benchmark — 1740/4000  A:91%  22.74 matches/s  ETA 99s
2026-10-05 19:07:35,241 INFO     benchmark — 1750/4000  A:91%  22.74 matches/s  ETA 99s
2026-10-05 19:07:35,701 INFO     benchmark — 1760/4000  A:91%  22.74 matches/s  ETA 99s
2026-10-05 19:07:36,103 INFO     benchmark — 1770/4000  A:91%  22.75 matches/s  ETA 98s
2026-10-05 19:07:36,591 INFO     benchmark — 1780/4000  A:91%  22.73 matches/s  ETA 98s
2026-10-05 19:07:37,039 INFO     benchmark — 1790/4000  A:91%  22.73 matches/s  ETA 97s
2026-10-05 19:07:37,532 INFO     benchmark — 1800/4000  A:91%  22.72 matches/s  ETA 97s
2026-10-05 19:07:37,971 INFO     benchmark — 1810/4000  A:91%  22.72 matches/s  ETA 96s
2026-10-05 19:07:38,436 INFO     benchmark — 1820/4000  A:91%  22.71 matches/s  ETA 96s
2026-10-05 19:07:38,841 INFO     benchmark — 1830/4000  A:91%  22.72 matches/s  ETA 96s
2026-10-05 19:07:39,312 INFO     benchmark — 1840/4000  A:91%  22.71 matches/s  ETA 95s
2026-10-05 19:07:39,681 INFO     benchmark — 1850/4000  A:91%  22.73 matches/s  ETA 95s
2026-10-05 19:07:40,123 INFO     benchmark — 1860/4000  A:91%  22.73 matches/s  ETA 94s
2026-10-05 19:07:40,544 INFO     benchmark — 1870/4000  A:91%  22.73 matches/s  ETA 94s
2026-10-05 19:07:40,971 INFO     benchmark — 1880/4000  A:91%  22.74 matches/s  ETA 93s
2026-10-05 19:07:41,398 INFO     benchmark — 1890/4000  A:91%  22.74 matches/s  ETA 93s
2026-10-05 19:07:41,828 INFO     benchmark — 1900/4000  A:91%  22.74 matches/s  ETA 92s
2026-10-05 19:07:42,227 INFO     benchmark — 1910/4000  A:91%  22.76 matches/s  ETA 92s
2026-10-05 19:07:42,664 INFO     benchmark — 1920/4000  A:91%  22.76 matches/s  ETA 91s
2026-10-05 19:07:43,051 INFO     benchmark — 1930/4000  A:91%  22.77 matches/s  ETA 91s
2026-10-05 19:07:43,492 INFO     benchmark — 1940/4000  A:91%  22.77 matches/s  ETA 90s
2026-10-05 19:07:43,986 INFO     benchmark — 1950/4000  A:91%  22.76 matches/s  ETA 90s
2026-10-05 19:07:44,438 INFO     benchmark — 1960/4000  A:91%  22.75 matches/s  ETA 90s
2026-10-05 19:07:44,853 INFO     benchmark — 1970/4000  A:91%  22.76 matches/s  ETA 89s
2026-10-05 19:07:45,226 INFO     benchmark — 1980/4000  A:91%  22.78 matches/s  ETA 89s
2026-10-05 19:07:45,629 INFO     benchmark — 1990/4000  A:91%  22.79 matches/s  ETA 88s
2026-10-05 19:07:46,124 INFO     benchmark — 2000/4000  A:91%  22.77 matches/s  ETA 88s
2026-10-05 19:07:46,554 INFO     benchmark — 2010/4000  A:91%  22.77 matches/s  ETA 87s
2026-10-05 19:07:46,964 INFO     benchmark — 2020/4000  A:91%  22.78 matches/s  ETA 87s
2026-10-05 19:07:47,407 INFO     benchmark — 2030/4000  A:91%  22.78 matches/s  ETA 86s
2026-10-05 19:07:47,867 INFO     benchmark — 2040/4000  A:91%  22.77 matches/s  ETA 86s
2026-10-05 19:07:48,316 INFO     benchmark — 2050/4000  A:91%  22.77 matches/s  ETA 86s
2026-10-05 19:07:48,705 INFO     benchmark — 2060/4000  A:91%  22.78 matches/s  ETA 85s
2026-10-05 19:07:49,107 INFO     benchmark — 2070/4000  A:91%  22.79 matches/s  ETA 85s
2026-10-05 19:07:49,570 INFO     benchmark — 2080/4000  A:91%  22.79 matches/s  ETA 84s
2026-10-05 19:07:49,994 INFO     benchmark — 2090/4000  A:91%  22.79 matches/s  ETA 84s
2026-10-05 19:07:50,439 INFO     benchmark — 2100/4000  A:91%  22.79 matches/s  ETA 83s
2026-10-05 19:07:50,861 INFO     benchmark — 2110/4000  A:91%  22.79 matches/s  ETA 83s
2026-10-05 19:07:51,303 INFO     benchmark — 2120/4000  A:91%  22.79 matches/s  ETA 82s
2026-10-05 19:07:51,746 INFO     benchmark — 2130/4000  A:91%  22.79 matches/s  ETA 82s
2026-10-05 19:07:52,193 INFO     benchmark — 2140/4000  A:91%  22.79 matches/s  ETA 82s
2026-10-05 19:07:52,585 INFO     benchmark — 2150/4000  A:91%  22.80 matches/s  ETA 81s
2026-10-05 19:07:53,042 INFO     benchmark — 2160/4000  A:91%  22.80 matches/s  ETA 81s
2026-10-05 19:07:53,494 INFO     benchmark — 2170/4000  A:91%  22.79 matches/s  ETA 80s
2026-10-05 19:07:53,938 INFO     benchmark — 2180/4000  A:91%  22.79 matches/s  ETA 80s
2026-10-05 19:07:54,360 INFO     benchmark — 2190/4000  A:91%  22.80 matches/s  ETA 79s
2026-10-05 19:07:54,570 INFO     benchmark — 2200/4000  A:91%  22.85 matches/s  ETA 79s
2026-10-05 19:07:54,796 INFO     benchmark — 2210/4000  A:91%  22.90 matches/s  ETA 78s
2026-10-05 19:07:54,963 INFO     benchmark — 2220/4000  A:91%  22.96 matches/s  ETA 78s
2026-10-05 19:07:55,156 INFO     benchmark — 2230/4000  A:91%  23.02 matches/s  ETA 77s
2026-10-05 19:07:55,338 INFO     benchmark — 2240/4000  A:91%  23.08 matches/s  ETA 76s
2026-10-05 19:07:55,500 INFO     benchmark — 2250/4000  A:91%  23.15 matches/s  ETA 76s
2026-10-05 19:07:55,678 INFO     benchmark — 2260/4000  A:91%  23.21 matches/s  ETA 75s
2026-10-05 19:07:56,155 INFO     benchmark — 2270/4000  A:91%  23.20 matches/s  ETA 75s
2026-10-05 19:07:56,617 INFO     benchmark — 2280/4000  A:91%  23.19 matches/s  ETA 74s
2026-10-05 19:07:56,997 INFO     benchmark — 2290/4000  A:91%  23.20 matches/s  ETA 74s
2026-10-05 19:07:57,193 INFO     benchmark — 2300/4000  A:91%  23.26 matches/s  ETA 73s
2026-10-05 19:07:57,382 INFO     benchmark — 2310/4000  A:91%  23.31 matches/s  ETA 72s
2026-10-05 19:07:57,579 INFO     benchmark — 2320/4000  A:91%  23.37 matches/s  ETA 72s
2026-10-05 19:07:57,766 INFO     benchmark — 2330/4000  A:91%  23.42 matches/s  ETA 71s
2026-10-05 19:07:57,963 INFO     benchmark — 2340/4000  A:91%  23.48 matches/s  ETA 71s
2026-10-05 19:07:58,144 INFO     benchmark — 2350/4000  A:91%  23.53 matches/s  ETA 70s
2026-10-05 19:07:58,326 INFO     benchmark — 2360/4000  A:91%  23.59 matches/s  ETA 70s
2026-10-05 19:07:58,484 INFO     benchmark — 2370/4000  A:91%  23.65 matches/s  ETA 69s
2026-10-05 19:07:58,656 INFO     benchmark — 2380/4000  A:91%  23.71 matches/s  ETA 68s
2026-10-05 19:07:58,842 INFO     benchmark — 2390/4000  A:91%  23.77 matches/s  ETA 68s
2026-10-05 19:07:59,018 INFO     benchmark — 2400/4000  A:91%  23.83 matches/s  ETA 67s
2026-10-05 19:07:59,192 INFO     benchmark — 2410/4000  A:91%  23.88 matches/s  ETA 67s
2026-10-05 19:07:59,381 INFO     benchmark — 2420/4000  A:91%  23.94 matches/s  ETA 66s
2026-10-05 19:07:59,545 INFO     benchmark — 2430/4000  A:91%  24.00 matches/s  ETA 65s
2026-10-05 19:07:59,724 INFO     benchmark — 2440/4000  A:91%  24.06 matches/s  ETA 65s
2026-10-05 19:07:59,895 INFO     benchmark — 2450/4000  A:91%  24.11 matches/s  ETA 64s
2026-10-05 19:08:00,072 INFO     benchmark — 2460/4000  A:91%  24.17 matches/s  ETA 64s
2026-10-05 19:08:00,254 INFO     benchmark — 2470/4000  A:91%  24.22 matches/s  ETA 63s
2026-10-05 19:08:00,434 INFO     benchmark — 2480/4000  A:91%  24.28 matches/s  ETA 63s
2026-10-05 19:08:00,612 INFO     benchmark — 2490/4000  A:91%  24.34 matches/s  ETA 62s
2026-10-05 19:08:00,793 INFO     benchmark — 2500/4000  A:91%  24.39 matches/s  ETA 62s
2026-10-05 19:08:00,998 INFO     benchmark — 2510/4000  A:91%  24.44 matches/s  ETA 61s
2026-10-05 19:08:01,178 INFO     benchmark — 2520/4000  A:91%  24.49 matches/s  ETA 60s
2026-10-05 19:08:01,363 INFO     benchmark — 2530/4000  A:91%  24.55 matches/s  ETA 60s
2026-10-05 19:08:01,529 INFO     benchmark — 2540/4000  A:91%  24.60 matches/s  ETA 59s
2026-10-05 19:08:01,716 INFO     benchmark — 2550/4000  A:91%  24.66 matches/s  ETA 59s
2026-10-05 19:08:01,897 INFO     benchmark — 2560/4000  A:91%  24.71 matches/s  ETA 58s
2026-10-05 19:08:02,072 INFO     benchmark — 2570/4000  A:91%  24.76 matches/s  ETA 58s
2026-10-05 19:08:02,248 INFO     benchmark — 2580/4000  A:91%  24.82 matches/s  ETA 57s
2026-10-05 19:08:02,429 INFO     benchmark — 2590/4000  A:91%  24.87 matches/s  ETA 57s
2026-10-05 19:08:02,601 INFO     benchmark — 2600/4000  A:91%  24.93 matches/s  ETA 56s
2026-10-05 19:08:02,782 INFO     benchmark — 2610/4000  A:91%  24.98 matches/s  ETA 56s
2026-10-05 19:08:03,121 INFO     benchmark — 2620/4000  A:91%  24.99 matches/s  ETA 55s
2026-10-05 19:08:03,287 INFO     benchmark — 2630/4000  A:91%  25.05 matches/s  ETA 55s
2026-10-05 19:08:03,449 INFO     benchmark — 2640/4000  A:91%  25.11 matches/s  ETA 54s
2026-10-05 19:08:03,624 INFO     benchmark — 2650/4000  A:91%  25.16 matches/s  ETA 54s
2026-10-05 19:08:03,809 INFO     benchmark — 2660/4000  A:91%  25.21 matches/s  ETA 53s
2026-10-05 19:08:03,997 INFO     benchmark — 2670/4000  A:91%  25.26 matches/s  ETA 53s
2026-10-05 19:08:04,386 INFO     benchmark — 2680/4000  A:91%  25.26 matches/s  ETA 52s
2026-10-05 19:08:04,538 INFO     benchmark — 2690/4000  A:91%  25.32 matches/s  ETA 52s
2026-10-05 19:08:04,707 INFO     benchmark — 2700/4000  A:91%  25.37 matches/s  ETA 51s
2026-10-05 19:08:04,890 INFO     benchmark — 2710/4000  A:91%  25.42 matches/s  ETA 51s
2026-10-05 19:08:05,073 INFO     benchmark — 2720/4000  A:91%  25.47 matches/s  ETA 50s
2026-10-05 19:08:05,271 INFO     benchmark — 2730/4000  A:91%  25.52 matches/s  ETA 50s
2026-10-05 19:08:05,457 INFO     benchmark — 2740/4000  A:91%  25.57 matches/s  ETA 49s
2026-10-05 19:08:05,647 INFO     benchmark — 2750/4000  A:91%  25.62 matches/s  ETA 49s
2026-10-05 19:08:05,803 INFO     benchmark — 2760/4000  A:91%  25.67 matches/s  ETA 48s
2026-10-05 19:08:06,005 INFO     benchmark — 2770/4000  A:91%  25.72 matches/s  ETA 48s
2026-10-05 19:08:06,185 INFO     benchmark — 2780/4000  A:91%  25.77 matches/s  ETA 47s
2026-10-05 19:08:06,588 INFO     benchmark — 2790/4000  A:91%  25.76 matches/s  ETA 47s
2026-10-05 19:08:06,976 INFO     benchmark — 2800/4000  A:91%  25.76 matches/s  ETA 47s
2026-10-05 19:08:07,413 INFO     benchmark — 2810/4000  A:91%  25.75 matches/s  ETA 46s
2026-10-05 19:08:07,893 INFO     benchmark — 2820/4000  A:91%  25.73 matches/s  ETA 46s
2026-10-05 19:08:08,143 INFO     benchmark — 2830/4000  A:91%  25.76 matches/s  ETA 45s
2026-10-05 19:08:08,321 INFO     benchmark — 2840/4000  A:91%  25.81 matches/s  ETA 45s
2026-10-05 19:08:08,503 INFO     benchmark — 2850/4000  A:91%  25.86 matches/s  ETA 44s
2026-10-05 19:08:08,687 INFO     benchmark — 2860/4000  A:91%  25.91 matches/s  ETA 44s
2026-10-05 19:08:08,869 INFO     benchmark — 2870/4000  A:91%  25.95 matches/s  ETA 44s
2026-10-05 19:08:09,050 INFO     benchmark — 2880/4000  A:91%  26.00 matches/s  ETA 43s
2026-10-05 19:08:09,239 INFO     benchmark — 2890/4000  A:91%  26.05 matches/s  ETA 43s
2026-10-05 19:08:09,417 INFO     benchmark — 2900/4000  A:91%  26.10 matches/s  ETA 42s
2026-10-05 19:08:09,605 INFO     benchmark — 2910/4000  A:91%  26.14 matches/s  ETA 42s
2026-10-05 19:08:09,801 INFO     benchmark — 2920/4000  A:91%  26.19 matches/s  ETA 41s
2026-10-05 19:08:09,964 INFO     benchmark — 2930/4000  A:91%  26.24 matches/s  ETA 41s
2026-10-05 19:08:10,141 INFO     benchmark — 2940/4000  A:91%  26.29 matches/s  ETA 40s
2026-10-05 19:08:10,308 INFO     benchmark — 2950/4000  A:91%  26.34 matches/s  ETA 40s
2026-10-05 19:08:10,472 INFO     benchmark — 2960/4000  A:91%  26.39 matches/s  ETA 39s
2026-10-05 19:08:10,651 INFO     benchmark — 2970/4000  A:91%  26.43 matches/s  ETA 39s
2026-10-05 19:08:10,836 INFO     benchmark — 2980/4000  A:91%  26.48 matches/s  ETA 39s
2026-10-05 19:08:11,009 INFO     benchmark — 2990/4000  A:91%  26.53 matches/s  ETA 38s
2026-10-05 19:08:11,174 INFO     benchmark — 3000/4000  A:91%  26.58 matches/s  ETA 38s
2026-10-05 19:08:11,360 INFO     benchmark — 3010/4000  A:91%  26.62 matches/s  ETA 37s
2026-10-05 19:08:11,551 INFO     benchmark — 3020/4000  A:91%  26.66 matches/s  ETA 37s
2026-10-05 19:08:11,714 INFO     benchmark — 3030/4000  A:91%  26.71 matches/s  ETA 36s
2026-10-05 19:08:11,902 INFO     benchmark — 3040/4000  A:91%  26.76 matches/s  ETA 36s
2026-10-05 19:08:12,102 INFO     benchmark — 3050/4000  A:91%  26.80 matches/s  ETA 35s
2026-10-05 19:08:12,269 INFO     benchmark — 3060/4000  A:91%  26.85 matches/s  ETA 35s
2026-10-05 19:08:12,450 INFO     benchmark — 3070/4000  A:91%  26.89 matches/s  ETA 35s
2026-10-05 19:08:12,631 INFO     benchmark — 3080/4000  A:91%  26.94 matches/s  ETA 34s
2026-10-05 19:08:12,804 INFO     benchmark — 3090/4000  A:91%  26.98 matches/s  ETA 34s
2026-10-05 19:08:12,976 INFO     benchmark — 3100/4000  A:91%  27.03 matches/s  ETA 33s
2026-10-05 19:08:13,146 INFO     benchmark — 3110/4000  A:91%  27.08 matches/s  ETA 33s
2026-10-05 19:08:13,323 INFO     benchmark — 3120/4000  A:91%  27.12 matches/s  ETA 32s
2026-10-05 19:08:13,510 INFO     benchmark — 3130/4000  A:91%  27.17 matches/s  ETA 32s
2026-10-05 19:08:13,744 INFO     benchmark — 3140/4000  A:91%  27.20 matches/s  ETA 32s
2026-10-05 19:08:14,189 INFO     benchmark — 3150/4000  A:91%  27.18 matches/s  ETA 31s
2026-10-05 19:08:14,354 INFO     benchmark — 3160/4000  A:91%  27.23 matches/s  ETA 31s
2026-10-05 19:08:14,545 INFO     benchmark — 3170/4000  A:91%  27.27 matches/s  ETA 30s
2026-10-05 19:08:14,868 INFO     benchmark — 3180/4000  A:91%  27.28 matches/s  ETA 30s
2026-10-05 19:08:15,058 INFO     benchmark — 3190/4000  A:91%  27.32 matches/s  ETA 30s
2026-10-05 19:08:15,217 INFO     benchmark — 3200/4000  A:91%  27.37 matches/s  ETA 29s
2026-10-05 19:08:15,393 INFO     benchmark — 3210/4000  A:91%  27.41 matches/s  ETA 29s
2026-10-05 19:08:15,596 INFO     benchmark — 3220/4000  A:91%  27.45 matches/s  ETA 28s
2026-10-05 19:08:15,779 INFO     benchmark — 3230/4000  A:91%  27.49 matches/s  ETA 28s
2026-10-05 19:08:15,933 INFO     benchmark — 3240/4000  A:91%  27.54 matches/s  ETA 28s
2026-10-05 19:08:16,137 INFO     benchmark — 3250/4000  A:91%  27.58 matches/s  ETA 27s
2026-10-05 19:08:16,500 INFO     benchmark — 3260/4000  A:91%  27.58 matches/s  ETA 27s
2026-10-05 19:08:16,771 INFO     benchmark — 3270/4000  A:91%  27.60 matches/s  ETA 26s
2026-10-05 19:08:17,185 INFO     benchmark — 3280/4000  A:91%  27.59 matches/s  ETA 26s
2026-10-05 19:08:17,603 INFO     benchmark — 3290/4000  A:91%  27.57 matches/s  ETA 26s
2026-10-05 19:08:18,037 INFO     benchmark — 3300/4000  A:91%  27.56 matches/s  ETA 25s
2026-10-05 19:08:18,490 INFO     benchmark — 3310/4000  A:91%  27.54 matches/s  ETA 25s
2026-10-05 19:08:18,951 INFO     benchmark — 3320/4000  A:91%  27.52 matches/s  ETA 25s
2026-10-05 19:08:19,359 INFO     benchmark — 3330/4000  A:91%  27.51 matches/s  ETA 24s
2026-10-05 19:08:19,787 INFO     benchmark — 3340/4000  A:91%  27.49 matches/s  ETA 24s
2026-10-05 19:08:20,226 INFO     benchmark — 3350/4000  A:91%  27.47 matches/s  ETA 24s
2026-10-05 19:08:20,675 INFO     benchmark — 3360/4000  A:91%  27.45 matches/s  ETA 23s
2026-10-05 19:08:20,870 INFO     benchmark — 3370/4000  A:91%  27.49 matches/s  ETA 23s
2026-10-05 19:08:21,067 INFO     benchmark — 3380/4000  A:91%  27.53 matches/s  ETA 23s
2026-10-05 19:08:21,227 INFO     benchmark — 3390/4000  A:91%  27.58 matches/s  ETA 22s
2026-10-05 19:08:21,406 INFO     benchmark — 3400/4000  A:91%  27.62 matches/s  ETA 22s
2026-10-05 19:08:21,559 INFO     benchmark — 3410/4000  A:91%  27.66 matches/s  ETA 21s
2026-10-05 19:08:21,729 INFO     benchmark — 3420/4000  A:91%  27.71 matches/s  ETA 21s
2026-10-05 19:08:21,900 INFO     benchmark — 3430/4000  A:91%  27.75 matches/s  ETA 21s
2026-10-05 19:08:22,089 INFO     benchmark — 3440/4000  A:91%  27.79 matches/s  ETA 20s
2026-10-05 19:08:22,253 INFO     benchmark — 3450/4000  A:91%  27.83 matches/s  ETA 20s
2026-10-05 19:08:22,431 INFO     benchmark — 3460/4000  A:91%  27.87 matches/s  ETA 19s
2026-10-05 19:08:22,609 INFO     benchmark — 3470/4000  A:91%  27.91 matches/s  ETA 19s
2026-10-05 19:08:22,807 INFO     benchmark — 3480/4000  A:91%  27.95 matches/s  ETA 19s
2026-10-05 19:08:22,985 INFO     benchmark — 3490/4000  A:91%  27.99 matches/s  ETA 18s
2026-10-05 19:08:23,161 INFO     benchmark — 3500/4000  A:91%  28.03 matches/s  ETA 18s
2026-10-05 19:08:23,311 INFO     benchmark — 3510/4000  A:91%  28.08 matches/s  ETA 17s
2026-10-05 19:08:23,481 INFO     benchmark — 3520/4000  A:91%  28.12 matches/s  ETA 17s
2026-10-05 19:08:23,649 INFO     benchmark — 3530/4000  A:91%  28.16 matches/s  ETA 17s
2026-10-05 19:08:23,828 INFO     benchmark — 3540/4000  A:91%  28.20 matches/s  ETA 16s
2026-10-05 19:08:24,005 INFO     benchmark — 3550/4000  A:91%  28.24 matches/s  ETA 16s
2026-10-05 19:08:24,191 INFO     benchmark — 3560/4000  A:91%  28.28 matches/s  ETA 16s
2026-10-05 19:08:24,372 INFO     benchmark — 3570/4000  A:91%  28.31 matches/s  ETA 15s
2026-10-05 19:08:24,568 INFO     benchmark — 3580/4000  A:91%  28.35 matches/s  ETA 15s
2026-10-05 19:08:24,763 INFO     benchmark — 3590/4000  A:91%  28.39 matches/s  ETA 14s
2026-10-05 19:08:24,951 INFO     benchmark — 3600/4000  A:91%  28.42 matches/s  ETA 14s
2026-10-05 19:08:25,132 INFO     benchmark — 3610/4000  A:91%  28.46 matches/s  ETA 14s
2026-10-05 19:08:25,301 INFO     benchmark — 3620/4000  A:91%  28.50 matches/s  ETA 13s
2026-10-05 19:08:25,488 INFO     benchmark — 3630/4000  A:91%  28.54 matches/s  ETA 13s
2026-10-05 19:08:25,655 INFO     benchmark — 3640/4000  A:91%  28.58 matches/s  ETA 13s
2026-10-05 19:08:25,840 INFO     benchmark — 3650/4000  A:91%  28.62 matches/s  ETA 12s
2026-10-05 19:08:26,015 INFO     benchmark — 3660/4000  A:91%  28.66 matches/s  ETA 12s
2026-10-05 19:08:26,207 INFO     benchmark — 3670/4000  A:91%  28.69 matches/s  ETA 12s
2026-10-05 19:08:26,407 INFO     benchmark — 3680/4000  A:91%  28.72 matches/s  ETA 11s
2026-10-05 19:08:26,573 INFO     benchmark — 3690/4000  A:91%  28.76 matches/s  ETA 11s
2026-10-05 19:08:26,749 INFO     benchmark — 3700/4000  A:91%  28.80 matches/s  ETA 10s
2026-10-05 19:08:26,937 INFO     benchmark — 3710/4000  A:91%  28.84 matches/s  ETA 10s
2026-10-05 19:08:27,109 INFO     benchmark — 3720/4000  A:91%  28.88 matches/s  ETA 10s
2026-10-05 19:08:27,294 INFO     benchmark — 3730/4000  A:91%  28.91 matches/s  ETA 9s
2026-10-05 19:08:27,483 INFO     benchmark — 3740/4000  A:91%  28.95 matches/s  ETA 9s
2026-10-05 19:08:27,680 INFO     benchmark — 3750/4000  A:91%  28.98 matches/s  ETA 9s
2026-10-05 19:08:27,860 INFO     benchmark — 3760/4000  A:91%  29.02 matches/s  ETA 8s
2026-10-05 19:08:28,047 INFO     benchmark — 3770/4000  A:91%  29.05 matches/s  ETA 8s
2026-10-05 19:08:28,236 INFO     benchmark — 3780/4000  A:91%  29.09 matches/s  ETA 8s
2026-10-05 19:08:28,403 INFO     benchmark — 3790/4000  A:91%  29.13 matches/s  ETA 7s
2026-10-05 19:08:28,599 INFO     benchmark — 3800/4000  A:91%  29.16 matches/s  ETA 7s
2026-10-05 19:08:28,780 INFO     benchmark — 3810/4000  A:91%  29.20 matches/s  ETA 7s
2026-10-05 19:08:28,961 INFO     benchmark — 3820/4000  A:91%  29.23 matches/s  ETA 6s
2026-10-05 19:08:29,132 INFO     benchmark — 3830/4000  A:91%  29.27 matches/s  ETA 6s
2026-10-05 19:08:29,306 INFO     benchmark — 3840/4000  A:91%  29.31 matches/s  ETA 5s
2026-10-05 19:08:29,495 INFO     benchmark — 3850/4000  A:91%  29.34 matches/s  ETA 5s
2026-10-05 19:08:29,672 INFO     benchmark — 3860/4000  A:91%  29.38 matches/s  ETA 5s
2026-10-05 19:08:29,867 INFO     benchmark — 3870/4000  A:91%  29.41 matches/s  ETA 4s
2026-10-05 19:08:30,078 INFO     benchmark — 3880/4000  A:91%  29.44 matches/s  ETA 4s
2026-10-05 19:08:30,264 INFO     benchmark — 3890/4000  A:91%  29.48 matches/s  ETA 4s
2026-10-05 19:08:30,439 INFO     benchmark — 3900/4000  A:91%  29.51 matches/s  ETA 3s
2026-10-05 19:08:30,625 INFO     benchmark — 3910/4000  A:91%  29.55 matches/s  ETA 3s
2026-10-05 19:08:30,805 INFO     benchmark — 3920/4000  A:91%  29.58 matches/s  ETA 3s
2026-10-05 19:08:30,989 INFO     benchmark — 3930/4000  A:91%  29.62 matches/s  ETA 2s
2026-10-05 19:08:31,162 INFO     benchmark — 3940/4000  A:91%  29.65 matches/s  ETA 2s
2026-10-05 19:08:31,348 INFO     benchmark — 3950/4000  A:91%  29.69 matches/s  ETA 2s
2026-10-05 19:08:31,525 INFO     benchmark — 3960/4000  A:91%  29.72 matches/s  ETA 1s
2026-10-05 19:08:31,713 INFO     benchmark — 3970/4000  A:91%  29.76 matches/s  ETA 1s
2026-10-05 19:08:31,903 INFO     benchmark — 3980/4000  A:91%  29.79 matches/s  ETA 1s
2026-10-05 19:08:32,107 INFO     benchmark — 3990/4000  A:91%  29.82 matches/s  ETA 0s
2026-10-05 19:08:32,284 INFO     benchmark — 4000/4000  A:91%  29.85 matches/s  ETA 0s
2026-10-05 19:08:32,293 INFO     benchmark — wrote results/009/C20M_vs_thr.json

──────────────────────────────────────────────────
Mode:        match_rl_vs_threshold
Matches:      4,000
──────────────────────────────────────────────────
RL(ckpt_0020000256) wins:  3,650  (91.2%)
Threshold wins:  350  (8.8%)
Ties:        0  (0.0%)
──────────────────────────────────────────────────

