2026-10-05 19:06:18,341 INFO     benchmark — 10/4000  A:100%  51.15 matches/s  ETA 78s
2026-10-05 19:06:18,460 INFO     benchmark — 20/4000  A:90%  63.54 matches/s  ETA 63s
2026-10-05 19:06:18,574 INFO     benchmark — 30/4000  A:90%  69.96 matches/s  ETA 57s
2026-10-05 19:06:18,678 INFO     benchmark — 40/4000  A:92%  75.12 matches/s  ETA 53s
2026-10-05 19:06:18,807 INFO     benchmark — 50/4000  A:86%  75.54 matches/s  ETA 52s
2026-10-05 19:06:18,920 INFO     benchmark — 60/4000  A:87%  77.50 matches/s  ETA 51s
2026-10-05 19:06:19,047 INFO     benchmark — 70/4000  A:87%  77.62 matches/s  ETA 51s
2026-10-05 19:06:19,146 INFO     benchmark — 80/4000  A:89%  79.96 matches/s  ETA 49s
2026-10-05 19:06:19,251 INFO     benchmark — 90/4000  A:90%  81.41 matches/s  ETA 48s
2026-10-05 19:06:19,359 INFO     benchmark — 100/4000  A:89%  82.42 matches/s  ETA 47s
2026-10-05 19:06:19,479 INFO     benchmark — 110/4000  A:88%  82.52 matches/s  ETA 47s
2026-10-05 19:06:19,579 INFO     benchmark — 120/4000  A:89%  83.71 matches/s  ETA 46s
2026-10-05 19:06:19,688 INFO     benchmark — 130/4000  A:90%  84.31 matches/s  ETA 46s
2026-10-05 19:06:19,794 INFO     benchmark — 140/4000  A:90%  84.92 matches/s  ETA 45s
2026-10-05 19:06:19,897 INFO     benchmark — 150/4000  A:90%  85.67 matches/s  ETA 45s
2026-10-05 19:06:20,009 INFO     benchmark — 160/4000  A:91%  85.86 matches/s  ETA 45s
2026-10-05 19:06:20,092 INFO     benchmark — 170/4000  A:91%  87.35 matches/s  ETA 44s
2026-10-05 19:06:20,186 INFO     benchmark — 180/4000  A:91%  88.21 matches/s  ETA 43s
2026-10-05 19:06:20,287 INFO     benchmark — 190/4000  A:90%  88.74 matches/s  ETA 43s
2026-10-05 19:06:20,384 INFO     benchmark — 200/4000  A:90%  89.35 matches/s  ETA 43s
2026-10-05 19:06:20,507 INFO     benchmark — 210/4000  A:90%  88.93 matches/s  ETA 43s
2026-10-05 19:06:20,626 INFO     benchmark — 220/4000  A:91%  88.71 matches/s  ETA 43s
2026-10-05 19:06:20,739 INFO     benchmark — 230/4000  A:90%  88.69 matches/s  ETA 43s
2026-10-05 19:06:20,846 INFO     benchmark — 240/4000  A:90%  88.86 matches/s  ETA 42s
2026-10-05 19:06:20,951 INFO     benchmark — 250/4000  A:90%  89.11 matches/s  ETA 42s
2026-10-05 19:06:21,053 INFO     benchmark — 260/4000  A:90%  89.44 matches/s  ETA 42s
2026-10-05 19:06:21,144 INFO     benchmark — 270/4000  A:90%  90.03 matches/s  ETA 41s
2026-10-05 19:06:21,255 INFO     benchmark — 280/4000  A:89%  90.04 matches/s  ETA 41s
2026-10-05 19:06:21,372 INFO     benchmark — 290/4000  A:89%  89.90 matches/s  ETA 41s
2026-10-05 19:06:21,478 INFO     benchmark — 300/4000  A:89%  90.01 matches/s  ETA 41s
2026-10-05 19:06:21,587 INFO     benchmark — 310/4000  A:89%  90.08 matches/s  ETA 41s
2026-10-05 19:06:21,706 INFO     benchmark — 320/4000  A:89%  89.89 matches/s  ETA 41s
2026-10-05 19:06:21,811 INFO     benchmark — 330/4000  A:89%  90.02 matches/s  ETA 41s
2026-10-05 19:06:21,909 INFO     benchmark — 340/4000  A:89%  90.33 matches/s  ETA 41s
2026-10-05 19:06:22,020 INFO     benchmark — 350/4000  A:89%  90.33 matches/s  ETA 40s
2026-10-05 19:06:22,138 INFO     benchmark — 360/4000  A:89%  90.18 matches/s  ETA 40s
2026-10-05 19:06:22,257 INFO     benchmark — 370/4000  A:89%  89.99 matches/s  ETA 40s
2026-10-05 19:06:22,365 INFO     benchmark — 380/4000  A:89%  90.06 matches/s  ETA 40s
2026-10-05 19:06:22,473 INFO     benchmark — 390/4000  A:89%  90.12 matches/s  ETA 40s
2026-10-05 19:06:22,576 INFO     benchmark — 400/4000  A:89%  90.29 matches/s  ETA 40s
2026-10-05 19:06:22,682 INFO     benchmark — 410/4000  A:89%  90.38 matches/s  ETA 40s
2026-10-05 19:06:22,788 INFO     benchmark — 420/4000  A:90%  90.47 matches/s  ETA 40s
2026-10-05 19:06:22,877 INFO     benchmark — 430/4000  A:89%  90.88 matches/s  ETA 39s
2026-10-05 19:06:22,992 INFO     benchmark — 440/4000  A:89%  90.79 matches/s  ETA 39s
2026-10-05 19:06:23,097 INFO     benchmark — 450/4000  A:90%  90.88 matches/s  ETA 39s
2026-10-05 19:06:23,190 INFO     benchmark — 460/4000  A:90%  91.19 matches/s  ETA 39s
2026-10-05 19:06:23,301 INFO     benchmark — 470/4000  A:90%  91.16 matches/s  ETA 39s
2026-10-05 19:06:23,409 INFO     benchmark — 480/4000  A:90%  91.19 matches/s  ETA 39s
2026-10-05 19:06:23,506 INFO     benchmark — 490/4000  A:90%  91.40 matches/s  ETA 38s
2026-10-05 19:06:23,624 INFO     benchmark — 500/4000  A:90%  91.26 matches/s  ETA 38s
2026-10-05 19:06:23,741 INFO     benchmark — 510/4000  A:90%  91.14 matches/s  ETA 38s
2026-10-05 19:06:23,831 INFO     benchmark — 520/4000  A:90%  91.46 matches/s  ETA 38s
2026-10-05 19:06:23,931 INFO     benchmark — 530/4000  A:90%  91.61 matches/s  ETA 38s
2026-10-05 19:06:24,016 INFO     benchmark — 540/4000  A:90%  91.99 matches/s  ETA 38s
2026-10-05 19:06:24,137 INFO     benchmark — 550/4000  A:91%  91.80 matches/s  ETA 38s
2026-10-05 19:06:24,237 INFO     benchmark — 560/4000  A:91%  91.94 matches/s  ETA 37s
2026-10-05 19:06:24,350 INFO     benchmark — 570/4000  A:91%  91.87 matches/s  ETA 37s
2026-10-05 19:06:24,434 INFO     benchmark — 580/4000  A:91%  92.24 matches/s  ETA 37s
2026-10-05 19:06:24,529 INFO     benchmark — 590/4000  A:91%  92.43 matches/s  ETA 37s
2026-10-05 19:06:24,649 INFO     benchmark — 600/4000  A:91%  92.26 matches/s  ETA 37s
2026-10-05 19:06:24,743 INFO     benchmark — 610/4000  A:91%  92.46 matches/s  ETA 37s
2026-10-05 19:06:24,845 INFO     benchmark — 620/4000  A:91%  92.55 matches/s  ETA 37s
2026-10-05 19:06:24,968 INFO     benchmark — 630/4000  A:91%  92.34 matches/s  ETA 36s
2026-10-05 19:06:25,074 INFO     benchmark — 640/4000  A:91%  92.38 matches/s  ETA 36s
2026-10-05 19:06:25,199 INFO     benchmark — 650/4000  A:91%  92.15 matches/s  ETA 36s
2026-10-05 19:06:25,316 INFO     benchmark — 660/4000  A:91%  92.05 matches/s  ETA 36s
2026-10-05 19:06:25,421 INFO     benchmark — 670/4000  A:91%  92.09 matches/s  ETA 36s
2026-10-05 19:06:25,527 INFO     benchmark — 680/4000  A:91%  92.13 matches/s  ETA 36s
2026-10-05 19:06:25,633 INFO     benchmark — 690/4000  A:91%  92.16 matches/s  ETA 36s
2026-10-05 19:06:25,748 INFO     benchmark — 700/4000  A:91%  92.07 matches/s  ETA 36s
2026-10-05 19:06:25,858 INFO     benchmark — 710/4000  A:92%  92.07 matches/s  ETA 36s
2026-10-05 19:06:25,985 INFO     benchmark — 720/4000  A:92%  91.84 matches/s  ETA 36s
2026-10-05 19:06:26,093 INFO     benchmark — 730/4000  A:92%  91.85 matches/s  ETA 36s
2026-10-05 19:06:26,179 INFO     benchmark — 740/4000  A:92%  92.12 matches/s  ETA 35s
2026-10-05 19:06:26,269 INFO     benchmark — 750/4000  A:92%  92.32 matches/s  ETA 35s
2026-10-05 19:06:26,372 INFO     benchmark — 760/4000  A:92%  92.39 matches/s  ETA 35s
2026-10-05 19:06:26,466 INFO     benchmark — 770/4000  A:92%  92.55 matches/s  ETA 35s
2026-10-05 19:06:26,584 INFO     benchmark — 780/4000  A:92%  92.43 matches/s  ETA 35s
2026-10-05 19:06:26,723 INFO     benchmark — 790/4000  A:92%  92.10 matches/s  ETA 35s
2026-10-05 19:06:26,833 INFO     benchmark — 800/4000  A:92%  92.09 matches/s  ETA 35s
2026-10-05 19:06:26,960 INFO     benchmark — 810/4000  A:92%  91.90 matches/s  ETA 35s
2026-10-05 19:06:27,086 INFO     benchmark — 820/4000  A:92%  91.71 matches/s  ETA 35s
2026-10-05 19:06:27,229 INFO     benchmark — 830/4000  A:92%  91.38 matches/s  ETA 35s
2026-10-05 19:06:27,462 INFO     benchmark — 840/4000  A:92%  90.17 matches/s  ETA 35s
2026-10-05 19:06:27,726 INFO     benchmark — 850/4000  A:92%  88.73 matches/s  ETA 36s
2026-10-05 19:06:27,908 INFO     benchmark — 860/4000  A:92%  88.09 matches/s  ETA 36s
2026-10-05 19:06:27,996 INFO     benchmark — 870/4000  A:93%  88.32 matches/s  ETA 35s
2026-10-05 19:06:28,087 INFO     benchmark — 880/4000  A:93%  88.52 matches/s  ETA 35s
2026-10-05 19:06:28,199 INFO     benchmark — 890/4000  A:93%  88.53 matches/s  ETA 35s
2026-10-05 19:06:28,297 INFO     benchmark — 900/4000  A:93%  88.66 matches/s  ETA 35s
2026-10-05 19:06:28,425 INFO     benchmark — 910/4000  A:93%  88.53 matches/s  ETA 35s
2026-10-05 19:06:28,536 INFO     benchmark — 920/4000  A:93%  88.54 matches/s  ETA 35s
2026-10-05 19:06:28,643 INFO     benchmark — 930/4000  A:93%  88.59 matches/s  ETA 35s
2026-10-05 19:06:28,756 INFO     benchmark — 940/4000  A:93%  88.60 matches/s  ETA 35s
2026-10-05 19:06:28,865 INFO     benchmark — 950/4000  A:93%  88.62 matches/s  ETA 34s
2026-10-05 19:06:28,988 INFO     benchmark — 960/4000  A:93%  88.54 matches/s  ETA 34s
2026-10-05 19:06:29,296 INFO     benchmark — 970/4000  A:93%  86.99 matches/s  ETA 35s
2026-10-05 19:06:29,568 INFO     benchmark — 980/4000  A:93%  85.80 matches/s  ETA 35s
2026-10-05 19:06:29,846 INFO     benchmark — 990/4000  A:93%  84.61 matches/s  ETA 36s
2026-10-05 19:06:30,053 INFO     benchmark — 1000/4000  A:93%  83.98 matches/s  ETA 36s
2026-10-05 19:06:30,220 INFO     benchmark — 1010/4000  A:93%  83.65 matches/s  ETA 36s
2026-10-05 19:06:30,330 INFO     benchmark — 1020/4000  A:93%  83.71 matches/s  ETA 36s
2026-10-05 19:06:30,557 INFO     benchmark — 1030/4000  A:93%  82.99 matches/s  ETA 36s
2026-10-05 19:06:30,874 INFO     benchmark — 1040/4000  A:93%  81.70 matches/s  ETA 36s
2026-10-05 19:06:31,142 INFO     benchmark — 1050/4000  A:93%  80.79 matches/s  ETA 37s
2026-10-05 19:06:31,318 INFO     benchmark — 1060/4000  A:93%  80.47 matches/s  ETA 37s
2026-10-05 19:06:31,436 INFO     benchmark — 1070/4000  A:93%  80.51 matches/s  ETA 36s
2026-10-05 19:06:31,565 INFO     benchmark — 1080/4000  A:93%  80.48 matches/s  ETA 36s
2026-10-05 19:06:31,659 INFO     benchmark — 1090/4000  A:93%  80.66 matches/s  ETA 36s
2026-10-05 19:06:31,762 INFO     benchmark — 1100/4000  A:93%  80.78 matches/s  ETA 36s
2026-10-05 19:06:31,863 INFO     benchmark — 1110/4000  A:93%  80.92 matches/s  ETA 36s
2026-10-05 19:06:31,967 INFO     benchmark — 1120/4000  A:93%  81.03 matches/s  ETA 36s
2026-10-05 19:06:32,070 INFO     benchmark — 1130/4000  A:93%  81.15 matches/s  ETA 35s
2026-10-05 19:06:32,170 INFO     benchmark — 1140/4000  A:93%  81.29 matches/s  ETA 35s
2026-10-05 19:06:32,280 INFO     benchmark — 1150/4000  A:93%  81.36 matches/s  ETA 35s
2026-10-05 19:06:32,385 INFO     benchmark — 1160/4000  A:93%  81.46 matches/s  ETA 35s
2026-10-05 19:06:32,508 INFO     benchmark — 1170/4000  A:93%  81.46 matches/s  ETA 35s
2026-10-05 19:06:32,627 INFO     benchmark — 1180/4000  A:93%  81.49 matches/s  ETA 35s
2026-10-05 19:06:32,741 INFO     benchmark — 1190/4000  A:93%  81.53 matches/s  ETA 34s
2026-10-05 19:06:32,855 INFO     benchmark — 1200/4000  A:93%  81.58 matches/s  ETA 34s
2026-10-05 19:06:33,161 INFO     benchmark — 1210/4000  A:93%  80.59 matches/s  ETA 35s
2026-10-05 19:06:33,285 INFO     benchmark — 1220/4000  A:93%  80.58 matches/s  ETA 34s
2026-10-05 19:06:33,393 INFO     benchmark — 1230/4000  A:93%  80.67 matches/s  ETA 34s
2026-10-05 19:06:33,516 INFO     benchmark — 1240/4000  A:93%  80.67 matches/s  ETA 34s
2026-10-05 19:06:33,625 INFO     benchmark — 1250/4000  A:93%  80.75 matches/s  ETA 34s
2026-10-05 19:06:33,732 INFO     benchmark — 1260/4000  A:93%  80.84 matches/s  ETA 34s
2026-10-05 19:06:33,836 INFO     benchmark — 1270/4000  A:93%  80.94 matches/s  ETA 34s
2026-10-05 19:06:33,951 INFO     benchmark — 1280/4000  A:92%  80.99 matches/s  ETA 34s
2026-10-05 19:06:34,062 INFO     benchmark — 1290/4000  A:92%  81.05 matches/s  ETA 33s
2026-10-05 19:06:34,205 INFO     benchmark — 1300/4000  A:92%  80.95 matches/s  ETA 33s
2026-10-05 19:06:34,330 INFO     benchmark — 1310/4000  A:92%  80.94 matches/s  ETA 33s
2026-10-05 19:06:34,465 INFO     benchmark — 1320/4000  A:92%  80.88 matches/s  ETA 33s
2026-10-05 19:06:34,573 INFO     benchmark — 1330/4000  A:92%  80.96 matches/s  ETA 33s
2026-10-05 19:06:34,685 INFO     benchmark — 1340/4000  A:92%  81.02 matches/s  ETA 33s
2026-10-05 19:06:34,777 INFO     benchmark — 1350/4000  A:92%  81.17 matches/s  ETA 33s
2026-10-05 19:06:34,877 INFO     benchmark — 1360/4000  A:92%  81.28 matches/s  ETA 32s
2026-10-05 19:06:34,968 INFO     benchmark — 1370/4000  A:93%  81.44 matches/s  ETA 32s
2026-10-05 19:06:35,035 INFO     benchmark — 1380/4000  A:93%  81.71 matches/s  ETA 32s
2026-10-05 19:06:35,136 INFO     benchmark — 1390/4000  A:93%  81.81 matches/s  ETA 32s
2026-10-05 19:06:35,227 INFO     benchmark — 1400/4000  A:93%  81.96 matches/s  ETA 32s
2026-10-05 19:06:35,332 INFO     benchmark — 1410/4000  A:92%  82.04 matches/s  ETA 32s
2026-10-05 19:06:35,439 INFO     benchmark — 1420/4000  A:92%  82.11 matches/s  ETA 31s
2026-10-05 19:06:35,531 INFO     benchmark — 1430/4000  A:93%  82.26 matches/s  ETA 31s
2026-10-05 19:06:35,736 INFO     benchmark — 1440/4000  A:92%  81.86 matches/s  ETA 31s
2026-10-05 19:06:35,875 INFO     benchmark — 1450/4000  A:93%  81.78 matches/s  ETA 31s
2026-10-05 19:06:35,977 INFO     benchmark — 1460/4000  A:93%  81.88 matches/s  ETA 31s
2026-10-05 19:06:36,072 INFO     benchmark — 1470/4000  A:92%  82.00 matches/s  ETA 31s
2026-10-05 19:06:36,192 INFO     benchmark — 1480/4000  A:92%  82.01 matches/s  ETA 31s
2026-10-05 19:06:36,297 INFO     benchmark — 1490/4000  A:93%  82.09 matches/s  ETA 31s
2026-10-05 19:06:36,367 INFO     benchmark — 1500/4000  A:93%  82.32 matches/s  ETA 30s
2026-10-05 19:06:36,472 INFO     benchmark — 1510/4000  A:93%  82.39 matches/s  ETA 30s
2026-10-05 19:06:36,569 INFO     benchmark — 1520/4000  A:93%  82.51 matches/s  ETA 30s
2026-10-05 19:06:36,692 INFO     benchmark — 1530/4000  A:93%  82.50 matches/s  ETA 30s
2026-10-05 19:06:36,813 INFO     benchmark — 1540/4000  A:93%  82.50 matches/s  ETA 30s
2026-10-05 19:06:36,915 INFO     benchmark — 1550/4000  A:93%  82.58 matches/s  ETA 30s
2026-10-05 19:06:37,024 INFO     benchmark — 1560/4000  A:93%  82.64 matches/s  ETA 30s
2026-10-05 19:06:37,137 INFO     benchmark — 1570/4000  A:93%  82.67 matches/s  ETA 29s
2026-10-05 19:06:37,251 INFO     benchmark — 1580/4000  A:93%  82.70 matches/s  ETA 29s
2026-10-05 19:06:37,374 INFO     benchmark — 1590/4000  A:93%  82.69 matches/s  ETA 29s
2026-10-05 19:06:37,483 INFO     benchmark — 1600/4000  A:93%  82.74 matches/s  ETA 29s
2026-10-05 19:06:37,560 INFO     benchmark — 1610/4000  A:93%  82.93 matches/s  ETA 29s
2026-10-05 19:06:37,682 INFO     benchmark — 1620/4000  A:93%  82.92 matches/s  ETA 29s
2026-10-05 19:06:37,882 INFO     benchmark — 1630/4000  A:93%  82.59 matches/s  ETA 29s
2026-10-05 19:06:38,107 INFO     benchmark — 1640/4000  A:93%  82.16 matches/s  ETA 29s
2026-10-05 19:06:38,278 INFO     benchmark — 1650/4000  A:93%  81.96 matches/s  ETA 29s
2026-10-05 19:06:38,388 INFO     benchmark — 1660/4000  A:93%  82.01 matches/s  ETA 29s
2026-10-05 19:06:38,494 INFO     benchmark — 1670/4000  A:93%  82.07 matches/s  ETA 28s
2026-10-05 19:06:38,595 INFO     benchmark — 1680/4000  A:93%  82.16 matches/s  ETA 28s
2026-10-05 19:06:38,702 INFO     benchmark — 1690/4000  A:93%  82.21 matches/s  ETA 28s
2026-10-05 19:06:38,817 INFO     benchmark — 1700/4000  A:93%  82.24 matches/s  ETA 28s
2026-10-05 19:06:39,005 INFO     benchmark — 1710/4000  A:93%  81.98 matches/s  ETA 28s
2026-10-05 19:06:39,301 INFO     benchmark — 1720/4000  A:93%  81.30 matches/s  ETA 28s
2026-10-05 19:06:39,570 INFO     benchmark — 1730/4000  A:93%  80.75 matches/s  ETA 28s
2026-10-05 19:06:39,806 INFO     benchmark — 1740/4000  A:93%  80.33 matches/s  ETA 28s
2026-10-05 19:06:39,917 INFO     benchmark — 1750/4000  A:93%  80.38 matches/s  ETA 28s
2026-10-05 19:06:40,024 INFO     benchmark — 1760/4000  A:93%  80.45 matches/s  ETA 28s
2026-10-05 19:06:40,121 INFO     benchmark — 1770/4000  A:93%  80.54 matches/s  ETA 28s
2026-10-05 19:06:40,250 INFO     benchmark — 1780/4000  A:93%  80.53 matches/s  ETA 28s
2026-10-05 19:06:40,362 INFO     benchmark — 1790/4000  A:93%  80.57 matches/s  ETA 27s
2026-10-05 19:06:40,454 INFO     benchmark — 1800/4000  A:93%  80.69 matches/s  ETA 27s
2026-10-05 19:06:40,555 INFO     benchmark — 1810/4000  A:93%  80.77 matches/s  ETA 27s
2026-10-05 19:06:40,663 INFO     benchmark — 1820/4000  A:93%  80.82 matches/s  ETA 27s
2026-10-05 19:06:40,751 INFO     benchmark — 1830/4000  A:93%  80.95 matches/s  ETA 27s
2026-10-05 19:06:40,878 INFO     benchmark — 1840/4000  A:93%  80.94 matches/s  ETA 27s
2026-10-05 19:06:40,969 INFO     benchmark — 1850/4000  A:93%  81.06 matches/s  ETA 27s
2026-10-05 19:06:41,093 INFO     benchmark — 1860/4000  A:93%  81.06 matches/s  ETA 26s
2026-10-05 19:06:41,212 INFO     benchmark — 1870/4000  A:93%  81.07 matches/s  ETA 26s
2026-10-05 19:06:41,331 INFO     benchmark — 1880/4000  A:93%  81.09 matches/s  ETA 26s
2026-10-05 19:06:41,442 INFO     benchmark — 1890/4000  A:93%  81.13 matches/s  ETA 26s
2026-10-05 19:06:41,558 INFO     benchmark — 1900/4000  A:93%  81.15 matches/s  ETA 26s
2026-10-05 19:06:41,647 INFO     benchmark — 1910/4000  A:93%  81.27 matches/s  ETA 26s
2026-10-05 19:06:41,761 INFO     benchmark — 1920/4000  A:93%  81.30 matches/s  ETA 26s
2026-10-05 19:06:41,877 INFO     benchmark — 1930/4000  A:93%  81.33 matches/s  ETA 25s
2026-10-05 19:06:41,980 INFO     benchmark — 1940/4000  A:93%  81.40 matches/s  ETA 25s
2026-10-05 19:06:42,087 INFO     benchmark — 1950/4000  A:93%  81.45 matches/s  ETA 25s
2026-10-05 19:06:42,191 INFO     benchmark — 1960/4000  A:93%  81.51 matches/s  ETA 25s
2026-10-05 19:06:42,281 INFO     benchmark — 1970/4000  A:93%  81.62 matches/s  ETA 25s
2026-10-05 19:06:42,380 INFO     benchmark — 1980/4000  A:93%  81.70 matches/s  ETA 25s
2026-10-05 19:06:42,485 INFO     benchmark — 1990/4000  A:93%  81.76 matches/s  ETA 25s
2026-10-05 19:06:42,595 INFO     benchmark — 2000/4000  A:93%  81.80 matches/s  ETA 24s
2026-10-05 19:06:42,702 INFO     benchmark — 2010/4000  A:93%  81.85 matches/s  ETA 24s
2026-10-05 19:06:42,791 INFO     benchmark — 2020/4000  A:93%  81.96 matches/s  ETA 24s
2026-10-05 19:06:42,893 INFO     benchmark — 2030/4000  A:93%  82.03 matches/s  ETA 24s
2026-10-05 19:06:42,986 INFO     benchmark — 2040/4000  A:93%  82.12 matches/s  ETA 24s
2026-10-05 19:06:43,113 INFO     benchmark — 2050/4000  A:93%  82.11 matches/s  ETA 24s
2026-10-05 19:06:43,227 INFO     benchmark — 2060/4000  A:93%  82.13 matches/s  ETA 24s
2026-10-05 19:06:43,328 INFO     benchmark — 2070/4000  A:93%  82.20 matches/s  ETA 23s
2026-10-05 19:06:43,445 INFO     benchmark — 2080/4000  A:93%  82.21 matches/s  ETA 23s
2026-10-05 19:06:43,563 INFO     benchmark — 2090/4000  A:93%  82.23 matches/s  ETA 23s
2026-10-05 19:06:43,660 INFO     benchmark — 2100/4000  A:93%  82.30 matches/s  ETA 23s
2026-10-05 19:06:43,758 INFO     benchmark — 2110/4000  A:93%  82.38 matches/s  ETA 23s
2026-10-05 19:06:43,861 INFO     benchmark — 2120/4000  A:93%  82.44 matches/s  ETA 23s
2026-10-05 19:06:43,991 INFO     benchmark — 2130/4000  A:93%  82.41 matches/s  ETA 23s
2026-10-05 19:06:44,110 INFO     benchmark — 2140/4000  A:93%  82.42 matches/s  ETA 23s
2026-10-05 19:06:44,208 INFO     benchmark — 2150/4000  A:93%  82.49 matches/s  ETA 22s
2026-10-05 19:06:44,300 INFO     benchmark — 2160/4000  A:93%  82.59 matches/s  ETA 22s
2026-10-05 19:06:44,420 INFO     benchmark — 2170/4000  A:93%  82.59 matches/s  ETA 22s
2026-10-05 19:06:44,523 INFO     benchmark — 2180/4000  A:93%  82.64 matches/s  ETA 22s
2026-10-05 19:06:44,637 INFO     benchmark — 2190/4000  A:93%  82.67 matches/s  ETA 22s
2026-10-05 19:06:44,761 INFO     benchmark — 2200/4000  A:93%  82.66 matches/s  ETA 22s
2026-10-05 19:06:44,873 INFO     benchmark — 2210/4000  A:93%  82.69 matches/s  ETA 22s
2026-10-05 19:06:44,971 INFO     benchmark — 2220/4000  A:93%  82.76 matches/s  ETA 22s
2026-10-05 19:06:45,088 INFO     benchmark — 2230/4000  A:93%  82.77 matches/s  ETA 21s
2026-10-05 19:06:45,193 INFO     benchmark — 2240/4000  A:93%  82.82 matches/s  ETA 21s
2026-10-05 19:06:45,293 INFO     benchmark — 2250/4000  A:93%  82.88 matches/s  ETA 21s
2026-10-05 19:06:45,384 INFO     benchmark — 2260/4000  A:93%  82.97 matches/s  ETA 21s
2026-10-05 19:06:45,502 INFO     benchmark — 2270/4000  A:93%  82.98 matches/s  ETA 21s
2026-10-05 19:06:45,628 INFO     benchmark — 2280/4000  A:93%  82.96 matches/s  ETA 21s
2026-10-05 19:06:45,726 INFO     benchmark — 2290/4000  A:93%  83.03 matches/s  ETA 21s
2026-10-05 19:06:45,835 INFO     benchmark — 2300/4000  A:93%  83.07 matches/s  ETA 20s
2026-10-05 19:06:45,954 INFO     benchmark — 2310/4000  A:93%  83.07 matches/s  ETA 20s
2026-10-05 19:06:46,072 INFO     benchmark — 2320/4000  A:93%  83.08 matches/s  ETA 20s
2026-10-05 19:06:46,182 INFO     benchmark — 2330/4000  A:93%  83.11 matches/s  ETA 20s
2026-10-05 19:06:46,314 INFO     benchmark — 2340/4000  A:93%  83.07 matches/s  ETA 20s
2026-10-05 19:06:46,416 INFO     benchmark — 2350/4000  A:93%  83.12 matches/s  ETA 20s
2026-10-05 19:06:46,529 INFO     benchmark — 2360/4000  A:93%  83.15 matches/s  ETA 20s
2026-10-05 19:06:46,662 INFO     benchmark — 2370/4000  A:93%  83.11 matches/s  ETA 20s
2026-10-05 19:06:46,788 INFO     benchmark — 2380/4000  A:93%  83.09 matches/s  ETA 19s
2026-10-05 19:06:46,880 INFO     benchmark — 2390/4000  A:93%  83.18 matches/s  ETA 19s
2026-10-05 19:06:46,998 INFO     benchmark — 2400/4000  A:93%  83.18 matches/s  ETA 19s
2026-10-05 19:06:47,118 INFO     benchmark — 2410/4000  A:93%  83.18 matches/s  ETA 19s
2026-10-05 19:06:47,221 INFO     benchmark — 2420/4000  A:93%  83.23 matches/s  ETA 19s
2026-10-05 19:06:47,328 INFO     benchmark — 2430/4000  A:93%  83.27 matches/s  ETA 19s
2026-10-05 19:06:47,432 INFO     benchmark — 2440/4000  A:93%  83.32 matches/s  ETA 19s
2026-10-05 19:06:47,513 INFO     benchmark — 2450/4000  A:93%  83.43 matches/s  ETA 19s
2026-10-05 19:06:47,622 INFO     benchmark — 2460/4000  A:93%  83.46 matches/s  ETA 18s
2026-10-05 19:06:47,716 INFO     benchmark — 2470/4000  A:93%  83.53 matches/s  ETA 18s
2026-10-05 19:06:47,835 INFO     benchmark — 2480/4000  A:93%  83.53 matches/s  ETA 18s
2026-10-05 19:06:47,943 INFO     benchmark — 2490/4000  A:93%  83.56 matches/s  ETA 18s
2026-10-05 19:06:48,058 INFO     benchmark — 2500/4000  A:93%  83.58 matches/s  ETA 18s
2026-10-05 19:06:48,180 INFO     benchmark — 2510/4000  A:93%  83.57 matches/s  ETA 18s
2026-10-05 19:06:48,290 INFO     benchmark — 2520/4000  A:93%  83.60 matches/s  ETA 18s
2026-10-05 19:06:48,394 INFO     benchmark — 2530/4000  A:92%  83.64 matches/s  ETA 18s
2026-10-05 19:06:48,506 INFO     benchmark — 2540/4000  A:93%  83.66 matches/s  ETA 17s
2026-10-05 19:06:48,612 INFO     benchmark — 2550/4000  A:93%  83.70 matches/s  ETA 17s
2026-10-05 19:06:48,800 INFO     benchmark — 2560/4000  A:92%  83.51 matches/s  ETA 17s
2026-10-05 19:06:49,072 INFO     benchmark — 2570/4000  A:93%  83.10 matches/s  ETA 17s
2026-10-05 19:06:49,335 INFO     benchmark — 2580/4000  A:93%  82.72 matches/s  ETA 17s
2026-10-05 19:06:49,594 INFO     benchmark — 2590/4000  A:93%  82.36 matches/s  ETA 17s
2026-10-05 19:06:49,748 INFO     benchmark — 2600/4000  A:93%  82.27 matches/s  ETA 17s
2026-10-05 19:06:49,873 INFO     benchmark — 2610/4000  A:93%  82.26 matches/s  ETA 17s
2026-10-05 19:06:49,976 INFO     benchmark — 2620/4000  A:93%  82.31 matches/s  ETA 17s
2026-10-05 19:06:50,084 INFO     benchmark — 2630/4000  A:93%  82.34 matches/s  ETA 17s
2026-10-05 19:06:50,190 INFO     benchmark — 2640/4000  A:93%  82.38 matches/s  ETA 17s
2026-10-05 19:06:50,281 INFO     benchmark — 2650/4000  A:93%  82.46 matches/s  ETA 16s
2026-10-05 19:06:50,391 INFO     benchmark — 2660/4000  A:93%  82.49 matches/s  ETA 16s
2026-10-05 19:06:50,481 INFO     benchmark — 2670/4000  A:93%  82.57 matches/s  ETA 16s
2026-10-05 19:06:50,580 INFO     benchmark — 2680/4000  A:93%  82.63 matches/s  ETA 16s
2026-10-05 19:06:50,682 INFO     benchmark — 2690/4000  A:93%  82.68 matches/s  ETA 16s
2026-10-05 19:06:50,779 INFO     benchmark — 2700/4000  A:93%  82.74 matches/s  ETA 16s
2026-10-05 19:06:50,897 INFO     benchmark — 2710/4000  A:93%  82.74 matches/s  ETA 16s
2026-10-05 19:06:51,006 INFO     benchmark — 2720/4000  A:93%  82.78 matches/s  ETA 15s
2026-10-05 19:06:51,107 INFO     benchmark — 2730/4000  A:93%  82.82 matches/s  ETA 15s
2026-10-05 19:06:51,209 INFO     benchmark — 2740/4000  A:93%  82.87 matches/s  ETA 15s
2026-10-05 19:06:51,314 INFO     benchmark — 2750/4000  A:93%  82.91 matches/s  ETA 15s
2026-10-05 19:06:51,409 INFO     benchmark — 2760/4000  A:93%  82.97 matches/s  ETA 15s
2026-10-05 19:06:51,502 INFO     benchmark — 2770/4000  A:93%  83.04 matches/s  ETA 15s
2026-10-05 19:06:51,621 INFO     benchmark — 2780/4000  A:93%  83.05 matches/s  ETA 15s
2026-10-05 19:06:51,709 INFO     benchmark — 2790/4000  A:93%  83.13 matches/s  ETA 15s
2026-10-05 19:06:51,818 INFO     benchmark — 2800/4000  A:93%  83.15 matches/s  ETA 14s
2026-10-05 19:06:51,931 INFO     benchmark — 2810/4000  A:93%  83.17 matches/s  ETA 14s
2026-10-05 19:06:52,073 INFO     benchmark — 2820/4000  A:93%  83.12 matches/s  ETA 14s
2026-10-05 19:06:52,173 INFO     benchmark — 2830/4000  A:93%  83.17 matches/s  ETA 14s
2026-10-05 19:06:52,298 INFO     benchmark — 2840/4000  A:93%  83.16 matches/s  ETA 14s
2026-10-05 19:06:52,394 INFO     benchmark — 2850/4000  A:93%  83.22 matches/s  ETA 14s
2026-10-05 19:06:52,511 INFO     benchmark — 2860/4000  A:93%  83.22 matches/s  ETA 14s
2026-10-05 19:06:52,613 INFO     benchmark — 2870/4000  A:93%  83.27 matches/s  ETA 14s
2026-10-05 19:06:52,736 INFO     benchmark — 2880/4000  A:93%  83.26 matches/s  ETA 13s
2026-10-05 19:06:52,852 INFO     benchmark — 2890/4000  A:93%  83.27 matches/s  ETA 13s
2026-10-05 19:06:52,971 INFO     benchmark — 2900/4000  A:93%  83.27 matches/s  ETA 13s
2026-10-05 19:06:53,134 INFO     benchmark — 2910/4000  A:93%  83.17 matches/s  ETA 13s
2026-10-05 19:06:53,267 INFO     benchmark — 2920/4000  A:93%  83.14 matches/s  ETA 13s
2026-10-05 19:06:53,367 INFO     benchmark — 2930/4000  A:93%  83.19 matches/s  ETA 13s
2026-10-05 19:06:53,454 INFO     benchmark — 2940/4000  A:93%  83.27 matches/s  ETA 13s
2026-10-05 19:06:53,582 INFO     benchmark — 2950/4000  A:93%  83.25 matches/s  ETA 13s
2026-10-05 19:06:53,683 INFO     benchmark — 2960/4000  A:93%  83.29 matches/s  ETA 12s
2026-10-05 19:06:53,806 INFO     benchmark — 2970/4000  A:93%  83.29 matches/s  ETA 12s
2026-10-05 19:06:53,937 INFO     benchmark — 2980/4000  A:93%  83.26 matches/s  ETA 12s
2026-10-05 19:06:54,046 INFO     benchmark — 2990/4000  A:93%  83.29 matches/s  ETA 12s
2026-10-05 19:06:54,168 INFO     benchmark — 3000/4000  A:93%  83.28 matches/s  ETA 12s
2026-10-05 19:06:54,273 INFO     benchmark — 3010/4000  A:93%  83.32 matches/s  ETA 12s
2026-10-05 19:06:54,376 INFO     benchmark — 3020/4000  A:93%  83.36 matches/s  ETA 12s
2026-10-05 19:06:54,481 INFO     benchmark — 3030/4000  A:93%  83.39 matches/s  ETA 12s
2026-10-05 19:06:54,586 INFO     benchmark — 3040/4000  A:93%  83.42 matches/s  ETA 12s
2026-10-05 19:06:54,694 INFO     benchmark — 3050/4000  A:93%  83.45 matches/s  ETA 11s
2026-10-05 19:06:54,778 INFO     benchmark — 3060/4000  A:93%  83.53 matches/s  ETA 11s
2026-10-05 19:06:54,883 INFO     benchmark — 3070/4000  A:93%  83.57 matches/s  ETA 11s
2026-10-05 19:06:55,000 INFO     benchmark — 3080/4000  A:93%  83.57 matches/s  ETA 11s
2026-10-05 19:06:55,103 INFO     benchmark — 3090/4000  A:93%  83.61 matches/s  ETA 11s
2026-10-05 19:06:55,209 INFO     benchmark — 3100/4000  A:93%  83.64 matches/s  ETA 11s
2026-10-05 19:06:55,320 INFO     benchmark — 3110/4000  A:93%  83.66 matches/s  ETA 11s
2026-10-05 19:06:55,417 INFO     benchmark — 3120/4000  A:93%  83.71 matches/s  ETA 11s
2026-10-05 19:06:55,523 INFO     benchmark — 3130/4000  A:93%  83.74 matches/s  ETA 10s
2026-10-05 19:06:55,611 INFO     benchmark — 3140/4000  A:93%  83.81 matches/s  ETA 10s
2026-10-05 19:06:55,735 INFO     benchmark — 3150/4000  A:93%  83.80 matches/s  ETA 10s
2026-10-05 19:06:55,831 INFO     benchmark — 3160/4000  A:93%  83.85 matches/s  ETA 10s
2026-10-05 19:06:55,937 INFO     benchmark — 3170/4000  A:93%  83.88 matches/s  ETA 10s
2026-10-05 19:06:56,053 INFO     benchmark — 3180/4000  A:93%  83.89 matches/s  ETA 10s
2026-10-05 19:06:56,181 INFO     benchmark — 3190/4000  A:93%  83.87 matches/s  ETA 10s
2026-10-05 19:06:56,286 INFO     benchmark — 3200/4000  A:93%  83.90 matches/s  ETA 10s
2026-10-05 19:06:56,393 INFO     benchmark — 3210/4000  A:93%  83.93 matches/s  ETA 9s
2026-10-05 19:06:56,530 INFO     benchmark — 3220/4000  A:93%  83.89 matches/s  ETA 9s
2026-10-05 19:06:56,660 INFO     benchmark — 3230/4000  A:93%  83.86 matches/s  ETA 9s
2026-10-05 19:06:56,789 INFO     benchmark — 3240/4000  A:93%  83.84 matches/s  ETA 9s
2026-10-05 19:06:56,894 INFO     benchmark — 3250/4000  A:93%  83.87 matches/s  ETA 9s
2026-10-05 19:06:56,996 INFO     benchmark — 3260/4000  A:93%  83.91 matches/s  ETA 9s
2026-10-05 19:06:57,102 INFO     benchmark — 3270/4000  A:93%  83.94 matches/s  ETA 9s
2026-10-05 19:06:57,199 INFO     benchmark — 3280/4000  A:93%  83.99 matches/s  ETA 9s
2026-10-05 19:06:57,316 INFO     benchmark — 3290/4000  A:93%  83.99 matches/s  ETA 8s
2026-10-05 19:06:57,425 INFO     benchmark — 3300/4000  A:93%  84.01 matches/s  ETA 8s
2026-10-05 19:06:57,551 INFO     benchmark — 3310/4000  A:93%  84.00 matches/s  ETA 8s
2026-10-05 19:06:57,673 INFO     benchmark — 3320/4000  A:93%  83.99 matches/s  ETA 8s
2026-10-05 19:06:57,780 INFO     benchmark — 3330/4000  A:93%  84.02 matches/s  ETA 8s
2026-10-05 19:06:57,881 INFO     benchmark — 3340/4000  A:93%  84.06 matches/s  ETA 8s
2026-10-05 19:06:57,996 INFO     benchmark — 3350/4000  A:93%  84.07 matches/s  ETA 8s
2026-10-05 19:06:58,119 INFO     benchmark — 3360/4000  A:93%  84.06 matches/s  ETA 8s
2026-10-05 19:06:58,231 INFO     benchmark — 3370/4000  A:93%  84.07 matches/s  ETA 7s
2026-10-05 19:06:58,349 INFO     benchmark — 3380/4000  A:93%  84.07 matches/s  ETA 7s
2026-10-05 19:06:58,466 INFO     benchmark — 3390/4000  A:93%  84.08 matches/s  ETA 7s
2026-10-05 19:06:58,562 INFO     benchmark — 3400/4000  A:93%  84.12 matches/s  ETA 7s
2026-10-05 19:06:58,656 INFO     benchmark — 3410/4000  A:93%  84.18 matches/s  ETA 7s
2026-10-05 19:06:58,781 INFO     benchmark — 3420/4000  A:93%  84.16 matches/s  ETA 7s
2026-10-05 19:06:58,893 INFO     benchmark — 3430/4000  A:93%  84.18 matches/s  ETA 7s
2026-10-05 19:06:59,001 INFO     benchmark — 3440/4000  A:93%  84.20 matches/s  ETA 7s
2026-10-05 19:06:59,103 INFO     benchmark — 3450/4000  A:93%  84.23 matches/s  ETA 7s
2026-10-05 19:06:59,205 INFO     benchmark — 3460/4000  A:93%  84.27 matches/s  ETA 6s
2026-10-05 19:06:59,302 INFO     benchmark — 3470/4000  A:93%  84.31 matches/s  ETA 6s
2026-10-05 19:06:59,401 INFO     benchmark — 3480/4000  A:93%  84.35 matches/s  ETA 6s
2026-10-05 19:06:59,516 INFO     benchmark — 3490/4000  A:93%  84.36 matches/s  ETA 6s
2026-10-05 19:06:59,615 INFO     benchmark — 3500/4000  A:93%  84.40 matches/s  ETA 6s
2026-10-05 19:06:59,696 INFO     benchmark — 3510/4000  A:93%  84.48 matches/s  ETA 6s
2026-10-05 19:06:59,801 INFO     benchmark — 3520/4000  A:93%  84.50 matches/s  ETA 6s
2026-10-05 19:06:59,899 INFO     benchmark — 3530/4000  A:93%  84.54 matches/s  ETA 6s
2026-10-05 19:07:00,002 INFO     benchmark — 3540/4000  A:93%  84.58 matches/s  ETA 5s
2026-10-05 19:07:00,098 INFO     benchmark — 3550/4000  A:93%  84.62 matches/s  ETA 5s
2026-10-05 19:07:00,189 INFO     benchmark — 3560/4000  A:93%  84.67 matches/s  ETA 5s
2026-10-05 19:07:00,294 INFO     benchmark — 3570/4000  A:93%  84.70 matches/s  ETA 5s
2026-10-05 19:07:00,397 INFO     benchmark — 3580/4000  A:93%  84.73 matches/s  ETA 5s
2026-10-05 19:07:00,522 INFO     benchmark — 3590/4000  A:93%  84.72 matches/s  ETA 5s
2026-10-05 19:07:00,639 INFO     benchmark — 3600/4000  A:93%  84.72 matches/s  ETA 5s
2026-10-05 19:07:00,745 INFO     benchmark — 3610/4000  A:93%  84.74 matches/s  ETA 5s
2026-10-05 19:07:00,854 INFO     benchmark — 3620/4000  A:93%  84.76 matches/s  ETA 4s
2026-10-05 19:07:00,971 INFO     benchmark — 3630/4000  A:93%  84.76 matches/s  ETA 4s
2026-10-05 19:07:01,072 INFO     benchmark — 3640/4000  A:93%  84.80 matches/s  ETA 4s
2026-10-05 19:07:01,179 INFO     benchmark — 3650/4000  A:93%  84.82 matches/s  ETA 4s
2026-10-05 19:07:01,261 INFO     benchmark — 3660/4000  A:93%  84.89 matches/s  ETA 4s
2026-10-05 19:07:01,362 INFO     benchmark — 3670/4000  A:93%  84.92 matches/s  ETA 4s
2026-10-05 19:07:01,468 INFO     benchmark — 3680/4000  A:93%  84.94 matches/s  ETA 4s
2026-10-05 19:07:01,576 INFO     benchmark — 3690/4000  A:93%  84.96 matches/s  ETA 4s
2026-10-05 19:07:01,694 INFO     benchmark — 3700/4000  A:93%  84.96 matches/s  ETA 4s
2026-10-05 19:07:01,804 INFO     benchmark — 3710/4000  A:93%  84.98 matches/s  ETA 3s
2026-10-05 19:07:01,926 INFO     benchmark — 3720/4000  A:93%  84.97 matches/s  ETA 3s
2026-10-05 19:07:02,047 INFO     benchmark — 3730/4000  A:93%  84.96 matches/s  ETA 3s
2026-10-05 19:07:02,147 INFO     benchmark — 3740/4000  A:93%  85.00 matches/s  ETA 3s
2026-10-05 19:07:02,253 INFO     benchmark — 3750/4000  A:93%  85.02 matches/s  ETA 3s
2026-10-05 19:07:02,369 INFO     benchmark — 3760/4000  A:93%  85.02 matches/s  ETA 3s
2026-10-05 19:07:02,477 INFO     benchmark — 3770/4000  A:93%  85.04 matches/s  ETA 3s
2026-10-05 19:07:02,580 INFO     benchmark — 3780/4000  A:93%  85.07 matches/s  ETA 3s
2026-10-05 19:07:02,661 INFO     benchmark — 3790/4000  A:93%  85.14 matches/s  ETA 2s
2026-10-05 19:07:02,776 INFO     benchmark — 3800/4000  A:93%  85.14 matches/s  ETA 2s
2026-10-05 19:07:02,898 INFO     benchmark — 3810/4000  A:93%  85.13 matches/s  ETA 2s
2026-10-05 19:07:03,014 INFO     benchmark — 3820/4000  A:93%  85.14 matches/s  ETA 2s
2026-10-05 19:07:03,103 INFO     benchmark — 3830/4000  A:93%  85.19 matches/s  ETA 2s
2026-10-05 19:07:03,185 INFO     benchmark — 3840/4000  A:93%  85.26 matches/s  ETA 2s
2026-10-05 19:07:03,290 INFO     benchmark — 3850/4000  A:93%  85.28 matches/s  ETA 2s
2026-10-05 19:07:03,420 INFO     benchmark — 3860/4000  A:93%  85.26 matches/s  ETA 2s
2026-10-05 19:07:03,538 INFO     benchmark — 3870/4000  A:93%  85.26 matches/s  ETA 2s
2026-10-05 19:07:03,653 INFO     benchmark — 3880/4000  A:93%  85.26 matches/s  ETA 1s
2026-10-05 19:07:03,750 INFO     benchmark — 3890/4000  A:93%  85.30 matches/s  ETA 1s
2026-10-05 19:07:03,824 INFO     benchmark — 3900/4000  A:93%  85.38 matches/s  ETA 1s
2026-10-05 19:07:03,938 INFO     benchmark — 3910/4000  A:93%  85.39 matches/s  ETA 1s
2026-10-05 19:07:04,038 INFO     benchmark — 3920/4000  A:93%  85.42 matches/s  ETA 1s
2026-10-05 19:07:04,160 INFO     benchmark — 3930/4000  A:94%  85.41 matches/s  ETA 1s
2026-10-05 19:07:04,260 INFO     benchmark — 3940/4000  A:94%  85.44 matches/s  ETA 1s
2026-10-05 19:07:04,371 INFO     benchmark — 3950/4000  A:94%  85.45 matches/s  ETA 1s
2026-10-05 19:07:04,472 INFO     benchmark — 3960/4000  A:94%  85.48 matches/s  ETA 0s
2026-10-05 19:07:04,565 INFO     benchmark — 3970/4000  A:93%  85.53 matches/s  ETA 0s
2026-10-05 19:07:04,679 INFO     benchmark — 3980/4000  A:93%  85.53 matches/s  ETA 0s
2026-10-05 19:07:04,765 INFO     benchmark — 3990/4000  A:93%  85.59 matches/s  ETA 0s
2026-10-05 19:07:04,863 INFO     benchmark — 4000/4000  A:93%  85.62 matches/s  ETA 0s
2026-10-05 19:07:04,872 INFO     benchmark — wrote results/009/C20M_vs_rnd.json

──────────────────────────────────────────────────
Mode:        match_rl_vs_random
Matches:      4,000
──────────────────────────────────────────────────
RL(ckpt_0020000256) wins:  3,737  (93.4%)
Random wins:  263  (6.6%)
Ties:        0  (0.0%)
──────────────────────────────────────────────────

