2026-10-05 19:06:22,998 INFO     benchmark — 10/4000  A:40%  2.00 matches/s  ETA 1996s
2026-10-05 19:06:27,399 INFO     benchmark — 20/4000  A:60%  2.13 matches/s  ETA 1871s
2026-10-05 19:06:31,392 INFO     benchmark — 30/4000  A:57%  2.24 matches/s  ETA 1773s
2026-10-05 19:06:35,537 INFO     benchmark — 40/4000  A:62%  2.28 matches/s  ETA 1736s
2026-10-05 19:06:40,318 INFO     benchmark — 50/4000  A:58%  2.24 matches/s  ETA 1763s
2026-10-05 19:06:43,962 INFO     benchmark — 60/4000  A:58%  2.31 matches/s  ETA 1705s
2026-10-05 19:06:48,979 INFO     benchmark — 70/4000  A:59%  2.26 matches/s  ETA 1739s
2026-10-05 19:06:53,346 INFO     benchmark — 80/4000  A:59%  2.26 matches/s  ETA 1732s
2026-10-05 19:06:59,405 INFO     benchmark — 90/4000  A:60%  2.17 matches/s  ETA 1799s
2026-10-05 19:07:04,440 INFO     benchmark — 100/4000  A:58%  2.15 matches/s  ETA 1811s
2026-10-05 19:07:09,300 INFO     benchmark — 110/4000  A:59%  2.14 matches/s  ETA 1814s
2026-10-05 19:07:13,151 INFO     benchmark — 120/4000  A:59%  2.18 matches/s  ETA 1783s
2026-10-05 19:07:19,419 INFO     benchmark — 130/4000  A:59%  2.12 matches/s  ETA 1828s
2026-10-05 19:07:24,479 INFO     benchmark — 140/4000  A:60%  2.11 matches/s  ETA 1833s
2026-10-05 19:07:29,134 INFO     benchmark — 150/4000  A:60%  2.11 matches/s  ETA 1826s
2026-10-05 19:07:33,720 INFO     benchmark — 160/4000  A:60%  2.11 matches/s  ETA 1817s
2026-10-05 19:07:38,312 INFO     benchmark — 170/4000  A:60%  2.12 matches/s  ETA 1809s
2026-10-05 19:07:42,432 INFO     benchmark — 180/4000  A:61%  2.13 matches/s  ETA 1792s
2026-10-05 19:07:46,856 INFO     benchmark — 190/4000  A:61%  2.14 matches/s  ETA 1782s
2026-10-05 19:07:52,207 INFO     benchmark — 200/4000  A:62%  2.12 matches/s  ETA 1790s
2026-10-05 19:07:57,270 INFO     benchmark — 210/4000  A:61%  2.12 matches/s  ETA 1792s
2026-10-05 19:08:02,919 INFO     benchmark — 220/4000  A:61%  2.10 matches/s  ETA 1803s
2026-10-05 19:08:07,404 INFO     benchmark — 230/4000  A:62%  2.10 matches/s  ETA 1793s
2026-10-05 19:08:11,909 INFO     benchmark — 240/4000  A:62%  2.11 matches/s  ETA 1785s
2026-10-05 19:08:16,855 INFO     benchmark — 250/4000  A:62%  2.10 matches/s  ETA 1783s
2026-10-05 19:08:21,113 INFO     benchmark — 260/4000  A:62%  2.11 matches/s  ETA 1771s
2026-10-05 19:08:26,209 INFO     benchmark — 270/4000  A:63%  2.11 matches/s  ETA 1771s
2026-10-05 19:08:30,820 INFO     benchmark — 280/4000  A:64%  2.11 matches/s  ETA 1765s
2026-10-05 19:08:36,122 INFO     benchmark — 290/4000  A:63%  2.10 matches/s  ETA 1767s
2026-10-05 19:08:40,568 INFO     benchmark — 300/4000  A:63%  2.10 matches/s  ETA 1758s
2026-10-05 19:08:45,619 INFO     benchmark — 310/4000  A:63%  2.10 matches/s  ETA 1757s
2026-10-05 19:08:50,567 INFO     benchmark — 320/4000  A:63%  2.10 matches/s  ETA 1755s
2026-10-05 19:08:54,839 INFO     benchmark — 330/4000  A:63%  2.10 matches/s  ETA 1744s
2026-10-05 19:08:59,314 INFO     benchmark — 340/4000  A:63%  2.11 matches/s  ETA 1737s
2026-10-05 19:09:02,796 INFO     benchmark — 350/4000  A:63%  2.12 matches/s  ETA 1719s
2026-10-05 19:09:06,487 INFO     benchmark — 360/4000  A:62%  2.14 matches/s  ETA 1704s
2026-10-05 19:09:11,354 INFO     benchmark — 370/4000  A:62%  2.13 matches/s  ETA 1701s
2026-10-05 19:09:15,310 INFO     benchmark — 380/4000  A:62%  2.14 matches/s  ETA 1689s
2026-10-05 19:09:20,266 INFO     benchmark — 390/4000  A:62%  2.14 matches/s  ETA 1687s
2026-10-05 19:09:24,163 INFO     benchmark — 400/4000  A:62%  2.15 matches/s  ETA 1675s
2026-10-05 19:09:28,278 INFO     benchmark — 410/4000  A:62%  2.15 matches/s  ETA 1666s
2026-10-05 19:09:32,250 INFO     benchmark — 420/4000  A:63%  2.16 matches/s  ETA 1656s
2026-10-05 19:09:35,837 INFO     benchmark — 430/4000  A:63%  2.17 matches/s  ETA 1643s
2026-10-05 19:09:40,787 INFO     benchmark — 440/4000  A:62%  2.17 matches/s  ETA 1641s
2026-10-05 19:09:44,810 INFO     benchmark — 450/4000  A:63%  2.18 matches/s  ETA 1632s
2026-10-05 19:09:49,262 INFO     benchmark — 460/4000  A:63%  2.18 matches/s  ETA 1626s
2026-10-05 19:09:53,174 INFO     benchmark — 470/4000  A:63%  2.18 matches/s  ETA 1616s
2026-10-05 19:09:57,875 INFO     benchmark — 480/4000  A:64%  2.18 matches/s  ETA 1612s
2026-10-05 19:10:02,686 INFO     benchmark — 490/4000  A:64%  2.18 matches/s  ETA 1610s
2026-10-05 19:10:06,668 INFO     benchmark — 500/4000  A:64%  2.19 matches/s  ETA 1601s
2026-10-05 19:10:11,873 INFO     benchmark — 510/4000  A:64%  2.18 matches/s  ETA 1600s
2026-10-05 19:10:15,537 INFO     benchmark — 520/4000  A:65%  2.19 matches/s  ETA 1590s
2026-10-05 19:10:19,283 INFO     benchmark — 530/4000  A:65%  2.20 matches/s  ETA 1580s
2026-10-05 19:10:23,025 INFO     benchmark — 540/4000  A:65%  2.20 matches/s  ETA 1570s
2026-10-05 19:10:27,994 INFO     benchmark — 550/4000  A:65%  2.20 matches/s  ETA 1568s
2026-10-05 19:10:31,870 INFO     benchmark — 560/4000  A:65%  2.21 matches/s  ETA 1560s
2026-10-05 19:10:36,168 INFO     benchmark — 570/4000  A:65%  2.21 matches/s  ETA 1554s
2026-10-05 19:10:40,295 INFO     benchmark — 580/4000  A:64%  2.21 matches/s  ETA 1547s
2026-10-05 19:10:43,734 INFO     benchmark — 590/4000  A:64%  2.22 matches/s  ETA 1536s
2026-10-05 19:10:48,871 INFO     benchmark — 600/4000  A:64%  2.22 matches/s  ETA 1535s
2026-10-05 19:10:53,256 INFO     benchmark — 610/4000  A:64%  2.22 matches/s  ETA 1530s
2026-10-05 19:10:58,660 INFO     benchmark — 620/4000  A:64%  2.21 matches/s  ETA 1530s
2026-10-05 19:11:03,627 INFO     benchmark — 630/4000  A:64%  2.21 matches/s  ETA 1528s
2026-10-05 19:11:07,552 INFO     benchmark — 640/4000  A:64%  2.21 matches/s  ETA 1520s
2026-10-05 19:11:12,243 INFO     benchmark — 650/4000  A:64%  2.21 matches/s  ETA 1517s
2026-10-05 19:11:16,315 INFO     benchmark — 660/4000  A:64%  2.21 matches/s  ETA 1510s
2026-10-05 19:11:21,571 INFO     benchmark — 670/4000  A:64%  2.21 matches/s  ETA 1509s
2026-10-05 19:11:25,976 INFO     benchmark — 680/4000  A:64%  2.21 matches/s  ETA 1504s
2026-10-05 19:11:30,833 INFO     benchmark — 690/4000  A:64%  2.21 matches/s  ETA 1501s
2026-10-05 19:11:35,996 INFO     benchmark — 700/4000  A:64%  2.20 matches/s  ETA 1499s
2026-10-05 19:11:40,056 INFO     benchmark — 710/4000  A:65%  2.20 matches/s  ETA 1492s
2026-10-05 19:11:44,599 INFO     benchmark — 720/4000  A:64%  2.20 matches/s  ETA 1488s
2026-10-05 19:11:49,129 INFO     benchmark — 730/4000  A:64%  2.20 matches/s  ETA 1483s
2026-10-05 19:11:52,649 INFO     benchmark — 740/4000  A:64%  2.21 matches/s  ETA 1474s
2026-10-05 19:11:56,917 INFO     benchmark — 750/4000  A:65%  2.21 matches/s  ETA 1469s
2026-10-05 19:12:01,400 INFO     benchmark — 760/4000  A:64%  2.21 matches/s  ETA 1464s
2026-10-05 19:12:05,899 INFO     benchmark — 770/4000  A:64%  2.21 matches/s  ETA 1459s
2026-10-05 19:12:10,581 INFO     benchmark — 780/4000  A:64%  2.21 matches/s  ETA 1456s
2026-10-05 19:12:15,456 INFO     benchmark — 790/4000  A:64%  2.21 matches/s  ETA 1452s
2026-10-05 19:12:19,657 INFO     benchmark — 800/4000  A:64%  2.21 matches/s  ETA 1447s
2026-10-05 19:12:24,092 INFO     benchmark — 810/4000  A:64%  2.21 matches/s  ETA 1442s
2026-10-05 19:12:28,710 INFO     benchmark — 820/4000  A:64%  2.21 matches/s  ETA 1438s
2026-10-05 19:12:32,937 INFO     benchmark — 830/4000  A:64%  2.21 matches/s  ETA 1432s
2026-10-05 19:12:36,217 INFO     benchmark — 840/4000  A:64%  2.22 matches/s  ETA 1423s
2026-10-05 19:12:40,444 INFO     benchmark — 850/4000  A:64%  2.22 matches/s  ETA 1417s
2026-10-05 19:12:44,286 INFO     benchmark — 860/4000  A:64%  2.23 matches/s  ETA 1410s
2026-10-05 19:12:48,470 INFO     benchmark — 870/4000  A:64%  2.23 matches/s  ETA 1405s
2026-10-05 19:12:52,842 INFO     benchmark — 880/4000  A:64%  2.23 matches/s  ETA 1400s
2026-10-05 19:12:57,119 INFO     benchmark — 890/4000  A:64%  2.23 matches/s  ETA 1395s
2026-10-05 19:13:00,481 INFO     benchmark — 900/4000  A:64%  2.24 matches/s  ETA 1386s
2026-10-05 19:13:05,194 INFO     benchmark — 910/4000  A:64%  2.23 matches/s  ETA 1383s
2026-10-05 19:13:09,408 INFO     benchmark — 920/4000  A:64%  2.24 matches/s  ETA 1377s
2026-10-05 19:13:12,451 INFO     benchmark — 930/4000  A:64%  2.24 matches/s  ETA 1368s
2026-10-05 19:13:17,100 INFO     benchmark — 940/4000  A:64%  2.24 matches/s  ETA 1364s
2026-10-05 19:13:22,036 INFO     benchmark — 950/4000  A:64%  2.24 matches/s  ETA 1361s
2026-10-05 19:13:25,958 INFO     benchmark — 960/4000  A:64%  2.24 matches/s  ETA 1355s
2026-10-05 19:13:29,730 INFO     benchmark — 970/4000  A:64%  2.25 matches/s  ETA 1349s
2026-10-05 19:13:34,699 INFO     benchmark — 980/4000  A:64%  2.24 matches/s  ETA 1346s
2026-10-05 19:13:38,966 INFO     benchmark — 990/4000  A:64%  2.25 matches/s  ETA 1341s
2026-10-05 19:13:42,650 INFO     benchmark — 1000/4000  A:65%  2.25 matches/s  ETA 1334s
2026-10-05 19:13:47,482 INFO     benchmark — 1010/4000  A:65%  2.25 matches/s  ETA 1331s
2026-10-05 19:13:52,021 INFO     benchmark — 1020/4000  A:65%  2.25 matches/s  ETA 1326s
2026-10-05 19:13:57,180 INFO     benchmark — 1030/4000  A:65%  2.24 matches/s  ETA 1324s
2026-10-05 19:14:02,129 INFO     benchmark — 1040/4000  A:65%  2.24 matches/s  ETA 1321s
2026-10-05 19:14:06,242 INFO     benchmark — 1050/4000  A:65%  2.24 matches/s  ETA 1316s
2026-10-05 19:14:11,917 INFO     benchmark — 1060/4000  A:65%  2.24 matches/s  ETA 1314s
2026-10-05 19:14:16,641 INFO     benchmark — 1070/4000  A:64%  2.24 matches/s  ETA 1311s
2026-10-05 19:14:21,018 INFO     benchmark — 1080/4000  A:64%  2.24 matches/s  ETA 1306s
2026-10-05 19:14:24,759 INFO     benchmark — 1090/4000  A:64%  2.24 matches/s  ETA 1300s
2026-10-05 19:14:28,695 INFO     benchmark — 1100/4000  A:64%  2.24 matches/s  ETA 1294s
2026-10-05 19:14:33,169 INFO     benchmark — 1110/4000  A:64%  2.24 matches/s  ETA 1289s
2026-10-05 19:14:36,631 INFO     benchmark — 1120/4000  A:64%  2.25 matches/s  ETA 1282s
2026-10-05 19:14:40,076 INFO     benchmark — 1130/4000  A:64%  2.25 matches/s  ETA 1275s
2026-10-05 19:14:43,617 INFO     benchmark — 1140/4000  A:64%  2.25 matches/s  ETA 1268s
2026-10-05 19:14:48,173 INFO     benchmark — 1150/4000  A:65%  2.25 matches/s  ETA 1264s
2026-10-05 19:14:52,456 INFO     benchmark — 1160/4000  A:64%  2.25 matches/s  ETA 1260s
2026-10-05 19:14:57,162 INFO     benchmark — 1170/4000  A:64%  2.25 matches/s  ETA 1256s
2026-10-05 19:15:01,628 INFO     benchmark — 1180/4000  A:64%  2.25 matches/s  ETA 1251s
2026-10-05 19:15:06,292 INFO     benchmark — 1190/4000  A:64%  2.25 matches/s  ETA 1247s
2026-10-05 19:15:10,811 INFO     benchmark — 1200/4000  A:64%  2.25 matches/s  ETA 1243s
2026-10-05 19:15:15,401 INFO     benchmark — 1210/4000  A:64%  2.25 matches/s  ETA 1239s
2026-10-05 19:15:19,567 INFO     benchmark — 1220/4000  A:64%  2.25 matches/s  ETA 1234s
2026-10-05 19:15:23,305 INFO     benchmark — 1230/4000  A:64%  2.26 matches/s  ETA 1228s
2026-10-05 19:15:27,972 INFO     benchmark — 1240/4000  A:64%  2.25 matches/s  ETA 1224s
2026-10-05 19:15:32,283 INFO     benchmark — 1250/4000  A:64%  2.26 matches/s  ETA 1219s
2026-10-05 19:15:36,062 INFO     benchmark — 1260/4000  A:64%  2.26 matches/s  ETA 1214s
2026-10-05 19:15:39,894 INFO     benchmark — 1270/4000  A:64%  2.26 matches/s  ETA 1208s
2026-10-05 19:15:44,237 INFO     benchmark — 1280/4000  A:64%  2.26 matches/s  ETA 1203s
2026-10-05 19:15:48,736 INFO     benchmark — 1290/4000  A:64%  2.26 matches/s  ETA 1199s
2026-10-05 19:15:53,461 INFO     benchmark — 1300/4000  A:64%  2.26 matches/s  ETA 1195s
2026-10-05 19:15:57,913 INFO     benchmark — 1310/4000  A:65%  2.26 matches/s  ETA 1191s
2026-10-05 19:16:02,628 INFO     benchmark — 1320/4000  A:64%  2.26 matches/s  ETA 1187s
2026-10-05 19:16:06,495 INFO     benchmark — 1330/4000  A:64%  2.26 matches/s  ETA 1181s
2026-10-05 19:16:11,202 INFO     benchmark — 1340/4000  A:64%  2.26 matches/s  ETA 1178s
2026-10-05 19:16:14,598 INFO     benchmark — 1350/4000  A:65%  2.26 matches/s  ETA 1171s
2026-10-05 19:16:18,212 INFO     benchmark — 1360/4000  A:65%  2.27 matches/s  ETA 1165s
2026-10-05 19:16:21,839 INFO     benchmark — 1370/4000  A:65%  2.27 matches/s  ETA 1159s
2026-10-05 19:16:25,678 INFO     benchmark — 1380/4000  A:64%  2.27 matches/s  ETA 1154s
2026-10-05 19:16:29,732 INFO     benchmark — 1390/4000  A:64%  2.27 matches/s  ETA 1149s
2026-10-05 19:16:34,848 INFO     benchmark — 1400/4000  A:64%  2.27 matches/s  ETA 1146s
2026-10-05 19:16:39,495 INFO     benchmark — 1410/4000  A:64%  2.27 matches/s  ETA 1142s
2026-10-05 19:16:43,554 INFO     benchmark — 1420/4000  A:64%  2.27 matches/s  ETA 1137s
2026-10-05 19:16:47,907 INFO     benchmark — 1430/4000  A:64%  2.27 matches/s  ETA 1132s
2026-10-05 19:16:52,130 INFO     benchmark — 1440/4000  A:64%  2.27 matches/s  ETA 1127s
2026-10-05 19:16:56,716 INFO     benchmark — 1450/4000  A:64%  2.27 matches/s  ETA 1123s
2026-10-05 19:17:01,467 INFO     benchmark — 1460/4000  A:64%  2.27 matches/s  ETA 1119s
2026-10-05 19:17:05,761 INFO     benchmark — 1470/4000  A:64%  2.27 matches/s  ETA 1115s
2026-10-05 19:17:09,985 INFO     benchmark — 1480/4000  A:64%  2.27 matches/s  ETA 1110s
2026-10-05 19:17:14,052 INFO     benchmark — 1490/4000  A:64%  2.27 matches/s  ETA 1105s
2026-10-05 19:17:17,656 INFO     benchmark — 1500/4000  A:64%  2.27 matches/s  ETA 1099s
2026-10-05 19:17:22,015 INFO     benchmark — 1510/4000  A:64%  2.27 matches/s  ETA 1095s
2026-10-05 19:17:25,858 INFO     benchmark — 1520/4000  A:64%  2.28 matches/s  ETA 1090s
2026-10-05 19:17:30,446 INFO     benchmark — 1530/4000  A:64%  2.28 matches/s  ETA 1086s
2026-10-05 19:17:34,471 INFO     benchmark — 1540/4000  A:64%  2.28 matches/s  ETA 1081s
2026-10-05 19:17:38,491 INFO     benchmark — 1550/4000  A:64%  2.28 matches/s  ETA 1076s
2026-10-05 19:17:42,894 INFO     benchmark — 1560/4000  A:64%  2.28 matches/s  ETA 1071s
2026-10-05 19:17:47,341 INFO     benchmark — 1570/4000  A:64%  2.28 matches/s  ETA 1067s
2026-10-05 19:17:51,992 INFO     benchmark — 1580/4000  A:64%  2.28 matches/s  ETA 1063s
2026-10-05 19:17:57,322 INFO     benchmark — 1590/4000  A:64%  2.27 matches/s  ETA 1060s
2026-10-05 19:18:02,216 INFO     benchmark — 1600/4000  A:64%  2.27 matches/s  ETA 1056s
2026-10-05 19:18:07,063 INFO     benchmark — 1610/4000  A:64%  2.27 matches/s  ETA 1053s
2026-10-05 19:18:11,649 INFO     benchmark — 1620/4000  A:65%  2.27 matches/s  ETA 1048s
2026-10-05 19:18:15,391 INFO     benchmark — 1630/4000  A:65%  2.27 matches/s  ETA 1043s
2026-10-05 19:18:20,008 INFO     benchmark — 1640/4000  A:65%  2.27 matches/s  ETA 1039s
2026-10-05 19:18:23,482 INFO     benchmark — 1650/4000  A:65%  2.27 matches/s  ETA 1033s
2026-10-05 19:18:27,397 INFO     benchmark — 1660/4000  A:65%  2.28 matches/s  ETA 1028s
2026-10-05 19:18:31,505 INFO     benchmark — 1670/4000  A:65%  2.28 matches/s  ETA 1023s
2026-10-05 19:18:36,346 INFO     benchmark — 1680/4000  A:65%  2.28 matches/s  ETA 1020s
2026-10-05 19:18:40,860 INFO     benchmark — 1690/4000  A:65%  2.27 matches/s  ETA 1015s
2026-10-05 19:18:45,901 INFO     benchmark — 1700/4000  A:65%  2.27 matches/s  ETA 1012s
2026-10-05 19:18:50,442 INFO     benchmark — 1710/4000  A:65%  2.27 matches/s  ETA 1008s
2026-10-05 19:18:55,054 INFO     benchmark — 1720/4000  A:64%  2.27 matches/s  ETA 1004s
2026-10-05 19:18:59,626 INFO     benchmark — 1730/4000  A:64%  2.27 matches/s  ETA 999s
2026-10-05 19:19:03,496 INFO     benchmark — 1740/4000  A:64%  2.27 matches/s  ETA 994s
2026-10-05 19:19:07,217 INFO     benchmark — 1750/4000  A:64%  2.28 matches/s  ETA 989s
2026-10-05 19:19:11,237 INFO     benchmark — 1760/4000  A:64%  2.28 matches/s  ETA 984s
2026-10-05 19:19:15,385 INFO     benchmark — 1770/4000  A:64%  2.28 matches/s  ETA 979s
2026-10-05 19:19:20,006 INFO     benchmark — 1780/4000  A:64%  2.28 matches/s  ETA 975s
2026-10-05 19:19:24,563 INFO     benchmark — 1790/4000  A:64%  2.28 matches/s  ETA 971s
2026-10-05 19:19:28,738 INFO     benchmark — 1800/4000  A:64%  2.28 matches/s  ETA 966s
2026-10-05 19:19:31,834 INFO     benchmark — 1810/4000  A:64%  2.28 matches/s  ETA 960s
2026-10-05 19:19:36,250 INFO     benchmark — 1820/4000  A:64%  2.28 matches/s  ETA 956s
2026-10-05 19:19:40,183 INFO     benchmark — 1830/4000  A:64%  2.28 matches/s  ETA 951s
2026-10-05 19:19:44,301 INFO     benchmark — 1840/4000  A:64%  2.28 matches/s  ETA 947s
2026-10-05 19:19:47,720 INFO     benchmark — 1850/4000  A:64%  2.28 matches/s  ETA 941s
2026-10-05 19:19:52,226 INFO     benchmark — 1860/4000  A:64%  2.28 matches/s  ETA 937s
2026-10-05 19:19:56,413 INFO     benchmark — 1870/4000  A:64%  2.28 matches/s  ETA 932s
2026-10-05 19:20:00,879 INFO     benchmark — 1880/4000  A:64%  2.28 matches/s  ETA 928s
2026-10-05 19:20:06,125 INFO     benchmark — 1890/4000  A:64%  2.28 matches/s  ETA 925s
2026-10-05 19:20:10,186 INFO     benchmark — 1900/4000  A:64%  2.28 matches/s  ETA 920s
2026-10-05 19:20:13,667 INFO     benchmark — 1910/4000  A:64%  2.29 matches/s  ETA 914s
2026-10-05 19:20:17,718 INFO     benchmark — 1920/4000  A:64%  2.29 matches/s  ETA 910s
2026-10-05 19:20:22,393 INFO     benchmark — 1930/4000  A:64%  2.29 matches/s  ETA 906s
2026-10-05 19:20:26,543 INFO     benchmark — 1940/4000  A:64%  2.29 matches/s  ETA 901s
2026-10-05 19:20:30,550 INFO     benchmark — 1950/4000  A:64%  2.29 matches/s  ETA 896s
2026-10-05 19:20:34,809 INFO     benchmark — 1960/4000  A:64%  2.29 matches/s  ETA 892s
2026-10-05 19:20:38,582 INFO     benchmark — 1970/4000  A:64%  2.29 matches/s  ETA 887s
2026-10-05 19:20:42,628 INFO     benchmark — 1980/4000  A:64%  2.29 matches/s  ETA 882s
2026-10-05 19:20:46,982 INFO     benchmark — 1990/4000  A:64%  2.29 matches/s  ETA 878s
2026-10-05 19:20:52,269 INFO     benchmark — 2000/4000  A:64%  2.29 matches/s  ETA 874s
2026-10-05 19:20:54,974 INFO     benchmark — 2010/4000  A:64%  2.29 matches/s  ETA 868s
2026-10-05 19:20:58,522 INFO     benchmark — 2020/4000  A:65%  2.29 matches/s  ETA 863s
2026-10-05 19:21:02,707 INFO     benchmark — 2030/4000  A:65%  2.29 matches/s  ETA 859s
2026-10-05 19:21:07,754 INFO     benchmark — 2040/4000  A:65%  2.29 matches/s  ETA 855s
2026-10-05 19:21:12,508 INFO     benchmark — 2050/4000  A:64%  2.29 matches/s  ETA 851s
2026-10-05 19:21:17,102 INFO     benchmark — 2060/4000  A:65%  2.29 matches/s  ETA 847s
2026-10-05 19:21:21,357 INFO     benchmark — 2070/4000  A:64%  2.29 matches/s  ETA 842s
2026-10-05 19:21:25,469 INFO     benchmark — 2080/4000  A:64%  2.29 matches/s  ETA 838s
2026-10-05 19:21:29,794 INFO     benchmark — 2090/4000  A:64%  2.29 matches/s  ETA 833s
2026-10-05 19:21:34,336 INFO     benchmark — 2100/4000  A:64%  2.29 matches/s  ETA 829s
2026-10-05 19:21:38,076 INFO     benchmark — 2110/4000  A:64%  2.29 matches/s  ETA 824s
2026-10-05 19:21:41,912 INFO     benchmark — 2120/4000  A:64%  2.29 matches/s  ETA 819s
2026-10-05 19:21:46,353 INFO     benchmark — 2130/4000  A:64%  2.29 matches/s  ETA 815s
2026-10-05 19:21:51,160 INFO     benchmark — 2140/4000  A:64%  2.29 matches/s  ETA 811s
2026-10-05 19:21:54,854 INFO     benchmark — 2150/4000  A:64%  2.29 matches/s  ETA 806s
2026-10-05 19:21:58,989 INFO     benchmark — 2160/4000  A:64%  2.30 matches/s  ETA 802s
2026-10-05 19:22:03,394 INFO     benchmark — 2170/4000  A:64%  2.30 matches/s  ETA 797s
2026-10-05 19:22:07,951 INFO     benchmark — 2180/4000  A:64%  2.29 matches/s  ETA 793s
2026-10-05 19:22:12,215 INFO     benchmark — 2190/4000  A:64%  2.30 matches/s  ETA 789s
2026-10-05 19:22:16,662 INFO     benchmark — 2200/4000  A:64%  2.29 matches/s  ETA 784s
2026-10-05 19:22:21,290 INFO     benchmark — 2210/4000  A:64%  2.29 matches/s  ETA 780s
2026-10-05 19:22:25,820 INFO     benchmark — 2220/4000  A:64%  2.29 matches/s  ETA 776s
2026-10-05 19:22:29,706 INFO     benchmark — 2230/4000  A:64%  2.29 matches/s  ETA 771s
2026-10-05 19:22:34,235 INFO     benchmark — 2240/4000  A:64%  2.29 matches/s  ETA 767s
2026-10-05 19:22:38,929 INFO     benchmark — 2250/4000  A:64%  2.29 matches/s  ETA 763s
2026-10-05 19:22:43,168 INFO     benchmark — 2260/4000  A:64%  2.29 matches/s  ETA 758s
2026-10-05 19:22:47,981 INFO     benchmark — 2270/4000  A:64%  2.29 matches/s  ETA 754s
2026-10-05 19:22:52,423 INFO     benchmark — 2280/4000  A:64%  2.29 matches/s  ETA 750s
2026-10-05 19:22:57,286 INFO     benchmark — 2290/4000  A:64%  2.29 matches/s  ETA 746s
2026-10-05 19:23:02,028 INFO     benchmark — 2300/4000  A:64%  2.29 matches/s  ETA 742s
2026-10-05 19:23:06,950 INFO     benchmark — 2310/4000  A:64%  2.29 matches/s  ETA 738s
2026-10-05 19:23:12,159 INFO     benchmark — 2320/4000  A:64%  2.29 matches/s  ETA 734s
2026-10-05 19:23:16,413 INFO     benchmark — 2330/4000  A:64%  2.29 matches/s  ETA 730s
2026-10-05 19:23:21,625 INFO     benchmark — 2340/4000  A:64%  2.29 matches/s  ETA 726s
2026-10-05 19:23:25,734 INFO     benchmark — 2350/4000  A:64%  2.29 matches/s  ETA 722s
2026-10-05 19:23:30,693 INFO     benchmark — 2360/4000  A:64%  2.29 matches/s  ETA 718s
2026-10-05 19:23:35,733 INFO     benchmark — 2370/4000  A:64%  2.28 matches/s  ETA 714s
2026-10-05 19:23:40,440 INFO     benchmark — 2380/4000  A:63%  2.28 matches/s  ETA 710s
2026-10-05 19:23:43,970 INFO     benchmark — 2390/4000  A:63%  2.28 matches/s  ETA 705s
2026-10-05 19:23:48,408 INFO     benchmark — 2400/4000  A:63%  2.28 matches/s  ETA 700s
2026-10-05 19:23:53,448 INFO     benchmark — 2410/4000  A:63%  2.28 matches/s  ETA 696s
2026-10-05 19:23:57,760 INFO     benchmark — 2420/4000  A:63%  2.28 matches/s  ETA 692s
2026-10-05 19:24:01,519 INFO     benchmark — 2430/4000  A:63%  2.28 matches/s  ETA 687s
2026-10-05 19:24:05,246 INFO     benchmark — 2440/4000  A:63%  2.29 matches/s  ETA 682s
2026-10-05 19:24:10,031 INFO     benchmark — 2450/4000  A:63%  2.29 matches/s  ETA 678s
2026-10-05 19:24:14,322 INFO     benchmark — 2460/4000  A:63%  2.29 matches/s  ETA 674s
2026-10-05 19:24:17,571 INFO     benchmark — 2470/4000  A:63%  2.29 matches/s  ETA 669s
2026-10-05 19:24:22,337 INFO     benchmark — 2480/4000  A:63%  2.29 matches/s  ETA 665s
2026-10-05 19:24:27,020 INFO     benchmark — 2490/4000  A:63%  2.29 matches/s  ETA 660s
2026-10-05 19:24:31,583 INFO     benchmark — 2500/4000  A:63%  2.29 matches/s  ETA 656s
2026-10-05 19:24:35,831 INFO     benchmark — 2510/4000  A:63%  2.29 matches/s  ETA 652s
2026-10-05 19:24:39,985 INFO     benchmark — 2520/4000  A:63%  2.29 matches/s  ETA 647s
2026-10-05 19:24:43,695 INFO     benchmark — 2530/4000  A:63%  2.29 matches/s  ETA 642s
2026-10-05 19:24:47,128 INFO     benchmark — 2540/4000  A:63%  2.29 matches/s  ETA 638s
2026-10-05 19:24:51,570 INFO     benchmark — 2550/4000  A:63%  2.29 matches/s  ETA 633s
2026-10-05 19:24:56,702 INFO     benchmark — 2560/4000  A:63%  2.29 matches/s  ETA 629s
2026-10-05 19:25:01,394 INFO     benchmark — 2570/4000  A:63%  2.29 matches/s  ETA 625s
2026-10-05 19:25:04,941 INFO     benchmark — 2580/4000  A:63%  2.29 matches/s  ETA 620s
2026-10-05 19:25:09,321 INFO     benchmark — 2590/4000  A:63%  2.29 matches/s  ETA 616s
2026-10-05 19:25:13,503 INFO     benchmark — 2600/4000  A:63%  2.29 matches/s  ETA 611s
2026-10-05 19:25:17,494 INFO     benchmark — 2610/4000  A:63%  2.29 matches/s  ETA 607s
2026-10-05 19:25:22,035 INFO     benchmark — 2620/4000  A:63%  2.29 matches/s  ETA 603s
2026-10-05 19:25:25,985 INFO     benchmark — 2630/4000  A:63%  2.29 matches/s  ETA 598s
2026-10-05 19:25:30,421 INFO     benchmark — 2640/4000  A:63%  2.29 matches/s  ETA 594s
2026-10-05 19:25:34,361 INFO     benchmark — 2650/4000  A:64%  2.29 matches/s  ETA 589s
2026-10-05 19:25:38,678 INFO     benchmark — 2660/4000  A:64%  2.29 matches/s  ETA 585s
2026-10-05 19:25:43,150 INFO     benchmark — 2670/4000  A:64%  2.29 matches/s  ETA 580s
2026-10-05 19:25:48,339 INFO     benchmark — 2680/4000  A:64%  2.29 matches/s  ETA 576s
2026-10-05 19:25:52,948 INFO     benchmark — 2690/4000  A:64%  2.29 matches/s  ETA 572s
2026-10-05 19:25:57,003 INFO     benchmark — 2700/4000  A:64%  2.29 matches/s  ETA 568s
2026-10-05 19:26:01,628 INFO     benchmark — 2710/4000  A:64%  2.29 matches/s  ETA 563s
2026-10-05 19:26:06,268 INFO     benchmark — 2720/4000  A:64%  2.29 matches/s  ETA 559s
2026-10-05 19:26:11,560 INFO     benchmark — 2730/4000  A:64%  2.29 matches/s  ETA 555s
2026-10-05 19:26:15,421 INFO     benchmark — 2740/4000  A:64%  2.29 matches/s  ETA 551s
2026-10-05 19:26:19,349 INFO     benchmark — 2750/4000  A:64%  2.29 matches/s  ETA 546s
2026-10-05 19:26:23,179 INFO     benchmark — 2760/4000  A:64%  2.29 matches/s  ETA 541s
2026-10-05 19:26:27,276 INFO     benchmark — 2770/4000  A:64%  2.29 matches/s  ETA 537s
2026-10-05 19:26:32,168 INFO     benchmark — 2780/4000  A:64%  2.29 matches/s  ETA 533s
2026-10-05 19:26:36,270 INFO     benchmark — 2790/4000  A:64%  2.29 matches/s  ETA 528s
2026-10-05 19:26:40,801 INFO     benchmark — 2800/4000  A:64%  2.29 matches/s  ETA 524s
2026-10-05 19:26:45,688 INFO     benchmark — 2810/4000  A:64%  2.29 matches/s  ETA 520s
2026-10-05 19:26:49,461 INFO     benchmark — 2820/4000  A:63%  2.29 matches/s  ETA 515s
2026-10-05 19:26:53,169 INFO     benchmark — 2830/4000  A:64%  2.29 matches/s  ETA 511s
2026-10-05 19:26:57,820 INFO     benchmark — 2840/4000  A:63%  2.29 matches/s  ETA 506s
2026-10-05 19:27:01,650 INFO     benchmark — 2850/4000  A:63%  2.29 matches/s  ETA 502s
2026-10-05 19:27:06,327 INFO     benchmark — 2860/4000  A:63%  2.29 matches/s  ETA 498s
2026-10-05 19:27:10,962 INFO     benchmark — 2870/4000  A:63%  2.29 matches/s  ETA 493s
2026-10-05 19:27:15,719 INFO     benchmark — 2880/4000  A:63%  2.29 matches/s  ETA 489s
2026-10-05 19:27:20,152 INFO     benchmark — 2890/4000  A:63%  2.29 matches/s  ETA 485s
2026-10-05 19:27:24,999 INFO     benchmark — 2900/4000  A:63%  2.29 matches/s  ETA 481s
2026-10-05 19:27:29,086 INFO     benchmark — 2910/4000  A:63%  2.29 matches/s  ETA 476s
2026-10-05 19:27:33,390 INFO     benchmark — 2920/4000  A:63%  2.29 matches/s  ETA 472s
2026-10-05 19:27:37,261 INFO     benchmark — 2930/4000  A:64%  2.29 matches/s  ETA 467s
2026-10-05 19:27:41,540 INFO     benchmark — 2940/4000  A:64%  2.29 matches/s  ETA 463s
2026-10-05 19:27:45,791 INFO     benchmark — 2950/4000  A:64%  2.29 matches/s  ETA 458s
2026-10-05 19:27:50,345 INFO     benchmark — 2960/4000  A:64%  2.29 matches/s  ETA 454s
2026-10-05 19:27:54,448 INFO     benchmark — 2970/4000  A:64%  2.29 matches/s  ETA 450s
2026-10-05 19:27:59,423 INFO     benchmark — 2980/4000  A:64%  2.29 matches/s  ETA 445s
2026-10-05 19:28:03,264 INFO     benchmark — 2990/4000  A:64%  2.29 matches/s  ETA 441s
2026-10-05 19:28:07,603 INFO     benchmark — 3000/4000  A:64%  2.29 matches/s  ETA 437s
2026-10-05 19:28:11,121 INFO     benchmark — 3010/4000  A:64%  2.29 matches/s  ETA 432s
2026-10-05 19:28:15,584 INFO     benchmark — 3020/4000  A:64%  2.29 matches/s  ETA 428s
2026-10-05 19:28:20,764 INFO     benchmark — 3030/4000  A:64%  2.29 matches/s  ETA 423s
2026-10-05 19:28:24,233 INFO     benchmark — 3040/4000  A:64%  2.29 matches/s  ETA 419s
2026-10-05 19:28:28,729 INFO     benchmark — 3050/4000  A:64%  2.29 matches/s  ETA 414s
2026-10-05 19:28:32,169 INFO     benchmark — 3060/4000  A:64%  2.29 matches/s  ETA 410s
2026-10-05 19:28:36,681 INFO     benchmark — 3070/4000  A:64%  2.29 matches/s  ETA 406s
2026-10-05 19:28:41,558 INFO     benchmark — 3080/4000  A:64%  2.29 matches/s  ETA 401s
2026-10-05 19:28:45,970 INFO     benchmark — 3090/4000  A:64%  2.29 matches/s  ETA 397s
2026-10-05 19:28:49,558 INFO     benchmark — 3100/4000  A:64%  2.29 matches/s  ETA 392s
2026-10-05 19:28:53,385 INFO     benchmark — 3110/4000  A:64%  2.29 matches/s  ETA 388s
2026-10-05 19:28:56,910 INFO     benchmark — 3120/4000  A:64%  2.30 matches/s  ETA 383s
2026-10-05 19:29:01,302 INFO     benchmark — 3130/4000  A:64%  2.30 matches/s  ETA 379s
2026-10-05 19:29:05,057 INFO     benchmark — 3140/4000  A:64%  2.30 matches/s  ETA 374s
2026-10-05 19:29:09,731 INFO     benchmark — 3150/4000  A:64%  2.30 matches/s  ETA 370s
2026-10-05 19:29:14,268 INFO     benchmark — 3160/4000  A:64%  2.30 matches/s  ETA 366s
2026-10-05 19:29:18,119 INFO     benchmark — 3170/4000  A:64%  2.30 matches/s  ETA 361s
2026-10-05 19:29:22,110 INFO     benchmark — 3180/4000  A:64%  2.30 matches/s  ETA 357s
2026-10-05 19:29:26,533 INFO     benchmark — 3190/4000  A:64%  2.30 matches/s  ETA 353s
2026-10-05 19:29:29,996 INFO     benchmark — 3200/4000  A:64%  2.30 matches/s  ETA 348s
2026-10-05 19:29:34,553 INFO     benchmark — 3210/4000  A:64%  2.30 matches/s  ETA 344s
2026-10-05 19:29:39,532 INFO     benchmark — 3220/4000  A:64%  2.30 matches/s  ETA 340s
2026-10-05 19:29:43,792 INFO     benchmark — 3230/4000  A:64%  2.30 matches/s  ETA 335s
2026-10-05 19:29:48,097 INFO     benchmark — 3240/4000  A:64%  2.30 matches/s  ETA 331s
2026-10-05 19:29:51,696 INFO     benchmark — 3250/4000  A:64%  2.30 matches/s  ETA 326s
2026-10-05 19:29:55,442 INFO     benchmark — 3260/4000  A:64%  2.30 matches/s  ETA 322s
2026-10-05 19:29:59,495 INFO     benchmark — 3270/4000  A:64%  2.30 matches/s  ETA 317s
2026-10-05 19:30:03,255 INFO     benchmark — 3280/4000  A:64%  2.30 matches/s  ETA 313s
2026-10-05 19:30:07,483 INFO     benchmark — 3290/4000  A:64%  2.30 matches/s  ETA 308s
2026-10-05 19:30:10,679 INFO     benchmark — 3300/4000  A:64%  2.30 matches/s  ETA 304s
2026-10-05 19:30:15,897 INFO     benchmark — 3310/4000  A:64%  2.30 matches/s  ETA 300s
2026-10-05 19:30:20,380 INFO     benchmark — 3320/4000  A:64%  2.30 matches/s  ETA 295s
2026-10-05 19:30:25,756 INFO     benchmark — 3330/4000  A:64%  2.30 matches/s  ETA 291s
2026-10-05 19:30:29,895 INFO     benchmark — 3340/4000  A:64%  2.30 matches/s  ETA 287s
2026-10-05 19:30:33,893 INFO     benchmark — 3350/4000  A:64%  2.30 matches/s  ETA 282s
2026-10-05 19:30:38,192 INFO     benchmark — 3360/4000  A:64%  2.30 matches/s  ETA 278s
2026-10-05 19:30:42,419 INFO     benchmark — 3370/4000  A:64%  2.30 matches/s  ETA 274s
2026-10-05 19:30:46,257 INFO     benchmark — 3380/4000  A:64%  2.30 matches/s  ETA 269s
2026-10-05 19:30:51,049 INFO     benchmark — 3390/4000  A:64%  2.30 matches/s  ETA 265s
2026-10-05 19:30:55,718 INFO     benchmark — 3400/4000  A:64%  2.30 matches/s  ETA 261s
2026-10-05 19:30:59,016 INFO     benchmark — 3410/4000  A:64%  2.30 matches/s  ETA 256s
2026-10-05 19:31:03,370 INFO     benchmark — 3420/4000  A:64%  2.30 matches/s  ETA 252s
2026-10-05 19:31:07,237 INFO     benchmark — 3430/4000  A:64%  2.30 matches/s  ETA 247s
2026-10-05 19:31:11,027 INFO     benchmark — 3440/4000  A:64%  2.30 matches/s  ETA 243s
2026-10-05 19:31:15,519 INFO     benchmark — 3450/4000  A:64%  2.30 matches/s  ETA 239s
2026-10-05 19:31:20,318 INFO     benchmark — 3460/4000  A:64%  2.30 matches/s  ETA 234s
2026-10-05 19:31:24,664 INFO     benchmark — 3470/4000  A:64%  2.30 matches/s  ETA 230s
2026-10-05 19:31:29,191 INFO     benchmark — 3480/4000  A:64%  2.30 matches/s  ETA 226s
2026-10-05 19:31:33,359 INFO     benchmark — 3490/4000  A:64%  2.30 matches/s  ETA 221s
2026-10-05 19:31:37,288 INFO     benchmark — 3500/4000  A:64%  2.30 matches/s  ETA 217s
2026-10-05 19:31:40,404 INFO     benchmark — 3510/4000  A:64%  2.31 matches/s  ETA 213s
2026-10-05 19:31:43,816 INFO     benchmark — 3520/4000  A:64%  2.31 matches/s  ETA 208s
2026-10-05 19:31:47,583 INFO     benchmark — 3530/4000  A:64%  2.31 matches/s  ETA 204s
2026-10-05 19:31:51,805 INFO     benchmark — 3540/4000  A:64%  2.31 matches/s  ETA 199s
2026-10-05 19:31:55,453 INFO     benchmark — 3550/4000  A:64%  2.31 matches/s  ETA 195s
2026-10-05 19:31:59,137 INFO     benchmark — 3560/4000  A:64%  2.31 matches/s  ETA 190s
2026-10-05 19:32:02,314 INFO     benchmark — 3570/4000  A:64%  2.31 matches/s  ETA 186s
2026-10-05 19:32:06,158 INFO     benchmark — 3580/4000  A:64%  2.31 matches/s  ETA 182s
2026-10-05 19:32:10,591 INFO     benchmark — 3590/4000  A:64%  2.31 matches/s  ETA 177s
2026-10-05 19:32:14,719 INFO     benchmark — 3600/4000  A:64%  2.31 matches/s  ETA 173s
2026-10-05 19:32:18,871 INFO     benchmark — 3610/4000  A:64%  2.31 matches/s  ETA 169s
2026-10-05 19:32:23,720 INFO     benchmark — 3620/4000  A:64%  2.31 matches/s  ETA 164s
2026-10-05 19:32:27,302 INFO     benchmark — 3630/4000  A:64%  2.31 matches/s  ETA 160s
2026-10-05 19:32:30,514 INFO     benchmark — 3640/4000  A:64%  2.31 matches/s  ETA 156s
2026-10-05 19:32:35,605 INFO     benchmark — 3650/4000  A:64%  2.31 matches/s  ETA 151s
2026-10-05 19:32:39,658 INFO     benchmark — 3660/4000  A:64%  2.31 matches/s  ETA 147s
2026-10-05 19:32:43,773 INFO     benchmark — 3670/4000  A:64%  2.31 matches/s  ETA 143s
2026-10-05 19:32:48,087 INFO     benchmark — 3680/4000  A:64%  2.31 matches/s  ETA 138s
2026-10-05 19:32:51,803 INFO     benchmark — 3690/4000  A:64%  2.32 matches/s  ETA 134s
2026-10-05 19:32:56,421 INFO     benchmark — 3700/4000  A:64%  2.31 matches/s  ETA 130s
2026-10-05 19:33:00,464 INFO     benchmark — 3710/4000  A:64%  2.32 matches/s  ETA 125s
2026-10-05 19:33:04,574 INFO     benchmark — 3720/4000  A:64%  2.32 matches/s  ETA 121s
2026-10-05 19:33:08,665 INFO     benchmark — 3730/4000  A:64%  2.32 matches/s  ETA 117s
2026-10-05 19:33:11,986 INFO     benchmark — 3740/4000  A:64%  2.32 matches/s  ETA 112s
2026-10-05 19:33:16,357 INFO     benchmark — 3750/4000  A:64%  2.32 matches/s  ETA 108s
2026-10-05 19:33:20,776 INFO     benchmark — 3760/4000  A:64%  2.32 matches/s  ETA 104s
2026-10-05 19:33:24,695 INFO     benchmark — 3770/4000  A:64%  2.32 matches/s  ETA 99s
2026-10-05 19:33:29,903 INFO     benchmark — 3780/4000  A:64%  2.32 matches/s  ETA 95s
2026-10-05 19:33:34,648 INFO     benchmark — 3790/4000  A:64%  2.32 matches/s  ETA 91s
2026-10-05 19:33:38,758 INFO     benchmark — 3800/4000  A:64%  2.32 matches/s  ETA 86s
2026-10-05 19:33:42,761 INFO     benchmark — 3810/4000  A:64%  2.32 matches/s  ETA 82s
2026-10-05 19:33:46,891 INFO     benchmark — 3820/4000  A:64%  2.32 matches/s  ETA 78s
2026-10-05 19:33:50,277 INFO     benchmark — 3830/4000  A:64%  2.32 matches/s  ETA 73s
2026-10-05 19:33:53,685 INFO     benchmark — 3840/4000  A:64%  2.32 matches/s  ETA 69s
2026-10-05 19:33:57,370 INFO     benchmark — 3850/4000  A:64%  2.32 matches/s  ETA 65s
2026-10-05 19:34:02,022 INFO     benchmark — 3860/4000  A:64%  2.32 matches/s  ETA 60s
2026-10-05 19:34:06,666 INFO     benchmark — 3870/4000  A:64%  2.32 matches/s  ETA 56s
2026-10-05 19:34:10,350 INFO     benchmark — 3880/4000  A:64%  2.32 matches/s  ETA 52s
2026-10-05 19:34:14,658 INFO     benchmark — 3890/4000  A:64%  2.32 matches/s  ETA 47s
2026-10-05 19:34:19,255 INFO     benchmark — 3900/4000  A:64%  2.32 matches/s  ETA 43s
2026-10-05 19:34:23,763 INFO     benchmark — 3910/4000  A:64%  2.32 matches/s  ETA 39s
2026-10-05 19:34:27,931 INFO     benchmark — 3920/4000  A:64%  2.32 matches/s  ETA 34s
2026-10-05 19:34:32,101 INFO     benchmark — 3930/4000  A:64%  2.32 matches/s  ETA 30s
2026-10-05 19:34:36,941 INFO     benchmark — 3940/4000  A:64%  2.32 matches/s  ETA 26s
2026-10-05 19:34:41,379 INFO     benchmark — 3950/4000  A:64%  2.32 matches/s  ETA 22s
2026-10-05 19:34:45,445 INFO     benchmark — 3960/4000  A:64%  2.32 matches/s  ETA 17s
2026-10-05 19:34:49,608 INFO     benchmark — 3970/4000  A:64%  2.32 matches/s  ETA 13s
2026-10-05 19:34:53,964 INFO     benchmark — 3980/4000  A:64%  2.32 matches/s  ETA 9s
2026-10-05 19:34:57,711 INFO     benchmark — 3990/4000  A:64%  2.32 matches/s  ETA 4s
2026-10-05 19:35:01,018 INFO     benchmark — 4000/4000  A:64%  2.32 matches/s  ETA 0s
2026-10-05 19:35:01,025 INFO     benchmark — wrote results/009/C20M_vs_vn.json

──────────────────────────────────────────────────
Mode:        match_rl_vs_vonneumann
Matches:      4,000
──────────────────────────────────────────────────
RL(ckpt_0020000256) wins:  2,563  (64.1%)
VonNeumann(r=20) wins:  1,437  (35.9%)
Ties:        0  (0.0%)
──────────────────────────────────────────────────

