2026-10-05 19:07:06,918 INFO     benchmark — 10/4000  A:80%  56.86 matches/s  ETA 70s
2026-10-05 19:07:07,072 INFO     benchmark — 20/4000  A:80%  60.59 matches/s  ETA 66s
2026-10-05 19:07:07,252 INFO     benchmark — 30/4000  A:83%  58.86 matches/s  ETA 67s
2026-10-05 19:07:07,436 INFO     benchmark — 40/4000  A:85%  57.65 matches/s  ETA 69s
2026-10-05 19:07:07,619 INFO     benchmark — 50/4000  A:82%  57.01 matches/s  ETA 69s
2026-10-05 19:07:07,781 INFO     benchmark — 60/4000  A:85%  57.74 matches/s  ETA 68s
2026-10-05 19:07:07,964 INFO     benchmark — 70/4000  A:86%  57.28 matches/s  ETA 69s
2026-10-05 19:07:08,132 INFO     benchmark — 80/4000  A:88%  57.55 matches/s  ETA 68s
2026-10-05 19:07:08,307 INFO     benchmark — 90/4000  A:89%  57.53 matches/s  ETA 68s
2026-10-05 19:07:08,481 INFO     benchmark — 100/4000  A:90%  57.51 matches/s  ETA 68s
2026-10-05 19:07:08,654 INFO     benchmark — 110/4000  A:88%  57.54 matches/s  ETA 68s
2026-10-05 19:07:08,825 INFO     benchmark — 120/4000  A:89%  57.60 matches/s  ETA 67s
2026-10-05 19:07:08,997 INFO     benchmark — 130/4000  A:89%  57.64 matches/s  ETA 67s
2026-10-05 19:07:09,169 INFO     benchmark — 140/4000  A:89%  57.68 matches/s  ETA 67s
2026-10-05 19:07:09,334 INFO     benchmark — 150/4000  A:89%  57.88 matches/s  ETA 67s
2026-10-05 19:07:09,497 INFO     benchmark — 160/4000  A:89%  58.07 matches/s  ETA 66s
2026-10-05 19:07:09,664 INFO     benchmark — 170/4000  A:89%  58.17 matches/s  ETA 66s
2026-10-05 19:07:09,845 INFO     benchmark — 180/4000  A:89%  58.01 matches/s  ETA 66s
2026-10-05 19:07:10,006 INFO     benchmark — 190/4000  A:88%  58.20 matches/s  ETA 65s
2026-10-05 19:07:10,224 INFO     benchmark — 200/4000  A:89%  57.44 matches/s  ETA 66s
2026-10-05 19:07:10,418 INFO     benchmark — 210/4000  A:89%  57.13 matches/s  ETA 66s
2026-10-05 19:07:10,610 INFO     benchmark — 220/4000  A:89%  56.88 matches/s  ETA 66s
2026-10-05 19:07:10,798 INFO     benchmark — 230/4000  A:89%  56.71 matches/s  ETA 66s
2026-10-05 19:07:10,989 INFO     benchmark — 240/4000  A:89%  56.51 matches/s  ETA 67s
2026-10-05 19:07:11,179 INFO     benchmark — 250/4000  A:88%  56.35 matches/s  ETA 67s
2026-10-05 19:07:11,372 INFO     benchmark — 260/4000  A:88%  56.16 matches/s  ETA 67s
2026-10-05 19:07:11,548 INFO     benchmark — 270/4000  A:89%  56.18 matches/s  ETA 66s
2026-10-05 19:07:11,743 INFO     benchmark — 280/4000  A:88%  55.99 matches/s  ETA 66s
2026-10-05 19:07:11,925 INFO     benchmark — 290/4000  A:87%  55.96 matches/s  ETA 66s
2026-10-05 19:07:12,095 INFO     benchmark — 300/4000  A:87%  56.04 matches/s  ETA 66s
2026-10-05 19:07:12,291 INFO     benchmark — 310/4000  A:87%  55.87 matches/s  ETA 66s
2026-10-05 19:07:12,477 INFO     benchmark — 320/4000  A:88%  55.80 matches/s  ETA 66s
2026-10-05 19:07:12,674 INFO     benchmark — 330/4000  A:87%  55.63 matches/s  ETA 66s
2026-10-05 19:07:12,883 INFO     benchmark — 340/4000  A:88%  55.37 matches/s  ETA 66s
2026-10-05 19:07:13,065 INFO     benchmark — 350/4000  A:88%  55.36 matches/s  ETA 66s
2026-10-05 19:07:13,261 INFO     benchmark — 360/4000  A:88%  55.22 matches/s  ETA 66s
2026-10-05 19:07:13,448 INFO     benchmark — 370/4000  A:88%  55.18 matches/s  ETA 66s
2026-10-05 19:07:13,835 INFO     benchmark — 380/4000  A:89%  53.58 matches/s  ETA 68s
2026-10-05 19:07:14,164 INFO     benchmark — 390/4000  A:88%  52.55 matches/s  ETA 69s
2026-10-05 19:07:14,337 INFO     benchmark — 400/4000  A:88%  52.66 matches/s  ETA 68s
2026-10-05 19:07:14,512 INFO     benchmark — 410/4000  A:88%  52.77 matches/s  ETA 68s
2026-10-05 19:07:14,684 INFO     benchmark — 420/4000  A:89%  52.89 matches/s  ETA 68s
2026-10-05 19:07:15,066 INFO     benchmark — 430/4000  A:89%  51.66 matches/s  ETA 69s
2026-10-05 19:07:15,353 INFO     benchmark — 440/4000  A:89%  51.10 matches/s  ETA 70s
2026-10-05 19:07:15,544 INFO     benchmark — 450/4000  A:89%  51.13 matches/s  ETA 69s
2026-10-05 19:07:15,730 INFO     benchmark — 460/4000  A:89%  51.18 matches/s  ETA 69s
2026-10-05 19:07:15,906 INFO     benchmark — 470/4000  A:89%  51.29 matches/s  ETA 69s
2026-10-05 19:07:16,056 INFO     benchmark — 480/4000  A:89%  51.54 matches/s  ETA 68s
2026-10-05 19:07:16,256 INFO     benchmark — 490/4000  A:89%  51.50 matches/s  ETA 68s
2026-10-05 19:07:16,446 INFO     benchmark — 500/4000  A:89%  51.53 matches/s  ETA 68s
2026-10-05 19:07:16,626 INFO     benchmark — 510/4000  A:89%  51.60 matches/s  ETA 68s
2026-10-05 19:07:16,973 INFO     benchmark — 520/4000  A:89%  50.82 matches/s  ETA 68s
2026-10-05 19:07:17,335 INFO     benchmark — 530/4000  A:89%  50.03 matches/s  ETA 69s
2026-10-05 19:07:17,505 INFO     benchmark — 540/4000  A:89%  50.17 matches/s  ETA 69s
2026-10-05 19:07:17,728 INFO     benchmark — 550/4000  A:89%  50.06 matches/s  ETA 69s
2026-10-05 19:07:18,200 INFO     benchmark — 560/4000  A:89%  48.87 matches/s  ETA 70s
2026-10-05 19:07:18,444 INFO     benchmark — 570/4000  A:89%  48.71 matches/s  ETA 70s
2026-10-05 19:07:18,617 INFO     benchmark — 580/4000  A:89%  48.84 matches/s  ETA 70s
2026-10-05 19:07:18,812 INFO     benchmark — 590/4000  A:89%  48.88 matches/s  ETA 70s
2026-10-05 19:07:19,017 INFO     benchmark — 600/4000  A:89%  48.88 matches/s  ETA 70s
2026-10-05 19:07:19,207 INFO     benchmark — 610/4000  A:89%  48.94 matches/s  ETA 69s
2026-10-05 19:07:19,411 INFO     benchmark — 620/4000  A:89%  48.94 matches/s  ETA 69s
2026-10-05 19:07:19,599 INFO     benchmark — 630/4000  A:89%  49.00 matches/s  ETA 69s
2026-10-05 19:07:19,787 INFO     benchmark — 640/4000  A:89%  49.06 matches/s  ETA 68s
2026-10-05 19:07:19,967 INFO     benchmark — 650/4000  A:89%  49.15 matches/s  ETA 68s
2026-10-05 19:07:20,164 INFO     benchmark — 660/4000  A:89%  49.17 matches/s  ETA 68s
2026-10-05 19:07:20,338 INFO     benchmark — 670/4000  A:89%  49.28 matches/s  ETA 68s
2026-10-05 19:07:20,536 INFO     benchmark — 680/4000  A:89%  49.30 matches/s  ETA 67s
2026-10-05 19:07:20,977 INFO     benchmark — 690/4000  A:89%  48.47 matches/s  ETA 68s
2026-10-05 19:07:21,288 INFO     benchmark — 700/4000  A:89%  48.12 matches/s  ETA 69s
2026-10-05 19:07:21,468 INFO     benchmark — 710/4000  A:89%  48.21 matches/s  ETA 68s
2026-10-05 19:07:21,694 INFO     benchmark — 720/4000  A:89%  48.15 matches/s  ETA 68s
2026-10-05 19:07:21,874 INFO     benchmark — 730/4000  A:89%  48.24 matches/s  ETA 68s
2026-10-05 19:07:22,079 INFO     benchmark — 740/4000  A:89%  48.25 matches/s  ETA 68s
2026-10-05 19:07:22,259 INFO     benchmark — 750/4000  A:89%  48.33 matches/s  ETA 67s
2026-10-05 19:07:22,438 INFO     benchmark — 760/4000  A:90%  48.42 matches/s  ETA 67s
2026-10-05 19:07:22,674 INFO     benchmark — 770/4000  A:90%  48.33 matches/s  ETA 67s
2026-10-05 19:07:22,875 INFO     benchmark — 780/4000  A:90%  48.35 matches/s  ETA 67s
2026-10-05 19:07:23,059 INFO     benchmark — 790/4000  A:89%  48.42 matches/s  ETA 66s
2026-10-05 19:07:23,229 INFO     benchmark — 800/4000  A:90%  48.52 matches/s  ETA 66s
2026-10-05 19:07:23,435 INFO     benchmark — 810/4000  A:90%  48.52 matches/s  ETA 66s
2026-10-05 19:07:23,620 INFO     benchmark — 820/4000  A:90%  48.58 matches/s  ETA 65s
2026-10-05 19:07:23,821 INFO     benchmark — 830/4000  A:90%  48.60 matches/s  ETA 65s
2026-10-05 19:07:24,018 INFO     benchmark — 840/4000  A:90%  48.62 matches/s  ETA 65s
2026-10-05 19:07:24,222 INFO     benchmark — 850/4000  A:90%  48.63 matches/s  ETA 65s
2026-10-05 19:07:24,442 INFO     benchmark — 860/4000  A:90%  48.59 matches/s  ETA 65s
2026-10-05 19:07:24,613 INFO     benchmark — 870/4000  A:90%  48.68 matches/s  ETA 64s
2026-10-05 19:07:24,798 INFO     benchmark — 880/4000  A:90%  48.74 matches/s  ETA 64s
2026-10-05 19:07:25,140 INFO     benchmark — 890/4000  A:90%  48.37 matches/s  ETA 64s
2026-10-05 19:07:25,366 INFO     benchmark — 900/4000  A:90%  48.33 matches/s  ETA 64s
2026-10-05 19:07:25,547 INFO     benchmark — 910/4000  A:90%  48.39 matches/s  ETA 64s
2026-10-05 19:07:25,702 INFO     benchmark — 920/4000  A:90%  48.52 matches/s  ETA 63s
2026-10-05 19:07:25,880 INFO     benchmark — 930/4000  A:90%  48.60 matches/s  ETA 63s
2026-10-05 19:07:26,080 INFO     benchmark — 940/4000  A:90%  48.61 matches/s  ETA 63s
2026-10-05 19:07:26,386 INFO     benchmark — 950/4000  A:90%  48.36 matches/s  ETA 63s
2026-10-05 19:07:26,674 INFO     benchmark — 960/4000  A:90%  48.16 matches/s  ETA 63s
2026-10-05 19:07:26,838 INFO     benchmark — 970/4000  A:90%  48.27 matches/s  ETA 63s
2026-10-05 19:07:27,092 INFO     benchmark — 980/4000  A:90%  48.16 matches/s  ETA 63s
2026-10-05 19:07:27,383 INFO     benchmark — 990/4000  A:90%  47.96 matches/s  ETA 63s
2026-10-05 19:07:27,535 INFO     benchmark — 1000/4000  A:90%  48.09 matches/s  ETA 62s
2026-10-05 19:07:27,709 INFO     benchmark — 1010/4000  A:90%  48.17 matches/s  ETA 62s
2026-10-05 19:07:27,908 INFO     benchmark — 1020/4000  A:90%  48.19 matches/s  ETA 62s
2026-10-05 19:07:28,102 INFO     benchmark — 1030/4000  A:90%  48.22 matches/s  ETA 62s
2026-10-05 19:07:28,280 INFO     benchmark — 1040/4000  A:90%  48.29 matches/s  ETA 61s
2026-10-05 19:07:28,442 INFO     benchmark — 1050/4000  A:90%  48.39 matches/s  ETA 61s
2026-10-05 19:07:28,612 INFO     benchmark — 1060/4000  A:90%  48.47 matches/s  ETA 61s
2026-10-05 19:07:28,799 INFO     benchmark — 1070/4000  A:90%  48.51 matches/s  ETA 60s
2026-10-05 19:07:28,989 INFO     benchmark — 1080/4000  A:90%  48.55 matches/s  ETA 60s
2026-10-05 19:07:29,161 INFO     benchmark — 1090/4000  A:90%  48.62 matches/s  ETA 60s
2026-10-05 19:07:29,330 INFO     benchmark — 1100/4000  A:90%  48.70 matches/s  ETA 60s
2026-10-05 19:07:29,507 INFO     benchmark — 1110/4000  A:90%  48.76 matches/s  ETA 59s
2026-10-05 19:07:29,685 INFO     benchmark — 1120/4000  A:90%  48.82 matches/s  ETA 59s
2026-10-05 19:07:30,099 INFO     benchmark — 1130/4000  A:90%  48.38 matches/s  ETA 59s
2026-10-05 19:07:30,512 INFO     benchmark — 1140/4000  A:90%  47.96 matches/s  ETA 60s
2026-10-05 19:07:30,849 INFO     benchmark — 1150/4000  A:90%  47.70 matches/s  ETA 60s
2026-10-05 19:07:31,071 INFO     benchmark — 1160/4000  A:90%  47.68 matches/s  ETA 60s
2026-10-05 19:07:31,260 INFO     benchmark — 1170/4000  A:90%  47.72 matches/s  ETA 59s
2026-10-05 19:07:31,458 INFO     benchmark — 1180/4000  A:90%  47.74 matches/s  ETA 59s
2026-10-05 19:07:31,657 INFO     benchmark — 1190/4000  A:90%  47.76 matches/s  ETA 59s
2026-10-05 19:07:32,004 INFO     benchmark — 1200/4000  A:90%  47.50 matches/s  ETA 59s
2026-10-05 19:07:32,188 INFO     benchmark — 1210/4000  A:90%  47.55 matches/s  ETA 59s
2026-10-05 19:07:32,367 INFO     benchmark — 1220/4000  A:90%  47.61 matches/s  ETA 58s
2026-10-05 19:07:32,554 INFO     benchmark — 1230/4000  A:90%  47.65 matches/s  ETA 58s
2026-10-05 19:07:32,774 INFO     benchmark — 1240/4000  A:90%  47.63 matches/s  ETA 58s
2026-10-05 19:07:32,959 INFO     benchmark — 1250/4000  A:90%  47.68 matches/s  ETA 58s
2026-10-05 19:07:33,143 INFO     benchmark — 1260/4000  A:91%  47.72 matches/s  ETA 57s
2026-10-05 19:07:33,323 INFO     benchmark — 1270/4000  A:91%  47.78 matches/s  ETA 57s
2026-10-05 19:07:33,511 INFO     benchmark — 1280/4000  A:91%  47.82 matches/s  ETA 57s
2026-10-05 19:07:33,697 INFO     benchmark — 1290/4000  A:91%  47.86 matches/s  ETA 57s
2026-10-05 19:07:33,899 INFO     benchmark — 1300/4000  A:91%  47.87 matches/s  ETA 56s
2026-10-05 19:07:34,085 INFO     benchmark — 1310/4000  A:91%  47.91 matches/s  ETA 56s
2026-10-05 19:07:34,283 INFO     benchmark — 1320/4000  A:91%  47.93 matches/s  ETA 56s
2026-10-05 19:07:34,437 INFO     benchmark — 1330/4000  A:91%  48.02 matches/s  ETA 56s
2026-10-05 19:07:34,614 INFO     benchmark — 1340/4000  A:91%  48.08 matches/s  ETA 55s
2026-10-05 19:07:34,785 INFO     benchmark — 1350/4000  A:91%  48.14 matches/s  ETA 55s
2026-10-05 19:07:34,980 INFO     benchmark — 1360/4000  A:91%  48.16 matches/s  ETA 55s
2026-10-05 19:07:35,176 INFO     benchmark — 1370/4000  A:91%  48.18 matches/s  ETA 55s
2026-10-05 19:07:35,344 INFO     benchmark — 1380/4000  A:91%  48.25 matches/s  ETA 54s
2026-10-05 19:07:35,534 INFO     benchmark — 1390/4000  A:91%  48.28 matches/s  ETA 54s
2026-10-05 19:07:35,697 INFO     benchmark — 1400/4000  A:91%  48.35 matches/s  ETA 54s
2026-10-05 19:07:35,871 INFO     benchmark — 1410/4000  A:91%  48.40 matches/s  ETA 54s
2026-10-05 19:07:36,037 INFO     benchmark — 1420/4000  A:90%  48.47 matches/s  ETA 53s
2026-10-05 19:07:36,226 INFO     benchmark — 1430/4000  A:90%  48.50 matches/s  ETA 53s
2026-10-05 19:07:36,409 INFO     benchmark — 1440/4000  A:90%  48.54 matches/s  ETA 53s
2026-10-05 19:07:36,597 INFO     benchmark — 1450/4000  A:91%  48.57 matches/s  ETA 53s
2026-10-05 19:07:36,771 INFO     benchmark — 1460/4000  A:91%  48.62 matches/s  ETA 52s
2026-10-05 19:07:36,952 INFO     benchmark — 1470/4000  A:91%  48.66 matches/s  ETA 52s
2026-10-05 19:07:37,137 INFO     benchmark — 1480/4000  A:91%  48.69 matches/s  ETA 52s
2026-10-05 19:07:37,331 INFO     benchmark — 1490/4000  A:91%  48.71 matches/s  ETA 52s
2026-10-05 19:07:37,542 INFO     benchmark — 1500/4000  A:91%  48.70 matches/s  ETA 51s
2026-10-05 19:07:37,816 INFO     benchmark — 1510/4000  A:91%  48.59 matches/s  ETA 51s
2026-10-05 19:07:38,000 INFO     benchmark — 1520/4000  A:91%  48.63 matches/s  ETA 51s
2026-10-05 19:07:38,181 INFO     benchmark — 1530/4000  A:91%  48.67 matches/s  ETA 51s
2026-10-05 19:07:38,420 INFO     benchmark — 1540/4000  A:91%  48.61 matches/s  ETA 51s
2026-10-05 19:07:38,607 INFO     benchmark — 1550/4000  A:91%  48.64 matches/s  ETA 50s
2026-10-05 19:07:38,792 INFO     benchmark — 1560/4000  A:91%  48.67 matches/s  ETA 50s
2026-10-05 19:07:38,996 INFO     benchmark — 1570/4000  A:90%  48.68 matches/s  ETA 50s
2026-10-05 19:07:39,177 INFO     benchmark — 1580/4000  A:90%  48.71 matches/s  ETA 50s
2026-10-05 19:07:39,365 INFO     benchmark — 1590/4000  A:90%  48.74 matches/s  ETA 49s
2026-10-05 19:07:39,543 INFO     benchmark — 1600/4000  A:90%  48.78 matches/s  ETA 49s
2026-10-05 19:07:39,708 INFO     benchmark — 1610/4000  A:90%  48.84 matches/s  ETA 49s
2026-10-05 19:07:39,879 INFO     benchmark — 1620/4000  A:90%  48.89 matches/s  ETA 49s
2026-10-05 19:07:40,051 INFO     benchmark — 1630/4000  A:90%  48.94 matches/s  ETA 48s
2026-10-05 19:07:40,222 INFO     benchmark — 1640/4000  A:90%  48.98 matches/s  ETA 48s
2026-10-05 19:07:40,410 INFO     benchmark — 1650/4000  A:91%  49.01 matches/s  ETA 48s
2026-10-05 19:07:40,588 INFO     benchmark — 1660/4000  A:91%  49.05 matches/s  ETA 48s
2026-10-05 19:07:40,774 INFO     benchmark — 1670/4000  A:90%  49.07 matches/s  ETA 47s
2026-10-05 19:07:40,953 INFO     benchmark — 1680/4000  A:90%  49.11 matches/s  ETA 47s
2026-10-05 19:07:41,140 INFO     benchmark — 1690/4000  A:90%  49.13 matches/s  ETA 47s
2026-10-05 19:07:41,322 INFO     benchmark — 1700/4000  A:90%  49.16 matches/s  ETA 47s
2026-10-05 19:07:41,519 INFO     benchmark — 1710/4000  A:90%  49.17 matches/s  ETA 47s
2026-10-05 19:07:41,702 INFO     benchmark — 1720/4000  A:90%  49.20 matches/s  ETA 46s
2026-10-05 19:07:41,889 INFO     benchmark — 1730/4000  A:90%  49.22 matches/s  ETA 46s
2026-10-05 19:07:42,045 INFO     benchmark — 1740/4000  A:90%  49.29 matches/s  ETA 46s
2026-10-05 19:07:42,231 INFO     benchmark — 1750/4000  A:90%  49.31 matches/s  ETA 46s
2026-10-05 19:07:42,404 INFO     benchmark — 1760/4000  A:90%  49.35 matches/s  ETA 45s
2026-10-05 19:07:42,564 INFO     benchmark — 1770/4000  A:90%  49.41 matches/s  ETA 45s
2026-10-05 19:07:42,755 INFO     benchmark — 1780/4000  A:90%  49.43 matches/s  ETA 45s
2026-10-05 19:07:42,936 INFO     benchmark — 1790/4000  A:90%  49.46 matches/s  ETA 45s
2026-10-05 19:07:43,105 INFO     benchmark — 1800/4000  A:90%  49.50 matches/s  ETA 44s
2026-10-05 19:07:43,281 INFO     benchmark — 1810/4000  A:90%  49.54 matches/s  ETA 44s
2026-10-05 19:07:43,461 INFO     benchmark — 1820/4000  A:90%  49.57 matches/s  ETA 44s
2026-10-05 19:07:43,622 INFO     benchmark — 1830/4000  A:90%  49.62 matches/s  ETA 44s
2026-10-05 19:07:43,823 INFO     benchmark — 1840/4000  A:90%  49.62 matches/s  ETA 44s
2026-10-05 19:07:43,976 INFO     benchmark — 1850/4000  A:90%  49.69 matches/s  ETA 43s
2026-10-05 19:07:44,180 INFO     benchmark — 1860/4000  A:90%  49.68 matches/s  ETA 43s
2026-10-05 19:07:44,359 INFO     benchmark — 1870/4000  A:90%  49.71 matches/s  ETA 43s
2026-10-05 19:07:44,522 INFO     benchmark — 1880/4000  A:90%  49.76 matches/s  ETA 43s
2026-10-05 19:07:44,954 INFO     benchmark — 1890/4000  A:90%  49.46 matches/s  ETA 43s
2026-10-05 19:07:45,135 INFO     benchmark — 1900/4000  A:90%  49.49 matches/s  ETA 42s
2026-10-05 19:07:45,311 INFO     benchmark — 1910/4000  A:90%  49.52 matches/s  ETA 42s
2026-10-05 19:07:45,482 INFO     benchmark — 1920/4000  A:90%  49.56 matches/s  ETA 42s
2026-10-05 19:07:45,644 INFO     benchmark — 1930/4000  A:90%  49.61 matches/s  ETA 42s
2026-10-05 19:07:45,845 INFO     benchmark — 1940/4000  A:90%  49.61 matches/s  ETA 42s
2026-10-05 19:07:46,300 INFO     benchmark — 1950/4000  A:90%  49.30 matches/s  ETA 42s
2026-10-05 19:07:46,759 INFO     benchmark — 1960/4000  A:90%  48.98 matches/s  ETA 42s
2026-10-05 19:07:46,954 INFO     benchmark — 1970/4000  A:90%  48.99 matches/s  ETA 41s
2026-10-05 19:07:47,118 INFO     benchmark — 1980/4000  A:90%  49.04 matches/s  ETA 41s
2026-10-05 19:07:47,288 INFO     benchmark — 1990/4000  A:90%  49.08 matches/s  ETA 41s
2026-10-05 19:07:47,462 INFO     benchmark — 2000/4000  A:90%  49.12 matches/s  ETA 41s
2026-10-05 19:07:47,633 INFO     benchmark — 2010/4000  A:90%  49.16 matches/s  ETA 40s
2026-10-05 19:07:47,794 INFO     benchmark — 2020/4000  A:90%  49.21 matches/s  ETA 40s
2026-10-05 19:07:47,969 INFO     benchmark — 2030/4000  A:90%  49.24 matches/s  ETA 40s
2026-10-05 19:07:48,149 INFO     benchmark — 2040/4000  A:90%  49.27 matches/s  ETA 40s
2026-10-05 19:07:48,327 INFO     benchmark — 2050/4000  A:90%  49.30 matches/s  ETA 40s
2026-10-05 19:07:48,498 INFO     benchmark — 2060/4000  A:90%  49.33 matches/s  ETA 39s
2026-10-05 19:07:48,670 INFO     benchmark — 2070/4000  A:90%  49.37 matches/s  ETA 39s
2026-10-05 19:07:48,858 INFO     benchmark — 2080/4000  A:90%  49.39 matches/s  ETA 39s
2026-10-05 19:07:49,029 INFO     benchmark — 2090/4000  A:90%  49.42 matches/s  ETA 39s
2026-10-05 19:07:49,368 INFO     benchmark — 2100/4000  A:90%  49.27 matches/s  ETA 39s
2026-10-05 19:07:49,546 INFO     benchmark — 2110/4000  A:90%  49.29 matches/s  ETA 38s
2026-10-05 19:07:49,733 INFO     benchmark — 2120/4000  A:90%  49.31 matches/s  ETA 38s
2026-10-05 19:07:49,910 INFO     benchmark — 2130/4000  A:90%  49.34 matches/s  ETA 38s
2026-10-05 19:07:50,073 INFO     benchmark — 2140/4000  A:90%  49.39 matches/s  ETA 38s
2026-10-05 19:07:50,240 INFO     benchmark — 2150/4000  A:90%  49.43 matches/s  ETA 37s
2026-10-05 19:07:50,408 INFO     benchmark — 2160/4000  A:90%  49.47 matches/s  ETA 37s
2026-10-05 19:07:50,572 INFO     benchmark — 2170/4000  A:90%  49.51 matches/s  ETA 37s
2026-10-05 19:07:50,747 INFO     benchmark — 2180/4000  A:90%  49.54 matches/s  ETA 37s
2026-10-05 19:07:50,915 INFO     benchmark — 2190/4000  A:90%  49.58 matches/s  ETA 37s
2026-10-05 19:07:51,088 INFO     benchmark — 2200/4000  A:90%  49.61 matches/s  ETA 36s
2026-10-05 19:07:51,275 INFO     benchmark — 2210/4000  A:90%  49.63 matches/s  ETA 36s
2026-10-05 19:07:51,449 INFO     benchmark — 2220/4000  A:90%  49.66 matches/s  ETA 36s
2026-10-05 19:07:51,624 INFO     benchmark — 2230/4000  A:90%  49.69 matches/s  ETA 36s
2026-10-05 19:07:51,812 INFO     benchmark — 2240/4000  A:90%  49.70 matches/s  ETA 35s
2026-10-05 19:07:51,973 INFO     benchmark — 2250/4000  A:90%  49.74 matches/s  ETA 35s
2026-10-05 19:07:52,169 INFO     benchmark — 2260/4000  A:90%  49.75 matches/s  ETA 35s
2026-10-05 19:07:52,354 INFO     benchmark — 2270/4000  A:90%  49.77 matches/s  ETA 35s
2026-10-05 19:07:52,533 INFO     benchmark — 2280/4000  A:90%  49.79 matches/s  ETA 35s
2026-10-05 19:07:52,711 INFO     benchmark — 2290/4000  A:90%  49.82 matches/s  ETA 34s
2026-10-05 19:07:52,869 INFO     benchmark — 2300/4000  A:90%  49.86 matches/s  ETA 34s
2026-10-05 19:07:53,064 INFO     benchmark — 2310/4000  A:90%  49.87 matches/s  ETA 34s
2026-10-05 19:07:53,248 INFO     benchmark — 2320/4000  A:90%  49.89 matches/s  ETA 34s
2026-10-05 19:07:53,423 INFO     benchmark — 2330/4000  A:90%  49.91 matches/s  ETA 33s
2026-10-05 19:07:53,618 INFO     benchmark — 2340/4000  A:90%  49.92 matches/s  ETA 33s
2026-10-05 19:07:53,796 INFO     benchmark — 2350/4000  A:90%  49.94 matches/s  ETA 33s
2026-10-05 19:07:53,976 INFO     benchmark — 2360/4000  A:90%  49.96 matches/s  ETA 33s
2026-10-05 19:07:54,142 INFO     benchmark — 2370/4000  A:90%  50.00 matches/s  ETA 33s
2026-10-05 19:07:54,329 INFO     benchmark — 2380/4000  A:90%  50.01 matches/s  ETA 32s
2026-10-05 19:07:54,516 INFO     benchmark — 2390/4000  A:90%  50.03 matches/s  ETA 32s
2026-10-05 19:07:54,679 INFO     benchmark — 2400/4000  A:90%  50.07 matches/s  ETA 32s
2026-10-05 19:07:54,852 INFO     benchmark — 2410/4000  A:90%  50.09 matches/s  ETA 32s
2026-10-05 19:07:55,018 INFO     benchmark — 2420/4000  A:90%  50.13 matches/s  ETA 32s
2026-10-05 19:07:55,179 INFO     benchmark — 2430/4000  A:90%  50.17 matches/s  ETA 31s
2026-10-05 19:07:55,356 INFO     benchmark — 2440/4000  A:90%  50.19 matches/s  ETA 31s
2026-10-05 19:07:55,531 INFO     benchmark — 2450/4000  A:90%  50.22 matches/s  ETA 31s
2026-10-05 19:07:55,703 INFO     benchmark — 2460/4000  A:90%  50.24 matches/s  ETA 31s
2026-10-05 19:07:55,872 INFO     benchmark — 2470/4000  A:90%  50.28 matches/s  ETA 30s
2026-10-05 19:07:56,042 INFO     benchmark — 2480/4000  A:90%  50.30 matches/s  ETA 30s
2026-10-05 19:07:56,211 INFO     benchmark — 2490/4000  A:90%  50.33 matches/s  ETA 30s
2026-10-05 19:07:56,378 INFO     benchmark — 2500/4000  A:90%  50.37 matches/s  ETA 30s
2026-10-05 19:07:56,567 INFO     benchmark — 2510/4000  A:90%  50.38 matches/s  ETA 30s
2026-10-05 19:07:56,734 INFO     benchmark — 2520/4000  A:90%  50.41 matches/s  ETA 29s
2026-10-05 19:07:56,908 INFO     benchmark — 2530/4000  A:90%  50.43 matches/s  ETA 29s
2026-10-05 19:07:57,066 INFO     benchmark — 2540/4000  A:90%  50.47 matches/s  ETA 29s
2026-10-05 19:07:57,247 INFO     benchmark — 2550/4000  A:90%  50.49 matches/s  ETA 29s
2026-10-05 19:07:57,428 INFO     benchmark — 2560/4000  A:90%  50.51 matches/s  ETA 29s
2026-10-05 19:07:57,591 INFO     benchmark — 2570/4000  A:90%  50.54 matches/s  ETA 28s
2026-10-05 19:07:57,774 INFO     benchmark — 2580/4000  A:90%  50.56 matches/s  ETA 28s
2026-10-05 19:07:57,950 INFO     benchmark — 2590/4000  A:90%  50.58 matches/s  ETA 28s
2026-10-05 19:07:58,121 INFO     benchmark — 2600/4000  A:90%  50.60 matches/s  ETA 28s
2026-10-05 19:07:58,287 INFO     benchmark — 2610/4000  A:90%  50.64 matches/s  ETA 27s
2026-10-05 19:07:58,466 INFO     benchmark — 2620/4000  A:90%  50.65 matches/s  ETA 27s
2026-10-05 19:07:58,628 INFO     benchmark — 2630/4000  A:90%  50.69 matches/s  ETA 27s
2026-10-05 19:07:58,803 INFO     benchmark — 2640/4000  A:90%  50.71 matches/s  ETA 27s
2026-10-05 19:07:58,966 INFO     benchmark — 2650/4000  A:90%  50.74 matches/s  ETA 27s
2026-10-05 19:07:59,146 INFO     benchmark — 2660/4000  A:90%  50.76 matches/s  ETA 26s
2026-10-05 19:07:59,349 INFO     benchmark — 2670/4000  A:90%  50.75 matches/s  ETA 26s
2026-10-05 19:07:59,542 INFO     benchmark — 2680/4000  A:90%  50.76 matches/s  ETA 26s
2026-10-05 19:07:59,702 INFO     benchmark — 2690/4000  A:90%  50.79 matches/s  ETA 26s
2026-10-05 19:07:59,874 INFO     benchmark — 2700/4000  A:90%  50.82 matches/s  ETA 26s
2026-10-05 19:08:00,047 INFO     benchmark — 2710/4000  A:90%  50.84 matches/s  ETA 25s
2026-10-05 19:08:00,229 INFO     benchmark — 2720/4000  A:90%  50.85 matches/s  ETA 25s
2026-10-05 19:08:00,412 INFO     benchmark — 2730/4000  A:90%  50.87 matches/s  ETA 25s
2026-10-05 19:08:00,592 INFO     benchmark — 2740/4000  A:90%  50.88 matches/s  ETA 25s
2026-10-05 19:08:00,783 INFO     benchmark — 2750/4000  A:90%  50.89 matches/s  ETA 25s
2026-10-05 19:08:00,938 INFO     benchmark — 2760/4000  A:90%  50.93 matches/s  ETA 24s
2026-10-05 19:08:01,128 INFO     benchmark — 2770/4000  A:90%  50.93 matches/s  ETA 24s
2026-10-05 19:08:01,300 INFO     benchmark — 2780/4000  A:90%  50.95 matches/s  ETA 24s
2026-10-05 19:08:01,477 INFO     benchmark — 2790/4000  A:90%  50.97 matches/s  ETA 24s
2026-10-05 19:08:01,649 INFO     benchmark — 2800/4000  A:90%  51.00 matches/s  ETA 24s
2026-10-05 19:08:01,821 INFO     benchmark — 2810/4000  A:90%  51.02 matches/s  ETA 23s
2026-10-05 19:08:02,010 INFO     benchmark — 2820/4000  A:90%  51.02 matches/s  ETA 23s
2026-10-05 19:08:02,199 INFO     benchmark — 2830/4000  A:90%  51.03 matches/s  ETA 23s
2026-10-05 19:08:02,373 INFO     benchmark — 2840/4000  A:90%  51.05 matches/s  ETA 23s
2026-10-05 19:08:02,543 INFO     benchmark — 2850/4000  A:90%  51.07 matches/s  ETA 23s
2026-10-05 19:08:02,722 INFO     benchmark — 2860/4000  A:90%  51.09 matches/s  ETA 22s
2026-10-05 19:08:02,904 INFO     benchmark — 2870/4000  A:90%  51.10 matches/s  ETA 22s
2026-10-05 19:08:03,086 INFO     benchmark — 2880/4000  A:90%  51.11 matches/s  ETA 22s
2026-10-05 19:08:03,274 INFO     benchmark — 2890/4000  A:90%  51.12 matches/s  ETA 22s
2026-10-05 19:08:03,461 INFO     benchmark — 2900/4000  A:90%  51.13 matches/s  ETA 22s
2026-10-05 19:08:03,645 INFO     benchmark — 2910/4000  A:90%  51.14 matches/s  ETA 21s
2026-10-05 19:08:03,825 INFO     benchmark — 2920/4000  A:90%  51.15 matches/s  ETA 21s
2026-10-05 19:08:03,988 INFO     benchmark — 2930/4000  A:90%  51.18 matches/s  ETA 21s
2026-10-05 19:08:04,168 INFO     benchmark — 2940/4000  A:90%  51.20 matches/s  ETA 21s
2026-10-05 19:08:04,333 INFO     benchmark — 2950/4000  A:90%  51.22 matches/s  ETA 20s
2026-10-05 19:08:04,496 INFO     benchmark — 2960/4000  A:90%  51.25 matches/s  ETA 20s
2026-10-05 19:08:04,671 INFO     benchmark — 2970/4000  A:90%  51.27 matches/s  ETA 20s
2026-10-05 19:08:04,848 INFO     benchmark — 2980/4000  A:90%  51.29 matches/s  ETA 20s
2026-10-05 19:08:05,015 INFO     benchmark — 2990/4000  A:90%  51.31 matches/s  ETA 20s
2026-10-05 19:08:05,183 INFO     benchmark — 3000/4000  A:90%  51.33 matches/s  ETA 19s
2026-10-05 19:08:05,358 INFO     benchmark — 3010/4000  A:90%  51.35 matches/s  ETA 19s
2026-10-05 19:08:05,540 INFO     benchmark — 3020/4000  A:90%  51.36 matches/s  ETA 19s
2026-10-05 19:08:05,693 INFO     benchmark — 3030/4000  A:90%  51.40 matches/s  ETA 19s
2026-10-05 19:08:05,870 INFO     benchmark — 3040/4000  A:90%  51.41 matches/s  ETA 19s
2026-10-05 19:08:06,049 INFO     benchmark — 3050/4000  A:90%  51.43 matches/s  ETA 18s
2026-10-05 19:08:06,213 INFO     benchmark — 3060/4000  A:90%  51.45 matches/s  ETA 18s
2026-10-05 19:08:06,379 INFO     benchmark — 3070/4000  A:90%  51.48 matches/s  ETA 18s
2026-10-05 19:08:06,553 INFO     benchmark — 3080/4000  A:90%  51.50 matches/s  ETA 18s
2026-10-05 19:08:06,715 INFO     benchmark — 3090/4000  A:90%  51.52 matches/s  ETA 18s
2026-10-05 19:08:06,890 INFO     benchmark — 3100/4000  A:90%  51.54 matches/s  ETA 17s
2026-10-05 19:08:07,055 INFO     benchmark — 3110/4000  A:90%  51.56 matches/s  ETA 17s
2026-10-05 19:08:07,218 INFO     benchmark — 3120/4000  A:90%  51.59 matches/s  ETA 17s
2026-10-05 19:08:07,386 INFO     benchmark — 3130/4000  A:90%  51.61 matches/s  ETA 17s
2026-10-05 19:08:07,552 INFO     benchmark — 3140/4000  A:90%  51.64 matches/s  ETA 17s
2026-10-05 19:08:07,733 INFO     benchmark — 3150/4000  A:90%  51.65 matches/s  ETA 16s
2026-10-05 19:08:07,909 INFO     benchmark — 3160/4000  A:90%  51.66 matches/s  ETA 16s
2026-10-05 19:08:08,085 INFO     benchmark — 3170/4000  A:90%  51.68 matches/s  ETA 16s
2026-10-05 19:08:08,261 INFO     benchmark — 3180/4000  A:90%  51.69 matches/s  ETA 16s
2026-10-05 19:08:08,449 INFO     benchmark — 3190/4000  A:90%  51.70 matches/s  ETA 16s
2026-10-05 19:08:08,609 INFO     benchmark — 3200/4000  A:90%  51.72 matches/s  ETA 15s
2026-10-05 19:08:08,778 INFO     benchmark — 3210/4000  A:90%  51.74 matches/s  ETA 15s
2026-10-05 19:08:08,979 INFO     benchmark — 3220/4000  A:90%  51.74 matches/s  ETA 15s
2026-10-05 19:08:09,150 INFO     benchmark — 3230/4000  A:90%  51.76 matches/s  ETA 15s
2026-10-05 19:08:09,298 INFO     benchmark — 3240/4000  A:90%  51.79 matches/s  ETA 15s
2026-10-05 19:08:09,457 INFO     benchmark — 3250/4000  A:90%  51.82 matches/s  ETA 14s
2026-10-05 19:08:09,613 INFO     benchmark — 3260/4000  A:90%  51.85 matches/s  ETA 14s
2026-10-05 19:08:09,766 INFO     benchmark — 3270/4000  A:90%  51.89 matches/s  ETA 14s
2026-10-05 19:08:09,932 INFO     benchmark — 3280/4000  A:90%  51.91 matches/s  ETA 14s
2026-10-05 19:08:10,103 INFO     benchmark — 3290/4000  A:90%  51.93 matches/s  ETA 14s
2026-10-05 19:08:10,278 INFO     benchmark — 3300/4000  A:90%  51.94 matches/s  ETA 13s
2026-10-05 19:08:10,454 INFO     benchmark — 3310/4000  A:90%  51.95 matches/s  ETA 13s
2026-10-05 19:08:10,636 INFO     benchmark — 3320/4000  A:90%  51.96 matches/s  ETA 13s
2026-10-05 19:08:10,801 INFO     benchmark — 3330/4000  A:90%  51.98 matches/s  ETA 13s
2026-10-05 19:08:10,971 INFO     benchmark — 3340/4000  A:90%  52.00 matches/s  ETA 13s
2026-10-05 19:08:11,156 INFO     benchmark — 3350/4000  A:90%  52.01 matches/s  ETA 12s
2026-10-05 19:08:11,340 INFO     benchmark — 3360/4000  A:90%  52.01 matches/s  ETA 12s
2026-10-05 19:08:11,506 INFO     benchmark — 3370/4000  A:90%  52.03 matches/s  ETA 12s
2026-10-05 19:08:11,672 INFO     benchmark — 3380/4000  A:90%  52.06 matches/s  ETA 12s
2026-10-05 19:08:11,838 INFO     benchmark — 3390/4000  A:90%  52.08 matches/s  ETA 12s
2026-10-05 19:08:12,003 INFO     benchmark — 3400/4000  A:90%  52.10 matches/s  ETA 12s
2026-10-05 19:08:12,170 INFO     benchmark — 3410/4000  A:90%  52.12 matches/s  ETA 11s
2026-10-05 19:08:12,339 INFO     benchmark — 3420/4000  A:90%  52.14 matches/s  ETA 11s
2026-10-05 19:08:12,504 INFO     benchmark — 3430/4000  A:90%  52.16 matches/s  ETA 11s
2026-10-05 19:08:12,675 INFO     benchmark — 3440/4000  A:90%  52.17 matches/s  ETA 11s
2026-10-05 19:08:12,848 INFO     benchmark — 3450/4000  A:90%  52.19 matches/s  ETA 11s
2026-10-05 19:08:13,020 INFO     benchmark — 3460/4000  A:90%  52.20 matches/s  ETA 10s
2026-10-05 19:08:13,202 INFO     benchmark — 3470/4000  A:90%  52.21 matches/s  ETA 10s
2026-10-05 19:08:13,386 INFO     benchmark — 3480/4000  A:90%  52.22 matches/s  ETA 10s
2026-10-05 19:08:13,541 INFO     benchmark — 3490/4000  A:90%  52.25 matches/s  ETA 10s
2026-10-05 19:08:13,701 INFO     benchmark — 3500/4000  A:90%  52.27 matches/s  ETA 10s
2026-10-05 19:08:13,844 INFO     benchmark — 3510/4000  A:90%  52.31 matches/s  ETA 9s
2026-10-05 19:08:14,002 INFO     benchmark — 3520/4000  A:90%  52.33 matches/s  ETA 9s
2026-10-05 19:08:14,170 INFO     benchmark — 3530/4000  A:90%  52.35 matches/s  ETA 9s
2026-10-05 19:08:14,344 INFO     benchmark — 3540/4000  A:90%  52.37 matches/s  ETA 9s
2026-10-05 19:08:14,525 INFO     benchmark — 3550/4000  A:90%  52.37 matches/s  ETA 9s
2026-10-05 19:08:14,700 INFO     benchmark — 3560/4000  A:90%  52.39 matches/s  ETA 8s
2026-10-05 19:08:14,865 INFO     benchmark — 3570/4000  A:90%  52.41 matches/s  ETA 8s
2026-10-05 19:08:15,050 INFO     benchmark — 3580/4000  A:91%  52.41 matches/s  ETA 8s
2026-10-05 19:08:15,239 INFO     benchmark — 3590/4000  A:91%  52.41 matches/s  ETA 8s
2026-10-05 19:08:15,414 INFO     benchmark — 3600/4000  A:90%  52.42 matches/s  ETA 8s
2026-10-05 19:08:15,596 INFO     benchmark — 3610/4000  A:90%  52.43 matches/s  ETA 7s
2026-10-05 19:08:15,756 INFO     benchmark — 3620/4000  A:91%  52.45 matches/s  ETA 7s
2026-10-05 19:08:15,934 INFO     benchmark — 3630/4000  A:90%  52.46 matches/s  ETA 7s
2026-10-05 19:08:16,100 INFO     benchmark — 3640/4000  A:91%  52.48 matches/s  ETA 7s
2026-10-05 19:08:16,278 INFO     benchmark — 3650/4000  A:91%  52.49 matches/s  ETA 7s
2026-10-05 19:08:16,447 INFO     benchmark — 3660/4000  A:91%  52.51 matches/s  ETA 6s
2026-10-05 19:08:16,621 INFO     benchmark — 3670/4000  A:91%  52.52 matches/s  ETA 6s
2026-10-05 19:08:16,809 INFO     benchmark — 3680/4000  A:90%  52.52 matches/s  ETA 6s
2026-10-05 19:08:16,986 INFO     benchmark — 3690/4000  A:91%  52.53 matches/s  ETA 6s
2026-10-05 19:08:17,147 INFO     benchmark — 3700/4000  A:91%  52.55 matches/s  ETA 6s
2026-10-05 19:08:17,319 INFO     benchmark — 3710/4000  A:91%  52.57 matches/s  ETA 6s
2026-10-05 19:08:17,472 INFO     benchmark — 3720/4000  A:91%  52.59 matches/s  ETA 5s
2026-10-05 19:08:17,646 INFO     benchmark — 3730/4000  A:91%  52.61 matches/s  ETA 5s
2026-10-05 19:08:17,825 INFO     benchmark — 3740/4000  A:91%  52.61 matches/s  ETA 5s
2026-10-05 19:08:18,003 INFO     benchmark — 3750/4000  A:91%  52.62 matches/s  ETA 5s
2026-10-05 19:08:18,167 INFO     benchmark — 3760/4000  A:91%  52.64 matches/s  ETA 5s
2026-10-05 19:08:18,349 INFO     benchmark — 3770/4000  A:91%  52.65 matches/s  ETA 4s
2026-10-05 19:08:18,528 INFO     benchmark — 3780/4000  A:91%  52.66 matches/s  ETA 4s
2026-10-05 19:08:18,697 INFO     benchmark — 3790/4000  A:91%  52.67 matches/s  ETA 4s
2026-10-05 19:08:18,878 INFO     benchmark — 3800/4000  A:91%  52.68 matches/s  ETA 4s
2026-10-05 19:08:19,063 INFO     benchmark — 3810/4000  A:91%  52.68 matches/s  ETA 4s
2026-10-05 19:08:19,246 INFO     benchmark — 3820/4000  A:91%  52.69 matches/s  ETA 3s
2026-10-05 19:08:19,403 INFO     benchmark — 3830/4000  A:91%  52.71 matches/s  ETA 3s
2026-10-05 19:08:19,562 INFO     benchmark — 3840/4000  A:91%  52.73 matches/s  ETA 3s
2026-10-05 19:08:19,755 INFO     benchmark — 3850/4000  A:91%  52.73 matches/s  ETA 3s
2026-10-05 19:08:19,930 INFO     benchmark — 3860/4000  A:91%  52.74 matches/s  ETA 3s
2026-10-05 19:08:20,089 INFO     benchmark — 3870/4000  A:91%  52.76 matches/s  ETA 2s
2026-10-05 19:08:20,269 INFO     benchmark — 3880/4000  A:91%  52.77 matches/s  ETA 2s
2026-10-05 19:08:20,448 INFO     benchmark — 3890/4000  A:91%  52.78 matches/s  ETA 2s
2026-10-05 19:08:20,615 INFO     benchmark — 3900/4000  A:91%  52.79 matches/s  ETA 2s
2026-10-05 19:08:20,797 INFO     benchmark — 3910/4000  A:90%  52.80 matches/s  ETA 2s
2026-10-05 19:08:20,963 INFO     benchmark — 3920/4000  A:91%  52.82 matches/s  ETA 2s
2026-10-05 19:08:21,131 INFO     benchmark — 3930/4000  A:91%  52.83 matches/s  ETA 1s
2026-10-05 19:08:21,308 INFO     benchmark — 3940/4000  A:91%  52.84 matches/s  ETA 1s
2026-10-05 19:08:21,483 INFO     benchmark — 3950/4000  A:91%  52.85 matches/s  ETA 1s
2026-10-05 19:08:21,653 INFO     benchmark — 3960/4000  A:91%  52.86 matches/s  ETA 1s
2026-10-05 19:08:21,825 INFO     benchmark — 3970/4000  A:91%  52.87 matches/s  ETA 1s
2026-10-05 19:08:21,996 INFO     benchmark — 3980/4000  A:91%  52.89 matches/s  ETA 0s
2026-10-05 19:08:22,170 INFO     benchmark — 3990/4000  A:91%  52.90 matches/s  ETA 0s
2026-10-05 19:08:22,338 INFO     benchmark — 4000/4000  A:90%  52.91 matches/s  ETA 0s
2026-10-05 19:08:22,347 INFO     benchmark — wrote results/009/M10M_vs_thr.json

──────────────────────────────────────────────────
Mode:        match_rl_vs_threshold
Matches:      4,000
──────────────────────────────────────────────────
RL(ckpt_0010002432) wins:  3,619  (90.5%)
Threshold wins:  381  (9.5%)
Ties:        0  (0.0%)
──────────────────────────────────────────────────

