2026-10-05 19:07:44,699 INFO     benchmark — 10/4000  A:80%  96.91 matches/s  ETA 41s
2026-10-05 19:07:44,808 INFO     benchmark — 20/4000  A:85%  94.12 matches/s  ETA 42s
2026-10-05 19:07:44,914 INFO     benchmark — 30/4000  A:90%  94.20 matches/s  ETA 42s
2026-10-05 19:07:45,000 INFO     benchmark — 40/4000  A:92%  98.83 matches/s  ETA 40s
2026-10-05 19:07:45,108 INFO     benchmark — 50/4000  A:88%  97.57 matches/s  ETA 40s
2026-10-05 19:07:45,176 INFO     benchmark — 60/4000  A:90%  103.41 matches/s  ETA 38s
2026-10-05 19:07:45,252 INFO     benchmark — 70/4000  A:87%  106.54 matches/s  ETA 37s
2026-10-05 19:07:45,343 INFO     benchmark — 80/4000  A:89%  106.99 matches/s  ETA 37s
2026-10-05 19:07:45,429 INFO     benchmark — 90/4000  A:90%  107.93 matches/s  ETA 36s
2026-10-05 19:07:45,505 INFO     benchmark — 100/4000  A:90%  109.96 matches/s  ETA 35s
2026-10-05 19:07:45,603 INFO     benchmark — 110/4000  A:91%  109.21 matches/s  ETA 36s
2026-10-05 19:07:45,699 INFO     benchmark — 120/4000  A:91%  108.78 matches/s  ETA 36s
2026-10-05 19:07:45,806 INFO     benchmark — 130/4000  A:90%  107.42 matches/s  ETA 36s
2026-10-05 19:07:45,902 INFO     benchmark — 140/4000  A:91%  107.16 matches/s  ETA 36s
2026-10-05 19:07:45,994 INFO     benchmark — 150/4000  A:90%  107.27 matches/s  ETA 36s
2026-10-05 19:07:46,101 INFO     benchmark — 160/4000  A:90%  106.30 matches/s  ETA 36s
2026-10-05 19:07:46,187 INFO     benchmark — 170/4000  A:91%  106.78 matches/s  ETA 36s
2026-10-05 19:07:46,287 INFO     benchmark — 180/4000  A:91%  106.39 matches/s  ETA 36s
2026-10-05 19:07:46,382 INFO     benchmark — 190/4000  A:91%  106.37 matches/s  ETA 36s
2026-10-05 19:07:46,478 INFO     benchmark — 200/4000  A:91%  106.22 matches/s  ETA 36s
2026-10-05 19:07:46,573 INFO     benchmark — 210/4000  A:90%  106.19 matches/s  ETA 36s
2026-10-05 19:07:46,655 INFO     benchmark — 220/4000  A:89%  106.81 matches/s  ETA 35s
2026-10-05 19:07:46,745 INFO     benchmark — 230/4000  A:90%  106.98 matches/s  ETA 35s
2026-10-05 19:07:46,835 INFO     benchmark — 240/4000  A:90%  107.15 matches/s  ETA 35s
2026-10-05 19:07:46,931 INFO     benchmark — 250/4000  A:90%  107.04 matches/s  ETA 35s
2026-10-05 19:07:47,023 INFO     benchmark — 260/4000  A:90%  107.10 matches/s  ETA 35s
2026-10-05 19:07:47,087 INFO     benchmark — 270/4000  A:90%  108.38 matches/s  ETA 34s
2026-10-05 19:07:47,204 INFO     benchmark — 280/4000  A:89%  107.32 matches/s  ETA 35s
2026-10-05 19:07:47,308 INFO     benchmark — 290/4000  A:89%  106.92 matches/s  ETA 35s
2026-10-05 19:07:47,392 INFO     benchmark — 300/4000  A:89%  107.28 matches/s  ETA 34s
2026-10-05 19:07:47,476 INFO     benchmark — 310/4000  A:88%  107.60 matches/s  ETA 34s
2026-10-05 19:07:47,577 INFO     benchmark — 320/4000  A:88%  107.34 matches/s  ETA 34s
2026-10-05 19:07:47,653 INFO     benchmark — 330/4000  A:88%  107.93 matches/s  ETA 34s
2026-10-05 19:07:47,740 INFO     benchmark — 340/4000  A:88%  108.14 matches/s  ETA 34s
2026-10-05 19:07:47,841 INFO     benchmark — 350/4000  A:88%  107.83 matches/s  ETA 34s
2026-10-05 19:07:47,943 INFO     benchmark — 360/4000  A:88%  107.54 matches/s  ETA 34s
2026-10-05 19:07:48,022 INFO     benchmark — 370/4000  A:88%  107.98 matches/s  ETA 34s
2026-10-05 19:07:48,107 INFO     benchmark — 380/4000  A:89%  108.22 matches/s  ETA 33s
2026-10-05 19:07:48,199 INFO     benchmark — 390/4000  A:89%  108.22 matches/s  ETA 33s
2026-10-05 19:07:48,298 INFO     benchmark — 400/4000  A:88%  108.04 matches/s  ETA 33s
2026-10-05 19:07:48,388 INFO     benchmark — 410/4000  A:88%  108.11 matches/s  ETA 33s
2026-10-05 19:07:48,474 INFO     benchmark — 420/4000  A:88%  108.28 matches/s  ETA 33s
2026-10-05 19:07:48,554 INFO     benchmark — 430/4000  A:88%  108.62 matches/s  ETA 33s
2026-10-05 19:07:48,644 INFO     benchmark — 440/4000  A:88%  108.68 matches/s  ETA 33s
2026-10-05 19:07:48,730 INFO     benchmark — 450/4000  A:88%  108.84 matches/s  ETA 33s
2026-10-05 19:07:48,810 INFO     benchmark — 460/4000  A:88%  109.14 matches/s  ETA 32s
2026-10-05 19:07:48,896 INFO     benchmark — 470/4000  A:88%  109.30 matches/s  ETA 32s
2026-10-05 19:07:48,987 INFO     benchmark — 480/4000  A:88%  109.31 matches/s  ETA 32s
2026-10-05 19:07:49,064 INFO     benchmark — 490/4000  A:88%  109.65 matches/s  ETA 32s
2026-10-05 19:07:49,167 INFO     benchmark — 500/4000  A:88%  109.37 matches/s  ETA 32s
2026-10-05 19:07:49,224 INFO     benchmark — 510/4000  A:88%  110.19 matches/s  ETA 32s
2026-10-05 19:07:49,309 INFO     benchmark — 520/4000  A:88%  110.31 matches/s  ETA 32s
2026-10-05 19:07:49,490 INFO     benchmark — 530/4000  A:88%  108.27 matches/s  ETA 32s
2026-10-05 19:07:49,727 INFO     benchmark — 540/4000  A:89%  105.24 matches/s  ETA 33s
2026-10-05 19:07:49,955 INFO     benchmark — 550/4000  A:89%  102.62 matches/s  ETA 34s
2026-10-05 19:07:50,188 INFO     benchmark — 560/4000  A:88%  100.14 matches/s  ETA 34s
2026-10-05 19:07:50,383 INFO     benchmark — 570/4000  A:88%  98.49 matches/s  ETA 35s
2026-10-05 19:07:50,563 INFO     benchmark — 580/4000  A:88%  97.19 matches/s  ETA 35s
2026-10-05 19:07:50,634 INFO     benchmark — 590/4000  A:88%  97.70 matches/s  ETA 35s
2026-10-05 19:07:50,729 INFO     benchmark — 600/4000  A:88%  97.82 matches/s  ETA 35s
2026-10-05 19:07:50,803 INFO     benchmark — 610/4000  A:88%  98.26 matches/s  ETA 34s
2026-10-05 19:07:50,909 INFO     benchmark — 620/4000  A:87%  98.21 matches/s  ETA 34s
2026-10-05 19:07:50,982 INFO     benchmark — 630/4000  A:87%  98.64 matches/s  ETA 34s
2026-10-05 19:07:51,064 INFO     benchmark — 640/4000  A:87%  98.95 matches/s  ETA 34s
2026-10-05 19:07:51,138 INFO     benchmark — 650/4000  A:87%  99.35 matches/s  ETA 34s
2026-10-05 19:07:51,209 INFO     benchmark — 660/4000  A:87%  99.79 matches/s  ETA 33s
2026-10-05 19:07:51,304 INFO     benchmark — 670/4000  A:87%  99.87 matches/s  ETA 33s
2026-10-05 19:07:51,381 INFO     benchmark — 680/4000  A:87%  100.21 matches/s  ETA 33s
2026-10-05 19:07:51,486 INFO     benchmark — 690/4000  A:87%  100.13 matches/s  ETA 33s
2026-10-05 19:07:51,577 INFO     benchmark — 700/4000  A:87%  100.27 matches/s  ETA 33s
2026-10-05 19:07:51,656 INFO     benchmark — 710/4000  A:87%  100.56 matches/s  ETA 33s
2026-10-05 19:07:51,766 INFO     benchmark — 720/4000  A:87%  100.41 matches/s  ETA 33s
2026-10-05 19:07:51,863 INFO     benchmark — 730/4000  A:87%  100.44 matches/s  ETA 33s
2026-10-05 19:07:51,962 INFO     benchmark — 740/4000  A:87%  100.45 matches/s  ETA 32s
2026-10-05 19:07:52,071 INFO     benchmark — 750/4000  A:87%  100.33 matches/s  ETA 32s
2026-10-05 19:07:52,155 INFO     benchmark — 760/4000  A:87%  100.53 matches/s  ETA 32s
2026-10-05 19:07:52,243 INFO     benchmark — 770/4000  A:87%  100.68 matches/s  ETA 32s
2026-10-05 19:07:52,336 INFO     benchmark — 780/4000  A:87%  100.76 matches/s  ETA 32s
2026-10-05 19:07:52,421 INFO     benchmark — 790/4000  A:87%  100.96 matches/s  ETA 32s
2026-10-05 19:07:52,526 INFO     benchmark — 800/4000  A:87%  100.88 matches/s  ETA 32s
2026-10-05 19:07:52,630 INFO     benchmark — 810/4000  A:87%  100.82 matches/s  ETA 32s
2026-10-05 19:07:52,717 INFO     benchmark — 820/4000  A:87%  100.97 matches/s  ETA 31s
2026-10-05 19:07:52,821 INFO     benchmark — 830/4000  A:87%  100.91 matches/s  ETA 31s
2026-10-05 19:07:52,922 INFO     benchmark — 840/4000  A:87%  100.89 matches/s  ETA 31s
2026-10-05 19:07:53,002 INFO     benchmark — 850/4000  A:87%  101.11 matches/s  ETA 31s
2026-10-05 19:07:53,091 INFO     benchmark — 860/4000  A:87%  101.22 matches/s  ETA 31s
2026-10-05 19:07:53,169 INFO     benchmark — 870/4000  A:87%  101.48 matches/s  ETA 31s
2026-10-05 19:07:53,260 INFO     benchmark — 880/4000  A:87%  101.56 matches/s  ETA 31s
2026-10-05 19:07:53,357 INFO     benchmark — 890/4000  A:88%  101.58 matches/s  ETA 31s
2026-10-05 19:07:53,449 INFO     benchmark — 900/4000  A:88%  101.66 matches/s  ETA 30s
2026-10-05 19:07:53,543 INFO     benchmark — 910/4000  A:88%  101.71 matches/s  ETA 30s
2026-10-05 19:07:53,630 INFO     benchmark — 920/4000  A:88%  101.83 matches/s  ETA 30s
2026-10-05 19:07:53,716 INFO     benchmark — 930/4000  A:88%  101.97 matches/s  ETA 30s
2026-10-05 19:07:53,805 INFO     benchmark — 940/4000  A:88%  102.07 matches/s  ETA 30s
2026-10-05 19:07:53,909 INFO     benchmark — 950/4000  A:88%  102.00 matches/s  ETA 30s
2026-10-05 19:07:54,014 INFO     benchmark — 960/4000  A:88%  101.92 matches/s  ETA 30s
2026-10-05 19:07:54,118 INFO     benchmark — 970/4000  A:88%  101.86 matches/s  ETA 30s
2026-10-05 19:07:54,217 INFO     benchmark — 980/4000  A:88%  101.86 matches/s  ETA 30s
2026-10-05 19:07:54,335 INFO     benchmark — 990/4000  A:88%  101.65 matches/s  ETA 30s
2026-10-05 19:07:54,425 INFO     benchmark — 1000/4000  A:88%  101.73 matches/s  ETA 29s
2026-10-05 19:07:54,687 INFO     benchmark — 1010/4000  A:88%  100.08 matches/s  ETA 30s
2026-10-05 19:07:54,881 INFO     benchmark — 1020/4000  A:88%  99.17 matches/s  ETA 30s
2026-10-05 19:07:55,134 INFO     benchmark — 1030/4000  A:88%  97.73 matches/s  ETA 30s
2026-10-05 19:07:55,377 INFO     benchmark — 1040/4000  A:88%  96.46 matches/s  ETA 31s
2026-10-05 19:07:55,550 INFO     benchmark — 1050/4000  A:88%  95.85 matches/s  ETA 31s
2026-10-05 19:07:55,737 INFO     benchmark — 1060/4000  A:88%  95.14 matches/s  ETA 31s
2026-10-05 19:07:55,829 INFO     benchmark — 1070/4000  A:88%  95.25 matches/s  ETA 31s
2026-10-05 19:07:55,938 INFO     benchmark — 1080/4000  A:88%  95.22 matches/s  ETA 31s
2026-10-05 19:07:56,020 INFO     benchmark — 1090/4000  A:88%  95.41 matches/s  ETA 30s
2026-10-05 19:07:56,102 INFO     benchmark — 1100/4000  A:88%  95.59 matches/s  ETA 30s
2026-10-05 19:07:56,189 INFO     benchmark — 1110/4000  A:88%  95.75 matches/s  ETA 30s
2026-10-05 19:07:56,265 INFO     benchmark — 1120/4000  A:88%  95.98 matches/s  ETA 30s
2026-10-05 19:07:56,346 INFO     benchmark — 1130/4000  A:88%  96.16 matches/s  ETA 30s
2026-10-05 19:07:56,418 INFO     benchmark — 1140/4000  A:88%  96.43 matches/s  ETA 30s
2026-10-05 19:07:56,520 INFO     benchmark — 1150/4000  A:88%  96.44 matches/s  ETA 30s
2026-10-05 19:07:56,613 INFO     benchmark — 1160/4000  A:88%  96.53 matches/s  ETA 29s
2026-10-05 19:07:56,768 INFO     benchmark — 1170/4000  A:88%  96.12 matches/s  ETA 29s
2026-10-05 19:07:56,865 INFO     benchmark — 1180/4000  A:88%  96.17 matches/s  ETA 29s
2026-10-05 19:07:56,960 INFO     benchmark — 1190/4000  A:88%  96.24 matches/s  ETA 29s
2026-10-05 19:07:57,102 INFO     benchmark — 1200/4000  A:88%  95.95 matches/s  ETA 29s
2026-10-05 19:07:57,220 INFO     benchmark — 1210/4000  A:88%  95.84 matches/s  ETA 29s
2026-10-05 19:07:57,420 INFO     benchmark — 1220/4000  A:88%  95.13 matches/s  ETA 29s
2026-10-05 19:07:57,638 INFO     benchmark — 1230/4000  A:88%  94.30 matches/s  ETA 29s
2026-10-05 19:07:57,830 INFO     benchmark — 1240/4000  A:88%  93.69 matches/s  ETA 29s
2026-10-05 19:07:57,927 INFO     benchmark — 1250/4000  A:88%  93.76 matches/s  ETA 29s
2026-10-05 19:07:58,009 INFO     benchmark — 1260/4000  A:88%  93.93 matches/s  ETA 29s
2026-10-05 19:07:58,107 INFO     benchmark — 1270/4000  A:88%  93.99 matches/s  ETA 29s
2026-10-05 19:07:58,227 INFO     benchmark — 1280/4000  A:88%  93.90 matches/s  ETA 29s
2026-10-05 19:07:58,332 INFO     benchmark — 1290/4000  A:88%  93.91 matches/s  ETA 29s
2026-10-05 19:07:58,420 INFO     benchmark — 1300/4000  A:88%  94.03 matches/s  ETA 29s
2026-10-05 19:07:58,514 INFO     benchmark — 1310/4000  A:88%  94.12 matches/s  ETA 29s
2026-10-05 19:07:58,600 INFO     benchmark — 1320/4000  A:88%  94.26 matches/s  ETA 28s
2026-10-05 19:07:58,710 INFO     benchmark — 1330/4000  A:88%  94.23 matches/s  ETA 28s
2026-10-05 19:07:58,937 INFO     benchmark — 1340/4000  A:88%  93.44 matches/s  ETA 28s
2026-10-05 19:07:59,172 INFO     benchmark — 1350/4000  A:88%  92.62 matches/s  ETA 29s
2026-10-05 19:07:59,397 INFO     benchmark — 1360/4000  A:88%  91.88 matches/s  ETA 29s
2026-10-05 19:07:59,618 INFO     benchmark — 1370/4000  A:88%  91.20 matches/s  ETA 29s
2026-10-05 19:07:59,820 INFO     benchmark — 1380/4000  A:88%  90.64 matches/s  ETA 29s
2026-10-05 19:08:00,058 INFO     benchmark — 1390/4000  A:88%  89.89 matches/s  ETA 29s
2026-10-05 19:08:00,246 INFO     benchmark — 1400/4000  A:88%  89.45 matches/s  ETA 29s
2026-10-05 19:08:00,473 INFO     benchmark — 1410/4000  A:88%  88.80 matches/s  ETA 29s
2026-10-05 19:08:00,609 INFO     benchmark — 1420/4000  A:88%  88.68 matches/s  ETA 29s
2026-10-05 19:08:00,750 INFO     benchmark — 1430/4000  A:88%  88.52 matches/s  ETA 29s
2026-10-05 19:08:00,998 INFO     benchmark — 1440/4000  A:88%  87.79 matches/s  ETA 29s
2026-10-05 19:08:01,160 INFO     benchmark — 1450/4000  A:89%  87.54 matches/s  ETA 29s
2026-10-05 19:08:01,258 INFO     benchmark — 1460/4000  A:89%  87.62 matches/s  ETA 29s
2026-10-05 19:08:01,358 INFO     benchmark — 1470/4000  A:89%  87.70 matches/s  ETA 29s
2026-10-05 19:08:01,446 INFO     benchmark — 1480/4000  A:88%  87.83 matches/s  ETA 29s
2026-10-05 19:08:01,522 INFO     benchmark — 1490/4000  A:88%  88.03 matches/s  ETA 29s
2026-10-05 19:08:01,617 INFO     benchmark — 1500/4000  A:89%  88.12 matches/s  ETA 28s
2026-10-05 19:08:01,718 INFO     benchmark — 1510/4000  A:89%  88.19 matches/s  ETA 28s
2026-10-05 19:08:01,803 INFO     benchmark — 1520/4000  A:89%  88.33 matches/s  ETA 28s
2026-10-05 19:08:01,903 INFO     benchmark — 1530/4000  A:89%  88.40 matches/s  ETA 28s
2026-10-05 19:08:02,009 INFO     benchmark — 1540/4000  A:89%  88.44 matches/s  ETA 28s
2026-10-05 19:08:02,111 INFO     benchmark — 1550/4000  A:89%  88.49 matches/s  ETA 28s
2026-10-05 19:08:02,189 INFO     benchmark — 1560/4000  A:89%  88.67 matches/s  ETA 28s
2026-10-05 19:08:02,274 INFO     benchmark — 1570/4000  A:89%  88.81 matches/s  ETA 27s
2026-10-05 19:08:02,378 INFO     benchmark — 1580/4000  A:88%  88.85 matches/s  ETA 27s
2026-10-05 19:08:02,486 INFO     benchmark — 1590/4000  A:88%  88.87 matches/s  ETA 27s
2026-10-05 19:08:02,570 INFO     benchmark — 1600/4000  A:88%  89.01 matches/s  ETA 27s
2026-10-05 19:08:02,640 INFO     benchmark — 1610/4000  A:89%  89.22 matches/s  ETA 27s
2026-10-05 19:08:02,716 INFO     benchmark — 1620/4000  A:89%  89.40 matches/s  ETA 27s
2026-10-05 19:08:02,798 INFO     benchmark — 1630/4000  A:89%  89.55 matches/s  ETA 26s
2026-10-05 19:08:02,889 INFO     benchmark — 1640/4000  A:89%  89.65 matches/s  ETA 26s
2026-10-05 19:08:02,976 INFO     benchmark — 1650/4000  A:89%  89.77 matches/s  ETA 26s
2026-10-05 19:08:03,126 INFO     benchmark — 1660/4000  A:89%  89.58 matches/s  ETA 26s
2026-10-05 19:08:03,349 INFO     benchmark — 1670/4000  A:89%  89.05 matches/s  ETA 26s
2026-10-05 19:08:03,582 INFO     benchmark — 1680/4000  A:89%  88.48 matches/s  ETA 26s
2026-10-05 19:08:03,787 INFO     benchmark — 1690/4000  A:89%  88.06 matches/s  ETA 26s
2026-10-05 19:08:04,008 INFO     benchmark — 1700/4000  A:89%  87.57 matches/s  ETA 26s
2026-10-05 19:08:04,109 INFO     benchmark — 1710/4000  A:89%  87.63 matches/s  ETA 26s
2026-10-05 19:08:04,197 INFO     benchmark — 1720/4000  A:89%  87.75 matches/s  ETA 26s
2026-10-05 19:08:04,266 INFO     benchmark — 1730/4000  A:89%  87.95 matches/s  ETA 26s
2026-10-05 19:08:04,340 INFO     benchmark — 1740/4000  A:89%  88.13 matches/s  ETA 26s
2026-10-05 19:08:04,424 INFO     benchmark — 1750/4000  A:89%  88.26 matches/s  ETA 25s
2026-10-05 19:08:04,523 INFO     benchmark — 1760/4000  A:89%  88.32 matches/s  ETA 25s
2026-10-05 19:08:04,605 INFO     benchmark — 1770/4000  A:89%  88.46 matches/s  ETA 25s
2026-10-05 19:08:04,714 INFO     benchmark — 1780/4000  A:89%  88.47 matches/s  ETA 25s
2026-10-05 19:08:04,818 INFO     benchmark — 1790/4000  A:89%  88.51 matches/s  ETA 25s
2026-10-05 19:08:04,916 INFO     benchmark — 1800/4000  A:89%  88.58 matches/s  ETA 25s
2026-10-05 19:08:05,006 INFO     benchmark — 1810/4000  A:89%  88.68 matches/s  ETA 25s
2026-10-05 19:08:05,076 INFO     benchmark — 1820/4000  A:89%  88.86 matches/s  ETA 25s
2026-10-05 19:08:05,278 INFO     benchmark — 1830/4000  A:89%  88.48 matches/s  ETA 25s
2026-10-05 19:08:05,542 INFO     benchmark — 1840/4000  A:89%  87.84 matches/s  ETA 25s
2026-10-05 19:08:05,673 INFO     benchmark — 1850/4000  A:89%  87.77 matches/s  ETA 24s
2026-10-05 19:08:05,907 INFO     benchmark — 1860/4000  A:89%  87.28 matches/s  ETA 25s
2026-10-05 19:08:06,112 INFO     benchmark — 1870/4000  A:89%  86.91 matches/s  ETA 25s
2026-10-05 19:08:06,250 INFO     benchmark — 1880/4000  A:89%  86.82 matches/s  ETA 24s
2026-10-05 19:08:06,340 INFO     benchmark — 1890/4000  A:89%  86.92 matches/s  ETA 24s
2026-10-05 19:08:06,419 INFO     benchmark — 1900/4000  A:89%  87.06 matches/s  ETA 24s
2026-10-05 19:08:06,493 INFO     benchmark — 1910/4000  A:89%  87.22 matches/s  ETA 24s
2026-10-05 19:08:06,586 INFO     benchmark — 1920/4000  A:89%  87.31 matches/s  ETA 24s
2026-10-05 19:08:06,697 INFO     benchmark — 1930/4000  A:89%  87.33 matches/s  ETA 24s
2026-10-05 19:08:06,786 INFO     benchmark — 1940/4000  A:89%  87.42 matches/s  ETA 24s
2026-10-05 19:08:06,875 INFO     benchmark — 1950/4000  A:89%  87.53 matches/s  ETA 23s
2026-10-05 19:08:06,984 INFO     benchmark — 1960/4000  A:89%  87.55 matches/s  ETA 23s
2026-10-05 19:08:07,071 INFO     benchmark — 1970/4000  A:89%  87.65 matches/s  ETA 23s
2026-10-05 19:08:07,161 INFO     benchmark — 1980/4000  A:89%  87.74 matches/s  ETA 23s
2026-10-05 19:08:07,249 INFO     benchmark — 1990/4000  A:89%  87.84 matches/s  ETA 23s
2026-10-05 19:08:07,354 INFO     benchmark — 2000/4000  A:89%  87.88 matches/s  ETA 23s
2026-10-05 19:08:07,442 INFO     benchmark — 2010/4000  A:89%  87.98 matches/s  ETA 23s
2026-10-05 19:08:07,521 INFO     benchmark — 2020/4000  A:89%  88.11 matches/s  ETA 22s
2026-10-05 19:08:07,626 INFO     benchmark — 2030/4000  A:89%  88.15 matches/s  ETA 22s
2026-10-05 19:08:07,726 INFO     benchmark — 2040/4000  A:89%  88.20 matches/s  ETA 22s
2026-10-05 19:08:07,799 INFO     benchmark — 2050/4000  A:89%  88.35 matches/s  ETA 22s
2026-10-05 19:08:07,892 INFO     benchmark — 2060/4000  A:89%  88.42 matches/s  ETA 22s
2026-10-05 19:08:07,967 INFO     benchmark — 2070/4000  A:89%  88.57 matches/s  ETA 22s
2026-10-05 19:08:08,064 INFO     benchmark — 2080/4000  A:89%  88.63 matches/s  ETA 22s
2026-10-05 19:08:08,159 INFO     benchmark — 2090/4000  A:89%  88.70 matches/s  ETA 22s
2026-10-05 19:08:08,247 INFO     benchmark — 2100/4000  A:89%  88.79 matches/s  ETA 21s
2026-10-05 19:08:08,338 INFO     benchmark — 2110/4000  A:89%  88.87 matches/s  ETA 21s
2026-10-05 19:08:08,444 INFO     benchmark — 2120/4000  A:89%  88.90 matches/s  ETA 21s
2026-10-05 19:08:08,511 INFO     benchmark — 2130/4000  A:89%  89.06 matches/s  ETA 21s
2026-10-05 19:08:08,579 INFO     benchmark — 2140/4000  A:89%  89.23 matches/s  ETA 21s
2026-10-05 19:08:08,666 INFO     benchmark — 2150/4000  A:89%  89.32 matches/s  ETA 21s
2026-10-05 19:08:08,752 INFO     benchmark — 2160/4000  A:89%  89.42 matches/s  ETA 21s
2026-10-05 19:08:08,863 INFO     benchmark — 2170/4000  A:89%  89.42 matches/s  ETA 20s
2026-10-05 19:08:08,961 INFO     benchmark — 2180/4000  A:89%  89.47 matches/s  ETA 20s
2026-10-05 19:08:09,037 INFO     benchmark — 2190/4000  A:89%  89.60 matches/s  ETA 20s
2026-10-05 19:08:09,139 INFO     benchmark — 2200/4000  A:89%  89.64 matches/s  ETA 20s
2026-10-05 19:08:09,233 INFO     benchmark — 2210/4000  A:89%  89.70 matches/s  ETA 20s
2026-10-05 19:08:09,315 INFO     benchmark — 2220/4000  A:89%  89.81 matches/s  ETA 20s
2026-10-05 19:08:09,416 INFO     benchmark — 2230/4000  A:89%  89.85 matches/s  ETA 20s
2026-10-05 19:08:09,556 INFO     benchmark — 2240/4000  A:88%  89.74 matches/s  ETA 20s
2026-10-05 19:08:09,768 INFO     benchmark — 2250/4000  A:88%  89.38 matches/s  ETA 20s
2026-10-05 19:08:09,996 INFO     benchmark — 2260/4000  A:88%  88.97 matches/s  ETA 20s
2026-10-05 19:08:10,227 INFO     benchmark — 2270/4000  A:88%  88.56 matches/s  ETA 20s
2026-10-05 19:08:10,429 INFO     benchmark — 2280/4000  A:88%  88.26 matches/s  ETA 19s
2026-10-05 19:08:10,682 INFO     benchmark — 2290/4000  A:88%  87.79 matches/s  ETA 19s
2026-10-05 19:08:10,882 INFO     benchmark — 2300/4000  A:88%  87.50 matches/s  ETA 19s
2026-10-05 19:08:11,072 INFO     benchmark — 2310/4000  A:88%  87.25 matches/s  ETA 19s
2026-10-05 19:08:11,167 INFO     benchmark — 2320/4000  A:88%  87.31 matches/s  ETA 19s
2026-10-05 19:08:11,257 INFO     benchmark — 2330/4000  A:88%  87.39 matches/s  ETA 19s
2026-10-05 19:08:11,366 INFO     benchmark — 2340/4000  A:88%  87.41 matches/s  ETA 19s
2026-10-05 19:08:11,476 INFO     benchmark — 2350/4000  A:88%  87.42 matches/s  ETA 19s
2026-10-05 19:08:11,555 INFO     benchmark — 2360/4000  A:88%  87.54 matches/s  ETA 19s
2026-10-05 19:08:11,636 INFO     benchmark — 2370/4000  A:88%  87.65 matches/s  ETA 19s
2026-10-05 19:08:11,725 INFO     benchmark — 2380/4000  A:88%  87.73 matches/s  ETA 18s
2026-10-05 19:08:11,817 INFO     benchmark — 2390/4000  A:88%  87.80 matches/s  ETA 18s
2026-10-05 19:08:11,893 INFO     benchmark — 2400/4000  A:88%  87.92 matches/s  ETA 18s
2026-10-05 19:08:11,989 INFO     benchmark — 2410/4000  A:88%  87.98 matches/s  ETA 18s
2026-10-05 19:08:12,209 INFO     benchmark — 2420/4000  A:88%  87.64 matches/s  ETA 18s
2026-10-05 19:08:12,403 INFO     benchmark — 2430/4000  A:88%  87.38 matches/s  ETA 18s
2026-10-05 19:08:12,619 INFO     benchmark — 2440/4000  A:88%  87.07 matches/s  ETA 18s
2026-10-05 19:08:12,843 INFO     benchmark — 2450/4000  A:88%  86.73 matches/s  ETA 18s
2026-10-05 19:08:13,060 INFO     benchmark — 2460/4000  A:88%  86.42 matches/s  ETA 18s
2026-10-05 19:08:13,163 INFO     benchmark — 2470/4000  A:88%  86.46 matches/s  ETA 18s
2026-10-05 19:08:13,254 INFO     benchmark — 2480/4000  A:88%  86.54 matches/s  ETA 18s
2026-10-05 19:08:13,363 INFO     benchmark — 2490/4000  A:88%  86.56 matches/s  ETA 17s
2026-10-05 19:08:13,453 INFO     benchmark — 2500/4000  A:88%  86.63 matches/s  ETA 17s
2026-10-05 19:08:13,563 INFO     benchmark — 2510/4000  A:88%  86.65 matches/s  ETA 17s
2026-10-05 19:08:13,670 INFO     benchmark — 2520/4000  A:88%  86.67 matches/s  ETA 17s
2026-10-05 19:08:13,757 INFO     benchmark — 2530/4000  A:88%  86.76 matches/s  ETA 17s
2026-10-05 19:08:13,861 INFO     benchmark — 2540/4000  A:88%  86.79 matches/s  ETA 17s
2026-10-05 19:08:13,955 INFO     benchmark — 2550/4000  A:88%  86.86 matches/s  ETA 17s
2026-10-05 19:08:14,056 INFO     benchmark — 2560/4000  A:88%  86.90 matches/s  ETA 17s
2026-10-05 19:08:14,208 INFO     benchmark — 2570/4000  A:88%  86.79 matches/s  ETA 16s
2026-10-05 19:08:14,290 INFO     benchmark — 2580/4000  A:88%  86.89 matches/s  ETA 16s
2026-10-05 19:08:14,378 INFO     benchmark — 2590/4000  A:88%  86.96 matches/s  ETA 16s
2026-10-05 19:08:14,455 INFO     benchmark — 2600/4000  A:88%  87.08 matches/s  ETA 16s
2026-10-05 19:08:14,549 INFO     benchmark — 2610/4000  A:88%  87.13 matches/s  ETA 16s
2026-10-05 19:08:14,704 INFO     benchmark — 2620/4000  A:88%  87.02 matches/s  ETA 16s
2026-10-05 19:08:14,786 INFO     benchmark — 2630/4000  A:88%  87.11 matches/s  ETA 16s
2026-10-05 19:08:14,880 INFO     benchmark — 2640/4000  A:88%  87.17 matches/s  ETA 16s
2026-10-05 19:08:14,970 INFO     benchmark — 2650/4000  A:88%  87.25 matches/s  ETA 15s
2026-10-05 19:08:15,056 INFO     benchmark — 2660/4000  A:88%  87.32 matches/s  ETA 15s
2026-10-05 19:08:15,158 INFO     benchmark — 2670/4000  A:88%  87.36 matches/s  ETA 15s
2026-10-05 19:08:15,244 INFO     benchmark — 2680/4000  A:88%  87.44 matches/s  ETA 15s
2026-10-05 19:08:15,334 INFO     benchmark — 2690/4000  A:88%  87.51 matches/s  ETA 15s
2026-10-05 19:08:15,432 INFO     benchmark — 2700/4000  A:88%  87.56 matches/s  ETA 15s
2026-10-05 19:08:15,516 INFO     benchmark — 2710/4000  A:88%  87.64 matches/s  ETA 15s
2026-10-05 19:08:15,593 INFO     benchmark — 2720/4000  A:88%  87.75 matches/s  ETA 15s
2026-10-05 19:08:15,671 INFO     benchmark — 2730/4000  A:88%  87.85 matches/s  ETA 14s
2026-10-05 19:08:15,765 INFO     benchmark — 2740/4000  A:88%  87.91 matches/s  ETA 14s
2026-10-05 19:08:15,861 INFO     benchmark — 2750/4000  A:88%  87.96 matches/s  ETA 14s
2026-10-05 19:08:15,955 INFO     benchmark — 2760/4000  A:88%  88.01 matches/s  ETA 14s
2026-10-05 19:08:16,129 INFO     benchmark — 2770/4000  A:88%  87.84 matches/s  ETA 14s
2026-10-05 19:08:16,236 INFO     benchmark — 2780/4000  A:88%  87.86 matches/s  ETA 14s
2026-10-05 19:08:16,322 INFO     benchmark — 2790/4000  A:88%  87.94 matches/s  ETA 14s
2026-10-05 19:08:16,423 INFO     benchmark — 2800/4000  A:88%  87.97 matches/s  ETA 14s
2026-10-05 19:08:16,582 INFO     benchmark — 2810/4000  A:88%  87.85 matches/s  ETA 14s
2026-10-05 19:08:16,681 INFO     benchmark — 2820/4000  A:88%  87.89 matches/s  ETA 13s
2026-10-05 19:08:16,741 INFO     benchmark — 2830/4000  A:88%  88.04 matches/s  ETA 13s
2026-10-05 19:08:16,848 INFO     benchmark — 2840/4000  A:88%  88.05 matches/s  ETA 13s
2026-10-05 19:08:16,928 INFO     benchmark — 2850/4000  A:88%  88.15 matches/s  ETA 13s
2026-10-05 19:08:17,041 INFO     benchmark — 2860/4000  A:88%  88.15 matches/s  ETA 13s
2026-10-05 19:08:17,156 INFO     benchmark — 2870/4000  A:88%  88.14 matches/s  ETA 13s
2026-10-05 19:08:17,247 INFO     benchmark — 2880/4000  A:88%  88.20 matches/s  ETA 13s
2026-10-05 19:08:17,340 INFO     benchmark — 2890/4000  A:88%  88.26 matches/s  ETA 13s
2026-10-05 19:08:17,418 INFO     benchmark — 2900/4000  A:88%  88.35 matches/s  ETA 12s
2026-10-05 19:08:17,503 INFO     benchmark — 2910/4000  A:88%  88.43 matches/s  ETA 12s
2026-10-05 19:08:17,589 INFO     benchmark — 2920/4000  A:88%  88.50 matches/s  ETA 12s
2026-10-05 19:08:17,674 INFO     benchmark — 2930/4000  A:88%  88.58 matches/s  ETA 12s
2026-10-05 19:08:17,759 INFO     benchmark — 2940/4000  A:88%  88.65 matches/s  ETA 12s
2026-10-05 19:08:17,860 INFO     benchmark — 2950/4000  A:88%  88.68 matches/s  ETA 12s
2026-10-05 19:08:17,956 INFO     benchmark — 2960/4000  A:88%  88.73 matches/s  ETA 12s
2026-10-05 19:08:18,057 INFO     benchmark — 2970/4000  A:89%  88.76 matches/s  ETA 12s
2026-10-05 19:08:18,140 INFO     benchmark — 2980/4000  A:88%  88.84 matches/s  ETA 11s
2026-10-05 19:08:18,230 INFO     benchmark — 2990/4000  A:88%  88.90 matches/s  ETA 11s
2026-10-05 19:08:18,317 INFO     benchmark — 3000/4000  A:88%  88.96 matches/s  ETA 11s
2026-10-05 19:08:18,421 INFO     benchmark — 3010/4000  A:88%  88.99 matches/s  ETA 11s
2026-10-05 19:08:18,488 INFO     benchmark — 3020/4000  A:89%  89.10 matches/s  ETA 11s
2026-10-05 19:08:18,579 INFO     benchmark — 3030/4000  A:89%  89.16 matches/s  ETA 11s
2026-10-05 19:08:18,682 INFO     benchmark — 3040/4000  A:89%  89.19 matches/s  ETA 11s
2026-10-05 19:08:18,778 INFO     benchmark — 3050/4000  A:89%  89.23 matches/s  ETA 11s
2026-10-05 19:08:18,860 INFO     benchmark — 3060/4000  A:89%  89.31 matches/s  ETA 11s
2026-10-05 19:08:18,949 INFO     benchmark — 3070/4000  A:89%  89.36 matches/s  ETA 10s
2026-10-05 19:08:19,052 INFO     benchmark — 3080/4000  A:89%  89.39 matches/s  ETA 10s
2026-10-05 19:08:19,138 INFO     benchmark — 3090/4000  A:89%  89.45 matches/s  ETA 10s
2026-10-05 19:08:19,214 INFO     benchmark — 3100/4000  A:89%  89.55 matches/s  ETA 10s
2026-10-05 19:08:19,289 INFO     benchmark — 3110/4000  A:89%  89.64 matches/s  ETA 10s
2026-10-05 19:08:19,381 INFO     benchmark — 3120/4000  A:89%  89.69 matches/s  ETA 10s
2026-10-05 19:08:19,466 INFO     benchmark — 3130/4000  A:89%  89.76 matches/s  ETA 10s
2026-10-05 19:08:19,560 INFO     benchmark — 3140/4000  A:89%  89.81 matches/s  ETA 10s
2026-10-05 19:08:19,653 INFO     benchmark — 3150/4000  A:89%  89.85 matches/s  ETA 9s
2026-10-05 19:08:19,748 INFO     benchmark — 3160/4000  A:89%  89.89 matches/s  ETA 9s
2026-10-05 19:08:19,842 INFO     benchmark — 3170/4000  A:89%  89.94 matches/s  ETA 9s
2026-10-05 19:08:19,933 INFO     benchmark — 3180/4000  A:89%  89.99 matches/s  ETA 9s
2026-10-05 19:08:20,016 INFO     benchmark — 3190/4000  A:89%  90.06 matches/s  ETA 9s
2026-10-05 19:08:20,089 INFO     benchmark — 3200/4000  A:89%  90.16 matches/s  ETA 9s
2026-10-05 19:08:20,166 INFO     benchmark — 3210/4000  A:89%  90.24 matches/s  ETA 9s
2026-10-05 19:08:20,261 INFO     benchmark — 3220/4000  A:89%  90.28 matches/s  ETA 9s
2026-10-05 19:08:20,347 INFO     benchmark — 3230/4000  A:89%  90.35 matches/s  ETA 9s
2026-10-05 19:08:20,421 INFO     benchmark — 3240/4000  A:89%  90.44 matches/s  ETA 8s
2026-10-05 19:08:20,518 INFO     benchmark — 3250/4000  A:89%  90.47 matches/s  ETA 8s
2026-10-05 19:08:20,598 INFO     benchmark — 3260/4000  A:89%  90.55 matches/s  ETA 8s
2026-10-05 19:08:20,686 INFO     benchmark — 3270/4000  A:89%  90.60 matches/s  ETA 8s
2026-10-05 19:08:20,784 INFO     benchmark — 3280/4000  A:89%  90.64 matches/s  ETA 8s
2026-10-05 19:08:20,874 INFO     benchmark — 3290/4000  A:89%  90.69 matches/s  ETA 8s
2026-10-05 19:08:20,974 INFO     benchmark — 3300/4000  A:89%  90.71 matches/s  ETA 8s
2026-10-05 19:08:21,073 INFO     benchmark — 3310/4000  A:89%  90.74 matches/s  ETA 8s
2026-10-05 19:08:21,164 INFO     benchmark — 3320/4000  A:89%  90.79 matches/s  ETA 7s
2026-10-05 19:08:21,254 INFO     benchmark — 3330/4000  A:89%  90.84 matches/s  ETA 7s
2026-10-05 19:08:21,357 INFO     benchmark — 3340/4000  A:89%  90.85 matches/s  ETA 7s
2026-10-05 19:08:21,428 INFO     benchmark — 3350/4000  A:89%  90.95 matches/s  ETA 7s
2026-10-05 19:08:21,531 INFO     benchmark — 3360/4000  A:89%  90.97 matches/s  ETA 7s
2026-10-05 19:08:21,626 INFO     benchmark — 3370/4000  A:89%  91.01 matches/s  ETA 7s
2026-10-05 19:08:21,705 INFO     benchmark — 3380/4000  A:89%  91.08 matches/s  ETA 7s
2026-10-05 19:08:21,784 INFO     benchmark — 3390/4000  A:89%  91.16 matches/s  ETA 7s
2026-10-05 19:08:21,874 INFO     benchmark — 3400/4000  A:89%  91.20 matches/s  ETA 7s
2026-10-05 19:08:21,965 INFO     benchmark — 3410/4000  A:89%  91.25 matches/s  ETA 6s
2026-10-05 19:08:22,055 INFO     benchmark — 3420/4000  A:88%  91.30 matches/s  ETA 6s
2026-10-05 19:08:22,144 INFO     benchmark — 3430/4000  A:89%  91.35 matches/s  ETA 6s
2026-10-05 19:08:22,227 INFO     benchmark — 3440/4000  A:88%  91.41 matches/s  ETA 6s
2026-10-05 19:08:22,301 INFO     benchmark — 3450/4000  A:89%  91.50 matches/s  ETA 6s
2026-10-05 19:08:22,396 INFO     benchmark — 3460/4000  A:89%  91.53 matches/s  ETA 6s
2026-10-05 19:08:22,495 INFO     benchmark — 3470/4000  A:89%  91.56 matches/s  ETA 6s
2026-10-05 19:08:22,581 INFO     benchmark — 3480/4000  A:89%  91.61 matches/s  ETA 6s
2026-10-05 19:08:22,670 INFO     benchmark — 3490/4000  A:89%  91.66 matches/s  ETA 6s
2026-10-05 19:08:22,767 INFO     benchmark — 3500/4000  A:89%  91.69 matches/s  ETA 5s
2026-10-05 19:08:22,910 INFO     benchmark — 3510/4000  A:89%  91.61 matches/s  ETA 5s
2026-10-05 19:08:23,153 INFO     benchmark — 3520/4000  A:89%  91.29 matches/s  ETA 5s
2026-10-05 19:08:23,253 INFO     benchmark — 3530/4000  A:89%  91.31 matches/s  ETA 5s
2026-10-05 19:08:23,352 INFO     benchmark — 3540/4000  A:89%  91.34 matches/s  ETA 5s
2026-10-05 19:08:23,440 INFO     benchmark — 3550/4000  A:89%  91.39 matches/s  ETA 5s
2026-10-05 19:08:23,534 INFO     benchmark — 3560/4000  A:89%  91.43 matches/s  ETA 5s
2026-10-05 19:08:23,630 INFO     benchmark — 3570/4000  A:89%  91.46 matches/s  ETA 5s
2026-10-05 19:08:23,745 INFO     benchmark — 3580/4000  A:89%  91.44 matches/s  ETA 5s
2026-10-05 19:08:23,836 INFO     benchmark — 3590/4000  A:89%  91.49 matches/s  ETA 4s
2026-10-05 19:08:23,930 INFO     benchmark — 3600/4000  A:88%  91.52 matches/s  ETA 4s
2026-10-05 19:08:24,041 INFO     benchmark — 3610/4000  A:88%  91.52 matches/s  ETA 4s
2026-10-05 19:08:24,304 INFO     benchmark — 3620/4000  A:88%  91.16 matches/s  ETA 4s
2026-10-05 19:08:24,504 INFO     benchmark — 3630/4000  A:88%  90.96 matches/s  ETA 4s
2026-10-05 19:08:24,605 INFO     benchmark — 3640/4000  A:89%  90.98 matches/s  ETA 4s
2026-10-05 19:08:24,710 INFO     benchmark — 3650/4000  A:89%  90.99 matches/s  ETA 4s
2026-10-05 19:08:24,930 INFO     benchmark — 3660/4000  A:89%  90.74 matches/s  ETA 4s
2026-10-05 19:08:25,154 INFO     benchmark — 3670/4000  A:89%  90.49 matches/s  ETA 4s
2026-10-05 19:08:25,393 INFO     benchmark — 3680/4000  A:89%  90.20 matches/s  ETA 4s
2026-10-05 19:08:25,583 INFO     benchmark — 3690/4000  A:89%  90.03 matches/s  ETA 3s
2026-10-05 19:08:25,820 INFO     benchmark — 3700/4000  A:89%  89.75 matches/s  ETA 3s
2026-10-05 19:08:26,019 INFO     benchmark — 3710/4000  A:89%  89.56 matches/s  ETA 3s
2026-10-05 19:08:26,205 INFO     benchmark — 3720/4000  A:89%  89.40 matches/s  ETA 3s
2026-10-05 19:08:26,443 INFO     benchmark — 3730/4000  A:89%  89.13 matches/s  ETA 3s
2026-10-05 19:08:26,647 INFO     benchmark — 3740/4000  A:89%  88.94 matches/s  ETA 3s
2026-10-05 19:08:26,922 INFO     benchmark — 3750/4000  A:89%  88.60 matches/s  ETA 3s
2026-10-05 19:08:27,182 INFO     benchmark — 3760/4000  A:89%  88.29 matches/s  ETA 3s
2026-10-05 19:08:27,414 INFO     benchmark — 3770/4000  A:89%  88.05 matches/s  ETA 3s
2026-10-05 19:08:27,632 INFO     benchmark — 3780/4000  A:89%  87.83 matches/s  ETA 3s
2026-10-05 19:08:27,843 INFO     benchmark — 3790/4000  A:89%  87.64 matches/s  ETA 2s
2026-10-05 19:08:28,091 INFO     benchmark — 3800/4000  A:89%  87.37 matches/s  ETA 2s
2026-10-05 19:08:28,264 INFO     benchmark — 3810/4000  A:89%  87.25 matches/s  ETA 2s
2026-10-05 19:08:28,364 INFO     benchmark — 3820/4000  A:89%  87.28 matches/s  ETA 2s
2026-10-05 19:08:28,444 INFO     benchmark — 3830/4000  A:89%  87.35 matches/s  ETA 2s
2026-10-05 19:08:28,533 INFO     benchmark — 3840/4000  A:89%  87.40 matches/s  ETA 2s
2026-10-05 19:08:28,610 INFO     benchmark — 3850/4000  A:89%  87.47 matches/s  ETA 2s
2026-10-05 19:08:28,721 INFO     benchmark — 3860/4000  A:89%  87.48 matches/s  ETA 2s
2026-10-05 19:08:28,823 INFO     benchmark — 3870/4000  A:89%  87.50 matches/s  ETA 1s
2026-10-05 19:08:28,922 INFO     benchmark — 3880/4000  A:89%  87.53 matches/s  ETA 1s
2026-10-05 19:08:29,031 INFO     benchmark — 3890/4000  A:89%  87.54 matches/s  ETA 1s
2026-10-05 19:08:29,143 INFO     benchmark — 3900/4000  A:89%  87.55 matches/s  ETA 1s
2026-10-05 19:08:29,266 INFO     benchmark — 3910/4000  A:89%  87.53 matches/s  ETA 1s
2026-10-05 19:08:29,363 INFO     benchmark — 3920/4000  A:89%  87.56 matches/s  ETA 1s
2026-10-05 19:08:29,453 INFO     benchmark — 3930/4000  A:89%  87.61 matches/s  ETA 1s
2026-10-05 19:08:29,534 INFO     benchmark — 3940/4000  A:89%  87.68 matches/s  ETA 1s
2026-10-05 19:08:29,614 INFO     benchmark — 3950/4000  A:89%  87.74 matches/s  ETA 1s
2026-10-05 19:08:29,688 INFO     benchmark — 3960/4000  A:89%  87.82 matches/s  ETA 0s
2026-10-05 19:08:29,803 INFO     benchmark — 3970/4000  A:89%  87.82 matches/s  ETA 0s
2026-10-05 19:08:29,890 INFO     benchmark — 3980/4000  A:89%  87.87 matches/s  ETA 0s
2026-10-05 19:08:29,975 INFO     benchmark — 3990/4000  A:89%  87.92 matches/s  ETA 0s
2026-10-05 19:08:30,083 INFO     benchmark — 4000/4000  A:89%  87.94 matches/s  ETA 0s
2026-10-05 19:08:30,093 INFO     benchmark — wrote results/009/M10M_vs_rnd.json

──────────────────────────────────────────────────
Mode:        match_rl_vs_random
Matches:      4,000
──────────────────────────────────────────────────
RL(ckpt_0010002432) wins:  3,544  (88.6%)
Random wins:  456  (11.4%)
Ties:        0  (0.0%)
──────────────────────────────────────────────────

