2026-10-05 19:06:18,246 INFO     benchmark — 10/4000  A:90%  56.47 matches/s  ETA 71s
2026-10-05 19:06:18,396 INFO     benchmark — 20/4000  A:90%  61.11 matches/s  ETA 65s
2026-10-05 19:06:18,560 INFO     benchmark — 30/4000  A:93%  61.03 matches/s  ETA 65s
2026-10-05 19:06:18,742 INFO     benchmark — 40/4000  A:95%  59.37 matches/s  ETA 67s
2026-10-05 19:06:18,920 INFO     benchmark — 50/4000  A:92%  58.74 matches/s  ETA 67s
2026-10-05 19:06:19,078 INFO     benchmark — 60/4000  A:93%  59.47 matches/s  ETA 66s
2026-10-05 19:06:19,262 INFO     benchmark — 70/4000  A:91%  58.67 matches/s  ETA 67s
2026-10-05 19:06:19,436 INFO     benchmark — 80/4000  A:92%  58.50 matches/s  ETA 67s
2026-10-05 19:06:19,615 INFO     benchmark — 90/4000  A:93%  58.21 matches/s  ETA 67s
2026-10-05 19:06:19,790 INFO     benchmark — 100/4000  A:94%  58.11 matches/s  ETA 67s
2026-10-05 19:06:19,962 INFO     benchmark — 110/4000  A:91%  58.09 matches/s  ETA 67s
2026-10-05 19:06:20,134 INFO     benchmark — 120/4000  A:91%  58.10 matches/s  ETA 67s
2026-10-05 19:06:20,304 INFO     benchmark — 130/4000  A:91%  58.16 matches/s  ETA 67s
2026-10-05 19:06:20,484 INFO     benchmark — 140/4000  A:91%  57.96 matches/s  ETA 67s
2026-10-05 19:06:20,658 INFO     benchmark — 150/4000  A:91%  57.92 matches/s  ETA 66s
2026-10-05 19:06:20,828 INFO     benchmark — 160/4000  A:91%  57.98 matches/s  ETA 66s
2026-10-05 19:06:20,997 INFO     benchmark — 170/4000  A:91%  58.05 matches/s  ETA 66s
2026-10-05 19:06:21,184 INFO     benchmark — 180/4000  A:91%  57.79 matches/s  ETA 66s
2026-10-05 19:06:21,348 INFO     benchmark — 190/4000  A:91%  57.93 matches/s  ETA 66s
2026-10-05 19:06:21,550 INFO     benchmark — 200/4000  A:90%  57.45 matches/s  ETA 66s
2026-10-05 19:06:21,735 INFO     benchmark — 210/4000  A:90%  57.28 matches/s  ETA 66s
2026-10-05 19:06:21,917 INFO     benchmark — 220/4000  A:91%  57.17 matches/s  ETA 66s
2026-10-05 19:06:22,097 INFO     benchmark — 230/4000  A:90%  57.09 matches/s  ETA 66s
2026-10-05 19:06:22,262 INFO     benchmark — 240/4000  A:91%  57.23 matches/s  ETA 66s
2026-10-05 19:06:22,436 INFO     benchmark — 250/4000  A:91%  57.24 matches/s  ETA 66s
2026-10-05 19:06:22,615 INFO     benchmark — 260/4000  A:91%  57.18 matches/s  ETA 65s
2026-10-05 19:06:22,801 INFO     benchmark — 270/4000  A:91%  57.05 matches/s  ETA 65s
2026-10-05 19:06:22,990 INFO     benchmark — 280/4000  A:90%  56.89 matches/s  ETA 65s
2026-10-05 19:06:23,160 INFO     benchmark — 290/4000  A:90%  56.96 matches/s  ETA 65s
2026-10-05 19:06:23,334 INFO     benchmark — 300/4000  A:90%  56.97 matches/s  ETA 65s
2026-10-05 19:06:23,539 INFO     benchmark — 310/4000  A:91%  56.66 matches/s  ETA 65s
2026-10-05 19:06:23,718 INFO     benchmark — 320/4000  A:90%  56.64 matches/s  ETA 65s
2026-10-05 19:06:23,878 INFO     benchmark — 330/4000  A:91%  56.80 matches/s  ETA 65s
2026-10-05 19:06:24,036 INFO     benchmark — 340/4000  A:91%  56.98 matches/s  ETA 64s
2026-10-05 19:06:24,208 INFO     benchmark — 350/4000  A:91%  57.01 matches/s  ETA 64s
2026-10-05 19:06:24,384 INFO     benchmark — 360/4000  A:91%  57.00 matches/s  ETA 64s
2026-10-05 19:06:24,556 INFO     benchmark — 370/4000  A:91%  57.04 matches/s  ETA 64s
2026-10-05 19:06:24,739 INFO     benchmark — 380/4000  A:91%  56.97 matches/s  ETA 64s
2026-10-05 19:06:24,914 INFO     benchmark — 390/4000  A:91%  56.97 matches/s  ETA 63s
2026-10-05 19:06:25,091 INFO     benchmark — 400/4000  A:91%  56.96 matches/s  ETA 63s
2026-10-05 19:06:25,269 INFO     benchmark — 410/4000  A:91%  56.94 matches/s  ETA 63s
2026-10-05 19:06:25,448 INFO     benchmark — 420/4000  A:91%  56.91 matches/s  ETA 63s
2026-10-05 19:06:25,609 INFO     benchmark — 430/4000  A:91%  57.03 matches/s  ETA 63s
2026-10-05 19:06:25,782 INFO     benchmark — 440/4000  A:92%  57.05 matches/s  ETA 62s
2026-10-05 19:06:25,955 INFO     benchmark — 450/4000  A:92%  57.06 matches/s  ETA 62s
2026-10-05 19:06:26,138 INFO     benchmark — 460/4000  A:92%  57.01 matches/s  ETA 62s
2026-10-05 19:06:26,294 INFO     benchmark — 470/4000  A:92%  57.14 matches/s  ETA 62s
2026-10-05 19:06:26,437 INFO     benchmark — 480/4000  A:92%  57.36 matches/s  ETA 61s
2026-10-05 19:06:26,635 INFO     benchmark — 490/4000  A:92%  57.20 matches/s  ETA 61s
2026-10-05 19:06:26,835 INFO     benchmark — 500/4000  A:92%  57.04 matches/s  ETA 61s
2026-10-05 19:06:27,009 INFO     benchmark — 510/4000  A:92%  57.05 matches/s  ETA 61s
2026-10-05 19:06:27,175 INFO     benchmark — 520/4000  A:92%  57.10 matches/s  ETA 61s
2026-10-05 19:06:27,349 INFO     benchmark — 530/4000  A:92%  57.11 matches/s  ETA 61s
2026-10-05 19:06:27,520 INFO     benchmark — 540/4000  A:91%  57.13 matches/s  ETA 61s
2026-10-05 19:06:27,698 INFO     benchmark — 550/4000  A:91%  57.12 matches/s  ETA 60s
2026-10-05 19:06:27,883 INFO     benchmark — 560/4000  A:91%  57.06 matches/s  ETA 60s
2026-10-05 19:06:28,059 INFO     benchmark — 570/4000  A:91%  57.05 matches/s  ETA 60s
2026-10-05 19:06:28,233 INFO     benchmark — 580/4000  A:91%  57.06 matches/s  ETA 60s
2026-10-05 19:06:28,403 INFO     benchmark — 590/4000  A:91%  57.09 matches/s  ETA 60s
2026-10-05 19:06:28,589 INFO     benchmark — 600/4000  A:92%  57.03 matches/s  ETA 60s
2026-10-05 19:06:28,772 INFO     benchmark — 610/4000  A:92%  56.99 matches/s  ETA 59s
2026-10-05 19:06:28,956 INFO     benchmark — 620/4000  A:91%  56.95 matches/s  ETA 59s
2026-10-05 19:06:29,137 INFO     benchmark — 630/4000  A:92%  56.92 matches/s  ETA 59s
2026-10-05 19:06:29,327 INFO     benchmark — 640/4000  A:92%  56.85 matches/s  ETA 59s
2026-10-05 19:06:29,506 INFO     benchmark — 650/4000  A:92%  56.83 matches/s  ETA 59s
2026-10-05 19:06:29,678 INFO     benchmark — 660/4000  A:92%  56.85 matches/s  ETA 59s
2026-10-05 19:06:29,857 INFO     benchmark — 670/4000  A:92%  56.83 matches/s  ETA 59s
2026-10-05 19:06:30,039 INFO     benchmark — 680/4000  A:92%  56.81 matches/s  ETA 58s
2026-10-05 19:06:30,228 INFO     benchmark — 690/4000  A:92%  56.74 matches/s  ETA 58s
2026-10-05 19:06:30,399 INFO     benchmark — 700/4000  A:92%  56.77 matches/s  ETA 58s
2026-10-05 19:06:30,572 INFO     benchmark — 710/4000  A:92%  56.79 matches/s  ETA 58s
2026-10-05 19:06:30,780 INFO     benchmark — 720/4000  A:92%  56.64 matches/s  ETA 58s
2026-10-05 19:06:30,964 INFO     benchmark — 730/4000  A:92%  56.61 matches/s  ETA 58s
2026-10-05 19:06:31,126 INFO     benchmark — 740/4000  A:92%  56.67 matches/s  ETA 58s
2026-10-05 19:06:31,299 INFO     benchmark — 750/4000  A:92%  56.69 matches/s  ETA 57s
2026-10-05 19:06:31,469 INFO     benchmark — 760/4000  A:92%  56.72 matches/s  ETA 57s
2026-10-05 19:06:31,646 INFO     benchmark — 770/4000  A:92%  56.71 matches/s  ETA 57s
2026-10-05 19:06:31,830 INFO     benchmark — 780/4000  A:92%  56.68 matches/s  ETA 57s
2026-10-05 19:06:32,013 INFO     benchmark — 790/4000  A:92%  56.65 matches/s  ETA 57s
2026-10-05 19:06:32,194 INFO     benchmark — 800/4000  A:92%  56.64 matches/s  ETA 57s
2026-10-05 19:06:32,395 INFO     benchmark — 810/4000  A:92%  56.54 matches/s  ETA 56s
2026-10-05 19:06:32,581 INFO     benchmark — 820/4000  A:92%  56.50 matches/s  ETA 56s
2026-10-05 19:06:32,750 INFO     benchmark — 830/4000  A:92%  56.53 matches/s  ETA 56s
2026-10-05 19:06:32,941 INFO     benchmark — 840/4000  A:92%  56.48 matches/s  ETA 56s
2026-10-05 19:06:33,102 INFO     benchmark — 850/4000  A:92%  56.54 matches/s  ETA 56s
2026-10-05 19:06:33,305 INFO     benchmark — 860/4000  A:92%  56.45 matches/s  ETA 56s
2026-10-05 19:06:33,483 INFO     benchmark — 870/4000  A:92%  56.44 matches/s  ETA 55s
2026-10-05 19:06:33,654 INFO     benchmark — 880/4000  A:92%  56.46 matches/s  ETA 55s
2026-10-05 19:06:33,847 INFO     benchmark — 890/4000  A:92%  56.41 matches/s  ETA 55s
2026-10-05 19:06:34,021 INFO     benchmark — 900/4000  A:92%  56.42 matches/s  ETA 55s
2026-10-05 19:06:34,220 INFO     benchmark — 910/4000  A:92%  56.34 matches/s  ETA 55s
2026-10-05 19:06:34,372 INFO     benchmark — 920/4000  A:92%  56.43 matches/s  ETA 55s
2026-10-05 19:06:34,540 INFO     benchmark — 930/4000  A:92%  56.46 matches/s  ETA 54s
2026-10-05 19:06:34,713 INFO     benchmark — 940/4000  A:92%  56.48 matches/s  ETA 54s
2026-10-05 19:06:34,905 INFO     benchmark — 950/4000  A:92%  56.42 matches/s  ETA 54s
2026-10-05 19:06:35,090 INFO     benchmark — 960/4000  A:92%  56.40 matches/s  ETA 54s
2026-10-05 19:06:35,270 INFO     benchmark — 970/4000  A:92%  56.39 matches/s  ETA 54s
2026-10-05 19:06:35,433 INFO     benchmark — 980/4000  A:92%  56.44 matches/s  ETA 54s
2026-10-05 19:06:35,601 INFO     benchmark — 990/4000  A:92%  56.47 matches/s  ETA 53s
2026-10-05 19:06:35,776 INFO     benchmark — 1000/4000  A:92%  56.47 matches/s  ETA 53s
2026-10-05 19:06:35,953 INFO     benchmark — 1010/4000  A:92%  56.47 matches/s  ETA 53s
2026-10-05 19:06:36,112 INFO     benchmark — 1020/4000  A:92%  56.53 matches/s  ETA 53s
2026-10-05 19:06:36,294 INFO     benchmark — 1030/4000  A:92%  56.52 matches/s  ETA 53s
2026-10-05 19:06:36,461 INFO     benchmark — 1040/4000  A:92%  56.55 matches/s  ETA 52s
2026-10-05 19:06:36,629 INFO     benchmark — 1050/4000  A:92%  56.57 matches/s  ETA 52s
2026-10-05 19:06:36,801 INFO     benchmark — 1060/4000  A:92%  56.59 matches/s  ETA 52s
2026-10-05 19:06:36,997 INFO     benchmark — 1070/4000  A:92%  56.53 matches/s  ETA 52s
2026-10-05 19:06:37,169 INFO     benchmark — 1080/4000  A:92%  56.54 matches/s  ETA 52s
2026-10-05 19:06:37,344 INFO     benchmark — 1090/4000  A:92%  56.55 matches/s  ETA 51s
2026-10-05 19:06:37,530 INFO     benchmark — 1100/4000  A:92%  56.52 matches/s  ETA 51s
2026-10-05 19:06:37,724 INFO     benchmark — 1110/4000  A:92%  56.47 matches/s  ETA 51s
2026-10-05 19:06:37,895 INFO     benchmark — 1120/4000  A:92%  56.49 matches/s  ETA 51s
2026-10-05 19:06:38,080 INFO     benchmark — 1130/4000  A:92%  56.47 matches/s  ETA 51s
2026-10-05 19:06:38,238 INFO     benchmark — 1140/4000  A:92%  56.52 matches/s  ETA 51s
2026-10-05 19:06:38,422 INFO     benchmark — 1150/4000  A:92%  56.50 matches/s  ETA 50s
2026-10-05 19:06:38,606 INFO     benchmark — 1160/4000  A:92%  56.48 matches/s  ETA 50s
2026-10-05 19:06:38,760 INFO     benchmark — 1170/4000  A:92%  56.55 matches/s  ETA 50s
2026-10-05 19:06:38,938 INFO     benchmark — 1180/4000  A:92%  56.54 matches/s  ETA 50s
2026-10-05 19:06:39,116 INFO     benchmark — 1190/4000  A:92%  56.54 matches/s  ETA 50s
2026-10-05 19:06:39,278 INFO     benchmark — 1200/4000  A:92%  56.58 matches/s  ETA 49s
2026-10-05 19:06:39,453 INFO     benchmark — 1210/4000  A:92%  56.58 matches/s  ETA 49s
2026-10-05 19:06:39,625 INFO     benchmark — 1220/4000  A:92%  56.59 matches/s  ETA 49s
2026-10-05 19:06:39,800 INFO     benchmark — 1230/4000  A:92%  56.60 matches/s  ETA 49s
2026-10-05 19:06:39,981 INFO     benchmark — 1240/4000  A:92%  56.59 matches/s  ETA 49s
2026-10-05 19:06:40,152 INFO     benchmark — 1250/4000  A:92%  56.60 matches/s  ETA 49s
2026-10-05 19:06:40,317 INFO     benchmark — 1260/4000  A:92%  56.63 matches/s  ETA 48s
2026-10-05 19:06:40,490 INFO     benchmark — 1270/4000  A:92%  56.64 matches/s  ETA 48s
2026-10-05 19:06:40,671 INFO     benchmark — 1280/4000  A:92%  56.63 matches/s  ETA 48s
2026-10-05 19:06:40,846 INFO     benchmark — 1290/4000  A:92%  56.64 matches/s  ETA 48s
2026-10-05 19:06:41,008 INFO     benchmark — 1300/4000  A:92%  56.67 matches/s  ETA 48s
2026-10-05 19:06:41,173 INFO     benchmark — 1310/4000  A:92%  56.70 matches/s  ETA 47s
2026-10-05 19:06:41,359 INFO     benchmark — 1320/4000  A:92%  56.68 matches/s  ETA 47s
2026-10-05 19:06:41,515 INFO     benchmark — 1330/4000  A:92%  56.73 matches/s  ETA 47s
2026-10-05 19:06:41,934 INFO     benchmark — 1340/4000  A:92%  56.15 matches/s  ETA 47s
2026-10-05 19:06:42,390 INFO     benchmark — 1350/4000  A:92%  55.51 matches/s  ETA 48s
2026-10-05 19:06:42,821 INFO     benchmark — 1360/4000  A:92%  54.94 matches/s  ETA 48s
2026-10-05 19:06:42,999 INFO     benchmark — 1370/4000  A:92%  54.95 matches/s  ETA 48s
2026-10-05 19:06:43,153 INFO     benchmark — 1380/4000  A:92%  55.02 matches/s  ETA 48s
2026-10-05 19:06:43,375 INFO     benchmark — 1390/4000  A:92%  54.93 matches/s  ETA 48s
2026-10-05 19:06:43,519 INFO     benchmark — 1400/4000  A:92%  55.01 matches/s  ETA 47s
2026-10-05 19:06:43,701 INFO     benchmark — 1410/4000  A:92%  55.01 matches/s  ETA 47s
2026-10-05 19:06:43,860 INFO     benchmark — 1420/4000  A:92%  55.06 matches/s  ETA 47s
2026-10-05 19:06:44,097 INFO     benchmark — 1430/4000  A:92%  54.94 matches/s  ETA 47s
2026-10-05 19:06:44,503 INFO     benchmark — 1440/4000  A:92%  54.47 matches/s  ETA 47s
2026-10-05 19:06:44,857 INFO     benchmark — 1450/4000  A:92%  54.13 matches/s  ETA 47s
2026-10-05 19:06:45,254 INFO     benchmark — 1460/4000  A:92%  53.70 matches/s  ETA 47s
2026-10-05 19:06:45,682 INFO     benchmark — 1470/4000  A:92%  53.23 matches/s  ETA 48s
2026-10-05 19:06:46,092 INFO     benchmark — 1480/4000  A:92%  52.81 matches/s  ETA 48s
2026-10-05 19:06:46,517 INFO     benchmark — 1490/4000  A:92%  52.37 matches/s  ETA 48s
2026-10-05 19:06:46,920 INFO     benchmark — 1500/4000  A:92%  51.99 matches/s  ETA 48s
2026-10-05 19:06:47,303 INFO     benchmark — 1510/4000  A:92%  51.65 matches/s  ETA 48s
2026-10-05 19:06:47,741 INFO     benchmark — 1520/4000  A:92%  51.23 matches/s  ETA 48s
2026-10-05 19:06:48,155 INFO     benchmark — 1530/4000  A:92%  50.85 matches/s  ETA 49s
2026-10-05 19:06:48,557 INFO     benchmark — 1540/4000  A:92%  50.51 matches/s  ETA 49s
2026-10-05 19:06:48,815 INFO     benchmark — 1550/4000  A:92%  50.41 matches/s  ETA 49s
2026-10-05 19:06:49,004 INFO     benchmark — 1560/4000  A:92%  50.43 matches/s  ETA 48s
2026-10-05 19:06:49,174 INFO     benchmark — 1570/4000  A:92%  50.47 matches/s  ETA 48s
2026-10-05 19:06:49,347 INFO     benchmark — 1580/4000  A:92%  50.51 matches/s  ETA 48s
2026-10-05 19:06:49,536 INFO     benchmark — 1590/4000  A:92%  50.53 matches/s  ETA 48s
2026-10-05 19:06:49,702 INFO     benchmark — 1600/4000  A:92%  50.58 matches/s  ETA 47s
2026-10-05 19:06:49,856 INFO     benchmark — 1610/4000  A:92%  50.65 matches/s  ETA 47s
2026-10-05 19:06:50,026 INFO     benchmark — 1620/4000  A:92%  50.69 matches/s  ETA 47s
2026-10-05 19:06:50,184 INFO     benchmark — 1630/4000  A:92%  50.75 matches/s  ETA 47s
2026-10-05 19:06:50,360 INFO     benchmark — 1640/4000  A:92%  50.79 matches/s  ETA 46s
2026-10-05 19:06:50,540 INFO     benchmark — 1650/4000  A:92%  50.81 matches/s  ETA 46s
2026-10-05 19:06:50,717 INFO     benchmark — 1660/4000  A:92%  50.84 matches/s  ETA 46s
2026-10-05 19:06:50,893 INFO     benchmark — 1670/4000  A:92%  50.88 matches/s  ETA 46s
2026-10-05 19:06:51,066 INFO     benchmark — 1680/4000  A:92%  50.91 matches/s  ETA 46s
2026-10-05 19:06:51,243 INFO     benchmark — 1690/4000  A:92%  50.94 matches/s  ETA 45s
2026-10-05 19:06:51,424 INFO     benchmark — 1700/4000  A:92%  50.97 matches/s  ETA 45s
2026-10-05 19:06:51,626 INFO     benchmark — 1710/4000  A:92%  50.96 matches/s  ETA 45s
2026-10-05 19:06:51,813 INFO     benchmark — 1720/4000  A:92%  50.97 matches/s  ETA 45s
2026-10-05 19:06:51,992 INFO     benchmark — 1730/4000  A:92%  51.00 matches/s  ETA 45s
2026-10-05 19:06:52,154 INFO     benchmark — 1740/4000  A:92%  51.05 matches/s  ETA 44s
2026-10-05 19:06:52,330 INFO     benchmark — 1750/4000  A:92%  51.08 matches/s  ETA 44s
2026-10-05 19:06:52,498 INFO     benchmark — 1760/4000  A:92%  51.12 matches/s  ETA 44s
2026-10-05 19:06:52,646 INFO     benchmark — 1770/4000  A:92%  51.19 matches/s  ETA 44s
2026-10-05 19:06:52,832 INFO     benchmark — 1780/4000  A:92%  51.20 matches/s  ETA 43s
2026-10-05 19:06:53,010 INFO     benchmark — 1790/4000  A:92%  51.23 matches/s  ETA 43s
2026-10-05 19:06:53,211 INFO     benchmark — 1800/4000  A:92%  51.22 matches/s  ETA 43s
2026-10-05 19:06:53,613 INFO     benchmark — 1810/4000  A:91%  50.92 matches/s  ETA 43s
2026-10-05 19:06:54,063 INFO     benchmark — 1820/4000  A:91%  50.56 matches/s  ETA 43s
2026-10-05 19:06:54,258 INFO     benchmark — 1830/4000  A:92%  50.57 matches/s  ETA 43s
2026-10-05 19:06:54,569 INFO     benchmark — 1840/4000  A:91%  50.41 matches/s  ETA 43s
2026-10-05 19:06:54,806 INFO     benchmark — 1850/4000  A:91%  50.36 matches/s  ETA 43s
2026-10-05 19:06:54,988 INFO     benchmark — 1860/4000  A:91%  50.38 matches/s  ETA 42s
2026-10-05 19:06:55,159 INFO     benchmark — 1870/4000  A:91%  50.42 matches/s  ETA 42s
2026-10-05 19:06:55,329 INFO     benchmark — 1880/4000  A:91%  50.46 matches/s  ETA 42s
2026-10-05 19:06:55,509 INFO     benchmark — 1890/4000  A:91%  50.48 matches/s  ETA 42s
2026-10-05 19:06:55,702 INFO     benchmark — 1900/4000  A:91%  50.49 matches/s  ETA 42s
2026-10-05 19:06:56,097 INFO     benchmark — 1910/4000  A:91%  50.23 matches/s  ETA 42s
2026-10-05 19:06:56,264 INFO     benchmark — 1920/4000  A:91%  50.27 matches/s  ETA 41s
2026-10-05 19:06:56,431 INFO     benchmark — 1930/4000  A:91%  50.31 matches/s  ETA 41s
2026-10-05 19:06:56,603 INFO     benchmark — 1940/4000  A:91%  50.34 matches/s  ETA 41s
2026-10-05 19:06:56,815 INFO     benchmark — 1950/4000  A:91%  50.33 matches/s  ETA 41s
2026-10-05 19:06:56,995 INFO     benchmark — 1960/4000  A:91%  50.35 matches/s  ETA 41s
2026-10-05 19:06:57,157 INFO     benchmark — 1970/4000  A:92%  50.40 matches/s  ETA 40s
2026-10-05 19:06:57,324 INFO     benchmark — 1980/4000  A:92%  50.44 matches/s  ETA 40s
2026-10-05 19:06:57,499 INFO     benchmark — 1990/4000  A:92%  50.47 matches/s  ETA 40s
2026-10-05 19:06:57,669 INFO     benchmark — 2000/4000  A:92%  50.50 matches/s  ETA 40s
2026-10-05 19:06:57,947 INFO     benchmark — 2010/4000  A:92%  50.40 matches/s  ETA 39s
2026-10-05 19:06:58,183 INFO     benchmark — 2020/4000  A:92%  50.36 matches/s  ETA 39s
2026-10-05 19:06:58,384 INFO     benchmark — 2030/4000  A:92%  50.35 matches/s  ETA 39s
2026-10-05 19:06:58,563 INFO     benchmark — 2040/4000  A:92%  50.38 matches/s  ETA 39s
2026-10-05 19:06:58,795 INFO     benchmark — 2050/4000  A:92%  50.34 matches/s  ETA 39s
2026-10-05 19:06:58,959 INFO     benchmark — 2060/4000  A:92%  50.38 matches/s  ETA 39s
2026-10-05 19:06:59,124 INFO     benchmark — 2070/4000  A:92%  50.42 matches/s  ETA 38s
2026-10-05 19:06:59,329 INFO     benchmark — 2080/4000  A:92%  50.41 matches/s  ETA 38s
2026-10-05 19:06:59,763 INFO     benchmark — 2090/4000  A:92%  50.13 matches/s  ETA 38s
2026-10-05 19:06:59,988 INFO     benchmark — 2100/4000  A:92%  50.10 matches/s  ETA 38s
2026-10-05 19:07:00,153 INFO     benchmark — 2110/4000  A:92%  50.14 matches/s  ETA 38s
2026-10-05 19:07:00,328 INFO     benchmark — 2120/4000  A:92%  50.17 matches/s  ETA 37s
2026-10-05 19:07:00,735 INFO     benchmark — 2130/4000  A:92%  49.92 matches/s  ETA 37s
2026-10-05 19:07:01,011 INFO     benchmark — 2140/4000  A:92%  49.83 matches/s  ETA 37s
2026-10-05 19:07:01,426 INFO     benchmark — 2150/4000  A:92%  49.59 matches/s  ETA 37s
2026-10-05 19:07:01,798 INFO     benchmark — 2160/4000  A:92%  49.39 matches/s  ETA 37s
2026-10-05 19:07:02,015 INFO     benchmark — 2170/4000  A:91%  49.38 matches/s  ETA 37s
2026-10-05 19:07:02,217 INFO     benchmark — 2180/4000  A:92%  49.38 matches/s  ETA 37s
2026-10-05 19:07:02,397 INFO     benchmark — 2190/4000  A:91%  49.40 matches/s  ETA 37s
2026-10-05 19:07:02,583 INFO     benchmark — 2200/4000  A:91%  49.42 matches/s  ETA 36s
2026-10-05 19:07:02,777 INFO     benchmark — 2210/4000  A:91%  49.43 matches/s  ETA 36s
2026-10-05 19:07:02,948 INFO     benchmark — 2220/4000  A:91%  49.47 matches/s  ETA 36s
2026-10-05 19:07:03,269 INFO     benchmark — 2230/4000  A:91%  49.34 matches/s  ETA 36s
2026-10-05 19:07:03,543 INFO     benchmark — 2240/4000  A:91%  49.26 matches/s  ETA 36s
2026-10-05 19:07:03,706 INFO     benchmark — 2250/4000  A:91%  49.30 matches/s  ETA 35s
2026-10-05 19:07:03,875 INFO     benchmark — 2260/4000  A:91%  49.34 matches/s  ETA 35s
2026-10-05 19:07:04,121 INFO     benchmark — 2270/4000  A:91%  49.29 matches/s  ETA 35s
2026-10-05 19:07:04,562 INFO     benchmark — 2280/4000  A:91%  49.04 matches/s  ETA 35s
2026-10-05 19:07:04,771 INFO     benchmark — 2290/4000  A:91%  49.03 matches/s  ETA 35s
2026-10-05 19:07:04,944 INFO     benchmark — 2300/4000  A:91%  49.07 matches/s  ETA 35s
2026-10-05 19:07:05,234 INFO     benchmark — 2310/4000  A:91%  48.98 matches/s  ETA 35s
2026-10-05 19:07:05,449 INFO     benchmark — 2320/4000  A:91%  48.97 matches/s  ETA 34s
2026-10-05 19:07:05,633 INFO     benchmark — 2330/4000  A:91%  48.99 matches/s  ETA 34s
2026-10-05 19:07:06,007 INFO     benchmark — 2340/4000  A:91%  48.81 matches/s  ETA 34s
2026-10-05 19:07:06,384 INFO     benchmark — 2350/4000  A:91%  48.64 matches/s  ETA 34s
2026-10-05 19:07:06,668 INFO     benchmark — 2360/4000  A:91%  48.56 matches/s  ETA 34s
2026-10-05 19:07:06,827 INFO     benchmark — 2370/4000  A:91%  48.61 matches/s  ETA 34s
2026-10-05 19:07:06,999 INFO     benchmark — 2380/4000  A:91%  48.64 matches/s  ETA 33s
2026-10-05 19:07:07,179 INFO     benchmark — 2390/4000  A:91%  48.67 matches/s  ETA 33s
2026-10-05 19:07:07,347 INFO     benchmark — 2400/4000  A:91%  48.70 matches/s  ETA 33s
2026-10-05 19:07:07,513 INFO     benchmark — 2410/4000  A:91%  48.74 matches/s  ETA 33s
2026-10-05 19:07:07,683 INFO     benchmark — 2420/4000  A:91%  48.78 matches/s  ETA 32s
2026-10-05 19:07:07,857 INFO     benchmark — 2430/4000  A:91%  48.81 matches/s  ETA 32s
2026-10-05 19:07:08,030 INFO     benchmark — 2440/4000  A:91%  48.84 matches/s  ETA 32s
2026-10-05 19:07:08,201 INFO     benchmark — 2450/4000  A:91%  48.87 matches/s  ETA 32s
2026-10-05 19:07:08,408 INFO     benchmark — 2460/4000  A:91%  48.87 matches/s  ETA 32s
2026-10-05 19:07:08,582 INFO     benchmark — 2470/4000  A:91%  48.90 matches/s  ETA 31s
2026-10-05 19:07:08,748 INFO     benchmark — 2480/4000  A:91%  48.93 matches/s  ETA 31s
2026-10-05 19:07:08,929 INFO     benchmark — 2490/4000  A:91%  48.96 matches/s  ETA 31s
2026-10-05 19:07:09,095 INFO     benchmark — 2500/4000  A:91%  48.99 matches/s  ETA 31s
2026-10-05 19:07:09,288 INFO     benchmark — 2510/4000  A:91%  49.01 matches/s  ETA 30s
2026-10-05 19:07:09,460 INFO     benchmark — 2520/4000  A:91%  49.04 matches/s  ETA 30s
2026-10-05 19:07:09,635 INFO     benchmark — 2530/4000  A:91%  49.06 matches/s  ETA 30s
2026-10-05 19:07:09,786 INFO     benchmark — 2540/4000  A:91%  49.11 matches/s  ETA 30s
2026-10-05 19:07:09,966 INFO     benchmark — 2550/4000  A:91%  49.14 matches/s  ETA 30s
2026-10-05 19:07:10,256 INFO     benchmark — 2560/4000  A:91%  49.05 matches/s  ETA 29s
2026-10-05 19:07:10,542 INFO     benchmark — 2570/4000  A:91%  48.98 matches/s  ETA 29s
2026-10-05 19:07:10,734 INFO     benchmark — 2580/4000  A:91%  48.99 matches/s  ETA 29s
2026-10-05 19:07:10,921 INFO     benchmark — 2590/4000  A:91%  49.00 matches/s  ETA 29s
2026-10-05 19:07:11,107 INFO     benchmark — 2600/4000  A:91%  49.02 matches/s  ETA 29s
2026-10-05 19:07:11,286 INFO     benchmark — 2610/4000  A:91%  49.04 matches/s  ETA 28s
2026-10-05 19:07:11,474 INFO     benchmark — 2620/4000  A:91%  49.06 matches/s  ETA 28s
2026-10-05 19:07:11,646 INFO     benchmark — 2630/4000  A:91%  49.09 matches/s  ETA 28s
2026-10-05 19:07:11,825 INFO     benchmark — 2640/4000  A:91%  49.11 matches/s  ETA 28s
2026-10-05 19:07:11,998 INFO     benchmark — 2650/4000  A:91%  49.14 matches/s  ETA 27s
2026-10-05 19:07:12,195 INFO     benchmark — 2660/4000  A:92%  49.14 matches/s  ETA 27s
2026-10-05 19:07:12,384 INFO     benchmark — 2670/4000  A:92%  49.16 matches/s  ETA 27s
2026-10-05 19:07:12,596 INFO     benchmark — 2680/4000  A:92%  49.15 matches/s  ETA 27s
2026-10-05 19:07:12,770 INFO     benchmark — 2690/4000  A:92%  49.18 matches/s  ETA 27s
2026-10-05 19:07:13,005 INFO     benchmark — 2700/4000  A:92%  49.15 matches/s  ETA 26s
2026-10-05 19:07:13,221 INFO     benchmark — 2710/4000  A:92%  49.14 matches/s  ETA 26s
2026-10-05 19:07:13,455 INFO     benchmark — 2720/4000  A:92%  49.11 matches/s  ETA 26s
2026-10-05 19:07:13,698 INFO     benchmark — 2730/4000  A:92%  49.07 matches/s  ETA 26s
2026-10-05 19:07:13,880 INFO     benchmark — 2740/4000  A:92%  49.09 matches/s  ETA 26s
2026-10-05 19:07:14,146 INFO     benchmark — 2750/4000  A:92%  49.04 matches/s  ETA 25s
2026-10-05 19:07:14,300 INFO     benchmark — 2760/4000  A:92%  49.08 matches/s  ETA 25s
2026-10-05 19:07:14,477 INFO     benchmark — 2770/4000  A:92%  49.11 matches/s  ETA 25s
2026-10-05 19:07:14,662 INFO     benchmark — 2780/4000  A:92%  49.12 matches/s  ETA 25s
2026-10-05 19:07:14,836 INFO     benchmark — 2790/4000  A:92%  49.15 matches/s  ETA 25s
2026-10-05 19:07:15,022 INFO     benchmark — 2800/4000  A:92%  49.16 matches/s  ETA 24s
2026-10-05 19:07:15,195 INFO     benchmark — 2810/4000  A:92%  49.19 matches/s  ETA 24s
2026-10-05 19:07:15,382 INFO     benchmark — 2820/4000  A:92%  49.20 matches/s  ETA 24s
2026-10-05 19:07:15,579 INFO     benchmark — 2830/4000  A:92%  49.21 matches/s  ETA 24s
2026-10-05 19:07:15,875 INFO     benchmark — 2840/4000  A:92%  49.13 matches/s  ETA 24s
2026-10-05 19:07:16,185 INFO     benchmark — 2850/4000  A:92%  49.04 matches/s  ETA 23s
2026-10-05 19:07:16,372 INFO     benchmark — 2860/4000  A:92%  49.05 matches/s  ETA 23s
2026-10-05 19:07:16,539 INFO     benchmark — 2870/4000  A:92%  49.08 matches/s  ETA 23s
2026-10-05 19:07:16,713 INFO     benchmark — 2880/4000  A:92%  49.11 matches/s  ETA 23s
2026-10-05 19:07:17,008 INFO     benchmark — 2890/4000  A:92%  49.03 matches/s  ETA 23s
2026-10-05 19:07:17,212 INFO     benchmark — 2900/4000  A:92%  49.03 matches/s  ETA 22s
2026-10-05 19:07:17,399 INFO     benchmark — 2910/4000  A:92%  49.05 matches/s  ETA 22s
2026-10-05 19:07:17,585 INFO     benchmark — 2920/4000  A:92%  49.06 matches/s  ETA 22s
2026-10-05 19:07:17,761 INFO     benchmark — 2930/4000  A:92%  49.09 matches/s  ETA 22s
2026-10-05 19:07:17,933 INFO     benchmark — 2940/4000  A:92%  49.11 matches/s  ETA 22s
2026-10-05 19:07:18,104 INFO     benchmark — 2950/4000  A:92%  49.14 matches/s  ETA 21s
2026-10-05 19:07:18,268 INFO     benchmark — 2960/4000  A:92%  49.17 matches/s  ETA 21s
2026-10-05 19:07:18,451 INFO     benchmark — 2970/4000  A:92%  49.19 matches/s  ETA 21s
2026-10-05 19:07:18,731 INFO     benchmark — 2980/4000  A:92%  49.12 matches/s  ETA 21s
2026-10-05 19:07:18,908 INFO     benchmark — 2990/4000  A:92%  49.15 matches/s  ETA 21s
2026-10-05 19:07:19,085 INFO     benchmark — 3000/4000  A:92%  49.17 matches/s  ETA 20s
2026-10-05 19:07:19,284 INFO     benchmark — 3010/4000  A:92%  49.17 matches/s  ETA 20s
2026-10-05 19:07:19,579 INFO     benchmark — 3020/4000  A:92%  49.10 matches/s  ETA 20s
2026-10-05 19:07:19,750 INFO     benchmark — 3030/4000  A:92%  49.12 matches/s  ETA 20s
2026-10-05 19:07:19,979 INFO     benchmark — 3040/4000  A:92%  49.10 matches/s  ETA 20s
2026-10-05 19:07:20,174 INFO     benchmark — 3050/4000  A:92%  49.11 matches/s  ETA 19s
2026-10-05 19:07:20,340 INFO     benchmark — 3060/4000  A:92%  49.14 matches/s  ETA 19s
2026-10-05 19:07:20,530 INFO     benchmark — 3070/4000  A:92%  49.15 matches/s  ETA 19s
2026-10-05 19:07:20,717 INFO     benchmark — 3080/4000  A:92%  49.16 matches/s  ETA 19s
2026-10-05 19:07:20,894 INFO     benchmark — 3090/4000  A:92%  49.18 matches/s  ETA 19s
2026-10-05 19:07:21,085 INFO     benchmark — 3100/4000  A:92%  49.19 matches/s  ETA 18s
2026-10-05 19:07:21,397 INFO     benchmark — 3110/4000  A:92%  49.11 matches/s  ETA 18s
2026-10-05 19:07:21,813 INFO     benchmark — 3120/4000  A:92%  48.95 matches/s  ETA 18s
2026-10-05 19:07:22,133 INFO     benchmark — 3130/4000  A:92%  48.86 matches/s  ETA 18s
2026-10-05 19:07:22,311 INFO     benchmark — 3140/4000  A:92%  48.88 matches/s  ETA 18s
2026-10-05 19:07:22,501 INFO     benchmark — 3150/4000  A:92%  48.89 matches/s  ETA 17s
2026-10-05 19:07:22,707 INFO     benchmark — 3160/4000  A:92%  48.89 matches/s  ETA 17s
2026-10-05 19:07:23,175 INFO     benchmark — 3170/4000  A:92%  48.69 matches/s  ETA 17s
2026-10-05 19:07:23,644 INFO     benchmark — 3180/4000  A:92%  48.49 matches/s  ETA 17s
2026-10-05 19:07:24,105 INFO     benchmark — 3190/4000  A:92%  48.31 matches/s  ETA 17s
2026-10-05 19:07:24,267 INFO     benchmark — 3200/4000  A:92%  48.34 matches/s  ETA 17s
2026-10-05 19:07:24,707 INFO     benchmark — 3210/4000  A:92%  48.17 matches/s  ETA 16s
2026-10-05 19:07:24,925 INFO     benchmark — 3220/4000  A:92%  48.16 matches/s  ETA 16s
2026-10-05 19:07:25,118 INFO     benchmark — 3230/4000  A:92%  48.17 matches/s  ETA 16s
2026-10-05 19:07:25,269 INFO     benchmark — 3240/4000  A:92%  48.21 matches/s  ETA 16s
2026-10-05 19:07:25,438 INFO     benchmark — 3250/4000  A:92%  48.24 matches/s  ETA 16s
2026-10-05 19:07:25,602 INFO     benchmark — 3260/4000  A:92%  48.27 matches/s  ETA 15s
2026-10-05 19:07:25,757 INFO     benchmark — 3270/4000  A:92%  48.31 matches/s  ETA 15s
2026-10-05 19:07:25,923 INFO     benchmark — 3280/4000  A:92%  48.34 matches/s  ETA 15s
2026-10-05 19:07:26,100 INFO     benchmark — 3290/4000  A:92%  48.36 matches/s  ETA 15s
2026-10-05 19:07:26,281 INFO     benchmark — 3300/4000  A:92%  48.38 matches/s  ETA 14s
2026-10-05 19:07:26,456 INFO     benchmark — 3310/4000  A:92%  48.40 matches/s  ETA 14s
2026-10-05 19:07:26,628 INFO     benchmark — 3320/4000  A:92%  48.43 matches/s  ETA 14s
2026-10-05 19:07:26,802 INFO     benchmark — 3330/4000  A:92%  48.45 matches/s  ETA 14s
2026-10-05 19:07:26,978 INFO     benchmark — 3340/4000  A:92%  48.47 matches/s  ETA 14s
2026-10-05 19:07:27,161 INFO     benchmark — 3350/4000  A:92%  48.49 matches/s  ETA 13s
2026-10-05 19:07:27,340 INFO     benchmark — 3360/4000  A:92%  48.50 matches/s  ETA 13s
2026-10-05 19:07:27,507 INFO     benchmark — 3370/4000  A:92%  48.53 matches/s  ETA 13s
2026-10-05 19:07:27,701 INFO     benchmark — 3380/4000  A:92%  48.54 matches/s  ETA 13s
2026-10-05 19:07:27,862 INFO     benchmark — 3390/4000  A:92%  48.57 matches/s  ETA 13s
2026-10-05 19:07:28,036 INFO     benchmark — 3400/4000  A:92%  48.59 matches/s  ETA 12s
2026-10-05 19:07:28,196 INFO     benchmark — 3410/4000  A:92%  48.63 matches/s  ETA 12s
2026-10-05 19:07:28,363 INFO     benchmark — 3420/4000  A:92%  48.65 matches/s  ETA 12s
2026-10-05 19:07:28,539 INFO     benchmark — 3430/4000  A:92%  48.67 matches/s  ETA 12s
2026-10-05 19:07:28,714 INFO     benchmark — 3440/4000  A:92%  48.69 matches/s  ETA 12s
2026-10-05 19:07:28,887 INFO     benchmark — 3450/4000  A:92%  48.72 matches/s  ETA 11s
2026-10-05 19:07:29,067 INFO     benchmark — 3460/4000  A:92%  48.73 matches/s  ETA 11s
2026-10-05 19:07:29,243 INFO     benchmark — 3470/4000  A:92%  48.75 matches/s  ETA 11s
2026-10-05 19:07:29,421 INFO     benchmark — 3480/4000  A:92%  48.77 matches/s  ETA 11s
2026-10-05 19:07:29,591 INFO     benchmark — 3490/4000  A:92%  48.80 matches/s  ETA 10s
2026-10-05 19:07:29,772 INFO     benchmark — 3500/4000  A:92%  48.81 matches/s  ETA 10s
2026-10-05 19:07:29,919 INFO     benchmark — 3510/4000  A:92%  48.85 matches/s  ETA 10s
2026-10-05 19:07:30,094 INFO     benchmark — 3520/4000  A:92%  48.87 matches/s  ETA 10s
2026-10-05 19:07:30,273 INFO     benchmark — 3530/4000  A:92%  48.89 matches/s  ETA 10s
2026-10-05 19:07:30,460 INFO     benchmark — 3540/4000  A:92%  48.90 matches/s  ETA 9s
2026-10-05 19:07:30,653 INFO     benchmark — 3550/4000  A:92%  48.91 matches/s  ETA 9s
2026-10-05 19:07:31,088 INFO     benchmark — 3560/4000  A:92%  48.75 matches/s  ETA 9s
2026-10-05 19:07:31,531 INFO     benchmark — 3570/4000  A:92%  48.60 matches/s  ETA 9s
2026-10-05 19:07:31,805 INFO     benchmark — 3580/4000  A:92%  48.55 matches/s  ETA 9s
2026-10-05 19:07:32,004 INFO     benchmark — 3590/4000  A:92%  48.56 matches/s  ETA 8s
2026-10-05 19:07:32,212 INFO     benchmark — 3600/4000  A:92%  48.55 matches/s  ETA 8s
2026-10-05 19:07:32,403 INFO     benchmark — 3610/4000  A:92%  48.56 matches/s  ETA 8s
2026-10-05 19:07:32,576 INFO     benchmark — 3620/4000  A:92%  48.59 matches/s  ETA 8s
2026-10-05 19:07:32,761 INFO     benchmark — 3630/4000  A:92%  48.60 matches/s  ETA 8s
2026-10-05 19:07:32,922 INFO     benchmark — 3640/4000  A:92%  48.63 matches/s  ETA 7s
2026-10-05 19:07:33,236 INFO     benchmark — 3650/4000  A:92%  48.56 matches/s  ETA 7s
2026-10-05 19:07:33,625 INFO     benchmark — 3660/4000  A:92%  48.44 matches/s  ETA 7s
2026-10-05 19:07:34,006 INFO     benchmark — 3670/4000  A:92%  48.33 matches/s  ETA 7s
2026-10-05 19:07:34,257 INFO     benchmark — 3680/4000  A:92%  48.30 matches/s  ETA 7s
2026-10-05 19:07:34,416 INFO     benchmark — 3690/4000  A:92%  48.33 matches/s  ETA 6s
2026-10-05 19:07:34,573 INFO     benchmark — 3700/4000  A:92%  48.36 matches/s  ETA 6s
2026-10-05 19:07:34,746 INFO     benchmark — 3710/4000  A:92%  48.38 matches/s  ETA 6s
2026-10-05 19:07:34,912 INFO     benchmark — 3720/4000  A:92%  48.41 matches/s  ETA 6s
2026-10-05 19:07:35,087 INFO     benchmark — 3730/4000  A:92%  48.43 matches/s  ETA 6s
2026-10-05 19:07:35,268 INFO     benchmark — 3740/4000  A:92%  48.45 matches/s  ETA 5s
2026-10-05 19:07:35,613 INFO     benchmark — 3750/4000  A:92%  48.36 matches/s  ETA 5s
2026-10-05 19:07:36,034 INFO     benchmark — 3760/4000  A:92%  48.23 matches/s  ETA 5s
2026-10-05 19:07:36,496 INFO     benchmark — 3770/4000  A:92%  48.07 matches/s  ETA 5s
2026-10-05 19:07:36,884 INFO     benchmark — 3780/4000  A:92%  47.96 matches/s  ETA 5s
2026-10-05 19:07:37,058 INFO     benchmark — 3790/4000  A:92%  47.98 matches/s  ETA 4s
2026-10-05 19:07:37,253 INFO     benchmark — 3800/4000  A:92%  47.99 matches/s  ETA 4s
2026-10-05 19:07:37,434 INFO     benchmark — 3810/4000  A:92%  48.01 matches/s  ETA 4s
2026-10-05 19:07:37,621 INFO     benchmark — 3820/4000  A:92%  48.02 matches/s  ETA 4s
2026-10-05 19:07:37,982 INFO     benchmark — 3830/4000  A:92%  47.93 matches/s  ETA 4s
2026-10-05 19:07:38,289 INFO     benchmark — 3840/4000  A:92%  47.87 matches/s  ETA 3s
2026-10-05 19:07:38,679 INFO     benchmark — 3850/4000  A:92%  47.76 matches/s  ETA 3s
2026-10-05 19:07:38,869 INFO     benchmark — 3860/4000  A:92%  47.77 matches/s  ETA 3s
2026-10-05 19:07:39,211 INFO     benchmark — 3870/4000  A:92%  47.69 matches/s  ETA 3s
2026-10-05 19:07:39,535 INFO     benchmark — 3880/4000  A:92%  47.63 matches/s  ETA 3s
2026-10-05 19:07:39,722 INFO     benchmark — 3890/4000  A:92%  47.64 matches/s  ETA 2s
2026-10-05 19:07:39,889 INFO     benchmark — 3900/4000  A:92%  47.67 matches/s  ETA 2s
2026-10-05 19:07:40,147 INFO     benchmark — 3910/4000  A:92%  47.64 matches/s  ETA 2s
2026-10-05 19:07:40,603 INFO     benchmark — 3920/4000  A:92%  47.50 matches/s  ETA 2s
2026-10-05 19:07:40,834 INFO     benchmark — 3930/4000  A:92%  47.48 matches/s  ETA 1s
2026-10-05 19:07:41,266 INFO     benchmark — 3940/4000  A:92%  47.36 matches/s  ETA 1s
2026-10-05 19:07:41,450 INFO     benchmark — 3950/4000  A:92%  47.37 matches/s  ETA 1s
2026-10-05 19:07:41,622 INFO     benchmark — 3960/4000  A:92%  47.39 matches/s  ETA 1s
2026-10-05 19:07:41,904 INFO     benchmark — 3970/4000  A:92%  47.35 matches/s  ETA 1s
2026-10-05 19:07:42,122 INFO     benchmark — 3980/4000  A:92%  47.35 matches/s  ETA 0s
2026-10-05 19:07:42,285 INFO     benchmark — 3990/4000  A:92%  47.38 matches/s  ETA 0s
2026-10-05 19:07:42,471 INFO     benchmark — 4000/4000  A:92%  47.39 matches/s  ETA 0s
2026-10-05 19:07:42,480 INFO     benchmark — wrote results/009/M20M_vs_thr.json

──────────────────────────────────────────────────
Mode:        match_rl_vs_threshold
Matches:      4,000
──────────────────────────────────────────────────
RL(ckpt_0020000768) wins:  3,673  (91.8%)
Threshold wins:  327  (8.2%)
Ties:        0  (0.0%)
──────────────────────────────────────────────────

