2026-10-05 19:06:18,084 INFO     benchmark — 10/4000  A:80%  132.20 matches/s  ETA 30s
2026-10-05 19:06:18,164 INFO     benchmark — 20/4000  A:75%  127.83 matches/s  ETA 31s
2026-10-05 19:06:18,250 INFO     benchmark — 30/4000  A:80%  123.79 matches/s  ETA 32s
2026-10-05 19:06:18,309 INFO     benchmark — 40/4000  A:85%  132.83 matches/s  ETA 30s
2026-10-05 19:06:18,397 INFO     benchmark — 50/4000  A:80%  128.57 matches/s  ETA 31s
2026-10-05 19:06:18,469 INFO     benchmark — 60/4000  A:83%  130.04 matches/s  ETA 30s
2026-10-05 19:06:18,539 INFO     benchmark — 70/4000  A:83%  131.91 matches/s  ETA 30s
2026-10-05 19:06:18,594 INFO     benchmark — 80/4000  A:82%  136.38 matches/s  ETA 29s
2026-10-05 19:06:18,660 INFO     benchmark — 90/4000  A:83%  137.99 matches/s  ETA 28s
2026-10-05 19:06:18,729 INFO     benchmark — 100/4000  A:83%  138.68 matches/s  ETA 28s
2026-10-05 19:06:18,807 INFO     benchmark — 110/4000  A:82%  137.58 matches/s  ETA 28s
2026-10-05 19:06:18,890 INFO     benchmark — 120/4000  A:82%  135.98 matches/s  ETA 29s
2026-10-05 19:06:18,956 INFO     benchmark — 130/4000  A:83%  137.07 matches/s  ETA 28s
2026-10-05 19:06:19,020 INFO     benchmark — 140/4000  A:83%  138.35 matches/s  ETA 28s
2026-10-05 19:06:19,090 INFO     benchmark — 150/4000  A:84%  138.58 matches/s  ETA 28s
2026-10-05 19:06:19,167 INFO     benchmark — 160/4000  A:84%  138.05 matches/s  ETA 28s
2026-10-05 19:06:19,237 INFO     benchmark — 170/4000  A:85%  138.30 matches/s  ETA 28s
2026-10-05 19:06:19,312 INFO     benchmark — 180/4000  A:86%  138.06 matches/s  ETA 28s
2026-10-05 19:06:19,388 INFO     benchmark — 190/4000  A:86%  137.67 matches/s  ETA 28s
2026-10-05 19:06:19,471 INFO     benchmark — 200/4000  A:86%  136.73 matches/s  ETA 28s
2026-10-05 19:06:19,552 INFO     benchmark — 210/4000  A:87%  136.01 matches/s  ETA 28s
2026-10-05 19:06:19,635 INFO     benchmark — 220/4000  A:86%  135.17 matches/s  ETA 28s
2026-10-05 19:06:19,722 INFO     benchmark — 230/4000  A:86%  134.18 matches/s  ETA 28s
2026-10-05 19:06:19,797 INFO     benchmark — 240/4000  A:87%  134.15 matches/s  ETA 28s
2026-10-05 19:06:19,872 INFO     benchmark — 250/4000  A:87%  134.13 matches/s  ETA 28s
2026-10-05 19:06:19,951 INFO     benchmark — 260/4000  A:87%  133.81 matches/s  ETA 28s
2026-10-05 19:06:20,028 INFO     benchmark — 270/4000  A:87%  133.65 matches/s  ETA 28s
2026-10-05 19:06:20,117 INFO     benchmark — 280/4000  A:88%  132.78 matches/s  ETA 28s
2026-10-05 19:06:20,192 INFO     benchmark — 290/4000  A:87%  132.78 matches/s  ETA 28s
2026-10-05 19:06:20,241 INFO     benchmark — 300/4000  A:86%  134.35 matches/s  ETA 28s
2026-10-05 19:06:20,343 INFO     benchmark — 310/4000  A:86%  132.78 matches/s  ETA 28s
2026-10-05 19:06:20,432 INFO     benchmark — 320/4000  A:86%  131.99 matches/s  ETA 28s
2026-10-05 19:06:20,523 INFO     benchmark — 330/4000  A:86%  131.21 matches/s  ETA 28s
2026-10-05 19:06:20,606 INFO     benchmark — 340/4000  A:86%  130.86 matches/s  ETA 28s
2026-10-05 19:06:20,688 INFO     benchmark — 350/4000  A:86%  130.57 matches/s  ETA 28s
2026-10-05 19:06:20,752 INFO     benchmark — 360/4000  A:86%  131.17 matches/s  ETA 28s
2026-10-05 19:06:20,836 INFO     benchmark — 370/4000  A:86%  130.84 matches/s  ETA 28s
2026-10-05 19:06:20,916 INFO     benchmark — 380/4000  A:87%  130.69 matches/s  ETA 28s
2026-10-05 19:06:21,001 INFO     benchmark — 390/4000  A:86%  130.31 matches/s  ETA 28s
2026-10-05 19:06:21,086 INFO     benchmark — 400/4000  A:86%  129.94 matches/s  ETA 28s
2026-10-05 19:06:21,166 INFO     benchmark — 410/4000  A:86%  129.83 matches/s  ETA 28s
2026-10-05 19:06:21,252 INFO     benchmark — 420/4000  A:86%  129.45 matches/s  ETA 28s
2026-10-05 19:06:21,311 INFO     benchmark — 430/4000  A:86%  130.19 matches/s  ETA 27s
2026-10-05 19:06:21,407 INFO     benchmark — 440/4000  A:86%  129.44 matches/s  ETA 28s
2026-10-05 19:06:21,491 INFO     benchmark — 450/4000  A:87%  129.21 matches/s  ETA 27s
2026-10-05 19:06:21,565 INFO     benchmark — 460/4000  A:87%  129.32 matches/s  ETA 27s
2026-10-05 19:06:21,652 INFO     benchmark — 470/4000  A:87%  128.96 matches/s  ETA 27s
2026-10-05 19:06:21,732 INFO     benchmark — 480/4000  A:87%  128.88 matches/s  ETA 27s
2026-10-05 19:06:21,787 INFO     benchmark — 490/4000  A:87%  129.65 matches/s  ETA 27s
2026-10-05 19:06:21,863 INFO     benchmark — 500/4000  A:86%  129.71 matches/s  ETA 27s
2026-10-05 19:06:21,937 INFO     benchmark — 510/4000  A:86%  129.79 matches/s  ETA 27s
2026-10-05 19:06:22,125 INFO     benchmark — 520/4000  A:87%  126.29 matches/s  ETA 28s
2026-10-05 19:06:22,305 INFO     benchmark — 530/4000  A:87%  123.33 matches/s  ETA 28s
2026-10-05 19:06:22,542 INFO     benchmark — 540/4000  A:87%  119.09 matches/s  ETA 29s
2026-10-05 19:06:22,651 INFO     benchmark — 550/4000  A:87%  118.44 matches/s  ETA 29s
2026-10-05 19:06:22,742 INFO     benchmark — 560/4000  A:87%  118.29 matches/s  ETA 29s
2026-10-05 19:06:22,914 INFO     benchmark — 570/4000  A:87%  116.18 matches/s  ETA 30s
2026-10-05 19:06:22,993 INFO     benchmark — 580/4000  A:87%  116.34 matches/s  ETA 29s
2026-10-05 19:06:23,058 INFO     benchmark — 590/4000  A:87%  116.83 matches/s  ETA 29s
2026-10-05 19:06:23,148 INFO     benchmark — 600/4000  A:87%  116.73 matches/s  ETA 29s
2026-10-05 19:06:23,229 INFO     benchmark — 610/4000  A:87%  116.84 matches/s  ETA 29s
2026-10-05 19:06:23,325 INFO     benchmark — 620/4000  A:87%  116.60 matches/s  ETA 29s
2026-10-05 19:06:23,388 INFO     benchmark — 630/4000  A:86%  117.09 matches/s  ETA 29s
2026-10-05 19:06:23,468 INFO     benchmark — 640/4000  A:86%  117.21 matches/s  ETA 29s
2026-10-05 19:06:23,547 INFO     benchmark — 650/4000  A:86%  117.35 matches/s  ETA 29s
2026-10-05 19:06:23,630 INFO     benchmark — 660/4000  A:86%  117.40 matches/s  ETA 28s
2026-10-05 19:06:23,717 INFO     benchmark — 670/4000  A:86%  117.35 matches/s  ETA 28s
2026-10-05 19:06:23,795 INFO     benchmark — 680/4000  A:86%  117.50 matches/s  ETA 28s
2026-10-05 19:06:23,877 INFO     benchmark — 690/4000  A:86%  117.56 matches/s  ETA 28s
2026-10-05 19:06:23,958 INFO     benchmark — 700/4000  A:85%  117.65 matches/s  ETA 28s
2026-10-05 19:06:24,072 INFO     benchmark — 710/4000  A:86%  117.08 matches/s  ETA 28s
2026-10-05 19:06:24,166 INFO     benchmark — 720/4000  A:86%  116.91 matches/s  ETA 28s
2026-10-05 19:06:24,323 INFO     benchmark — 730/4000  A:85%  115.59 matches/s  ETA 28s
2026-10-05 19:06:24,540 INFO     benchmark — 740/4000  A:86%  113.28 matches/s  ETA 29s
2026-10-05 19:06:24,764 INFO     benchmark — 750/4000  A:86%  111.01 matches/s  ETA 29s
2026-10-05 19:06:24,965 INFO     benchmark — 760/4000  A:86%  109.24 matches/s  ETA 30s
2026-10-05 19:06:25,046 INFO     benchmark — 770/4000  A:86%  109.40 matches/s  ETA 30s
2026-10-05 19:06:25,137 INFO     benchmark — 780/4000  A:86%  109.41 matches/s  ETA 29s
2026-10-05 19:06:25,234 INFO     benchmark — 790/4000  A:86%  109.33 matches/s  ETA 29s
2026-10-05 19:06:25,321 INFO     benchmark — 800/4000  A:86%  109.39 matches/s  ETA 29s
2026-10-05 19:06:25,389 INFO     benchmark — 810/4000  A:86%  109.74 matches/s  ETA 29s
2026-10-05 19:06:25,472 INFO     benchmark — 820/4000  A:86%  109.86 matches/s  ETA 29s
2026-10-05 19:06:25,551 INFO     benchmark — 830/4000  A:86%  110.04 matches/s  ETA 29s
2026-10-05 19:06:25,627 INFO     benchmark — 840/4000  A:86%  110.24 matches/s  ETA 29s
2026-10-05 19:06:25,704 INFO     benchmark — 850/4000  A:86%  110.44 matches/s  ETA 29s
2026-10-05 19:06:25,788 INFO     benchmark — 860/4000  A:86%  110.54 matches/s  ETA 28s
2026-10-05 19:06:25,871 INFO     benchmark — 870/4000  A:86%  110.64 matches/s  ETA 28s
2026-10-05 19:06:25,937 INFO     benchmark — 880/4000  A:86%  110.98 matches/s  ETA 28s
2026-10-05 19:06:26,013 INFO     benchmark — 890/4000  A:86%  111.17 matches/s  ETA 28s
2026-10-05 19:06:26,082 INFO     benchmark — 900/4000  A:86%  111.47 matches/s  ETA 28s
2026-10-05 19:06:26,153 INFO     benchmark — 910/4000  A:86%  111.72 matches/s  ETA 28s
2026-10-05 19:06:26,236 INFO     benchmark — 920/4000  A:86%  111.81 matches/s  ETA 28s
2026-10-05 19:06:26,319 INFO     benchmark — 930/4000  A:87%  111.90 matches/s  ETA 27s
2026-10-05 19:06:26,394 INFO     benchmark — 940/4000  A:86%  112.10 matches/s  ETA 27s
2026-10-05 19:06:26,472 INFO     benchmark — 950/4000  A:87%  112.24 matches/s  ETA 27s
2026-10-05 19:06:26,564 INFO     benchmark — 960/4000  A:86%  112.20 matches/s  ETA 27s
2026-10-05 19:06:26,659 INFO     benchmark — 970/4000  A:86%  112.12 matches/s  ETA 27s
2026-10-05 19:06:26,757 INFO     benchmark — 980/4000  A:86%  112.01 matches/s  ETA 27s
2026-10-05 19:06:26,853 INFO     benchmark — 990/4000  A:86%  111.92 matches/s  ETA 27s
2026-10-05 19:06:26,909 INFO     benchmark — 1000/4000  A:87%  112.34 matches/s  ETA 27s
2026-10-05 19:06:26,996 INFO     benchmark — 1010/4000  A:87%  112.37 matches/s  ETA 27s
2026-10-05 19:06:27,048 INFO     benchmark — 1020/4000  A:86%  112.83 matches/s  ETA 26s
2026-10-05 19:06:27,143 INFO     benchmark — 1030/4000  A:86%  112.75 matches/s  ETA 26s
2026-10-05 19:06:27,225 INFO     benchmark — 1040/4000  A:86%  112.84 matches/s  ETA 26s
2026-10-05 19:06:27,302 INFO     benchmark — 1050/4000  A:87%  112.98 matches/s  ETA 26s
2026-10-05 19:06:27,383 INFO     benchmark — 1060/4000  A:87%  113.06 matches/s  ETA 26s
2026-10-05 19:06:27,464 INFO     benchmark — 1070/4000  A:87%  113.16 matches/s  ETA 26s
2026-10-05 19:06:27,558 INFO     benchmark — 1080/4000  A:87%  113.09 matches/s  ETA 26s
2026-10-05 19:06:27,633 INFO     benchmark — 1090/4000  A:87%  113.25 matches/s  ETA 26s
2026-10-05 19:06:27,700 INFO     benchmark — 1100/4000  A:87%  113.50 matches/s  ETA 26s
2026-10-05 19:06:27,776 INFO     benchmark — 1110/4000  A:87%  113.64 matches/s  ETA 25s
2026-10-05 19:06:27,928 INFO     benchmark — 1120/4000  A:87%  112.90 matches/s  ETA 26s
2026-10-05 19:06:27,995 INFO     benchmark — 1130/4000  A:87%  113.15 matches/s  ETA 25s
2026-10-05 19:06:28,067 INFO     benchmark — 1140/4000  A:87%  113.33 matches/s  ETA 25s
2026-10-05 19:06:28,152 INFO     benchmark — 1150/4000  A:87%  113.37 matches/s  ETA 25s
2026-10-05 19:06:28,240 INFO     benchmark — 1160/4000  A:87%  113.37 matches/s  ETA 25s
2026-10-05 19:06:28,340 INFO     benchmark — 1170/4000  A:87%  113.24 matches/s  ETA 25s
2026-10-05 19:06:28,405 INFO     benchmark — 1180/4000  A:87%  113.50 matches/s  ETA 25s
2026-10-05 19:06:28,481 INFO     benchmark — 1190/4000  A:87%  113.63 matches/s  ETA 25s
2026-10-05 19:06:28,549 INFO     benchmark — 1200/4000  A:87%  113.84 matches/s  ETA 25s
2026-10-05 19:06:28,613 INFO     benchmark — 1210/4000  A:87%  114.10 matches/s  ETA 24s
2026-10-05 19:06:28,684 INFO     benchmark — 1220/4000  A:87%  114.28 matches/s  ETA 24s
2026-10-05 19:06:28,847 INFO     benchmark — 1230/4000  A:87%  113.48 matches/s  ETA 24s
2026-10-05 19:06:29,090 INFO     benchmark — 1240/4000  A:87%  111.89 matches/s  ETA 25s
2026-10-05 19:06:29,273 INFO     benchmark — 1250/4000  A:87%  110.96 matches/s  ETA 25s
2026-10-05 19:06:29,332 INFO     benchmark — 1260/4000  A:87%  111.27 matches/s  ETA 25s
2026-10-05 19:06:29,409 INFO     benchmark — 1270/4000  A:87%  111.39 matches/s  ETA 25s
2026-10-05 19:06:29,504 INFO     benchmark — 1280/4000  A:87%  111.35 matches/s  ETA 24s
2026-10-05 19:06:29,576 INFO     benchmark — 1290/4000  A:87%  111.52 matches/s  ETA 24s
2026-10-05 19:06:29,658 INFO     benchmark — 1300/4000  A:87%  111.58 matches/s  ETA 24s
2026-10-05 19:06:29,732 INFO     benchmark — 1310/4000  A:87%  111.74 matches/s  ETA 24s
2026-10-05 19:06:29,830 INFO     benchmark — 1320/4000  A:87%  111.66 matches/s  ETA 24s
2026-10-05 19:06:29,909 INFO     benchmark — 1330/4000  A:87%  111.75 matches/s  ETA 24s
2026-10-05 19:06:29,986 INFO     benchmark — 1340/4000  A:87%  111.87 matches/s  ETA 24s
2026-10-05 19:06:30,055 INFO     benchmark — 1350/4000  A:87%  112.06 matches/s  ETA 24s
2026-10-05 19:06:30,139 INFO     benchmark — 1360/4000  A:87%  112.11 matches/s  ETA 24s
2026-10-05 19:06:30,227 INFO     benchmark — 1370/4000  A:87%  112.12 matches/s  ETA 23s
2026-10-05 19:06:30,307 INFO     benchmark — 1380/4000  A:87%  112.21 matches/s  ETA 23s
2026-10-05 19:06:30,383 INFO     benchmark — 1390/4000  A:87%  112.32 matches/s  ETA 23s
2026-10-05 19:06:30,456 INFO     benchmark — 1400/4000  A:87%  112.47 matches/s  ETA 23s
2026-10-05 19:06:30,532 INFO     benchmark — 1410/4000  A:87%  112.59 matches/s  ETA 23s
2026-10-05 19:06:30,614 INFO     benchmark — 1420/4000  A:87%  112.65 matches/s  ETA 23s
2026-10-05 19:06:30,707 INFO     benchmark — 1430/4000  A:87%  112.60 matches/s  ETA 23s
2026-10-05 19:06:30,802 INFO     benchmark — 1440/4000  A:87%  112.56 matches/s  ETA 23s
2026-10-05 19:06:30,882 INFO     benchmark — 1450/4000  A:87%  112.63 matches/s  ETA 23s
2026-10-05 19:06:30,969 INFO     benchmark — 1460/4000  A:87%  112.64 matches/s  ETA 23s
2026-10-05 19:06:31,055 INFO     benchmark — 1470/4000  A:87%  112.67 matches/s  ETA 22s
2026-10-05 19:06:31,124 INFO     benchmark — 1480/4000  A:87%  112.84 matches/s  ETA 22s
2026-10-05 19:06:31,210 INFO     benchmark — 1490/4000  A:87%  112.86 matches/s  ETA 22s
2026-10-05 19:06:31,360 INFO     benchmark — 1500/4000  A:87%  112.34 matches/s  ETA 22s
2026-10-05 19:06:31,605 INFO     benchmark — 1510/4000  A:87%  111.05 matches/s  ETA 22s
2026-10-05 19:06:31,747 INFO     benchmark — 1520/4000  A:87%  110.63 matches/s  ETA 22s
2026-10-05 19:06:31,817 INFO     benchmark — 1530/4000  A:87%  110.79 matches/s  ETA 22s
2026-10-05 19:06:31,900 INFO     benchmark — 1540/4000  A:87%  110.85 matches/s  ETA 22s
2026-10-05 19:06:31,961 INFO     benchmark — 1550/4000  A:87%  111.08 matches/s  ETA 22s
2026-10-05 19:06:32,064 INFO     benchmark — 1560/4000  A:87%  110.98 matches/s  ETA 22s
2026-10-05 19:06:32,147 INFO     benchmark — 1570/4000  A:87%  111.04 matches/s  ETA 22s
2026-10-05 19:06:32,234 INFO     benchmark — 1580/4000  A:87%  111.07 matches/s  ETA 22s
2026-10-05 19:06:32,356 INFO     benchmark — 1590/4000  A:87%  110.82 matches/s  ETA 22s
2026-10-05 19:06:32,469 INFO     benchmark — 1600/4000  A:87%  110.64 matches/s  ETA 22s
2026-10-05 19:06:32,555 INFO     benchmark — 1610/4000  A:87%  110.68 matches/s  ETA 22s
2026-10-05 19:06:32,632 INFO     benchmark — 1620/4000  A:87%  110.78 matches/s  ETA 21s
2026-10-05 19:06:32,692 INFO     benchmark — 1630/4000  A:87%  111.01 matches/s  ETA 21s
2026-10-05 19:06:32,801 INFO     benchmark — 1640/4000  A:87%  110.86 matches/s  ETA 21s
2026-10-05 19:06:32,868 INFO     benchmark — 1650/4000  A:87%  111.04 matches/s  ETA 21s
2026-10-05 19:06:32,947 INFO     benchmark — 1660/4000  A:87%  111.12 matches/s  ETA 21s
2026-10-05 19:06:33,094 INFO     benchmark — 1670/4000  A:87%  110.70 matches/s  ETA 21s
2026-10-05 19:06:33,185 INFO     benchmark — 1680/4000  A:87%  110.69 matches/s  ETA 21s
2026-10-05 19:06:33,256 INFO     benchmark — 1690/4000  A:87%  110.83 matches/s  ETA 21s
2026-10-05 19:06:33,339 INFO     benchmark — 1700/4000  A:87%  110.89 matches/s  ETA 21s
2026-10-05 19:06:33,425 INFO     benchmark — 1710/4000  A:87%  110.92 matches/s  ETA 21s
2026-10-05 19:06:33,518 INFO     benchmark — 1720/4000  A:87%  110.89 matches/s  ETA 21s
2026-10-05 19:06:33,601 INFO     benchmark — 1730/4000  A:87%  110.94 matches/s  ETA 20s
2026-10-05 19:06:33,696 INFO     benchmark — 1740/4000  A:87%  110.91 matches/s  ETA 20s
2026-10-05 19:06:33,894 INFO     benchmark — 1750/4000  A:87%  110.16 matches/s  ETA 20s
2026-10-05 19:06:34,116 INFO     benchmark — 1760/4000  A:87%  109.26 matches/s  ETA 21s
2026-10-05 19:06:34,314 INFO     benchmark — 1770/4000  A:87%  108.55 matches/s  ETA 21s
2026-10-05 19:06:34,418 INFO     benchmark — 1780/4000  A:87%  108.47 matches/s  ETA 20s
2026-10-05 19:06:34,498 INFO     benchmark — 1790/4000  A:87%  108.55 matches/s  ETA 20s
2026-10-05 19:06:34,594 INFO     benchmark — 1800/4000  A:87%  108.53 matches/s  ETA 20s
2026-10-05 19:06:34,708 INFO     benchmark — 1810/4000  A:87%  108.38 matches/s  ETA 20s
2026-10-05 19:06:34,778 INFO     benchmark — 1820/4000  A:87%  108.53 matches/s  ETA 20s
2026-10-05 19:06:34,994 INFO     benchmark — 1830/4000  A:87%  107.73 matches/s  ETA 20s
2026-10-05 19:06:35,087 INFO     benchmark — 1840/4000  A:87%  107.73 matches/s  ETA 20s
2026-10-05 19:06:35,151 INFO     benchmark — 1850/4000  A:87%  107.91 matches/s  ETA 20s
2026-10-05 19:06:35,231 INFO     benchmark — 1860/4000  A:87%  108.00 matches/s  ETA 20s
2026-10-05 19:06:35,311 INFO     benchmark — 1870/4000  A:87%  108.07 matches/s  ETA 20s
2026-10-05 19:06:35,383 INFO     benchmark — 1880/4000  A:87%  108.20 matches/s  ETA 20s
2026-10-05 19:06:35,453 INFO     benchmark — 1890/4000  A:87%  108.34 matches/s  ETA 19s
2026-10-05 19:06:35,527 INFO     benchmark — 1900/4000  A:87%  108.45 matches/s  ETA 19s
2026-10-05 19:06:35,600 INFO     benchmark — 1910/4000  A:87%  108.57 matches/s  ETA 19s
2026-10-05 19:06:35,675 INFO     benchmark — 1920/4000  A:87%  108.68 matches/s  ETA 19s
2026-10-05 19:06:35,847 INFO     benchmark — 1930/4000  A:87%  108.19 matches/s  ETA 19s
2026-10-05 19:06:36,082 INFO     benchmark — 1940/4000  A:87%  107.33 matches/s  ETA 19s
2026-10-05 19:06:36,284 INFO     benchmark — 1950/4000  A:87%  106.70 matches/s  ETA 19s
2026-10-05 19:06:36,412 INFO     benchmark — 1960/4000  A:87%  106.50 matches/s  ETA 19s
2026-10-05 19:06:36,489 INFO     benchmark — 1970/4000  A:87%  106.59 matches/s  ETA 19s
2026-10-05 19:06:36,572 INFO     benchmark — 1980/4000  A:87%  106.66 matches/s  ETA 19s
2026-10-05 19:06:36,634 INFO     benchmark — 1990/4000  A:87%  106.84 matches/s  ETA 19s
2026-10-05 19:06:36,719 INFO     benchmark — 2000/4000  A:87%  106.89 matches/s  ETA 19s
2026-10-05 19:06:36,862 INFO     benchmark — 2010/4000  A:87%  106.61 matches/s  ETA 19s
2026-10-05 19:06:37,085 INFO     benchmark — 2020/4000  A:87%  105.89 matches/s  ETA 19s
2026-10-05 19:06:37,242 INFO     benchmark — 2030/4000  A:87%  105.54 matches/s  ETA 19s
2026-10-05 19:06:37,333 INFO     benchmark — 2040/4000  A:87%  105.56 matches/s  ETA 19s
2026-10-05 19:06:37,390 INFO     benchmark — 2050/4000  A:87%  105.77 matches/s  ETA 18s
2026-10-05 19:06:37,452 INFO     benchmark — 2060/4000  A:87%  105.94 matches/s  ETA 18s
2026-10-05 19:06:37,539 INFO     benchmark — 2070/4000  A:87%  105.98 matches/s  ETA 18s
2026-10-05 19:06:37,621 INFO     benchmark — 2080/4000  A:87%  106.05 matches/s  ETA 18s
2026-10-05 19:06:37,812 INFO     benchmark — 2090/4000  A:87%  105.54 matches/s  ETA 18s
2026-10-05 19:06:37,897 INFO     benchmark — 2100/4000  A:87%  105.58 matches/s  ETA 18s
2026-10-05 19:06:37,959 INFO     benchmark — 2110/4000  A:87%  105.76 matches/s  ETA 18s
2026-10-05 19:06:38,046 INFO     benchmark — 2120/4000  A:87%  105.80 matches/s  ETA 18s
2026-10-05 19:06:38,135 INFO     benchmark — 2130/4000  A:87%  105.83 matches/s  ETA 18s
2026-10-05 19:06:38,207 INFO     benchmark — 2140/4000  A:87%  105.94 matches/s  ETA 18s
2026-10-05 19:06:38,285 INFO     benchmark — 2150/4000  A:87%  106.03 matches/s  ETA 17s
2026-10-05 19:06:38,355 INFO     benchmark — 2160/4000  A:87%  106.16 matches/s  ETA 17s
2026-10-05 19:06:38,587 INFO     benchmark — 2170/4000  A:87%  105.45 matches/s  ETA 17s
2026-10-05 19:06:38,724 INFO     benchmark — 2180/4000  A:87%  105.23 matches/s  ETA 17s
2026-10-05 19:06:38,934 INFO     benchmark — 2190/4000  A:87%  104.65 matches/s  ETA 17s
2026-10-05 19:06:39,041 INFO     benchmark — 2200/4000  A:87%  104.59 matches/s  ETA 17s
2026-10-05 19:06:39,132 INFO     benchmark — 2210/4000  A:87%  104.62 matches/s  ETA 17s
2026-10-05 19:06:39,231 INFO     benchmark — 2220/4000  A:87%  104.60 matches/s  ETA 17s
2026-10-05 19:06:39,304 INFO     benchmark — 2230/4000  A:87%  104.71 matches/s  ETA 17s
2026-10-05 19:06:39,386 INFO     benchmark — 2240/4000  A:87%  104.78 matches/s  ETA 17s
2026-10-05 19:06:39,475 INFO     benchmark — 2250/4000  A:87%  104.81 matches/s  ETA 17s
2026-10-05 19:06:39,554 INFO     benchmark — 2260/4000  A:87%  104.89 matches/s  ETA 17s
2026-10-05 19:06:39,634 INFO     benchmark — 2270/4000  A:87%  104.97 matches/s  ETA 16s
2026-10-05 19:06:39,710 INFO     benchmark — 2280/4000  A:87%  105.06 matches/s  ETA 16s
2026-10-05 19:06:39,799 INFO     benchmark — 2290/4000  A:87%  105.09 matches/s  ETA 16s
2026-10-05 19:06:39,983 INFO     benchmark — 2300/4000  A:87%  104.66 matches/s  ETA 16s
2026-10-05 19:06:40,215 INFO     benchmark — 2310/4000  A:87%  104.02 matches/s  ETA 16s
2026-10-05 19:06:40,425 INFO     benchmark — 2320/4000  A:87%  103.49 matches/s  ETA 16s
2026-10-05 19:06:40,673 INFO     benchmark — 2330/4000  A:87%  102.80 matches/s  ETA 16s
2026-10-05 19:06:40,879 INFO     benchmark — 2340/4000  A:87%  102.31 matches/s  ETA 16s
2026-10-05 19:06:41,100 INFO     benchmark — 2350/4000  A:87%  101.77 matches/s  ETA 16s
2026-10-05 19:06:41,298 INFO     benchmark — 2360/4000  A:87%  101.33 matches/s  ETA 16s
2026-10-05 19:06:41,491 INFO     benchmark — 2370/4000  A:87%  100.93 matches/s  ETA 16s
2026-10-05 19:06:41,703 INFO     benchmark — 2380/4000  A:87%  100.44 matches/s  ETA 16s
2026-10-05 19:06:41,883 INFO     benchmark — 2390/4000  A:87%  100.10 matches/s  ETA 16s
2026-10-05 19:06:41,973 INFO     benchmark — 2400/4000  A:87%  100.14 matches/s  ETA 16s
2026-10-05 19:06:42,069 INFO     benchmark — 2410/4000  A:87%  100.16 matches/s  ETA 16s
2026-10-05 19:06:42,159 INFO     benchmark — 2420/4000  A:87%  100.20 matches/s  ETA 16s
2026-10-05 19:06:42,257 INFO     benchmark — 2430/4000  A:87%  100.21 matches/s  ETA 16s
2026-10-05 19:06:42,334 INFO     benchmark — 2440/4000  A:87%  100.31 matches/s  ETA 16s
2026-10-05 19:06:42,406 INFO     benchmark — 2450/4000  A:87%  100.42 matches/s  ETA 15s
2026-10-05 19:06:42,497 INFO     benchmark — 2460/4000  A:87%  100.45 matches/s  ETA 15s
2026-10-05 19:06:42,571 INFO     benchmark — 2470/4000  A:87%  100.56 matches/s  ETA 15s
2026-10-05 19:06:42,645 INFO     benchmark — 2480/4000  A:87%  100.66 matches/s  ETA 15s
2026-10-05 19:06:42,731 INFO     benchmark — 2490/4000  A:87%  100.72 matches/s  ETA 15s
2026-10-05 19:06:42,800 INFO     benchmark — 2500/4000  A:87%  100.84 matches/s  ETA 15s
2026-10-05 19:06:42,872 INFO     benchmark — 2510/4000  A:87%  100.95 matches/s  ETA 15s
2026-10-05 19:06:42,949 INFO     benchmark — 2520/4000  A:87%  101.04 matches/s  ETA 15s
2026-10-05 19:06:43,028 INFO     benchmark — 2530/4000  A:87%  101.12 matches/s  ETA 15s
2026-10-05 19:06:43,147 INFO     benchmark — 2540/4000  A:87%  101.04 matches/s  ETA 14s
2026-10-05 19:06:43,278 INFO     benchmark — 2550/4000  A:87%  100.91 matches/s  ETA 14s
2026-10-05 19:06:43,496 INFO     benchmark — 2560/4000  A:87%  100.44 matches/s  ETA 14s
2026-10-05 19:06:43,706 INFO     benchmark — 2570/4000  A:87%  100.01 matches/s  ETA 14s
2026-10-05 19:06:43,921 INFO     benchmark — 2580/4000  A:87%  99.56 matches/s  ETA 14s
2026-10-05 19:06:44,131 INFO     benchmark — 2590/4000  A:87%  99.15 matches/s  ETA 14s
2026-10-05 19:06:44,236 INFO     benchmark — 2600/4000  A:87%  99.13 matches/s  ETA 14s
2026-10-05 19:06:44,320 INFO     benchmark — 2610/4000  A:87%  99.19 matches/s  ETA 14s
2026-10-05 19:06:44,392 INFO     benchmark — 2620/4000  A:87%  99.30 matches/s  ETA 14s
2026-10-05 19:06:44,468 INFO     benchmark — 2630/4000  A:87%  99.39 matches/s  ETA 14s
2026-10-05 19:06:44,544 INFO     benchmark — 2640/4000  A:87%  99.49 matches/s  ETA 14s
2026-10-05 19:06:44,637 INFO     benchmark — 2650/4000  A:87%  99.52 matches/s  ETA 14s
2026-10-05 19:06:44,725 INFO     benchmark — 2660/4000  A:87%  99.56 matches/s  ETA 13s
2026-10-05 19:06:44,796 INFO     benchmark — 2670/4000  A:87%  99.67 matches/s  ETA 13s
2026-10-05 19:06:44,867 INFO     benchmark — 2680/4000  A:87%  99.78 matches/s  ETA 13s
2026-10-05 19:06:44,943 INFO     benchmark — 2690/4000  A:87%  99.87 matches/s  ETA 13s
2026-10-05 19:06:45,027 INFO     benchmark — 2700/4000  A:87%  99.93 matches/s  ETA 13s
2026-10-05 19:06:45,097 INFO     benchmark — 2710/4000  A:87%  100.04 matches/s  ETA 13s
2026-10-05 19:06:45,172 INFO     benchmark — 2720/4000  A:87%  100.13 matches/s  ETA 13s
2026-10-05 19:06:45,255 INFO     benchmark — 2730/4000  A:87%  100.20 matches/s  ETA 13s
2026-10-05 19:06:45,343 INFO     benchmark — 2740/4000  A:87%  100.24 matches/s  ETA 13s
2026-10-05 19:06:45,427 INFO     benchmark — 2750/4000  A:87%  100.29 matches/s  ETA 12s
2026-10-05 19:06:45,504 INFO     benchmark — 2760/4000  A:87%  100.38 matches/s  ETA 12s
2026-10-05 19:06:45,575 INFO     benchmark — 2770/4000  A:87%  100.48 matches/s  ETA 12s
2026-10-05 19:06:45,644 INFO     benchmark — 2780/4000  A:87%  100.59 matches/s  ETA 12s
2026-10-05 19:06:45,733 INFO     benchmark — 2790/4000  A:87%  100.63 matches/s  ETA 12s
2026-10-05 19:06:45,801 INFO     benchmark — 2800/4000  A:87%  100.75 matches/s  ETA 12s
2026-10-05 19:06:45,868 INFO     benchmark — 2810/4000  A:87%  100.86 matches/s  ETA 12s
2026-10-05 19:06:45,970 INFO     benchmark — 2820/4000  A:87%  100.85 matches/s  ETA 12s
2026-10-05 19:06:46,052 INFO     benchmark — 2830/4000  A:87%  100.91 matches/s  ETA 12s
2026-10-05 19:06:46,117 INFO     benchmark — 2840/4000  A:87%  101.04 matches/s  ETA 11s
2026-10-05 19:06:46,192 INFO     benchmark — 2850/4000  A:87%  101.12 matches/s  ETA 11s
2026-10-05 19:06:46,303 INFO     benchmark — 2860/4000  A:87%  101.08 matches/s  ETA 11s
2026-10-05 19:06:46,386 INFO     benchmark — 2870/4000  A:87%  101.13 matches/s  ETA 11s
2026-10-05 19:06:46,460 INFO     benchmark — 2880/4000  A:87%  101.22 matches/s  ETA 11s
2026-10-05 19:06:46,546 INFO     benchmark — 2890/4000  A:87%  101.27 matches/s  ETA 11s
2026-10-05 19:06:46,601 INFO     benchmark — 2900/4000  A:87%  101.42 matches/s  ETA 11s
2026-10-05 19:06:46,690 INFO     benchmark — 2910/4000  A:87%  101.46 matches/s  ETA 11s
2026-10-05 19:06:46,764 INFO     benchmark — 2920/4000  A:87%  101.55 matches/s  ETA 11s
2026-10-05 19:06:46,833 INFO     benchmark — 2930/4000  A:87%  101.65 matches/s  ETA 11s
2026-10-05 19:06:46,902 INFO     benchmark — 2940/4000  A:87%  101.75 matches/s  ETA 10s
2026-10-05 19:06:46,994 INFO     benchmark — 2950/4000  A:87%  101.77 matches/s  ETA 10s
2026-10-05 19:06:47,070 INFO     benchmark — 2960/4000  A:87%  101.85 matches/s  ETA 10s
2026-10-05 19:06:47,159 INFO     benchmark — 2970/4000  A:87%  101.88 matches/s  ETA 10s
2026-10-05 19:06:47,223 INFO     benchmark — 2980/4000  A:87%  102.00 matches/s  ETA 10s
2026-10-05 19:06:47,318 INFO     benchmark — 2990/4000  A:87%  102.01 matches/s  ETA 10s
2026-10-05 19:06:47,409 INFO     benchmark — 3000/4000  A:87%  102.04 matches/s  ETA 10s
2026-10-05 19:06:47,498 INFO     benchmark — 3010/4000  A:87%  102.07 matches/s  ETA 10s
2026-10-05 19:06:47,568 INFO     benchmark — 3020/4000  A:87%  102.17 matches/s  ETA 10s
2026-10-05 19:06:47,630 INFO     benchmark — 3030/4000  A:87%  102.29 matches/s  ETA 9s
2026-10-05 19:06:47,705 INFO     benchmark — 3040/4000  A:87%  102.37 matches/s  ETA 9s
2026-10-05 19:06:47,813 INFO     benchmark — 3050/4000  A:87%  102.33 matches/s  ETA 9s
2026-10-05 19:06:47,908 INFO     benchmark — 3060/4000  A:87%  102.34 matches/s  ETA 9s
2026-10-05 19:06:47,987 INFO     benchmark — 3070/4000  A:87%  102.40 matches/s  ETA 9s
2026-10-05 19:06:48,057 INFO     benchmark — 3080/4000  A:87%  102.50 matches/s  ETA 9s
2026-10-05 19:06:48,159 INFO     benchmark — 3090/4000  A:87%  102.48 matches/s  ETA 9s
2026-10-05 19:06:48,224 INFO     benchmark — 3100/4000  A:87%  102.59 matches/s  ETA 9s
2026-10-05 19:06:48,283 INFO     benchmark — 3110/4000  A:87%  102.72 matches/s  ETA 9s
2026-10-05 19:06:48,371 INFO     benchmark — 3120/4000  A:87%  102.76 matches/s  ETA 9s
2026-10-05 19:06:48,455 INFO     benchmark — 3130/4000  A:87%  102.80 matches/s  ETA 8s
2026-10-05 19:06:48,538 INFO     benchmark — 3140/4000  A:87%  102.85 matches/s  ETA 8s
2026-10-05 19:06:48,599 INFO     benchmark — 3150/4000  A:87%  102.97 matches/s  ETA 8s
2026-10-05 19:06:48,693 INFO     benchmark — 3160/4000  A:87%  102.98 matches/s  ETA 8s
2026-10-05 19:06:48,763 INFO     benchmark — 3170/4000  A:87%  103.07 matches/s  ETA 8s
2026-10-05 19:06:48,829 INFO     benchmark — 3180/4000  A:87%  103.18 matches/s  ETA 8s
2026-10-05 19:06:48,891 INFO     benchmark — 3190/4000  A:87%  103.29 matches/s  ETA 8s
2026-10-05 19:06:48,970 INFO     benchmark — 3200/4000  A:87%  103.35 matches/s  ETA 8s
2026-10-05 19:06:49,051 INFO     benchmark — 3210/4000  A:87%  103.40 matches/s  ETA 8s
2026-10-05 19:06:49,149 INFO     benchmark — 3220/4000  A:87%  103.40 matches/s  ETA 8s
2026-10-05 19:06:49,226 INFO     benchmark — 3230/4000  A:87%  103.46 matches/s  ETA 7s
2026-10-05 19:06:49,304 INFO     benchmark — 3240/4000  A:87%  103.53 matches/s  ETA 7s
2026-10-05 19:06:49,373 INFO     benchmark — 3250/4000  A:87%  103.62 matches/s  ETA 7s
2026-10-05 19:06:49,455 INFO     benchmark — 3260/4000  A:87%  103.67 matches/s  ETA 7s
2026-10-05 19:06:49,532 INFO     benchmark — 3270/4000  A:87%  103.73 matches/s  ETA 7s
2026-10-05 19:06:49,620 INFO     benchmark — 3280/4000  A:87%  103.76 matches/s  ETA 7s
2026-10-05 19:06:49,693 INFO     benchmark — 3290/4000  A:87%  103.83 matches/s  ETA 7s
2026-10-05 19:06:49,773 INFO     benchmark — 3300/4000  A:87%  103.89 matches/s  ETA 7s
2026-10-05 19:06:49,866 INFO     benchmark — 3310/4000  A:87%  103.90 matches/s  ETA 7s
2026-10-05 19:06:49,951 INFO     benchmark — 3320/4000  A:87%  103.93 matches/s  ETA 7s
2026-10-05 19:06:50,020 INFO     benchmark — 3330/4000  A:87%  104.02 matches/s  ETA 6s
2026-10-05 19:06:50,106 INFO     benchmark — 3340/4000  A:87%  104.06 matches/s  ETA 6s
2026-10-05 19:06:50,182 INFO     benchmark — 3350/4000  A:87%  104.12 matches/s  ETA 6s
2026-10-05 19:06:50,269 INFO     benchmark — 3360/4000  A:87%  104.15 matches/s  ETA 6s
2026-10-05 19:06:50,341 INFO     benchmark — 3370/4000  A:87%  104.23 matches/s  ETA 6s
2026-10-05 19:06:50,410 INFO     benchmark — 3380/4000  A:87%  104.32 matches/s  ETA 6s
2026-10-05 19:06:50,461 INFO     benchmark — 3390/4000  A:87%  104.46 matches/s  ETA 6s
2026-10-05 19:06:50,535 INFO     benchmark — 3400/4000  A:87%  104.53 matches/s  ETA 6s
2026-10-05 19:06:50,603 INFO     benchmark — 3410/4000  A:87%  104.62 matches/s  ETA 6s
2026-10-05 19:06:50,675 INFO     benchmark — 3420/4000  A:87%  104.69 matches/s  ETA 6s
2026-10-05 19:06:50,851 INFO     benchmark — 3430/4000  A:87%  104.44 matches/s  ETA 5s
2026-10-05 19:06:51,063 INFO     benchmark — 3440/4000  A:87%  104.07 matches/s  ETA 5s
2026-10-05 19:06:51,241 INFO     benchmark — 3450/4000  A:87%  103.81 matches/s  ETA 5s
2026-10-05 19:06:51,479 INFO     benchmark — 3460/4000  A:87%  103.37 matches/s  ETA 5s
2026-10-05 19:06:51,686 INFO     benchmark — 3470/4000  A:87%  103.04 matches/s  ETA 5s
2026-10-05 19:06:51,892 INFO     benchmark — 3480/4000  A:87%  102.70 matches/s  ETA 5s
2026-10-05 19:06:52,085 INFO     benchmark — 3490/4000  A:87%  102.41 matches/s  ETA 5s
2026-10-05 19:06:52,332 INFO     benchmark — 3500/4000  A:87%  101.97 matches/s  ETA 5s
2026-10-05 19:06:52,513 INFO     benchmark — 3510/4000  A:87%  101.72 matches/s  ETA 5s
2026-10-05 19:06:52,630 INFO     benchmark — 3520/4000  A:87%  101.67 matches/s  ETA 5s
2026-10-05 19:06:52,717 INFO     benchmark — 3530/4000  A:87%  101.70 matches/s  ETA 5s
2026-10-05 19:06:52,790 INFO     benchmark — 3540/4000  A:87%  101.78 matches/s  ETA 5s
2026-10-05 19:06:52,884 INFO     benchmark — 3550/4000  A:87%  101.79 matches/s  ETA 4s
2026-10-05 19:06:52,962 INFO     benchmark — 3560/4000  A:87%  101.85 matches/s  ETA 4s
2026-10-05 19:06:53,035 INFO     benchmark — 3570/4000  A:87%  101.92 matches/s  ETA 4s
2026-10-05 19:06:53,148 INFO     benchmark — 3580/4000  A:87%  101.88 matches/s  ETA 4s
2026-10-05 19:06:53,224 INFO     benchmark — 3590/4000  A:87%  101.94 matches/s  ETA 4s
2026-10-05 19:06:53,291 INFO     benchmark — 3600/4000  A:87%  102.03 matches/s  ETA 4s
2026-10-05 19:06:53,375 INFO     benchmark — 3610/4000  A:87%  102.07 matches/s  ETA 4s
2026-10-05 19:06:53,443 INFO     benchmark — 3620/4000  A:87%  102.16 matches/s  ETA 4s
2026-10-05 19:06:53,526 INFO     benchmark — 3630/4000  A:87%  102.20 matches/s  ETA 4s
2026-10-05 19:06:53,607 INFO     benchmark — 3640/4000  A:87%  102.25 matches/s  ETA 4s
2026-10-05 19:06:53,687 INFO     benchmark — 3650/4000  A:87%  102.30 matches/s  ETA 3s
2026-10-05 19:06:53,767 INFO     benchmark — 3660/4000  A:87%  102.35 matches/s  ETA 3s
2026-10-05 19:06:53,834 INFO     benchmark — 3670/4000  A:87%  102.44 matches/s  ETA 3s
2026-10-05 19:06:53,927 INFO     benchmark — 3680/4000  A:87%  102.45 matches/s  ETA 3s
2026-10-05 19:06:54,008 INFO     benchmark — 3690/4000  A:87%  102.50 matches/s  ETA 3s
2026-10-05 19:06:54,092 INFO     benchmark — 3700/4000  A:87%  102.54 matches/s  ETA 3s
2026-10-05 19:06:54,176 INFO     benchmark — 3710/4000  A:87%  102.58 matches/s  ETA 3s
2026-10-05 19:06:54,249 INFO     benchmark — 3720/4000  A:87%  102.65 matches/s  ETA 3s
2026-10-05 19:06:54,352 INFO     benchmark — 3730/4000  A:87%  102.63 matches/s  ETA 3s
2026-10-05 19:06:54,443 INFO     benchmark — 3740/4000  A:87%  102.65 matches/s  ETA 3s
2026-10-05 19:06:54,516 INFO     benchmark — 3750/4000  A:87%  102.72 matches/s  ETA 2s
2026-10-05 19:06:54,606 INFO     benchmark — 3760/4000  A:87%  102.74 matches/s  ETA 2s
2026-10-05 19:06:54,705 INFO     benchmark — 3770/4000  A:87%  102.73 matches/s  ETA 2s
2026-10-05 19:06:54,889 INFO     benchmark — 3780/4000  A:87%  102.49 matches/s  ETA 2s
2026-10-05 19:06:55,110 INFO     benchmark — 3790/4000  A:87%  102.15 matches/s  ETA 2s
2026-10-05 19:06:55,346 INFO     benchmark — 3800/4000  A:87%  101.77 matches/s  ETA 2s
2026-10-05 19:06:55,541 INFO     benchmark — 3810/4000  A:87%  101.51 matches/s  ETA 2s
2026-10-05 19:06:55,719 INFO     benchmark — 3820/4000  A:87%  101.30 matches/s  ETA 2s
2026-10-05 19:06:55,767 INFO     benchmark — 3830/4000  A:87%  101.43 matches/s  ETA 2s
2026-10-05 19:06:55,842 INFO     benchmark — 3840/4000  A:87%  101.50 matches/s  ETA 2s
2026-10-05 19:06:55,924 INFO     benchmark — 3850/4000  A:87%  101.54 matches/s  ETA 1s
2026-10-05 19:06:56,015 INFO     benchmark — 3860/4000  A:87%  101.56 matches/s  ETA 1s
2026-10-05 19:06:56,174 INFO     benchmark — 3870/4000  A:87%  101.40 matches/s  ETA 1s
2026-10-05 19:06:56,381 INFO     benchmark — 3880/4000  A:87%  101.11 matches/s  ETA 1s
2026-10-05 19:06:56,610 INFO     benchmark — 3890/4000  A:87%  100.77 matches/s  ETA 1s
2026-10-05 19:06:56,850 INFO     benchmark — 3900/4000  A:87%  100.41 matches/s  ETA 1s
2026-10-05 19:06:57,064 INFO     benchmark — 3910/4000  A:87%  100.11 matches/s  ETA 1s
2026-10-05 19:06:57,253 INFO     benchmark — 3920/4000  A:87%  99.89 matches/s  ETA 1s
2026-10-05 19:06:57,389 INFO     benchmark — 3930/4000  A:87%  99.79 matches/s  ETA 1s
2026-10-05 19:06:57,614 INFO     benchmark — 3940/4000  A:87%  99.48 matches/s  ETA 1s
2026-10-05 19:06:57,796 INFO     benchmark — 3950/4000  A:87%  99.27 matches/s  ETA 1s
2026-10-05 19:06:57,882 INFO     benchmark — 3960/4000  A:87%  99.31 matches/s  ETA 0s
2026-10-05 19:06:57,952 INFO     benchmark — 3970/4000  A:87%  99.39 matches/s  ETA 0s
2026-10-05 19:06:58,038 INFO     benchmark — 3980/4000  A:87%  99.42 matches/s  ETA 0s
2026-10-05 19:06:58,211 INFO     benchmark — 3990/4000  A:87%  99.25 matches/s  ETA 0s
2026-10-05 19:06:58,363 INFO     benchmark — 4000/4000  A:87%  99.12 matches/s  ETA 0s
2026-10-05 19:06:58,373 INFO     benchmark — wrote results/009/M20M_vs_rnd.json

──────────────────────────────────────────────────
Mode:        match_rl_vs_random
Matches:      4,000
──────────────────────────────────────────────────
RL(ckpt_0020000768) wins:  3,479  (87.0%)
Random wins:  521  (13.0%)
Ties:        0  (0.0%)
──────────────────────────────────────────────────

