2026-10-05 19:06:20,718 INFO     benchmark — 10/4000  A:30%  3.66 matches/s  ETA 1091s
2026-10-05 19:06:23,446 INFO     benchmark — 20/4000  A:45%  3.66 matches/s  ETA 1087s
2026-10-05 19:06:26,198 INFO     benchmark — 30/4000  A:43%  3.65 matches/s  ETA 1087s
2026-10-05 19:06:28,428 INFO     benchmark — 40/4000  A:50%  3.83 matches/s  ETA 1034s
2026-10-05 19:06:31,626 INFO     benchmark — 50/4000  A:46%  3.67 matches/s  ETA 1078s
2026-10-05 19:06:33,174 INFO     benchmark — 60/4000  A:53%  3.95 matches/s  ETA 998s
2026-10-05 19:06:36,225 INFO     benchmark — 70/4000  A:51%  3.84 matches/s  ETA 1024s
2026-10-05 19:06:38,923 INFO     benchmark — 80/4000  A:54%  3.82 matches/s  ETA 1026s
2026-10-05 19:06:42,476 INFO     benchmark — 90/4000  A:58%  3.67 matches/s  ETA 1064s
2026-10-05 19:06:45,495 INFO     benchmark — 100/4000  A:58%  3.63 matches/s  ETA 1073s
2026-10-05 19:06:48,113 INFO     benchmark — 110/4000  A:57%  3.65 matches/s  ETA 1065s
2026-10-05 19:06:50,700 INFO     benchmark — 120/4000  A:56%  3.67 matches/s  ETA 1058s
2026-10-05 19:06:54,117 INFO     benchmark — 130/4000  A:56%  3.60 matches/s  ETA 1076s
2026-10-05 19:06:56,653 INFO     benchmark — 140/4000  A:56%  3.62 matches/s  ETA 1066s
2026-10-05 19:06:59,886 INFO     benchmark — 150/4000  A:57%  3.58 matches/s  ETA 1075s
2026-10-05 19:07:03,702 INFO     benchmark — 160/4000  A:56%  3.50 matches/s  ETA 1097s
2026-10-05 19:07:06,399 INFO     benchmark — 170/4000  A:57%  3.51 matches/s  ETA 1091s
2026-10-05 19:07:09,722 INFO     benchmark — 180/4000  A:57%  3.48 matches/s  ETA 1098s
2026-10-05 19:07:13,881 INFO     benchmark — 190/4000  A:57%  3.40 matches/s  ETA 1121s
2026-10-05 19:07:17,106 INFO     benchmark — 200/4000  A:57%  3.38 matches/s  ETA 1123s
2026-10-05 19:07:19,758 INFO     benchmark — 210/4000  A:56%  3.40 matches/s  ETA 1115s
2026-10-05 19:07:23,497 INFO     benchmark — 220/4000  A:55%  3.36 matches/s  ETA 1126s
2026-10-05 19:07:27,035 INFO     benchmark — 230/4000  A:55%  3.33 matches/s  ETA 1132s
2026-10-05 19:07:29,886 INFO     benchmark — 240/4000  A:55%  3.34 matches/s  ETA 1126s
2026-10-05 19:07:33,977 INFO     benchmark — 250/4000  A:55%  3.29 matches/s  ETA 1140s
2026-10-05 19:07:37,294 INFO     benchmark — 260/4000  A:56%  3.28 matches/s  ETA 1141s
2026-10-05 19:07:40,709 INFO     benchmark — 270/4000  A:56%  3.26 matches/s  ETA 1143s
2026-10-05 19:07:42,742 INFO     benchmark — 280/4000  A:56%  3.30 matches/s  ETA 1126s
2026-10-05 19:07:45,782 INFO     benchmark — 290/4000  A:56%  3.30 matches/s  ETA 1123s
2026-10-05 19:07:48,996 INFO     benchmark — 300/4000  A:56%  3.30 matches/s  ETA 1122s
2026-10-05 19:07:52,190 INFO     benchmark — 310/4000  A:55%  3.29 matches/s  ETA 1121s
2026-10-05 19:07:55,245 INFO     benchmark — 320/4000  A:55%  3.29 matches/s  ETA 1118s
2026-10-05 19:07:58,196 INFO     benchmark — 330/4000  A:55%  3.29 matches/s  ETA 1114s
2026-10-05 19:08:01,418 INFO     benchmark — 340/4000  A:55%  3.29 matches/s  ETA 1113s
2026-10-05 19:08:04,290 INFO     benchmark — 350/4000  A:55%  3.29 matches/s  ETA 1109s
2026-10-05 19:08:06,124 INFO     benchmark — 360/4000  A:55%  3.33 matches/s  ETA 1093s
2026-10-05 19:08:10,056 INFO     benchmark — 370/4000  A:55%  3.30 matches/s  ETA 1100s
2026-10-05 19:08:12,933 INFO     benchmark — 380/4000  A:54%  3.31 matches/s  ETA 1095s
2026-10-05 19:08:17,022 INFO     benchmark — 390/4000  A:55%  3.28 matches/s  ETA 1102s
2026-10-05 19:08:20,435 INFO     benchmark — 400/4000  A:55%  3.27 matches/s  ETA 1102s
2026-10-05 19:08:24,238 INFO     benchmark — 410/4000  A:55%  3.25 matches/s  ETA 1105s
2026-10-05 19:08:28,173 INFO     benchmark — 420/4000  A:55%  3.23 matches/s  ETA 1110s
2026-10-05 19:08:30,166 INFO     benchmark — 430/4000  A:55%  3.25 matches/s  ETA 1097s
2026-10-05 19:08:33,672 INFO     benchmark — 440/4000  A:55%  3.24 matches/s  ETA 1098s
2026-10-05 19:08:37,826 INFO     benchmark — 450/4000  A:55%  3.22 matches/s  ETA 1103s
2026-10-05 19:08:40,233 INFO     benchmark — 460/4000  A:55%  3.23 matches/s  ETA 1095s
2026-10-05 19:08:42,754 INFO     benchmark — 470/4000  A:55%  3.25 matches/s  ETA 1087s
2026-10-05 19:08:46,089 INFO     benchmark — 480/4000  A:55%  3.24 matches/s  ETA 1086s
2026-10-05 19:08:49,263 INFO     benchmark — 490/4000  A:55%  3.24 matches/s  ETA 1084s
2026-10-05 19:08:52,655 INFO     benchmark — 500/4000  A:55%  3.23 matches/s  ETA 1083s
2026-10-05 19:08:55,669 INFO     benchmark — 510/4000  A:55%  3.23 matches/s  ETA 1079s
2026-10-05 19:08:58,743 INFO     benchmark — 520/4000  A:55%  3.23 matches/s  ETA 1076s
2026-10-05 19:09:02,443 INFO     benchmark — 530/4000  A:55%  3.22 matches/s  ETA 1077s
2026-10-05 19:09:05,044 INFO     benchmark — 540/4000  A:56%  3.23 matches/s  ETA 1070s
2026-10-05 19:09:07,510 INFO     benchmark — 550/4000  A:56%  3.24 matches/s  ETA 1063s
2026-10-05 19:09:09,738 INFO     benchmark — 560/4000  A:56%  3.26 matches/s  ETA 1055s
2026-10-05 19:09:11,462 INFO     benchmark — 570/4000  A:56%  3.29 matches/s  ETA 1044s
2026-10-05 19:09:13,404 INFO     benchmark — 580/4000  A:56%  3.31 matches/s  ETA 1034s
2026-10-05 19:09:16,670 INFO     benchmark — 590/4000  A:57%  3.30 matches/s  ETA 1033s
2026-10-05 19:09:20,200 INFO     benchmark — 600/4000  A:56%  3.29 matches/s  ETA 1033s
2026-10-05 19:09:23,193 INFO     benchmark — 610/4000  A:56%  3.29 matches/s  ETA 1029s
2026-10-05 19:09:26,085 INFO     benchmark — 620/4000  A:56%  3.30 matches/s  ETA 1025s
2026-10-05 19:09:28,258 INFO     benchmark — 630/4000  A:55%  3.31 matches/s  ETA 1018s
2026-10-05 19:09:31,866 INFO     benchmark — 640/4000  A:55%  3.30 matches/s  ETA 1018s
2026-10-05 19:09:34,346 INFO     benchmark — 650/4000  A:55%  3.31 matches/s  ETA 1012s
2026-10-05 19:09:35,932 INFO     benchmark — 660/4000  A:55%  3.33 matches/s  ETA 1002s
2026-10-05 19:09:39,252 INFO     benchmark — 670/4000  A:55%  3.33 matches/s  ETA 1000s
2026-10-05 19:09:41,638 INFO     benchmark — 680/4000  A:55%  3.34 matches/s  ETA 994s
2026-10-05 19:09:44,378 INFO     benchmark — 690/4000  A:55%  3.34 matches/s  ETA 990s
2026-10-05 19:09:47,710 INFO     benchmark — 700/4000  A:55%  3.34 matches/s  ETA 989s
2026-10-05 19:09:51,364 INFO     benchmark — 710/4000  A:55%  3.33 matches/s  ETA 989s
2026-10-05 19:09:54,776 INFO     benchmark — 720/4000  A:55%  3.32 matches/s  ETA 988s
2026-10-05 19:09:56,648 INFO     benchmark — 730/4000  A:54%  3.34 matches/s  ETA 979s
2026-10-05 19:09:59,494 INFO     benchmark — 740/4000  A:55%  3.34 matches/s  ETA 976s
2026-10-05 19:10:02,275 INFO     benchmark — 750/4000  A:55%  3.34 matches/s  ETA 972s
2026-10-05 19:10:05,488 INFO     benchmark — 760/4000  A:55%  3.34 matches/s  ETA 970s
2026-10-05 19:10:08,568 INFO     benchmark — 770/4000  A:55%  3.34 matches/s  ETA 967s
2026-10-05 19:10:11,268 INFO     benchmark — 780/4000  A:55%  3.34 matches/s  ETA 963s
2026-10-05 19:10:14,430 INFO     benchmark — 790/4000  A:55%  3.34 matches/s  ETA 961s
2026-10-05 19:10:17,324 INFO     benchmark — 800/4000  A:55%  3.34 matches/s  ETA 957s
2026-10-05 19:10:20,152 INFO     benchmark — 810/4000  A:55%  3.34 matches/s  ETA 954s
2026-10-05 19:10:22,578 INFO     benchmark — 820/4000  A:55%  3.35 matches/s  ETA 949s
2026-10-05 19:10:25,345 INFO     benchmark — 830/4000  A:55%  3.36 matches/s  ETA 945s
2026-10-05 19:10:27,989 INFO     benchmark — 840/4000  A:55%  3.36 matches/s  ETA 940s
2026-10-05 19:10:30,370 INFO     benchmark — 850/4000  A:56%  3.37 matches/s  ETA 935s
2026-10-05 19:10:32,515 INFO     benchmark — 860/4000  A:55%  3.38 matches/s  ETA 929s
2026-10-05 19:10:34,649 INFO     benchmark — 870/4000  A:56%  3.39 matches/s  ETA 923s
2026-10-05 19:10:37,295 INFO     benchmark — 880/4000  A:56%  3.39 matches/s  ETA 919s
2026-10-05 19:10:40,970 INFO     benchmark — 890/4000  A:56%  3.38 matches/s  ETA 919s
2026-10-05 19:10:43,203 INFO     benchmark — 900/4000  A:56%  3.39 matches/s  ETA 914s
2026-10-05 19:10:45,965 INFO     benchmark — 910/4000  A:56%  3.40 matches/s  ETA 910s
2026-10-05 19:10:48,753 INFO     benchmark — 920/4000  A:56%  3.40 matches/s  ETA 906s
2026-10-05 19:10:51,431 INFO     benchmark — 930/4000  A:56%  3.40 matches/s  ETA 903s
2026-10-05 19:10:55,297 INFO     benchmark — 940/4000  A:56%  3.39 matches/s  ETA 903s
2026-10-05 19:10:58,574 INFO     benchmark — 950/4000  A:56%  3.39 matches/s  ETA 901s
2026-10-05 19:11:01,843 INFO     benchmark — 960/4000  A:56%  3.38 matches/s  ETA 899s
2026-10-05 19:11:04,553 INFO     benchmark — 970/4000  A:56%  3.38 matches/s  ETA 895s
2026-10-05 19:11:07,533 INFO     benchmark — 980/4000  A:56%  3.38 matches/s  ETA 892s
2026-10-05 19:11:10,105 INFO     benchmark — 990/4000  A:56%  3.39 matches/s  ETA 888s
2026-10-05 19:11:12,935 INFO     benchmark — 1000/4000  A:56%  3.39 matches/s  ETA 885s
2026-10-05 19:11:16,523 INFO     benchmark — 1010/4000  A:56%  3.38 matches/s  ETA 884s
2026-10-05 19:11:19,852 INFO     benchmark — 1020/4000  A:56%  3.38 matches/s  ETA 882s
2026-10-05 19:11:22,940 INFO     benchmark — 1030/4000  A:56%  3.38 matches/s  ETA 879s
2026-10-05 19:11:25,223 INFO     benchmark — 1040/4000  A:56%  3.38 matches/s  ETA 874s
2026-10-05 19:11:28,499 INFO     benchmark — 1050/4000  A:57%  3.38 matches/s  ETA 872s
2026-10-05 19:11:31,324 INFO     benchmark — 1060/4000  A:56%  3.38 matches/s  ETA 869s
2026-10-05 19:11:34,519 INFO     benchmark — 1070/4000  A:56%  3.38 matches/s  ETA 867s
2026-10-05 19:11:36,660 INFO     benchmark — 1080/4000  A:56%  3.39 matches/s  ETA 862s
2026-10-05 19:11:38,928 INFO     benchmark — 1090/4000  A:56%  3.40 matches/s  ETA 857s
2026-10-05 19:11:40,815 INFO     benchmark — 1100/4000  A:56%  3.41 matches/s  ETA 851s
2026-10-05 19:11:43,001 INFO     benchmark — 1110/4000  A:56%  3.42 matches/s  ETA 846s
2026-10-05 19:11:45,167 INFO     benchmark — 1120/4000  A:56%  3.42 matches/s  ETA 841s
2026-10-05 19:11:47,332 INFO     benchmark — 1130/4000  A:56%  3.43 matches/s  ETA 836s
2026-10-05 19:11:50,154 INFO     benchmark — 1140/4000  A:56%  3.43 matches/s  ETA 833s
2026-10-05 19:11:52,148 INFO     benchmark — 1150/4000  A:56%  3.44 matches/s  ETA 828s
2026-10-05 19:11:54,033 INFO     benchmark — 1160/4000  A:56%  3.45 matches/s  ETA 823s
2026-10-05 19:11:57,289 INFO     benchmark — 1170/4000  A:56%  3.45 matches/s  ETA 821s
2026-10-05 19:12:00,729 INFO     benchmark — 1180/4000  A:56%  3.44 matches/s  ETA 819s
2026-10-05 19:12:03,813 INFO     benchmark — 1190/4000  A:55%  3.44 matches/s  ETA 817s
2026-10-05 19:12:05,894 INFO     benchmark — 1200/4000  A:55%  3.45 matches/s  ETA 812s
2026-10-05 19:12:08,961 INFO     benchmark — 1210/4000  A:55%  3.45 matches/s  ETA 809s
2026-10-05 19:12:11,673 INFO     benchmark — 1220/4000  A:55%  3.45 matches/s  ETA 806s
2026-10-05 19:12:14,333 INFO     benchmark — 1230/4000  A:55%  3.45 matches/s  ETA 803s
2026-10-05 19:12:18,233 INFO     benchmark — 1240/4000  A:55%  3.44 matches/s  ETA 802s
2026-10-05 19:12:21,239 INFO     benchmark — 1250/4000  A:55%  3.44 matches/s  ETA 799s
2026-10-05 19:12:23,706 INFO     benchmark — 1260/4000  A:55%  3.45 matches/s  ETA 795s
2026-10-05 19:12:26,565 INFO     benchmark — 1270/4000  A:55%  3.45 matches/s  ETA 792s
2026-10-05 19:12:29,601 INFO     benchmark — 1280/4000  A:55%  3.44 matches/s  ETA 790s
2026-10-05 19:12:31,314 INFO     benchmark — 1290/4000  A:55%  3.46 matches/s  ETA 784s
2026-10-05 19:12:34,127 INFO     benchmark — 1300/4000  A:55%  3.46 matches/s  ETA 781s
2026-10-05 19:12:37,948 INFO     benchmark — 1310/4000  A:55%  3.45 matches/s  ETA 780s
2026-10-05 19:12:41,479 INFO     benchmark — 1320/4000  A:55%  3.44 matches/s  ETA 779s
2026-10-05 19:12:44,517 INFO     benchmark — 1330/4000  A:55%  3.44 matches/s  ETA 776s
2026-10-05 19:12:47,871 INFO     benchmark — 1340/4000  A:55%  3.44 matches/s  ETA 774s
2026-10-05 19:12:50,411 INFO     benchmark — 1350/4000  A:55%  3.44 matches/s  ETA 770s
2026-10-05 19:12:53,377 INFO     benchmark — 1360/4000  A:55%  3.44 matches/s  ETA 768s
2026-10-05 19:12:56,448 INFO     benchmark — 1370/4000  A:55%  3.44 matches/s  ETA 765s
2026-10-05 19:12:58,926 INFO     benchmark — 1380/4000  A:55%  3.44 matches/s  ETA 761s
2026-10-05 19:13:01,874 INFO     benchmark — 1390/4000  A:55%  3.44 matches/s  ETA 758s
2026-10-05 19:13:04,996 INFO     benchmark — 1400/4000  A:55%  3.44 matches/s  ETA 756s
2026-10-05 19:13:08,026 INFO     benchmark — 1410/4000  A:55%  3.44 matches/s  ETA 753s
2026-10-05 19:13:10,463 INFO     benchmark — 1420/4000  A:55%  3.44 matches/s  ETA 749s
2026-10-05 19:13:13,762 INFO     benchmark — 1430/4000  A:55%  3.44 matches/s  ETA 747s
2026-10-05 19:13:16,579 INFO     benchmark — 1440/4000  A:55%  3.44 matches/s  ETA 744s
2026-10-05 19:13:19,671 INFO     benchmark — 1450/4000  A:55%  3.44 matches/s  ETA 742s
2026-10-05 19:13:21,909 INFO     benchmark — 1460/4000  A:55%  3.44 matches/s  ETA 738s
2026-10-05 19:13:24,761 INFO     benchmark — 1470/4000  A:55%  3.44 matches/s  ETA 735s
2026-10-05 19:13:27,336 INFO     benchmark — 1480/4000  A:55%  3.45 matches/s  ETA 731s
2026-10-05 19:13:30,262 INFO     benchmark — 1490/4000  A:55%  3.45 matches/s  ETA 728s
2026-10-05 19:13:32,775 INFO     benchmark — 1500/4000  A:55%  3.45 matches/s  ETA 725s
2026-10-05 19:13:34,972 INFO     benchmark — 1510/4000  A:55%  3.46 matches/s  ETA 721s
2026-10-05 19:13:38,287 INFO     benchmark — 1520/4000  A:55%  3.45 matches/s  ETA 718s
2026-10-05 19:13:41,786 INFO     benchmark — 1530/4000  A:55%  3.45 matches/s  ETA 716s
2026-10-05 19:13:44,742 INFO     benchmark — 1540/4000  A:55%  3.45 matches/s  ETA 714s
2026-10-05 19:13:47,749 INFO     benchmark — 1550/4000  A:55%  3.45 matches/s  ETA 711s
2026-10-05 19:13:51,256 INFO     benchmark — 1560/4000  A:55%  3.44 matches/s  ETA 709s
2026-10-05 19:13:53,555 INFO     benchmark — 1570/4000  A:55%  3.45 matches/s  ETA 705s
2026-10-05 19:13:56,188 INFO     benchmark — 1580/4000  A:55%  3.45 matches/s  ETA 702s
2026-10-05 19:13:59,041 INFO     benchmark — 1590/4000  A:55%  3.45 matches/s  ETA 699s
2026-10-05 19:14:02,350 INFO     benchmark — 1600/4000  A:55%  3.45 matches/s  ETA 697s
2026-10-05 19:14:05,350 INFO     benchmark — 1610/4000  A:55%  3.44 matches/s  ETA 694s
2026-10-05 19:14:08,457 INFO     benchmark — 1620/4000  A:55%  3.44 matches/s  ETA 691s
2026-10-05 19:14:11,904 INFO     benchmark — 1630/4000  A:55%  3.44 matches/s  ETA 689s
2026-10-05 19:14:14,600 INFO     benchmark — 1640/4000  A:55%  3.44 matches/s  ETA 686s
2026-10-05 19:14:17,386 INFO     benchmark — 1650/4000  A:55%  3.44 matches/s  ETA 683s
2026-10-05 19:14:20,438 INFO     benchmark — 1660/4000  A:55%  3.44 matches/s  ETA 680s
2026-10-05 19:14:24,042 INFO     benchmark — 1670/4000  A:55%  3.44 matches/s  ETA 678s
2026-10-05 19:14:26,566 INFO     benchmark — 1680/4000  A:55%  3.44 matches/s  ETA 675s
2026-10-05 19:14:29,134 INFO     benchmark — 1690/4000  A:55%  3.44 matches/s  ETA 671s
2026-10-05 19:14:33,120 INFO     benchmark — 1700/4000  A:55%  3.43 matches/s  ETA 670s
2026-10-05 19:14:36,440 INFO     benchmark — 1710/4000  A:55%  3.43 matches/s  ETA 668s
2026-10-05 19:14:39,432 INFO     benchmark — 1720/4000  A:55%  3.43 matches/s  ETA 665s
2026-10-05 19:14:41,964 INFO     benchmark — 1730/4000  A:55%  3.43 matches/s  ETA 661s
2026-10-05 19:14:44,635 INFO     benchmark — 1740/4000  A:55%  3.43 matches/s  ETA 658s
2026-10-05 19:14:47,176 INFO     benchmark — 1750/4000  A:55%  3.44 matches/s  ETA 655s
2026-10-05 19:14:49,849 INFO     benchmark — 1760/4000  A:55%  3.44 matches/s  ETA 651s
2026-10-05 19:14:52,598 INFO     benchmark — 1770/4000  A:55%  3.44 matches/s  ETA 648s
2026-10-05 19:14:55,439 INFO     benchmark — 1780/4000  A:55%  3.44 matches/s  ETA 645s
2026-10-05 19:14:57,829 INFO     benchmark — 1790/4000  A:55%  3.44 matches/s  ETA 642s
2026-10-05 19:15:00,344 INFO     benchmark — 1800/4000  A:55%  3.45 matches/s  ETA 638s
2026-10-05 19:15:03,702 INFO     benchmark — 1810/4000  A:55%  3.44 matches/s  ETA 636s
2026-10-05 19:15:06,112 INFO     benchmark — 1820/4000  A:55%  3.45 matches/s  ETA 633s
2026-10-05 19:15:08,828 INFO     benchmark — 1830/4000  A:55%  3.45 matches/s  ETA 629s
2026-10-05 19:15:11,572 INFO     benchmark — 1840/4000  A:55%  3.45 matches/s  ETA 626s
2026-10-05 19:15:13,798 INFO     benchmark — 1850/4000  A:55%  3.45 matches/s  ETA 623s
2026-10-05 19:15:15,928 INFO     benchmark — 1860/4000  A:55%  3.46 matches/s  ETA 619s
2026-10-05 19:15:18,693 INFO     benchmark — 1870/4000  A:55%  3.46 matches/s  ETA 616s
2026-10-05 19:15:21,199 INFO     benchmark — 1880/4000  A:55%  3.46 matches/s  ETA 613s
2026-10-05 19:15:24,767 INFO     benchmark — 1890/4000  A:55%  3.46 matches/s  ETA 610s
2026-10-05 19:15:27,002 INFO     benchmark — 1900/4000  A:55%  3.46 matches/s  ETA 607s
2026-10-05 19:15:29,792 INFO     benchmark — 1910/4000  A:55%  3.46 matches/s  ETA 604s
2026-10-05 19:15:32,230 INFO     benchmark — 1920/4000  A:55%  3.46 matches/s  ETA 600s
2026-10-05 19:15:34,955 INFO     benchmark — 1930/4000  A:55%  3.47 matches/s  ETA 597s
2026-10-05 19:15:38,760 INFO     benchmark — 1940/4000  A:55%  3.46 matches/s  ETA 595s
2026-10-05 19:15:40,801 INFO     benchmark — 1950/4000  A:55%  3.46 matches/s  ETA 592s
2026-10-05 19:15:43,746 INFO     benchmark — 1960/4000  A:55%  3.46 matches/s  ETA 589s
2026-10-05 19:15:46,345 INFO     benchmark — 1970/4000  A:55%  3.47 matches/s  ETA 586s
2026-10-05 19:15:50,062 INFO     benchmark — 1980/4000  A:56%  3.46 matches/s  ETA 584s
2026-10-05 19:15:53,178 INFO     benchmark — 1990/4000  A:56%  3.46 matches/s  ETA 581s
2026-10-05 19:15:55,886 INFO     benchmark — 2000/4000  A:56%  3.46 matches/s  ETA 578s
2026-10-05 19:15:58,031 INFO     benchmark — 2010/4000  A:56%  3.47 matches/s  ETA 574s
2026-10-05 19:15:59,797 INFO     benchmark — 2020/4000  A:56%  3.47 matches/s  ETA 570s
2026-10-05 19:16:02,826 INFO     benchmark — 2030/4000  A:56%  3.47 matches/s  ETA 568s
2026-10-05 19:16:06,009 INFO     benchmark — 2040/4000  A:56%  3.47 matches/s  ETA 565s
2026-10-05 19:16:08,717 INFO     benchmark — 2050/4000  A:56%  3.47 matches/s  ETA 562s
2026-10-05 19:16:10,902 INFO     benchmark — 2060/4000  A:56%  3.47 matches/s  ETA 558s
2026-10-05 19:16:14,037 INFO     benchmark — 2070/4000  A:56%  3.47 matches/s  ETA 556s
2026-10-05 19:16:15,745 INFO     benchmark — 2080/4000  A:56%  3.48 matches/s  ETA 552s
2026-10-05 19:16:18,674 INFO     benchmark — 2090/4000  A:56%  3.48 matches/s  ETA 549s
2026-10-05 19:16:20,930 INFO     benchmark — 2100/4000  A:56%  3.48 matches/s  ETA 546s
2026-10-05 19:16:24,270 INFO     benchmark — 2110/4000  A:56%  3.48 matches/s  ETA 543s
2026-10-05 19:16:26,834 INFO     benchmark — 2120/4000  A:56%  3.48 matches/s  ETA 540s
2026-10-05 19:16:29,550 INFO     benchmark — 2130/4000  A:56%  3.48 matches/s  ETA 537s
2026-10-05 19:16:32,483 INFO     benchmark — 2140/4000  A:56%  3.48 matches/s  ETA 534s
2026-10-05 19:16:35,429 INFO     benchmark — 2150/4000  A:56%  3.48 matches/s  ETA 531s
2026-10-05 19:16:37,744 INFO     benchmark — 2160/4000  A:56%  3.49 matches/s  ETA 528s
2026-10-05 19:16:41,020 INFO     benchmark — 2170/4000  A:56%  3.48 matches/s  ETA 525s
2026-10-05 19:16:44,526 INFO     benchmark — 2180/4000  A:56%  3.48 matches/s  ETA 523s
2026-10-05 19:16:47,036 INFO     benchmark — 2190/4000  A:56%  3.48 matches/s  ETA 520s
2026-10-05 19:16:49,947 INFO     benchmark — 2200/4000  A:56%  3.48 matches/s  ETA 517s
2026-10-05 19:16:52,377 INFO     benchmark — 2210/4000  A:56%  3.48 matches/s  ETA 514s
2026-10-05 19:16:55,345 INFO     benchmark — 2220/4000  A:56%  3.48 matches/s  ETA 511s
2026-10-05 19:16:58,063 INFO     benchmark — 2230/4000  A:56%  3.48 matches/s  ETA 508s
2026-10-05 19:17:00,710 INFO     benchmark — 2240/4000  A:56%  3.49 matches/s  ETA 505s
2026-10-05 19:17:04,341 INFO     benchmark — 2250/4000  A:56%  3.48 matches/s  ETA 503s
2026-10-05 19:17:07,373 INFO     benchmark — 2260/4000  A:56%  3.48 matches/s  ETA 500s
2026-10-05 19:17:10,263 INFO     benchmark — 2270/4000  A:56%  3.48 matches/s  ETA 497s
2026-10-05 19:17:11,872 INFO     benchmark — 2280/4000  A:56%  3.49 matches/s  ETA 493s
2026-10-05 19:17:15,352 INFO     benchmark — 2290/4000  A:56%  3.48 matches/s  ETA 491s
2026-10-05 19:17:17,783 INFO     benchmark — 2300/4000  A:56%  3.49 matches/s  ETA 488s
2026-10-05 19:17:20,584 INFO     benchmark — 2310/4000  A:56%  3.49 matches/s  ETA 485s
2026-10-05 19:17:23,968 INFO     benchmark — 2320/4000  A:56%  3.48 matches/s  ETA 482s
2026-10-05 19:17:27,297 INFO     benchmark — 2330/4000  A:56%  3.48 matches/s  ETA 480s
2026-10-05 19:17:29,445 INFO     benchmark — 2340/4000  A:56%  3.48 matches/s  ETA 476s
2026-10-05 19:17:32,852 INFO     benchmark — 2350/4000  A:56%  3.48 matches/s  ETA 474s
2026-10-05 19:17:35,822 INFO     benchmark — 2360/4000  A:56%  3.48 matches/s  ETA 471s
2026-10-05 19:17:38,258 INFO     benchmark — 2370/4000  A:56%  3.48 matches/s  ETA 468s
2026-10-05 19:17:41,605 INFO     benchmark — 2380/4000  A:56%  3.48 matches/s  ETA 465s
2026-10-05 19:17:43,879 INFO     benchmark — 2390/4000  A:56%  3.48 matches/s  ETA 462s
2026-10-05 19:17:45,941 INFO     benchmark — 2400/4000  A:56%  3.49 matches/s  ETA 459s
2026-10-05 19:17:49,497 INFO     benchmark — 2410/4000  A:56%  3.49 matches/s  ETA 456s
2026-10-05 19:17:52,757 INFO     benchmark — 2420/4000  A:56%  3.48 matches/s  ETA 454s
2026-10-05 19:17:55,733 INFO     benchmark — 2430/4000  A:56%  3.48 matches/s  ETA 451s
2026-10-05 19:17:58,258 INFO     benchmark — 2440/4000  A:56%  3.48 matches/s  ETA 448s
2026-10-05 19:18:02,162 INFO     benchmark — 2450/4000  A:56%  3.48 matches/s  ETA 446s
2026-10-05 19:18:04,991 INFO     benchmark — 2460/4000  A:56%  3.48 matches/s  ETA 443s
2026-10-05 19:18:07,978 INFO     benchmark — 2470/4000  A:56%  3.48 matches/s  ETA 440s
2026-10-05 19:18:10,249 INFO     benchmark — 2480/4000  A:56%  3.48 matches/s  ETA 437s
2026-10-05 19:18:13,677 INFO     benchmark — 2490/4000  A:56%  3.48 matches/s  ETA 434s
2026-10-05 19:18:16,460 INFO     benchmark — 2500/4000  A:56%  3.48 matches/s  ETA 431s
2026-10-05 19:18:19,014 INFO     benchmark — 2510/4000  A:56%  3.48 matches/s  ETA 428s
2026-10-05 19:18:21,691 INFO     benchmark — 2520/4000  A:56%  3.48 matches/s  ETA 425s
2026-10-05 19:18:24,141 INFO     benchmark — 2530/4000  A:56%  3.48 matches/s  ETA 422s
2026-10-05 19:18:26,643 INFO     benchmark — 2540/4000  A:56%  3.49 matches/s  ETA 419s
2026-10-05 19:18:29,219 INFO     benchmark — 2550/4000  A:56%  3.49 matches/s  ETA 416s
2026-10-05 19:18:33,375 INFO     benchmark — 2560/4000  A:56%  3.48 matches/s  ETA 414s
2026-10-05 19:18:37,534 INFO     benchmark — 2570/4000  A:56%  3.48 matches/s  ETA 412s
2026-10-05 19:18:40,201 INFO     benchmark — 2580/4000  A:56%  3.48 matches/s  ETA 409s
2026-10-05 19:18:44,093 INFO     benchmark — 2590/4000  A:56%  3.47 matches/s  ETA 406s
2026-10-05 19:18:46,612 INFO     benchmark — 2600/4000  A:56%  3.47 matches/s  ETA 403s
2026-10-05 19:18:49,068 INFO     benchmark — 2610/4000  A:56%  3.47 matches/s  ETA 400s
2026-10-05 19:18:52,156 INFO     benchmark — 2620/4000  A:56%  3.47 matches/s  ETA 397s
2026-10-05 19:18:54,288 INFO     benchmark — 2630/4000  A:56%  3.48 matches/s  ETA 394s
2026-10-05 19:18:57,593 INFO     benchmark — 2640/4000  A:56%  3.48 matches/s  ETA 391s
2026-10-05 19:19:01,027 INFO     benchmark — 2650/4000  A:56%  3.47 matches/s  ETA 389s
2026-10-05 19:19:04,444 INFO     benchmark — 2660/4000  A:57%  3.47 matches/s  ETA 386s
2026-10-05 19:19:06,171 INFO     benchmark — 2670/4000  A:57%  3.48 matches/s  ETA 383s
2026-10-05 19:19:08,620 INFO     benchmark — 2680/4000  A:57%  3.48 matches/s  ETA 380s
2026-10-05 19:19:10,861 INFO     benchmark — 2690/4000  A:57%  3.48 matches/s  ETA 376s
2026-10-05 19:19:14,601 INFO     benchmark — 2700/4000  A:57%  3.48 matches/s  ETA 374s
2026-10-05 19:19:17,637 INFO     benchmark — 2710/4000  A:57%  3.48 matches/s  ETA 371s
2026-10-05 19:19:19,532 INFO     benchmark — 2720/4000  A:57%  3.48 matches/s  ETA 368s
2026-10-05 19:19:21,524 INFO     benchmark — 2730/4000  A:57%  3.48 matches/s  ETA 365s
2026-10-05 19:19:24,612 INFO     benchmark — 2740/4000  A:56%  3.48 matches/s  ETA 362s
2026-10-05 19:19:27,929 INFO     benchmark — 2750/4000  A:56%  3.48 matches/s  ETA 359s
2026-10-05 19:19:30,907 INFO     benchmark — 2760/4000  A:56%  3.48 matches/s  ETA 356s
2026-10-05 19:19:33,195 INFO     benchmark — 2770/4000  A:56%  3.48 matches/s  ETA 353s
2026-10-05 19:19:35,420 INFO     benchmark — 2780/4000  A:57%  3.49 matches/s  ETA 350s
2026-10-05 19:19:38,220 INFO     benchmark — 2790/4000  A:56%  3.49 matches/s  ETA 347s
2026-10-05 19:19:41,282 INFO     benchmark — 2800/4000  A:56%  3.49 matches/s  ETA 344s
2026-10-05 19:19:44,007 INFO     benchmark — 2810/4000  A:57%  3.49 matches/s  ETA 341s
2026-10-05 19:19:46,804 INFO     benchmark — 2820/4000  A:56%  3.49 matches/s  ETA 338s
2026-10-05 19:19:49,376 INFO     benchmark — 2830/4000  A:57%  3.49 matches/s  ETA 335s
2026-10-05 19:19:53,001 INFO     benchmark — 2840/4000  A:56%  3.48 matches/s  ETA 333s
2026-10-05 19:19:55,459 INFO     benchmark — 2850/4000  A:56%  3.49 matches/s  ETA 330s
2026-10-05 19:19:58,604 INFO     benchmark — 2860/4000  A:56%  3.49 matches/s  ETA 327s
2026-10-05 19:20:00,912 INFO     benchmark — 2870/4000  A:56%  3.49 matches/s  ETA 324s
2026-10-05 19:20:03,572 INFO     benchmark — 2880/4000  A:56%  3.49 matches/s  ETA 321s
2026-10-05 19:20:06,418 INFO     benchmark — 2890/4000  A:56%  3.49 matches/s  ETA 318s
2026-10-05 19:20:09,318 INFO     benchmark — 2900/4000  A:56%  3.49 matches/s  ETA 315s
2026-10-05 19:20:12,526 INFO     benchmark — 2910/4000  A:56%  3.49 matches/s  ETA 313s
2026-10-05 19:20:15,563 INFO     benchmark — 2920/4000  A:57%  3.49 matches/s  ETA 310s
2026-10-05 19:20:18,916 INFO     benchmark — 2930/4000  A:56%  3.48 matches/s  ETA 307s
2026-10-05 19:20:21,365 INFO     benchmark — 2940/4000  A:56%  3.49 matches/s  ETA 304s
2026-10-05 19:20:23,825 INFO     benchmark — 2950/4000  A:56%  3.49 matches/s  ETA 301s
2026-10-05 19:20:27,124 INFO     benchmark — 2960/4000  A:56%  3.49 matches/s  ETA 298s
2026-10-05 19:20:29,474 INFO     benchmark — 2970/4000  A:56%  3.49 matches/s  ETA 295s
2026-10-05 19:20:31,327 INFO     benchmark — 2980/4000  A:57%  3.49 matches/s  ETA 292s
2026-10-05 19:20:34,026 INFO     benchmark — 2990/4000  A:57%  3.49 matches/s  ETA 289s
2026-10-05 19:20:36,522 INFO     benchmark — 3000/4000  A:56%  3.49 matches/s  ETA 286s
2026-10-05 19:20:39,635 INFO     benchmark — 3010/4000  A:56%  3.49 matches/s  ETA 283s
2026-10-05 19:20:42,947 INFO     benchmark — 3020/4000  A:56%  3.49 matches/s  ETA 281s
2026-10-05 19:20:45,152 INFO     benchmark — 3030/4000  A:56%  3.49 matches/s  ETA 278s
2026-10-05 19:20:47,794 INFO     benchmark — 3040/4000  A:56%  3.50 matches/s  ETA 275s
2026-10-05 19:20:50,783 INFO     benchmark — 3050/4000  A:56%  3.49 matches/s  ETA 272s
2026-10-05 19:20:53,662 INFO     benchmark — 3060/4000  A:56%  3.49 matches/s  ETA 269s
2026-10-05 19:20:56,447 INFO     benchmark — 3070/4000  A:56%  3.49 matches/s  ETA 266s
2026-10-05 19:20:59,601 INFO     benchmark — 3080/4000  A:56%  3.49 matches/s  ETA 263s
2026-10-05 19:21:02,788 INFO     benchmark — 3090/4000  A:56%  3.49 matches/s  ETA 261s
2026-10-05 19:21:05,679 INFO     benchmark — 3100/4000  A:56%  3.49 matches/s  ETA 258s
2026-10-05 19:21:09,483 INFO     benchmark — 3110/4000  A:56%  3.49 matches/s  ETA 255s
2026-10-05 19:21:11,821 INFO     benchmark — 3120/4000  A:56%  3.49 matches/s  ETA 252s
2026-10-05 19:21:13,676 INFO     benchmark — 3130/4000  A:56%  3.49 matches/s  ETA 249s
2026-10-05 19:21:17,229 INFO     benchmark — 3140/4000  A:56%  3.49 matches/s  ETA 246s
2026-10-05 19:21:20,532 INFO     benchmark — 3150/4000  A:56%  3.49 matches/s  ETA 244s
2026-10-05 19:21:23,433 INFO     benchmark — 3160/4000  A:56%  3.49 matches/s  ETA 241s
2026-10-05 19:21:26,629 INFO     benchmark — 3170/4000  A:57%  3.49 matches/s  ETA 238s
2026-10-05 19:21:28,690 INFO     benchmark — 3180/4000  A:57%  3.49 matches/s  ETA 235s
2026-10-05 19:21:30,905 INFO     benchmark — 3190/4000  A:56%  3.49 matches/s  ETA 232s
2026-10-05 19:21:33,971 INFO     benchmark — 3200/4000  A:56%  3.49 matches/s  ETA 229s
2026-10-05 19:21:36,590 INFO     benchmark — 3210/4000  A:56%  3.49 matches/s  ETA 226s
2026-10-05 19:21:39,268 INFO     benchmark — 3220/4000  A:56%  3.50 matches/s  ETA 223s
2026-10-05 19:21:41,668 INFO     benchmark — 3230/4000  A:56%  3.50 matches/s  ETA 220s
2026-10-05 19:21:44,703 INFO     benchmark — 3240/4000  A:56%  3.50 matches/s  ETA 217s
2026-10-05 19:21:47,765 INFO     benchmark — 3250/4000  A:57%  3.50 matches/s  ETA 215s
2026-10-05 19:21:50,495 INFO     benchmark — 3260/4000  A:57%  3.50 matches/s  ETA 212s
2026-10-05 19:21:53,207 INFO     benchmark — 3270/4000  A:57%  3.50 matches/s  ETA 209s
2026-10-05 19:21:55,289 INFO     benchmark — 3280/4000  A:57%  3.50 matches/s  ETA 206s
2026-10-05 19:21:58,100 INFO     benchmark — 3290/4000  A:57%  3.50 matches/s  ETA 203s
2026-10-05 19:22:00,666 INFO     benchmark — 3300/4000  A:56%  3.50 matches/s  ETA 200s
2026-10-05 19:22:03,456 INFO     benchmark — 3310/4000  A:56%  3.50 matches/s  ETA 197s
2026-10-05 19:22:06,341 INFO     benchmark — 3320/4000  A:56%  3.50 matches/s  ETA 194s
2026-10-05 19:22:10,004 INFO     benchmark — 3330/4000  A:56%  3.50 matches/s  ETA 192s
2026-10-05 19:22:13,097 INFO     benchmark — 3340/4000  A:56%  3.50 matches/s  ETA 189s
2026-10-05 19:22:16,517 INFO     benchmark — 3350/4000  A:56%  3.49 matches/s  ETA 186s
2026-10-05 19:22:18,629 INFO     benchmark — 3360/4000  A:56%  3.50 matches/s  ETA 183s
2026-10-05 19:22:22,548 INFO     benchmark — 3370/4000  A:57%  3.49 matches/s  ETA 180s
2026-10-05 19:22:25,137 INFO     benchmark — 3380/4000  A:56%  3.49 matches/s  ETA 177s
2026-10-05 19:22:27,343 INFO     benchmark — 3390/4000  A:56%  3.50 matches/s  ETA 174s
2026-10-05 19:22:30,023 INFO     benchmark — 3400/4000  A:56%  3.50 matches/s  ETA 172s
2026-10-05 19:22:32,176 INFO     benchmark — 3410/4000  A:56%  3.50 matches/s  ETA 169s
2026-10-05 19:22:35,724 INFO     benchmark — 3420/4000  A:56%  3.50 matches/s  ETA 166s
2026-10-05 19:22:38,191 INFO     benchmark — 3430/4000  A:57%  3.50 matches/s  ETA 163s
2026-10-05 19:22:42,042 INFO     benchmark — 3440/4000  A:57%  3.50 matches/s  ETA 160s
2026-10-05 19:22:44,515 INFO     benchmark — 3450/4000  A:57%  3.50 matches/s  ETA 157s
2026-10-05 19:22:47,381 INFO     benchmark — 3460/4000  A:57%  3.50 matches/s  ETA 154s
2026-10-05 19:22:50,885 INFO     benchmark — 3470/4000  A:57%  3.49 matches/s  ETA 152s
2026-10-05 19:22:54,412 INFO     benchmark — 3480/4000  A:57%  3.49 matches/s  ETA 149s
2026-10-05 19:22:56,953 INFO     benchmark — 3490/4000  A:57%  3.49 matches/s  ETA 146s
2026-10-05 19:22:59,387 INFO     benchmark — 3500/4000  A:57%  3.50 matches/s  ETA 143s
2026-10-05 19:23:02,611 INFO     benchmark — 3510/4000  A:57%  3.49 matches/s  ETA 140s
2026-10-05 19:23:05,708 INFO     benchmark — 3520/4000  A:57%  3.49 matches/s  ETA 137s
2026-10-05 19:23:07,221 INFO     benchmark — 3530/4000  A:57%  3.50 matches/s  ETA 134s
2026-10-05 19:23:09,842 INFO     benchmark — 3540/4000  A:57%  3.50 matches/s  ETA 131s
2026-10-05 19:23:12,841 INFO     benchmark — 3550/4000  A:57%  3.50 matches/s  ETA 129s
2026-10-05 19:23:16,169 INFO     benchmark — 3560/4000  A:57%  3.50 matches/s  ETA 126s
2026-10-05 19:23:18,928 INFO     benchmark — 3570/4000  A:57%  3.50 matches/s  ETA 123s
2026-10-05 19:23:20,331 INFO     benchmark — 3580/4000  A:57%  3.50 matches/s  ETA 120s
2026-10-05 19:23:23,240 INFO     benchmark — 3590/4000  A:57%  3.50 matches/s  ETA 117s
2026-10-05 19:23:26,423 INFO     benchmark — 3600/4000  A:57%  3.50 matches/s  ETA 114s
2026-10-05 19:23:28,779 INFO     benchmark — 3610/4000  A:57%  3.50 matches/s  ETA 111s
2026-10-05 19:23:31,278 INFO     benchmark — 3620/4000  A:57%  3.50 matches/s  ETA 108s
2026-10-05 19:23:34,720 INFO     benchmark — 3630/4000  A:57%  3.50 matches/s  ETA 106s
2026-10-05 19:23:37,251 INFO     benchmark — 3640/4000  A:57%  3.50 matches/s  ETA 103s
2026-10-05 19:23:40,660 INFO     benchmark — 3650/4000  A:57%  3.50 matches/s  ETA 100s
2026-10-05 19:23:43,176 INFO     benchmark — 3660/4000  A:57%  3.50 matches/s  ETA 97s
2026-10-05 19:23:45,498 INFO     benchmark — 3670/4000  A:57%  3.50 matches/s  ETA 94s
2026-10-05 19:23:48,528 INFO     benchmark — 3680/4000  A:57%  3.50 matches/s  ETA 91s
2026-10-05 19:23:50,971 INFO     benchmark — 3690/4000  A:57%  3.50 matches/s  ETA 88s
2026-10-05 19:23:53,624 INFO     benchmark — 3700/4000  A:57%  3.50 matches/s  ETA 86s
2026-10-05 19:23:55,983 INFO     benchmark — 3710/4000  A:57%  3.51 matches/s  ETA 83s
2026-10-05 19:23:58,643 INFO     benchmark — 3720/4000  A:57%  3.51 matches/s  ETA 80s
2026-10-05 19:24:02,588 INFO     benchmark — 3730/4000  A:57%  3.50 matches/s  ETA 77s
2026-10-05 19:24:05,890 INFO     benchmark — 3740/4000  A:57%  3.50 matches/s  ETA 74s
2026-10-05 19:24:09,187 INFO     benchmark — 3750/4000  A:57%  3.50 matches/s  ETA 71s
2026-10-05 19:24:12,093 INFO     benchmark — 3760/4000  A:57%  3.50 matches/s  ETA 69s
2026-10-05 19:24:14,830 INFO     benchmark — 3770/4000  A:57%  3.50 matches/s  ETA 66s
2026-10-05 19:24:17,203 INFO     benchmark — 3780/4000  A:57%  3.50 matches/s  ETA 63s
2026-10-05 19:24:20,133 INFO     benchmark — 3790/4000  A:57%  3.50 matches/s  ETA 60s
2026-10-05 19:24:22,814 INFO     benchmark — 3800/4000  A:57%  3.50 matches/s  ETA 57s
2026-10-05 19:24:25,430 INFO     benchmark — 3810/4000  A:57%  3.50 matches/s  ETA 54s
2026-10-05 19:24:28,374 INFO     benchmark — 3820/4000  A:57%  3.50 matches/s  ETA 51s
2026-10-05 19:24:30,527 INFO     benchmark — 3830/4000  A:57%  3.51 matches/s  ETA 48s
2026-10-05 19:24:33,241 INFO     benchmark — 3840/4000  A:57%  3.51 matches/s  ETA 46s
2026-10-05 19:24:35,970 INFO     benchmark — 3850/4000  A:57%  3.51 matches/s  ETA 43s
2026-10-05 19:24:39,171 INFO     benchmark — 3860/4000  A:57%  3.51 matches/s  ETA 40s
2026-10-05 19:24:42,371 INFO     benchmark — 3870/4000  A:57%  3.50 matches/s  ETA 37s
2026-10-05 19:24:45,889 INFO     benchmark — 3880/4000  A:57%  3.50 matches/s  ETA 34s
2026-10-05 19:24:48,659 INFO     benchmark — 3890/4000  A:57%  3.50 matches/s  ETA 31s
2026-10-05 19:24:52,199 INFO     benchmark — 3900/4000  A:57%  3.50 matches/s  ETA 29s
2026-10-05 19:24:55,491 INFO     benchmark — 3910/4000  A:57%  3.50 matches/s  ETA 26s
2026-10-05 19:24:57,642 INFO     benchmark — 3920/4000  A:57%  3.50 matches/s  ETA 23s
2026-10-05 19:24:59,100 INFO     benchmark — 3930/4000  A:57%  3.51 matches/s  ETA 20s
2026-10-05 19:25:02,392 INFO     benchmark — 3940/4000  A:57%  3.50 matches/s  ETA 17s
2026-10-05 19:25:05,780 INFO     benchmark — 3950/4000  A:57%  3.50 matches/s  ETA 14s
2026-10-05 19:25:08,294 INFO     benchmark — 3960/4000  A:57%  3.50 matches/s  ETA 11s
2026-10-05 19:25:10,841 INFO     benchmark — 3970/4000  A:57%  3.50 matches/s  ETA 9s
2026-10-05 19:25:13,950 INFO     benchmark — 3980/4000  A:57%  3.50 matches/s  ETA 6s
2026-10-05 19:25:16,433 INFO     benchmark — 3990/4000  A:57%  3.50 matches/s  ETA 3s
2026-10-05 19:25:18,087 INFO     benchmark — 4000/4000  A:57%  3.51 matches/s  ETA 0s
2026-10-05 19:25:18,095 INFO     benchmark — wrote results/009/M20M_vs_vn.json

──────────────────────────────────────────────────
Mode:        match_rl_vs_vonneumann
Matches:      4,000
──────────────────────────────────────────────────
RL(ckpt_0020000768) wins:  2,272  (56.8%)
VonNeumann(r=20) wins:  1,728  (43.2%)
Ties:        0  (0.0%)
──────────────────────────────────────────────────

