2026-10-05 19:08:24,848 INFO     benchmark — 10/4000  A:100%  110.53 matches/s  ETA 36s
2026-10-05 19:08:24,929 INFO     benchmark — 20/4000  A:95%  116.87 matches/s  ETA 34s
2026-10-05 19:08:25,015 INFO     benchmark — 30/4000  A:97%  116.74 matches/s  ETA 34s
2026-10-05 19:08:25,094 INFO     benchmark — 40/4000  A:98%  118.83 matches/s  ETA 33s
2026-10-05 19:08:25,191 INFO     benchmark — 50/4000  A:94%  115.40 matches/s  ETA 34s
2026-10-05 19:08:25,286 INFO     benchmark — 60/4000  A:95%  113.54 matches/s  ETA 35s
2026-10-05 19:08:25,361 INFO     benchmark — 70/4000  A:91%  116.01 matches/s  ETA 34s
2026-10-05 19:08:25,448 INFO     benchmark — 80/4000  A:90%  115.89 matches/s  ETA 34s
2026-10-05 19:08:25,536 INFO     benchmark — 90/4000  A:90%  115.69 matches/s  ETA 34s
2026-10-05 19:08:25,607 INFO     benchmark — 100/4000  A:90%  117.79 matches/s  ETA 33s
2026-10-05 19:08:25,679 INFO     benchmark — 110/4000  A:90%  119.45 matches/s  ETA 33s
2026-10-05 19:08:25,745 INFO     benchmark — 120/4000  A:89%  121.57 matches/s  ETA 32s
2026-10-05 19:08:25,822 INFO     benchmark — 130/4000  A:88%  122.11 matches/s  ETA 32s
2026-10-05 19:08:25,891 INFO     benchmark — 140/4000  A:88%  123.54 matches/s  ETA 31s
2026-10-05 19:08:25,955 INFO     benchmark — 150/4000  A:87%  125.32 matches/s  ETA 31s
2026-10-05 19:08:26,026 INFO     benchmark — 160/4000  A:86%  126.21 matches/s  ETA 30s
2026-10-05 19:08:26,100 INFO     benchmark — 170/4000  A:86%  126.64 matches/s  ETA 30s
2026-10-05 19:08:26,168 INFO     benchmark — 180/4000  A:87%  127.61 matches/s  ETA 30s
2026-10-05 19:08:26,250 INFO     benchmark — 190/4000  A:87%  127.30 matches/s  ETA 30s
2026-10-05 19:08:26,346 INFO     benchmark — 200/4000  A:88%  125.96 matches/s  ETA 30s
2026-10-05 19:08:26,409 INFO     benchmark — 210/4000  A:86%  127.19 matches/s  ETA 30s
2026-10-05 19:08:26,480 INFO     benchmark — 220/4000  A:86%  127.73 matches/s  ETA 30s
2026-10-05 19:08:26,574 INFO     benchmark — 230/4000  A:87%  126.65 matches/s  ETA 30s
2026-10-05 19:08:26,633 INFO     benchmark — 240/4000  A:88%  127.98 matches/s  ETA 29s
2026-10-05 19:08:26,721 INFO     benchmark — 250/4000  A:88%  127.32 matches/s  ETA 29s
2026-10-05 19:08:26,782 INFO     benchmark — 260/4000  A:88%  128.45 matches/s  ETA 29s
2026-10-05 19:08:26,851 INFO     benchmark — 270/4000  A:87%  128.98 matches/s  ETA 29s
2026-10-05 19:08:26,917 INFO     benchmark — 280/4000  A:87%  129.68 matches/s  ETA 29s
2026-10-05 19:08:26,988 INFO     benchmark — 290/4000  A:87%  130.01 matches/s  ETA 29s
2026-10-05 19:08:27,063 INFO     benchmark — 300/4000  A:86%  130.14 matches/s  ETA 28s
2026-10-05 19:08:27,198 INFO     benchmark — 310/4000  A:86%  127.03 matches/s  ETA 29s
2026-10-05 19:08:27,282 INFO     benchmark — 320/4000  A:86%  126.77 matches/s  ETA 29s
2026-10-05 19:08:27,371 INFO     benchmark — 330/4000  A:86%  126.31 matches/s  ETA 29s
2026-10-05 19:08:27,432 INFO     benchmark — 340/4000  A:86%  127.12 matches/s  ETA 29s
2026-10-05 19:08:27,509 INFO     benchmark — 350/4000  A:86%  127.21 matches/s  ETA 29s
2026-10-05 19:08:27,568 INFO     benchmark — 360/4000  A:86%  128.10 matches/s  ETA 28s
2026-10-05 19:08:27,637 INFO     benchmark — 370/4000  A:86%  128.53 matches/s  ETA 28s
2026-10-05 19:08:27,719 INFO     benchmark — 380/4000  A:86%  128.35 matches/s  ETA 28s
2026-10-05 19:08:27,794 INFO     benchmark — 390/4000  A:85%  128.43 matches/s  ETA 28s
2026-10-05 19:08:27,886 INFO     benchmark — 400/4000  A:85%  127.89 matches/s  ETA 28s
2026-10-05 19:08:27,966 INFO     benchmark — 410/4000  A:85%  127.79 matches/s  ETA 28s
2026-10-05 19:08:28,035 INFO     benchmark — 420/4000  A:84%  128.15 matches/s  ETA 28s
2026-10-05 19:08:28,095 INFO     benchmark — 430/4000  A:84%  128.84 matches/s  ETA 28s
2026-10-05 19:08:28,187 INFO     benchmark — 440/4000  A:84%  128.32 matches/s  ETA 28s
2026-10-05 19:08:28,268 INFO     benchmark — 450/4000  A:84%  128.19 matches/s  ETA 28s
2026-10-05 19:08:28,317 INFO     benchmark — 460/4000  A:84%  129.24 matches/s  ETA 27s
2026-10-05 19:08:28,382 INFO     benchmark — 470/4000  A:83%  129.67 matches/s  ETA 27s
2026-10-05 19:08:28,450 INFO     benchmark — 480/4000  A:83%  130.01 matches/s  ETA 27s
2026-10-05 19:08:28,528 INFO     benchmark — 490/4000  A:83%  129.98 matches/s  ETA 27s
2026-10-05 19:08:28,613 INFO     benchmark — 500/4000  A:83%  129.70 matches/s  ETA 27s
2026-10-05 19:08:28,695 INFO     benchmark — 510/4000  A:83%  129.55 matches/s  ETA 27s
2026-10-05 19:08:28,758 INFO     benchmark — 520/4000  A:83%  129.98 matches/s  ETA 27s
2026-10-05 19:08:28,828 INFO     benchmark — 530/4000  A:83%  130.21 matches/s  ETA 27s
2026-10-05 19:08:28,901 INFO     benchmark — 540/4000  A:83%  130.34 matches/s  ETA 27s
2026-10-05 19:08:28,986 INFO     benchmark — 550/4000  A:83%  130.08 matches/s  ETA 27s
2026-10-05 19:08:29,058 INFO     benchmark — 560/4000  A:84%  130.23 matches/s  ETA 26s
2026-10-05 19:08:29,148 INFO     benchmark — 570/4000  A:84%  129.85 matches/s  ETA 26s
2026-10-05 19:08:29,224 INFO     benchmark — 580/4000  A:83%  129.86 matches/s  ETA 26s
2026-10-05 19:08:29,293 INFO     benchmark — 590/4000  A:84%  130.09 matches/s  ETA 26s
2026-10-05 19:08:29,365 INFO     benchmark — 600/4000  A:84%  130.24 matches/s  ETA 26s
2026-10-05 19:08:29,444 INFO     benchmark — 610/4000  A:83%  130.17 matches/s  ETA 26s
2026-10-05 19:08:29,522 INFO     benchmark — 620/4000  A:83%  130.13 matches/s  ETA 26s
2026-10-05 19:08:29,595 INFO     benchmark — 630/4000  A:83%  130.24 matches/s  ETA 26s
2026-10-05 19:08:29,681 INFO     benchmark — 640/4000  A:83%  130.00 matches/s  ETA 26s
2026-10-05 19:08:29,758 INFO     benchmark — 650/4000  A:83%  130.00 matches/s  ETA 26s
2026-10-05 19:08:29,827 INFO     benchmark — 660/4000  A:83%  130.19 matches/s  ETA 26s
2026-10-05 19:08:29,915 INFO     benchmark — 670/4000  A:83%  129.93 matches/s  ETA 26s
2026-10-05 19:08:29,985 INFO     benchmark — 680/4000  A:83%  130.09 matches/s  ETA 26s
2026-10-05 19:08:30,056 INFO     benchmark — 690/4000  A:83%  130.24 matches/s  ETA 25s
2026-10-05 19:08:30,128 INFO     benchmark — 700/4000  A:83%  130.35 matches/s  ETA 25s
2026-10-05 19:08:30,208 INFO     benchmark — 710/4000  A:83%  130.27 matches/s  ETA 25s
2026-10-05 19:08:30,299 INFO     benchmark — 720/4000  A:83%  129.94 matches/s  ETA 25s
2026-10-05 19:08:30,393 INFO     benchmark — 730/4000  A:83%  129.55 matches/s  ETA 25s
2026-10-05 19:08:30,473 INFO     benchmark — 740/4000  A:84%  129.47 matches/s  ETA 25s
2026-10-05 19:08:30,551 INFO     benchmark — 750/4000  A:83%  129.46 matches/s  ETA 25s
2026-10-05 19:08:30,637 INFO     benchmark — 760/4000  A:84%  129.26 matches/s  ETA 25s
2026-10-05 19:08:30,720 INFO     benchmark — 770/4000  A:84%  129.14 matches/s  ETA 25s
2026-10-05 19:08:30,814 INFO     benchmark — 780/4000  A:84%  128.80 matches/s  ETA 25s
2026-10-05 19:08:30,877 INFO     benchmark — 790/4000  A:84%  129.09 matches/s  ETA 25s
2026-10-05 19:08:30,955 INFO     benchmark — 800/4000  A:84%  129.10 matches/s  ETA 25s
2026-10-05 19:08:31,043 INFO     benchmark — 810/4000  A:84%  128.87 matches/s  ETA 25s
2026-10-05 19:08:31,131 INFO     benchmark — 820/4000  A:84%  128.67 matches/s  ETA 25s
2026-10-05 19:08:31,210 INFO     benchmark — 830/4000  A:84%  128.63 matches/s  ETA 25s
2026-10-05 19:08:31,283 INFO     benchmark — 840/4000  A:84%  128.73 matches/s  ETA 25s
2026-10-05 19:08:31,339 INFO     benchmark — 850/4000  A:84%  129.15 matches/s  ETA 24s
2026-10-05 19:08:31,420 INFO     benchmark — 860/4000  A:84%  129.09 matches/s  ETA 24s
2026-10-05 19:08:31,493 INFO     benchmark — 870/4000  A:84%  129.17 matches/s  ETA 24s
2026-10-05 19:08:31,570 INFO     benchmark — 880/4000  A:84%  129.18 matches/s  ETA 24s
2026-10-05 19:08:31,653 INFO     benchmark — 890/4000  A:84%  129.08 matches/s  ETA 24s
2026-10-05 19:08:31,726 INFO     benchmark — 900/4000  A:84%  129.15 matches/s  ETA 24s
2026-10-05 19:08:31,809 INFO     benchmark — 910/4000  A:84%  129.05 matches/s  ETA 24s
2026-10-05 19:08:31,890 INFO     benchmark — 920/4000  A:84%  128.99 matches/s  ETA 24s
2026-10-05 19:08:31,975 INFO     benchmark — 930/4000  A:84%  128.87 matches/s  ETA 24s
2026-10-05 19:08:32,044 INFO     benchmark — 940/4000  A:84%  129.01 matches/s  ETA 24s
2026-10-05 19:08:32,122 INFO     benchmark — 950/4000  A:84%  129.01 matches/s  ETA 24s
2026-10-05 19:08:32,199 INFO     benchmark — 960/4000  A:84%  129.02 matches/s  ETA 24s
2026-10-05 19:08:32,270 INFO     benchmark — 970/4000  A:84%  129.12 matches/s  ETA 23s
2026-10-05 19:08:32,351 INFO     benchmark — 980/4000  A:84%  129.07 matches/s  ETA 23s
2026-10-05 19:08:32,434 INFO     benchmark — 990/4000  A:84%  128.97 matches/s  ETA 23s
2026-10-05 19:08:32,492 INFO     benchmark — 1000/4000  A:84%  129.30 matches/s  ETA 23s
2026-10-05 19:08:32,564 INFO     benchmark — 1010/4000  A:84%  129.39 matches/s  ETA 23s
2026-10-05 19:08:32,627 INFO     benchmark — 1020/4000  A:84%  129.63 matches/s  ETA 23s
2026-10-05 19:08:32,699 INFO     benchmark — 1030/4000  A:84%  129.70 matches/s  ETA 23s
2026-10-05 19:08:32,785 INFO     benchmark — 1040/4000  A:84%  129.56 matches/s  ETA 23s
2026-10-05 19:08:32,850 INFO     benchmark — 1050/4000  A:84%  129.75 matches/s  ETA 23s
2026-10-05 19:08:32,940 INFO     benchmark — 1060/4000  A:84%  129.55 matches/s  ETA 23s
2026-10-05 19:08:33,024 INFO     benchmark — 1070/4000  A:84%  129.44 matches/s  ETA 23s
2026-10-05 19:08:33,108 INFO     benchmark — 1080/4000  A:84%  129.35 matches/s  ETA 23s
2026-10-05 19:08:33,182 INFO     benchmark — 1090/4000  A:84%  129.39 matches/s  ETA 22s
2026-10-05 19:08:33,264 INFO     benchmark — 1100/4000  A:85%  129.32 matches/s  ETA 22s
2026-10-05 19:08:33,339 INFO     benchmark — 1110/4000  A:84%  129.36 matches/s  ETA 22s
2026-10-05 19:08:33,435 INFO     benchmark — 1120/4000  A:85%  129.08 matches/s  ETA 22s
2026-10-05 19:08:33,499 INFO     benchmark — 1130/4000  A:84%  129.28 matches/s  ETA 22s
2026-10-05 19:08:33,549 INFO     benchmark — 1140/4000  A:84%  129.67 matches/s  ETA 22s
2026-10-05 19:08:33,611 INFO     benchmark — 1150/4000  A:84%  129.90 matches/s  ETA 22s
2026-10-05 19:08:33,721 INFO     benchmark — 1160/4000  A:84%  129.42 matches/s  ETA 22s
2026-10-05 19:08:33,786 INFO     benchmark — 1170/4000  A:84%  129.60 matches/s  ETA 22s
2026-10-05 19:08:33,863 INFO     benchmark — 1180/4000  A:84%  129.60 matches/s  ETA 22s
2026-10-05 19:08:33,939 INFO     benchmark — 1190/4000  A:84%  129.61 matches/s  ETA 22s
2026-10-05 19:08:34,022 INFO     benchmark — 1200/4000  A:84%  129.53 matches/s  ETA 22s
2026-10-05 19:08:34,090 INFO     benchmark — 1210/4000  A:84%  129.67 matches/s  ETA 22s
2026-10-05 19:08:34,159 INFO     benchmark — 1220/4000  A:85%  129.77 matches/s  ETA 21s
2026-10-05 19:08:34,213 INFO     benchmark — 1230/4000  A:84%  130.08 matches/s  ETA 21s
2026-10-05 19:08:34,295 INFO     benchmark — 1240/4000  A:85%  130.01 matches/s  ETA 21s
2026-10-05 19:08:34,362 INFO     benchmark — 1250/4000  A:84%  130.15 matches/s  ETA 21s
2026-10-05 19:08:34,435 INFO     benchmark — 1260/4000  A:85%  130.21 matches/s  ETA 21s
2026-10-05 19:08:34,488 INFO     benchmark — 1270/4000  A:84%  130.52 matches/s  ETA 21s
2026-10-05 19:08:34,572 INFO     benchmark — 1280/4000  A:84%  130.42 matches/s  ETA 21s
2026-10-05 19:08:34,621 INFO     benchmark — 1290/4000  A:84%  130.79 matches/s  ETA 21s
2026-10-05 19:08:34,687 INFO     benchmark — 1300/4000  A:84%  130.93 matches/s  ETA 21s
2026-10-05 19:08:34,764 INFO     benchmark — 1310/4000  A:85%  130.92 matches/s  ETA 21s
2026-10-05 19:08:34,855 INFO     benchmark — 1320/4000  A:84%  130.72 matches/s  ETA 21s
2026-10-05 19:08:34,927 INFO     benchmark — 1330/4000  A:85%  130.78 matches/s  ETA 20s
2026-10-05 19:08:35,041 INFO     benchmark — 1340/4000  A:85%  130.31 matches/s  ETA 20s
2026-10-05 19:08:35,114 INFO     benchmark — 1350/4000  A:85%  130.36 matches/s  ETA 20s
2026-10-05 19:08:35,178 INFO     benchmark — 1360/4000  A:84%  130.52 matches/s  ETA 20s
2026-10-05 19:08:35,265 INFO     benchmark — 1370/4000  A:85%  130.39 matches/s  ETA 20s
2026-10-05 19:08:35,337 INFO     benchmark — 1380/4000  A:85%  130.45 matches/s  ETA 20s
2026-10-05 19:08:35,407 INFO     benchmark — 1390/4000  A:85%  130.53 matches/s  ETA 20s
2026-10-05 19:08:35,480 INFO     benchmark — 1400/4000  A:85%  130.57 matches/s  ETA 20s
2026-10-05 19:08:35,569 INFO     benchmark — 1410/4000  A:85%  130.43 matches/s  ETA 20s
2026-10-05 19:08:35,642 INFO     benchmark — 1420/4000  A:85%  130.47 matches/s  ETA 20s
2026-10-05 19:08:35,709 INFO     benchmark — 1430/4000  A:85%  130.58 matches/s  ETA 20s
2026-10-05 19:08:35,790 INFO     benchmark — 1440/4000  A:85%  130.53 matches/s  ETA 20s
2026-10-05 19:08:35,880 INFO     benchmark — 1450/4000  A:85%  130.37 matches/s  ETA 20s
2026-10-05 19:08:35,958 INFO     benchmark — 1460/4000  A:85%  130.36 matches/s  ETA 19s
2026-10-05 19:08:36,044 INFO     benchmark — 1470/4000  A:85%  130.25 matches/s  ETA 19s
2026-10-05 19:08:36,131 INFO     benchmark — 1480/4000  A:85%  130.13 matches/s  ETA 19s
2026-10-05 19:08:36,211 INFO     benchmark — 1490/4000  A:85%  130.09 matches/s  ETA 19s
2026-10-05 19:08:36,292 INFO     benchmark — 1500/4000  A:85%  130.05 matches/s  ETA 19s
2026-10-05 19:08:36,369 INFO     benchmark — 1510/4000  A:85%  130.05 matches/s  ETA 19s
2026-10-05 19:08:36,451 INFO     benchmark — 1520/4000  A:85%  129.99 matches/s  ETA 19s
2026-10-05 19:08:36,538 INFO     benchmark — 1530/4000  A:85%  129.88 matches/s  ETA 19s
2026-10-05 19:08:36,600 INFO     benchmark — 1540/4000  A:85%  130.04 matches/s  ETA 19s
2026-10-05 19:08:36,665 INFO     benchmark — 1550/4000  A:85%  130.18 matches/s  ETA 19s
2026-10-05 19:08:36,728 INFO     benchmark — 1560/4000  A:85%  130.33 matches/s  ETA 19s
2026-10-05 19:08:36,814 INFO     benchmark — 1570/4000  A:85%  130.22 matches/s  ETA 19s
2026-10-05 19:08:36,891 INFO     benchmark — 1580/4000  A:85%  130.23 matches/s  ETA 19s
2026-10-05 19:08:36,995 INFO     benchmark — 1590/4000  A:85%  129.93 matches/s  ETA 19s
2026-10-05 19:08:37,075 INFO     benchmark — 1600/4000  A:85%  129.90 matches/s  ETA 18s
2026-10-05 19:08:37,152 INFO     benchmark — 1610/4000  A:85%  129.90 matches/s  ETA 18s
2026-10-05 19:08:37,227 INFO     benchmark — 1620/4000  A:85%  129.92 matches/s  ETA 18s
2026-10-05 19:08:37,300 INFO     benchmark — 1630/4000  A:85%  129.97 matches/s  ETA 18s
2026-10-05 19:08:37,378 INFO     benchmark — 1640/4000  A:85%  129.95 matches/s  ETA 18s
2026-10-05 19:08:37,468 INFO     benchmark — 1650/4000  A:85%  129.82 matches/s  ETA 18s
2026-10-05 19:08:37,545 INFO     benchmark — 1660/4000  A:85%  129.82 matches/s  ETA 18s
2026-10-05 19:08:37,626 INFO     benchmark — 1670/4000  A:85%  129.78 matches/s  ETA 18s
2026-10-05 19:08:37,705 INFO     benchmark — 1680/4000  A:85%  129.76 matches/s  ETA 18s
2026-10-05 19:08:37,765 INFO     benchmark — 1690/4000  A:85%  129.92 matches/s  ETA 18s
2026-10-05 19:08:37,840 INFO     benchmark — 1700/4000  A:85%  129.95 matches/s  ETA 18s
2026-10-05 19:08:37,902 INFO     benchmark — 1710/4000  A:85%  130.10 matches/s  ETA 18s
2026-10-05 19:08:37,970 INFO     benchmark — 1720/4000  A:85%  130.19 matches/s  ETA 18s
2026-10-05 19:08:38,054 INFO     benchmark — 1730/4000  A:85%  130.11 matches/s  ETA 17s
2026-10-05 19:08:38,143 INFO     benchmark — 1740/4000  A:85%  130.00 matches/s  ETA 17s
2026-10-05 19:08:38,215 INFO     benchmark — 1750/4000  A:85%  130.04 matches/s  ETA 17s
2026-10-05 19:08:38,295 INFO     benchmark — 1760/4000  A:85%  130.02 matches/s  ETA 17s
2026-10-05 19:08:38,375 INFO     benchmark — 1770/4000  A:85%  129.99 matches/s  ETA 17s
2026-10-05 19:08:38,450 INFO     benchmark — 1780/4000  A:85%  130.00 matches/s  ETA 17s
2026-10-05 19:08:38,527 INFO     benchmark — 1790/4000  A:85%  130.00 matches/s  ETA 17s
2026-10-05 19:08:38,617 INFO     benchmark — 1800/4000  A:85%  129.88 matches/s  ETA 17s
2026-10-05 19:08:38,692 INFO     benchmark — 1810/4000  A:85%  129.89 matches/s  ETA 17s
2026-10-05 19:08:38,759 INFO     benchmark — 1820/4000  A:85%  129.99 matches/s  ETA 17s
2026-10-05 19:08:38,827 INFO     benchmark — 1830/4000  A:85%  130.08 matches/s  ETA 17s
2026-10-05 19:08:38,891 INFO     benchmark — 1840/4000  A:85%  130.19 matches/s  ETA 17s
2026-10-05 19:08:38,938 INFO     benchmark — 1850/4000  A:85%  130.47 matches/s  ETA 16s
2026-10-05 19:08:39,021 INFO     benchmark — 1860/4000  A:85%  130.41 matches/s  ETA 16s
2026-10-05 19:08:39,101 INFO     benchmark — 1870/4000  A:85%  130.38 matches/s  ETA 16s
2026-10-05 19:08:39,188 INFO     benchmark — 1880/4000  A:85%  130.28 matches/s  ETA 16s
2026-10-05 19:08:39,258 INFO     benchmark — 1890/4000  A:85%  130.35 matches/s  ETA 16s
2026-10-05 19:08:39,357 INFO     benchmark — 1900/4000  A:85%  130.15 matches/s  ETA 16s
2026-10-05 19:08:39,427 INFO     benchmark — 1910/4000  A:85%  130.21 matches/s  ETA 16s
2026-10-05 19:08:39,490 INFO     benchmark — 1920/4000  A:85%  130.32 matches/s  ETA 16s
2026-10-05 19:08:39,535 INFO     benchmark — 1930/4000  A:85%  130.60 matches/s  ETA 16s
2026-10-05 19:08:39,615 INFO     benchmark — 1940/4000  A:85%  130.57 matches/s  ETA 16s
2026-10-05 19:08:39,700 INFO     benchmark — 1950/4000  A:85%  130.51 matches/s  ETA 16s
2026-10-05 19:08:39,794 INFO     benchmark — 1960/4000  A:85%  130.35 matches/s  ETA 16s
2026-10-05 19:08:39,864 INFO     benchmark — 1970/4000  A:85%  130.41 matches/s  ETA 16s
2026-10-05 19:08:39,934 INFO     benchmark — 1980/4000  A:85%  130.47 matches/s  ETA 15s
2026-10-05 19:08:40,013 INFO     benchmark — 1990/4000  A:85%  130.44 matches/s  ETA 15s
2026-10-05 19:08:40,072 INFO     benchmark — 2000/4000  A:85%  130.60 matches/s  ETA 15s
2026-10-05 19:08:40,131 INFO     benchmark — 2010/4000  A:85%  130.74 matches/s  ETA 15s
2026-10-05 19:08:40,192 INFO     benchmark — 2020/4000  A:85%  130.88 matches/s  ETA 15s
2026-10-05 19:08:40,266 INFO     benchmark — 2030/4000  A:85%  130.90 matches/s  ETA 15s
2026-10-05 19:08:40,347 INFO     benchmark — 2040/4000  A:85%  130.86 matches/s  ETA 15s
2026-10-05 19:08:40,422 INFO     benchmark — 2050/4000  A:85%  130.87 matches/s  ETA 15s
2026-10-05 19:08:40,495 INFO     benchmark — 2060/4000  A:85%  130.90 matches/s  ETA 15s
2026-10-05 19:08:40,564 INFO     benchmark — 2070/4000  A:85%  130.96 matches/s  ETA 15s
2026-10-05 19:08:40,651 INFO     benchmark — 2080/4000  A:85%  130.88 matches/s  ETA 15s
2026-10-05 19:08:40,713 INFO     benchmark — 2090/4000  A:85%  131.00 matches/s  ETA 15s
2026-10-05 19:08:40,773 INFO     benchmark — 2100/4000  A:85%  131.12 matches/s  ETA 14s
2026-10-05 19:08:40,856 INFO     benchmark — 2110/4000  A:85%  131.07 matches/s  ETA 14s
2026-10-05 19:08:40,928 INFO     benchmark — 2120/4000  A:85%  131.11 matches/s  ETA 14s
2026-10-05 19:08:41,012 INFO     benchmark — 2130/4000  A:85%  131.05 matches/s  ETA 14s
2026-10-05 19:08:41,080 INFO     benchmark — 2140/4000  A:85%  131.11 matches/s  ETA 14s
2026-10-05 19:08:41,150 INFO     benchmark — 2150/4000  A:85%  131.16 matches/s  ETA 14s
2026-10-05 19:08:41,194 INFO     benchmark — 2160/4000  A:85%  131.42 matches/s  ETA 14s
2026-10-05 19:08:41,269 INFO     benchmark — 2170/4000  A:85%  131.43 matches/s  ETA 14s
2026-10-05 19:08:41,335 INFO     benchmark — 2180/4000  A:85%  131.50 matches/s  ETA 14s
2026-10-05 19:08:41,390 INFO     benchmark — 2190/4000  A:85%  131.67 matches/s  ETA 14s
2026-10-05 19:08:41,468 INFO     benchmark — 2200/4000  A:85%  131.66 matches/s  ETA 14s
2026-10-05 19:08:41,541 INFO     benchmark — 2210/4000  A:85%  131.68 matches/s  ETA 14s
2026-10-05 19:08:41,607 INFO     benchmark — 2220/4000  A:85%  131.76 matches/s  ETA 14s
2026-10-05 19:08:41,674 INFO     benchmark — 2230/4000  A:85%  131.83 matches/s  ETA 13s
2026-10-05 19:08:41,747 INFO     benchmark — 2240/4000  A:85%  131.85 matches/s  ETA 13s
2026-10-05 19:08:41,818 INFO     benchmark — 2250/4000  A:85%  131.88 matches/s  ETA 13s
2026-10-05 19:08:41,882 INFO     benchmark — 2260/4000  A:85%  131.98 matches/s  ETA 13s
2026-10-05 19:08:41,958 INFO     benchmark — 2270/4000  A:85%  131.97 matches/s  ETA 13s
2026-10-05 19:08:42,026 INFO     benchmark — 2280/4000  A:85%  132.03 matches/s  ETA 13s
2026-10-05 19:08:42,106 INFO     benchmark — 2290/4000  A:85%  132.00 matches/s  ETA 13s
2026-10-05 19:08:42,163 INFO     benchmark — 2300/4000  A:85%  132.14 matches/s  ETA 13s
2026-10-05 19:08:42,252 INFO     benchmark — 2310/4000  A:85%  132.04 matches/s  ETA 13s
2026-10-05 19:08:42,355 INFO     benchmark — 2320/4000  A:85%  131.84 matches/s  ETA 13s
2026-10-05 19:08:42,436 INFO     benchmark — 2330/4000  A:85%  131.80 matches/s  ETA 13s
2026-10-05 19:08:42,516 INFO     benchmark — 2340/4000  A:85%  131.77 matches/s  ETA 13s
2026-10-05 19:08:42,585 INFO     benchmark — 2350/4000  A:85%  131.82 matches/s  ETA 13s
2026-10-05 19:08:42,645 INFO     benchmark — 2360/4000  A:85%  131.94 matches/s  ETA 12s
2026-10-05 19:08:42,726 INFO     benchmark — 2370/4000  A:85%  131.90 matches/s  ETA 12s
2026-10-05 19:08:42,801 INFO     benchmark — 2380/4000  A:85%  131.91 matches/s  ETA 12s
2026-10-05 19:08:42,884 INFO     benchmark — 2390/4000  A:85%  131.86 matches/s  ETA 12s
2026-10-05 19:08:42,934 INFO     benchmark — 2400/4000  A:85%  132.04 matches/s  ETA 12s
2026-10-05 19:08:43,015 INFO     benchmark — 2410/4000  A:85%  132.00 matches/s  ETA 12s
2026-10-05 19:08:43,098 INFO     benchmark — 2420/4000  A:85%  131.95 matches/s  ETA 12s
2026-10-05 19:08:43,177 INFO     benchmark — 2430/4000  A:85%  131.93 matches/s  ETA 12s
2026-10-05 19:08:43,249 INFO     benchmark — 2440/4000  A:85%  131.95 matches/s  ETA 12s
2026-10-05 19:08:43,347 INFO     benchmark — 2450/4000  A:85%  131.79 matches/s  ETA 12s
2026-10-05 19:08:43,413 INFO     benchmark — 2460/4000  A:85%  131.87 matches/s  ETA 12s
2026-10-05 19:08:43,484 INFO     benchmark — 2470/4000  A:85%  131.90 matches/s  ETA 12s
2026-10-05 19:08:43,568 INFO     benchmark — 2480/4000  A:85%  131.85 matches/s  ETA 12s
2026-10-05 19:08:43,635 INFO     benchmark — 2490/4000  A:85%  131.91 matches/s  ETA 11s
2026-10-05 19:08:43,727 INFO     benchmark — 2500/4000  A:85%  131.79 matches/s  ETA 11s
2026-10-05 19:08:43,812 INFO     benchmark — 2510/4000  A:85%  131.73 matches/s  ETA 11s
2026-10-05 19:08:43,875 INFO     benchmark — 2520/4000  A:85%  131.82 matches/s  ETA 11s
2026-10-05 19:08:43,963 INFO     benchmark — 2530/4000  A:85%  131.74 matches/s  ETA 11s
2026-10-05 19:08:44,026 INFO     benchmark — 2540/4000  A:85%  131.82 matches/s  ETA 11s
2026-10-05 19:08:44,137 INFO     benchmark — 2550/4000  A:85%  131.59 matches/s  ETA 11s
2026-10-05 19:08:44,227 INFO     benchmark — 2560/4000  A:85%  131.49 matches/s  ETA 11s
2026-10-05 19:08:44,308 INFO     benchmark — 2570/4000  A:85%  131.46 matches/s  ETA 11s
2026-10-05 19:08:44,376 INFO     benchmark — 2580/4000  A:85%  131.51 matches/s  ETA 11s
2026-10-05 19:08:44,470 INFO     benchmark — 2590/4000  A:85%  131.39 matches/s  ETA 11s
2026-10-05 19:08:44,544 INFO     benchmark — 2600/4000  A:85%  131.40 matches/s  ETA 11s
2026-10-05 19:08:44,634 INFO     benchmark — 2610/4000  A:85%  131.31 matches/s  ETA 11s
2026-10-05 19:08:44,718 INFO     benchmark — 2620/4000  A:85%  131.26 matches/s  ETA 11s
2026-10-05 19:08:44,801 INFO     benchmark — 2630/4000  A:85%  131.22 matches/s  ETA 10s
2026-10-05 19:08:44,866 INFO     benchmark — 2640/4000  A:85%  131.29 matches/s  ETA 10s
2026-10-05 19:08:44,933 INFO     benchmark — 2650/4000  A:85%  131.35 matches/s  ETA 10s
2026-10-05 19:08:45,005 INFO     benchmark — 2660/4000  A:85%  131.38 matches/s  ETA 10s
2026-10-05 19:08:45,083 INFO     benchmark — 2670/4000  A:85%  131.37 matches/s  ETA 10s
2026-10-05 19:08:45,162 INFO     benchmark — 2680/4000  A:85%  131.35 matches/s  ETA 10s
2026-10-05 19:08:45,223 INFO     benchmark — 2690/4000  A:85%  131.44 matches/s  ETA 10s
2026-10-05 19:08:45,319 INFO     benchmark — 2700/4000  A:85%  131.32 matches/s  ETA 10s
2026-10-05 19:08:45,384 INFO     benchmark — 2710/4000  A:85%  131.39 matches/s  ETA 10s
2026-10-05 19:08:45,475 INFO     benchmark — 2720/4000  A:85%  131.29 matches/s  ETA 10s
2026-10-05 19:08:45,565 INFO     benchmark — 2730/4000  A:85%  131.20 matches/s  ETA 10s
2026-10-05 19:08:45,640 INFO     benchmark — 2740/4000  A:85%  131.21 matches/s  ETA 10s
2026-10-05 19:08:45,717 INFO     benchmark — 2750/4000  A:85%  131.21 matches/s  ETA 10s
2026-10-05 19:08:45,779 INFO     benchmark — 2760/4000  A:85%  131.30 matches/s  ETA 9s
2026-10-05 19:08:45,863 INFO     benchmark — 2770/4000  A:85%  131.25 matches/s  ETA 9s
2026-10-05 19:08:45,953 INFO     benchmark — 2780/4000  A:85%  131.16 matches/s  ETA 9s
2026-10-05 19:08:46,028 INFO     benchmark — 2790/4000  A:85%  131.17 matches/s  ETA 9s
2026-10-05 19:08:46,110 INFO     benchmark — 2800/4000  A:85%  131.13 matches/s  ETA 9s
2026-10-05 19:08:46,180 INFO     benchmark — 2810/4000  A:85%  131.17 matches/s  ETA 9s
2026-10-05 19:08:46,269 INFO     benchmark — 2820/4000  A:85%  131.09 matches/s  ETA 9s
2026-10-05 19:08:46,335 INFO     benchmark — 2830/4000  A:85%  131.16 matches/s  ETA 9s
2026-10-05 19:08:46,407 INFO     benchmark — 2840/4000  A:85%  131.18 matches/s  ETA 9s
2026-10-05 19:08:46,483 INFO     benchmark — 2850/4000  A:85%  131.18 matches/s  ETA 9s
2026-10-05 19:08:46,560 INFO     benchmark — 2860/4000  A:85%  131.18 matches/s  ETA 9s
2026-10-05 19:08:46,650 INFO     benchmark — 2870/4000  A:85%  131.10 matches/s  ETA 9s
2026-10-05 19:08:46,739 INFO     benchmark — 2880/4000  A:85%  131.02 matches/s  ETA 9s
2026-10-05 19:08:46,817 INFO     benchmark — 2890/4000  A:85%  131.01 matches/s  ETA 8s
2026-10-05 19:08:46,890 INFO     benchmark — 2900/4000  A:85%  131.03 matches/s  ETA 8s
2026-10-05 19:08:46,961 INFO     benchmark — 2910/4000  A:85%  131.06 matches/s  ETA 8s
2026-10-05 19:08:47,027 INFO     benchmark — 2920/4000  A:85%  131.12 matches/s  ETA 8s
2026-10-05 19:08:47,097 INFO     benchmark — 2930/4000  A:85%  131.16 matches/s  ETA 8s
2026-10-05 19:08:47,167 INFO     benchmark — 2940/4000  A:85%  131.19 matches/s  ETA 8s
2026-10-05 19:08:47,234 INFO     benchmark — 2950/4000  A:85%  131.25 matches/s  ETA 8s
2026-10-05 19:08:47,321 INFO     benchmark — 2960/4000  A:85%  131.19 matches/s  ETA 8s
2026-10-05 19:08:47,414 INFO     benchmark — 2970/4000  A:85%  131.09 matches/s  ETA 8s
2026-10-05 19:08:47,490 INFO     benchmark — 2980/4000  A:85%  131.09 matches/s  ETA 8s
2026-10-05 19:08:47,583 INFO     benchmark — 2990/4000  A:85%  130.99 matches/s  ETA 8s
2026-10-05 19:08:47,664 INFO     benchmark — 3000/4000  A:85%  130.97 matches/s  ETA 8s
2026-10-05 19:08:47,745 INFO     benchmark — 3010/4000  A:85%  130.94 matches/s  ETA 8s
2026-10-05 19:08:47,808 INFO     benchmark — 3020/4000  A:85%  131.02 matches/s  ETA 7s
2026-10-05 19:08:47,876 INFO     benchmark — 3030/4000  A:85%  131.07 matches/s  ETA 7s
2026-10-05 19:08:47,944 INFO     benchmark — 3040/4000  A:85%  131.11 matches/s  ETA 7s
2026-10-05 19:08:48,017 INFO     benchmark — 3050/4000  A:85%  131.13 matches/s  ETA 7s
2026-10-05 19:08:48,104 INFO     benchmark — 3060/4000  A:85%  131.07 matches/s  ETA 7s
2026-10-05 19:08:48,184 INFO     benchmark — 3070/4000  A:85%  131.05 matches/s  ETA 7s
2026-10-05 19:08:48,274 INFO     benchmark — 3080/4000  A:85%  130.97 matches/s  ETA 7s
2026-10-05 19:08:48,346 INFO     benchmark — 3090/4000  A:85%  131.00 matches/s  ETA 7s
2026-10-05 19:08:48,382 INFO     benchmark — 3100/4000  A:85%  131.22 matches/s  ETA 7s
2026-10-05 19:08:48,447 INFO     benchmark — 3110/4000  A:85%  131.28 matches/s  ETA 7s
2026-10-05 19:08:48,518 INFO     benchmark — 3120/4000  A:85%  131.31 matches/s  ETA 7s
2026-10-05 19:08:48,563 INFO     benchmark — 3130/4000  A:85%  131.49 matches/s  ETA 7s
2026-10-05 19:08:48,635 INFO     benchmark — 3140/4000  A:85%  131.50 matches/s  ETA 7s
2026-10-05 19:08:48,694 INFO     benchmark — 3150/4000  A:85%  131.60 matches/s  ETA 6s
2026-10-05 19:08:48,768 INFO     benchmark — 3160/4000  A:85%  131.61 matches/s  ETA 6s
2026-10-05 19:08:48,845 INFO     benchmark — 3170/4000  A:85%  131.61 matches/s  ETA 6s
2026-10-05 19:08:48,920 INFO     benchmark — 3180/4000  A:85%  131.61 matches/s  ETA 6s
2026-10-05 19:08:49,007 INFO     benchmark — 3190/4000  A:85%  131.55 matches/s  ETA 6s
2026-10-05 19:08:49,082 INFO     benchmark — 3200/4000  A:85%  131.56 matches/s  ETA 6s
2026-10-05 19:08:49,134 INFO     benchmark — 3210/4000  A:85%  131.69 matches/s  ETA 6s
2026-10-05 19:08:49,234 INFO     benchmark — 3220/4000  A:85%  131.56 matches/s  ETA 6s
2026-10-05 19:08:49,311 INFO     benchmark — 3230/4000  A:85%  131.55 matches/s  ETA 6s
2026-10-05 19:08:49,384 INFO     benchmark — 3240/4000  A:85%  131.57 matches/s  ETA 6s
2026-10-05 19:08:49,452 INFO     benchmark — 3250/4000  A:85%  131.61 matches/s  ETA 6s
2026-10-05 19:08:49,526 INFO     benchmark — 3260/4000  A:85%  131.62 matches/s  ETA 6s
2026-10-05 19:08:49,608 INFO     benchmark — 3270/4000  A:85%  131.59 matches/s  ETA 6s
2026-10-05 19:08:49,675 INFO     benchmark — 3280/4000  A:85%  131.64 matches/s  ETA 5s
2026-10-05 19:08:49,755 INFO     benchmark — 3290/4000  A:85%  131.61 matches/s  ETA 5s
2026-10-05 19:08:49,842 INFO     benchmark — 3300/4000  A:85%  131.56 matches/s  ETA 5s
2026-10-05 19:08:49,897 INFO     benchmark — 3310/4000  A:85%  131.67 matches/s  ETA 5s
2026-10-05 19:08:49,954 INFO     benchmark — 3320/4000  A:85%  131.77 matches/s  ETA 5s
2026-10-05 19:08:50,033 INFO     benchmark — 3330/4000  A:85%  131.75 matches/s  ETA 5s
2026-10-05 19:08:50,108 INFO     benchmark — 3340/4000  A:85%  131.75 matches/s  ETA 5s
2026-10-05 19:08:50,171 INFO     benchmark — 3350/4000  A:85%  131.82 matches/s  ETA 5s
2026-10-05 19:08:50,230 INFO     benchmark — 3360/4000  A:85%  131.91 matches/s  ETA 5s
2026-10-05 19:08:50,306 INFO     benchmark — 3370/4000  A:85%  131.91 matches/s  ETA 5s
2026-10-05 19:08:50,388 INFO     benchmark — 3380/4000  A:85%  131.88 matches/s  ETA 5s
2026-10-05 19:08:50,457 INFO     benchmark — 3390/4000  A:85%  131.91 matches/s  ETA 5s
2026-10-05 19:08:50,530 INFO     benchmark — 3400/4000  A:85%  131.93 matches/s  ETA 5s
2026-10-05 19:08:50,607 INFO     benchmark — 3410/4000  A:85%  131.92 matches/s  ETA 4s
2026-10-05 19:08:50,675 INFO     benchmark — 3420/4000  A:85%  131.96 matches/s  ETA 4s
2026-10-05 19:08:50,744 INFO     benchmark — 3430/4000  A:85%  131.99 matches/s  ETA 4s
2026-10-05 19:08:50,814 INFO     benchmark — 3440/4000  A:85%  132.02 matches/s  ETA 4s
2026-10-05 19:08:50,883 INFO     benchmark — 3450/4000  A:85%  132.06 matches/s  ETA 4s
2026-10-05 19:08:50,955 INFO     benchmark — 3460/4000  A:85%  132.07 matches/s  ETA 4s
2026-10-05 19:08:51,037 INFO     benchmark — 3470/4000  A:85%  132.04 matches/s  ETA 4s
2026-10-05 19:08:51,115 INFO     benchmark — 3480/4000  A:85%  132.03 matches/s  ETA 4s
2026-10-05 19:08:51,181 INFO     benchmark — 3490/4000  A:85%  132.08 matches/s  ETA 4s
2026-10-05 19:08:51,252 INFO     benchmark — 3500/4000  A:85%  132.10 matches/s  ETA 4s
2026-10-05 19:08:51,316 INFO     benchmark — 3510/4000  A:85%  132.16 matches/s  ETA 4s
2026-10-05 19:08:51,408 INFO     benchmark — 3520/4000  A:85%  132.08 matches/s  ETA 4s
2026-10-05 19:08:51,497 INFO     benchmark — 3530/4000  A:85%  132.02 matches/s  ETA 4s
2026-10-05 19:08:51,553 INFO     benchmark — 3540/4000  A:85%  132.12 matches/s  ETA 3s
2026-10-05 19:08:51,633 INFO     benchmark — 3550/4000  A:85%  132.09 matches/s  ETA 3s
2026-10-05 19:08:51,733 INFO     benchmark — 3560/4000  A:85%  131.97 matches/s  ETA 3s
2026-10-05 19:08:51,812 INFO     benchmark — 3570/4000  A:85%  131.96 matches/s  ETA 3s
2026-10-05 19:08:51,880 INFO     benchmark — 3580/4000  A:85%  131.99 matches/s  ETA 3s
2026-10-05 19:08:51,951 INFO     benchmark — 3590/4000  A:85%  132.02 matches/s  ETA 3s
2026-10-05 19:08:52,040 INFO     benchmark — 3600/4000  A:85%  131.95 matches/s  ETA 3s
2026-10-05 19:08:52,099 INFO     benchmark — 3610/4000  A:85%  132.04 matches/s  ETA 3s
2026-10-05 19:08:52,183 INFO     benchmark — 3620/4000  A:85%  132.00 matches/s  ETA 3s
2026-10-05 19:08:52,264 INFO     benchmark — 3630/4000  A:85%  131.97 matches/s  ETA 3s
2026-10-05 19:08:52,332 INFO     benchmark — 3640/4000  A:85%  132.01 matches/s  ETA 3s
2026-10-05 19:08:52,410 INFO     benchmark — 3650/4000  A:85%  132.00 matches/s  ETA 3s
2026-10-05 19:08:52,480 INFO     benchmark — 3660/4000  A:85%  132.02 matches/s  ETA 3s
2026-10-05 19:08:52,560 INFO     benchmark — 3670/4000  A:85%  132.00 matches/s  ETA 2s
2026-10-05 19:08:52,629 INFO     benchmark — 3680/4000  A:85%  132.04 matches/s  ETA 2s
2026-10-05 19:08:52,715 INFO     benchmark — 3690/4000  A:85%  131.99 matches/s  ETA 2s
2026-10-05 19:08:52,794 INFO     benchmark — 3700/4000  A:85%  131.97 matches/s  ETA 2s
2026-10-05 19:08:52,884 INFO     benchmark — 3710/4000  A:85%  131.90 matches/s  ETA 2s
2026-10-05 19:08:52,963 INFO     benchmark — 3720/4000  A:85%  131.89 matches/s  ETA 2s
2026-10-05 19:08:53,046 INFO     benchmark — 3730/4000  A:85%  131.86 matches/s  ETA 2s
2026-10-05 19:08:53,121 INFO     benchmark — 3740/4000  A:85%  131.86 matches/s  ETA 2s
2026-10-05 19:08:53,214 INFO     benchmark — 3750/4000  A:85%  131.78 matches/s  ETA 2s
2026-10-05 19:08:53,297 INFO     benchmark — 3760/4000  A:85%  131.75 matches/s  ETA 2s
2026-10-05 19:08:53,396 INFO     benchmark — 3770/4000  A:85%  131.64 matches/s  ETA 2s
2026-10-05 19:08:53,461 INFO     benchmark — 3780/4000  A:85%  131.69 matches/s  ETA 2s
2026-10-05 19:08:53,550 INFO     benchmark — 3790/4000  A:85%  131.63 matches/s  ETA 2s
2026-10-05 19:08:53,618 INFO     benchmark — 3800/4000  A:85%  131.67 matches/s  ETA 2s
2026-10-05 19:08:53,708 INFO     benchmark — 3810/4000  A:85%  131.61 matches/s  ETA 1s
2026-10-05 19:08:53,782 INFO     benchmark — 3820/4000  A:85%  131.61 matches/s  ETA 1s
2026-10-05 19:08:53,841 INFO     benchmark — 3830/4000  A:85%  131.69 matches/s  ETA 1s
2026-10-05 19:08:53,912 INFO     benchmark — 3840/4000  A:85%  131.71 matches/s  ETA 1s
2026-10-05 19:08:53,993 INFO     benchmark — 3850/4000  A:85%  131.69 matches/s  ETA 1s
2026-10-05 19:08:54,082 INFO     benchmark — 3860/4000  A:85%  131.63 matches/s  ETA 1s
2026-10-05 19:08:54,176 INFO     benchmark — 3870/4000  A:85%  131.55 matches/s  ETA 1s
2026-10-05 19:08:54,242 INFO     benchmark — 3880/4000  A:85%  131.60 matches/s  ETA 1s
2026-10-05 19:08:54,315 INFO     benchmark — 3890/4000  A:85%  131.61 matches/s  ETA 1s
2026-10-05 19:08:54,382 INFO     benchmark — 3900/4000  A:85%  131.65 matches/s  ETA 1s
2026-10-05 19:08:54,489 INFO     benchmark — 3910/4000  A:85%  131.51 matches/s  ETA 1s
2026-10-05 19:08:54,559 INFO     benchmark — 3920/4000  A:85%  131.54 matches/s  ETA 1s
2026-10-05 19:08:54,653 INFO     benchmark — 3930/4000  A:85%  131.46 matches/s  ETA 1s
2026-10-05 19:08:54,736 INFO     benchmark — 3940/4000  A:85%  131.43 matches/s  ETA 0s
2026-10-05 19:08:54,829 INFO     benchmark — 3950/4000  A:85%  131.36 matches/s  ETA 0s
2026-10-05 19:08:54,901 INFO     benchmark — 3960/4000  A:85%  131.37 matches/s  ETA 0s
2026-10-05 19:08:54,972 INFO     benchmark — 3970/4000  A:85%  131.39 matches/s  ETA 0s
2026-10-05 19:08:55,046 INFO     benchmark — 3980/4000  A:85%  131.40 matches/s  ETA 0s
2026-10-05 19:08:55,107 INFO     benchmark — 3990/4000  A:85%  131.47 matches/s  ETA 0s
2026-10-05 19:08:55,183 INFO     benchmark — 4000/4000  A:85%  131.47 matches/s  ETA 0s
2026-10-05 19:08:55,192 INFO     benchmark — wrote results/009/M5M_vs_rnd.json

──────────────────────────────────────────────────
Mode:        match_rl_vs_random
Matches:      4,000
──────────────────────────────────────────────────
RL(ckpt_0005002240) wins:  3,405  (85.1%)
Random wins:  595  (14.9%)
Ties:        0  (0.0%)
──────────────────────────────────────────────────

