2026-10-05 19:07:09,097 INFO     benchmark — 10/4000  A:80%  55.52 matches/s  ETA 72s
2026-10-05 19:07:09,258 INFO     benchmark — 20/4000  A:80%  58.69 matches/s  ETA 68s
2026-10-05 19:07:09,435 INFO     benchmark — 30/4000  A:80%  57.88 matches/s  ETA 69s
2026-10-05 19:07:09,628 INFO     benchmark — 40/4000  A:80%  56.24 matches/s  ETA 70s
2026-10-05 19:07:09,807 INFO     benchmark — 50/4000  A:76%  56.18 matches/s  ETA 70s
2026-10-05 19:07:09,976 INFO     benchmark — 60/4000  A:78%  56.67 matches/s  ETA 70s
2026-10-05 19:07:10,172 INFO     benchmark — 70/4000  A:79%  55.79 matches/s  ETA 70s
2026-10-05 19:07:10,359 INFO     benchmark — 80/4000  A:80%  55.47 matches/s  ETA 71s
2026-10-05 19:07:10,704 INFO     benchmark — 90/4000  A:82%  50.36 matches/s  ETA 78s
2026-10-05 19:07:11,167 INFO     benchmark — 100/4000  A:82%  44.45 matches/s  ETA 88s
2026-10-05 19:07:11,552 INFO     benchmark — 110/4000  A:80%  41.75 matches/s  ETA 93s
2026-10-05 19:07:11,850 INFO     benchmark — 120/4000  A:78%  40.92 matches/s  ETA 95s
2026-10-05 19:07:12,039 INFO     benchmark — 130/4000  A:79%  41.64 matches/s  ETA 93s
2026-10-05 19:07:12,264 INFO     benchmark — 140/4000  A:80%  41.83 matches/s  ETA 92s
2026-10-05 19:07:12,566 INFO     benchmark — 150/4000  A:79%  41.10 matches/s  ETA 94s
2026-10-05 19:07:12,768 INFO     benchmark — 160/4000  A:79%  41.55 matches/s  ETA 92s
2026-10-05 19:07:12,962 INFO     benchmark — 170/4000  A:79%  42.03 matches/s  ETA 91s
2026-10-05 19:07:13,268 INFO     benchmark — 180/4000  A:80%  41.37 matches/s  ETA 92s
2026-10-05 19:07:13,549 INFO     benchmark — 190/4000  A:81%  41.02 matches/s  ETA 93s
2026-10-05 19:07:13,779 INFO     benchmark — 200/4000  A:81%  41.13 matches/s  ETA 92s
2026-10-05 19:07:13,961 INFO     benchmark — 210/4000  A:80%  41.64 matches/s  ETA 91s
2026-10-05 19:07:14,135 INFO     benchmark — 220/4000  A:80%  42.16 matches/s  ETA 90s
2026-10-05 19:07:14,321 INFO     benchmark — 230/4000  A:80%  42.56 matches/s  ETA 89s
2026-10-05 19:07:14,494 INFO     benchmark — 240/4000  A:79%  43.04 matches/s  ETA 87s
2026-10-05 19:07:14,672 INFO     benchmark — 250/4000  A:79%  43.44 matches/s  ETA 86s
2026-10-05 19:07:14,853 INFO     benchmark — 260/4000  A:79%  43.80 matches/s  ETA 85s
2026-10-05 19:07:15,037 INFO     benchmark — 270/4000  A:80%  44.12 matches/s  ETA 85s
2026-10-05 19:07:15,227 INFO     benchmark — 280/4000  A:79%  44.38 matches/s  ETA 84s
2026-10-05 19:07:15,398 INFO     benchmark — 290/4000  A:79%  44.75 matches/s  ETA 83s
2026-10-05 19:07:15,598 INFO     benchmark — 300/4000  A:79%  44.91 matches/s  ETA 82s
2026-10-05 19:07:15,787 INFO     benchmark — 310/4000  A:80%  45.12 matches/s  ETA 82s
2026-10-05 19:07:15,968 INFO     benchmark — 320/4000  A:80%  45.38 matches/s  ETA 81s
2026-10-05 19:07:16,171 INFO     benchmark — 330/4000  A:80%  45.49 matches/s  ETA 81s
2026-10-05 19:07:16,333 INFO     benchmark — 340/4000  A:81%  45.85 matches/s  ETA 80s
2026-10-05 19:07:16,502 INFO     benchmark — 350/4000  A:81%  46.14 matches/s  ETA 79s
2026-10-05 19:07:16,683 INFO     benchmark — 360/4000  A:81%  46.36 matches/s  ETA 79s
2026-10-05 19:07:16,869 INFO     benchmark — 370/4000  A:81%  46.53 matches/s  ETA 78s
2026-10-05 19:07:17,075 INFO     benchmark — 380/4000  A:82%  46.58 matches/s  ETA 78s
2026-10-05 19:07:17,273 INFO     benchmark — 390/4000  A:82%  46.67 matches/s  ETA 77s
2026-10-05 19:07:17,456 INFO     benchmark — 400/4000  A:81%  46.84 matches/s  ETA 77s
2026-10-05 19:07:17,643 INFO     benchmark — 410/4000  A:81%  46.99 matches/s  ETA 76s
2026-10-05 19:07:17,807 INFO     benchmark — 420/4000  A:81%  47.24 matches/s  ETA 76s
2026-10-05 19:07:17,982 INFO     benchmark — 430/4000  A:81%  47.43 matches/s  ETA 75s
2026-10-05 19:07:18,175 INFO     benchmark — 440/4000  A:81%  47.53 matches/s  ETA 75s
2026-10-05 19:07:18,437 INFO     benchmark — 450/4000  A:82%  47.27 matches/s  ETA 75s
2026-10-05 19:07:18,733 INFO     benchmark — 460/4000  A:82%  46.86 matches/s  ETA 76s
2026-10-05 19:07:18,911 INFO     benchmark — 470/4000  A:82%  47.03 matches/s  ETA 75s
2026-10-05 19:07:19,180 INFO     benchmark — 480/4000  A:82%  46.77 matches/s  ETA 75s
2026-10-05 19:07:19,619 INFO     benchmark — 490/4000  A:82%  45.78 matches/s  ETA 77s
2026-10-05 19:07:19,821 INFO     benchmark — 500/4000  A:82%  45.85 matches/s  ETA 76s
2026-10-05 19:07:20,022 INFO     benchmark — 510/4000  A:82%  45.92 matches/s  ETA 76s
2026-10-05 19:07:20,207 INFO     benchmark — 520/4000  A:82%  46.06 matches/s  ETA 76s
2026-10-05 19:07:20,422 INFO     benchmark — 530/4000  A:83%  46.07 matches/s  ETA 75s
2026-10-05 19:07:20,600 INFO     benchmark — 540/4000  A:83%  46.22 matches/s  ETA 75s
2026-10-05 19:07:20,794 INFO     benchmark — 550/4000  A:83%  46.31 matches/s  ETA 74s
2026-10-05 19:07:20,985 INFO     benchmark — 560/4000  A:83%  46.40 matches/s  ETA 74s
2026-10-05 19:07:21,162 INFO     benchmark — 570/4000  A:83%  46.55 matches/s  ETA 74s
2026-10-05 19:07:21,348 INFO     benchmark — 580/4000  A:83%  46.66 matches/s  ETA 73s
2026-10-05 19:07:21,526 INFO     benchmark — 590/4000  A:83%  46.79 matches/s  ETA 73s
2026-10-05 19:07:21,721 INFO     benchmark — 600/4000  A:83%  46.86 matches/s  ETA 73s
2026-10-05 19:07:21,910 INFO     benchmark — 610/4000  A:83%  46.95 matches/s  ETA 72s
2026-10-05 19:07:22,128 INFO     benchmark — 620/4000  A:83%  46.93 matches/s  ETA 72s
2026-10-05 19:07:22,338 INFO     benchmark — 630/4000  A:83%  46.94 matches/s  ETA 72s
2026-10-05 19:07:22,545 INFO     benchmark — 640/4000  A:83%  46.96 matches/s  ETA 72s
2026-10-05 19:07:22,751 INFO     benchmark — 650/4000  A:84%  46.99 matches/s  ETA 71s
2026-10-05 19:07:22,947 INFO     benchmark — 660/4000  A:83%  47.04 matches/s  ETA 71s
2026-10-05 19:07:23,152 INFO     benchmark — 670/4000  A:84%  47.07 matches/s  ETA 71s
2026-10-05 19:07:23,349 INFO     benchmark — 680/4000  A:84%  47.12 matches/s  ETA 70s
2026-10-05 19:07:23,540 INFO     benchmark — 690/4000  A:84%  47.19 matches/s  ETA 70s
2026-10-05 19:07:23,730 INFO     benchmark — 700/4000  A:84%  47.26 matches/s  ETA 70s
2026-10-05 19:07:23,912 INFO     benchmark — 710/4000  A:84%  47.35 matches/s  ETA 69s
2026-10-05 19:07:24,164 INFO     benchmark — 720/4000  A:84%  47.22 matches/s  ETA 69s
2026-10-05 19:07:24,354 INFO     benchmark — 730/4000  A:84%  47.29 matches/s  ETA 69s
2026-10-05 19:07:24,535 INFO     benchmark — 740/4000  A:84%  47.38 matches/s  ETA 69s
2026-10-05 19:07:24,772 INFO     benchmark — 750/4000  A:84%  47.30 matches/s  ETA 69s
2026-10-05 19:07:25,036 INFO     benchmark — 760/4000  A:84%  47.15 matches/s  ETA 69s
2026-10-05 19:07:25,212 INFO     benchmark — 770/4000  A:84%  47.25 matches/s  ETA 68s
2026-10-05 19:07:25,432 INFO     benchmark — 780/4000  A:84%  47.23 matches/s  ETA 68s
2026-10-05 19:07:25,596 INFO     benchmark — 790/4000  A:84%  47.36 matches/s  ETA 68s
2026-10-05 19:07:25,761 INFO     benchmark — 800/4000  A:84%  47.49 matches/s  ETA 67s
2026-10-05 19:07:25,966 INFO     benchmark — 810/4000  A:84%  47.51 matches/s  ETA 67s
2026-10-05 19:07:26,140 INFO     benchmark — 820/4000  A:84%  47.61 matches/s  ETA 67s
2026-10-05 19:07:26,314 INFO     benchmark — 830/4000  A:84%  47.71 matches/s  ETA 66s
2026-10-05 19:07:26,492 INFO     benchmark — 840/4000  A:84%  47.79 matches/s  ETA 66s
2026-10-05 19:07:26,689 INFO     benchmark — 850/4000  A:85%  47.83 matches/s  ETA 66s
2026-10-05 19:07:26,894 INFO     benchmark — 860/4000  A:84%  47.84 matches/s  ETA 66s
2026-10-05 19:07:27,063 INFO     benchmark — 870/4000  A:84%  47.94 matches/s  ETA 65s
2026-10-05 19:07:27,282 INFO     benchmark — 880/4000  A:85%  47.92 matches/s  ETA 65s
2026-10-05 19:07:27,726 INFO     benchmark — 890/4000  A:84%  47.32 matches/s  ETA 66s
2026-10-05 19:07:27,960 INFO     benchmark — 900/4000  A:84%  47.26 matches/s  ETA 66s
2026-10-05 19:07:28,146 INFO     benchmark — 910/4000  A:85%  47.32 matches/s  ETA 65s
2026-10-05 19:07:28,303 INFO     benchmark — 920/4000  A:85%  47.46 matches/s  ETA 65s
2026-10-05 19:07:28,474 INFO     benchmark — 930/4000  A:85%  47.55 matches/s  ETA 65s
2026-10-05 19:07:28,654 INFO     benchmark — 940/4000  A:85%  47.63 matches/s  ETA 64s
2026-10-05 19:07:28,858 INFO     benchmark — 950/4000  A:85%  47.64 matches/s  ETA 64s
2026-10-05 19:07:29,045 INFO     benchmark — 960/4000  A:85%  47.69 matches/s  ETA 64s
2026-10-05 19:07:29,215 INFO     benchmark — 970/4000  A:85%  47.79 matches/s  ETA 63s
2026-10-05 19:07:29,375 INFO     benchmark — 980/4000  A:85%  47.90 matches/s  ETA 63s
2026-10-05 19:07:29,527 INFO     benchmark — 990/4000  A:85%  48.03 matches/s  ETA 63s
2026-10-05 19:07:29,689 INFO     benchmark — 1000/4000  A:85%  48.14 matches/s  ETA 62s
2026-10-05 19:07:29,882 INFO     benchmark — 1010/4000  A:85%  48.18 matches/s  ETA 62s
2026-10-05 19:07:30,043 INFO     benchmark — 1020/4000  A:85%  48.28 matches/s  ETA 62s
2026-10-05 19:07:30,246 INFO     benchmark — 1030/4000  A:85%  48.29 matches/s  ETA 62s
2026-10-05 19:07:30,431 INFO     benchmark — 1040/4000  A:85%  48.34 matches/s  ETA 61s
2026-10-05 19:07:30,611 INFO     benchmark — 1050/4000  A:85%  48.40 matches/s  ETA 61s
2026-10-05 19:07:30,795 INFO     benchmark — 1060/4000  A:85%  48.45 matches/s  ETA 61s
2026-10-05 19:07:30,987 INFO     benchmark — 1070/4000  A:85%  48.48 matches/s  ETA 60s
2026-10-05 19:07:31,171 INFO     benchmark — 1080/4000  A:85%  48.53 matches/s  ETA 60s
2026-10-05 19:07:31,343 INFO     benchmark — 1090/4000  A:85%  48.60 matches/s  ETA 60s
2026-10-05 19:07:31,534 INFO     benchmark — 1100/4000  A:85%  48.64 matches/s  ETA 60s
2026-10-05 19:07:31,718 INFO     benchmark — 1110/4000  A:85%  48.68 matches/s  ETA 59s
2026-10-05 19:07:31,899 INFO     benchmark — 1120/4000  A:85%  48.73 matches/s  ETA 59s
2026-10-05 19:07:32,152 INFO     benchmark — 1130/4000  A:85%  48.63 matches/s  ETA 59s
2026-10-05 19:07:32,334 INFO     benchmark — 1140/4000  A:85%  48.68 matches/s  ETA 59s
2026-10-05 19:07:32,532 INFO     benchmark — 1150/4000  A:85%  48.70 matches/s  ETA 59s
2026-10-05 19:07:32,804 INFO     benchmark — 1160/4000  A:85%  48.56 matches/s  ETA 58s
2026-10-05 19:07:33,120 INFO     benchmark — 1170/4000  A:85%  48.34 matches/s  ETA 59s
2026-10-05 19:07:33,315 INFO     benchmark — 1180/4000  A:85%  48.37 matches/s  ETA 58s
2026-10-05 19:07:33,518 INFO     benchmark — 1190/4000  A:85%  48.37 matches/s  ETA 58s
2026-10-05 19:07:33,762 INFO     benchmark — 1200/4000  A:85%  48.30 matches/s  ETA 58s
2026-10-05 19:07:34,194 INFO     benchmark — 1210/4000  A:85%  47.87 matches/s  ETA 58s
2026-10-05 19:07:34,628 INFO     benchmark — 1220/4000  A:85%  47.45 matches/s  ETA 59s
2026-10-05 19:07:34,889 INFO     benchmark — 1230/4000  A:85%  47.36 matches/s  ETA 58s
2026-10-05 19:07:35,093 INFO     benchmark — 1240/4000  A:85%  47.37 matches/s  ETA 58s
2026-10-05 19:07:35,352 INFO     benchmark — 1250/4000  A:85%  47.29 matches/s  ETA 58s
2026-10-05 19:07:35,566 INFO     benchmark — 1260/4000  A:85%  47.28 matches/s  ETA 58s
2026-10-05 19:07:35,761 INFO     benchmark — 1270/4000  A:85%  47.31 matches/s  ETA 58s
2026-10-05 19:07:35,927 INFO     benchmark — 1280/4000  A:85%  47.39 matches/s  ETA 57s
2026-10-05 19:07:36,101 INFO     benchmark — 1290/4000  A:85%  47.45 matches/s  ETA 57s
2026-10-05 19:07:36,285 INFO     benchmark — 1300/4000  A:85%  47.50 matches/s  ETA 57s
2026-10-05 19:07:36,441 INFO     benchmark — 1310/4000  A:85%  47.59 matches/s  ETA 57s
2026-10-05 19:07:36,634 INFO     benchmark — 1320/4000  A:85%  47.62 matches/s  ETA 56s
2026-10-05 19:07:36,820 INFO     benchmark — 1330/4000  A:85%  47.66 matches/s  ETA 56s
2026-10-05 19:07:37,001 INFO     benchmark — 1340/4000  A:85%  47.71 matches/s  ETA 56s
2026-10-05 19:07:37,178 INFO     benchmark — 1350/4000  A:85%  47.77 matches/s  ETA 55s
2026-10-05 19:07:37,361 INFO     benchmark — 1360/4000  A:85%  47.81 matches/s  ETA 55s
2026-10-05 19:07:37,559 INFO     benchmark — 1370/4000  A:85%  47.83 matches/s  ETA 55s
2026-10-05 19:07:37,729 INFO     benchmark — 1380/4000  A:85%  47.90 matches/s  ETA 55s
2026-10-05 19:07:37,922 INFO     benchmark — 1390/4000  A:85%  47.92 matches/s  ETA 54s
2026-10-05 19:07:38,092 INFO     benchmark — 1400/4000  A:85%  47.99 matches/s  ETA 54s
2026-10-05 19:07:38,283 INFO     benchmark — 1410/4000  A:85%  48.01 matches/s  ETA 54s
2026-10-05 19:07:38,466 INFO     benchmark — 1420/4000  A:85%  48.06 matches/s  ETA 54s
2026-10-05 19:07:38,648 INFO     benchmark — 1430/4000  A:85%  48.10 matches/s  ETA 53s
2026-10-05 19:07:38,823 INFO     benchmark — 1440/4000  A:85%  48.15 matches/s  ETA 53s
2026-10-05 19:07:39,029 INFO     benchmark — 1450/4000  A:85%  48.15 matches/s  ETA 53s
2026-10-05 19:07:39,204 INFO     benchmark — 1460/4000  A:85%  48.21 matches/s  ETA 53s
2026-10-05 19:07:39,398 INFO     benchmark — 1470/4000  A:85%  48.23 matches/s  ETA 52s
2026-10-05 19:07:39,588 INFO     benchmark — 1480/4000  A:85%  48.25 matches/s  ETA 52s
2026-10-05 19:07:39,785 INFO     benchmark — 1490/4000  A:85%  48.27 matches/s  ETA 52s
2026-10-05 19:07:39,965 INFO     benchmark — 1500/4000  A:85%  48.31 matches/s  ETA 52s
2026-10-05 19:07:40,143 INFO     benchmark — 1510/4000  A:85%  48.36 matches/s  ETA 51s
2026-10-05 19:07:40,318 INFO     benchmark — 1520/4000  A:86%  48.41 matches/s  ETA 51s
2026-10-05 19:07:40,503 INFO     benchmark — 1530/4000  A:86%  48.44 matches/s  ETA 51s
2026-10-05 19:07:40,673 INFO     benchmark — 1540/4000  A:86%  48.50 matches/s  ETA 51s
2026-10-05 19:07:40,862 INFO     benchmark — 1550/4000  A:86%  48.52 matches/s  ETA 50s
2026-10-05 19:07:41,051 INFO     benchmark — 1560/4000  A:86%  48.55 matches/s  ETA 50s
2026-10-05 19:07:41,227 INFO     benchmark — 1570/4000  A:86%  48.59 matches/s  ETA 50s
2026-10-05 19:07:41,424 INFO     benchmark — 1580/4000  A:86%  48.60 matches/s  ETA 50s
2026-10-05 19:07:41,624 INFO     benchmark — 1590/4000  A:86%  48.61 matches/s  ETA 50s
2026-10-05 19:07:41,810 INFO     benchmark — 1600/4000  A:86%  48.64 matches/s  ETA 49s
2026-10-05 19:07:41,981 INFO     benchmark — 1610/4000  A:86%  48.69 matches/s  ETA 49s
2026-10-05 19:07:42,163 INFO     benchmark — 1620/4000  A:86%  48.73 matches/s  ETA 49s
2026-10-05 19:07:42,329 INFO     benchmark — 1630/4000  A:86%  48.78 matches/s  ETA 49s
2026-10-05 19:07:42,511 INFO     benchmark — 1640/4000  A:86%  48.82 matches/s  ETA 48s
2026-10-05 19:07:42,710 INFO     benchmark — 1650/4000  A:86%  48.83 matches/s  ETA 48s
2026-10-05 19:07:42,884 INFO     benchmark — 1660/4000  A:86%  48.87 matches/s  ETA 48s
2026-10-05 19:07:43,065 INFO     benchmark — 1670/4000  A:86%  48.90 matches/s  ETA 48s
2026-10-05 19:07:43,243 INFO     benchmark — 1680/4000  A:86%  48.94 matches/s  ETA 47s
2026-10-05 19:07:43,426 INFO     benchmark — 1690/4000  A:86%  48.97 matches/s  ETA 47s
2026-10-05 19:07:43,652 INFO     benchmark — 1700/4000  A:85%  48.94 matches/s  ETA 47s
2026-10-05 19:07:44,108 INFO     benchmark — 1710/4000  A:85%  48.59 matches/s  ETA 47s
2026-10-05 19:07:44,296 INFO     benchmark — 1720/4000  A:85%  48.62 matches/s  ETA 47s
2026-10-05 19:07:44,464 INFO     benchmark — 1730/4000  A:85%  48.67 matches/s  ETA 47s
2026-10-05 19:07:44,638 INFO     benchmark — 1740/4000  A:85%  48.71 matches/s  ETA 46s
2026-10-05 19:07:44,823 INFO     benchmark — 1750/4000  A:85%  48.74 matches/s  ETA 46s
2026-10-05 19:07:45,116 INFO     benchmark — 1760/4000  A:85%  48.62 matches/s  ETA 46s
2026-10-05 19:07:45,270 INFO     benchmark — 1770/4000  A:85%  48.69 matches/s  ETA 46s
2026-10-05 19:07:45,452 INFO     benchmark — 1780/4000  A:85%  48.72 matches/s  ETA 46s
2026-10-05 19:07:45,633 INFO     benchmark — 1790/4000  A:85%  48.75 matches/s  ETA 45s
2026-10-05 19:07:45,820 INFO     benchmark — 1800/4000  A:85%  48.78 matches/s  ETA 45s
2026-10-05 19:07:45,986 INFO     benchmark — 1810/4000  A:85%  48.83 matches/s  ETA 45s
2026-10-05 19:07:46,168 INFO     benchmark — 1820/4000  A:85%  48.86 matches/s  ETA 45s
2026-10-05 19:07:46,335 INFO     benchmark — 1830/4000  A:85%  48.91 matches/s  ETA 44s
2026-10-05 19:07:46,523 INFO     benchmark — 1840/4000  A:85%  48.93 matches/s  ETA 44s
2026-10-05 19:07:46,674 INFO     benchmark — 1850/4000  A:85%  49.00 matches/s  ETA 44s
2026-10-05 19:07:46,853 INFO     benchmark — 1860/4000  A:85%  49.03 matches/s  ETA 44s
2026-10-05 19:07:47,075 INFO     benchmark — 1870/4000  A:85%  49.01 matches/s  ETA 43s
2026-10-05 19:07:47,250 INFO     benchmark — 1880/4000  A:85%  49.04 matches/s  ETA 43s
2026-10-05 19:07:47,423 INFO     benchmark — 1890/4000  A:85%  49.08 matches/s  ETA 43s
2026-10-05 19:07:47,607 INFO     benchmark — 1900/4000  A:85%  49.11 matches/s  ETA 43s
2026-10-05 19:07:47,832 INFO     benchmark — 1910/4000  A:85%  49.08 matches/s  ETA 43s
2026-10-05 19:07:48,239 INFO     benchmark — 1920/4000  A:85%  48.83 matches/s  ETA 43s
2026-10-05 19:07:48,661 INFO     benchmark — 1930/4000  A:85%  48.56 matches/s  ETA 43s
2026-10-05 19:07:49,077 INFO     benchmark — 1940/4000  A:86%  48.31 matches/s  ETA 43s
2026-10-05 19:07:49,286 INFO     benchmark — 1950/4000  A:85%  48.30 matches/s  ETA 42s
2026-10-05 19:07:49,472 INFO     benchmark — 1960/4000  A:85%  48.33 matches/s  ETA 42s
2026-10-05 19:07:49,633 INFO     benchmark — 1970/4000  A:85%  48.38 matches/s  ETA 42s
2026-10-05 19:07:49,823 INFO     benchmark — 1980/4000  A:85%  48.40 matches/s  ETA 42s
2026-10-05 19:07:49,987 INFO     benchmark — 1990/4000  A:85%  48.45 matches/s  ETA 41s
2026-10-05 19:07:50,152 INFO     benchmark — 2000/4000  A:85%  48.50 matches/s  ETA 41s
2026-10-05 19:07:50,320 INFO     benchmark — 2010/4000  A:85%  48.55 matches/s  ETA 41s
2026-10-05 19:07:50,486 INFO     benchmark — 2020/4000  A:85%  48.59 matches/s  ETA 41s
2026-10-05 19:07:50,853 INFO     benchmark — 2030/4000  A:85%  48.41 matches/s  ETA 41s
2026-10-05 19:07:51,299 INFO     benchmark — 2040/4000  A:85%  48.13 matches/s  ETA 41s
2026-10-05 19:07:51,717 INFO     benchmark — 2050/4000  A:86%  47.90 matches/s  ETA 41s
2026-10-05 19:07:52,116 INFO     benchmark — 2060/4000  A:86%  47.69 matches/s  ETA 41s
2026-10-05 19:07:52,560 INFO     benchmark — 2070/4000  A:86%  47.43 matches/s  ETA 41s
2026-10-05 19:07:53,023 INFO     benchmark — 2080/4000  A:86%  47.16 matches/s  ETA 41s
2026-10-05 19:07:53,458 INFO     benchmark — 2090/4000  A:86%  46.92 matches/s  ETA 41s
2026-10-05 19:07:53,910 INFO     benchmark — 2100/4000  A:85%  46.67 matches/s  ETA 41s
2026-10-05 19:07:54,350 INFO     benchmark — 2110/4000  A:85%  46.44 matches/s  ETA 41s
2026-10-05 19:07:54,795 INFO     benchmark — 2120/4000  A:86%  46.21 matches/s  ETA 41s
2026-10-05 19:07:55,203 INFO     benchmark — 2130/4000  A:86%  46.02 matches/s  ETA 41s
2026-10-05 19:07:55,628 INFO     benchmark — 2140/4000  A:86%  45.81 matches/s  ETA 41s
2026-10-05 19:07:56,044 INFO     benchmark — 2150/4000  A:86%  45.62 matches/s  ETA 41s
2026-10-05 19:07:56,481 INFO     benchmark — 2160/4000  A:86%  45.41 matches/s  ETA 41s
2026-10-05 19:07:56,906 INFO     benchmark — 2170/4000  A:86%  45.22 matches/s  ETA 40s
2026-10-05 19:07:57,363 INFO     benchmark — 2180/4000  A:86%  45.00 matches/s  ETA 40s
2026-10-05 19:07:57,770 INFO     benchmark — 2190/4000  A:86%  44.83 matches/s  ETA 40s
2026-10-05 19:07:58,208 INFO     benchmark — 2200/4000  A:86%  44.63 matches/s  ETA 40s
2026-10-05 19:07:58,640 INFO     benchmark — 2210/4000  A:86%  44.45 matches/s  ETA 40s
2026-10-05 19:07:59,063 INFO     benchmark — 2220/4000  A:86%  44.27 matches/s  ETA 40s
2026-10-05 19:07:59,516 INFO     benchmark — 2230/4000  A:86%  44.07 matches/s  ETA 40s
2026-10-05 19:07:59,950 INFO     benchmark — 2240/4000  A:86%  43.89 matches/s  ETA 40s
2026-10-05 19:08:00,359 INFO     benchmark — 2250/4000  A:86%  43.74 matches/s  ETA 40s
2026-10-05 19:08:00,785 INFO     benchmark — 2260/4000  A:86%  43.57 matches/s  ETA 40s
2026-10-05 19:08:01,251 INFO     benchmark — 2270/4000  A:86%  43.38 matches/s  ETA 40s
2026-10-05 19:08:01,681 INFO     benchmark — 2280/4000  A:85%  43.21 matches/s  ETA 40s
2026-10-05 19:08:02,189 INFO     benchmark — 2290/4000  A:85%  42.99 matches/s  ETA 40s
2026-10-05 19:08:02,574 INFO     benchmark — 2300/4000  A:85%  42.86 matches/s  ETA 40s
2026-10-05 19:08:02,895 INFO     benchmark — 2310/4000  A:85%  42.80 matches/s  ETA 39s
2026-10-05 19:08:03,084 INFO     benchmark — 2320/4000  A:85%  42.83 matches/s  ETA 39s
2026-10-05 19:08:03,263 INFO     benchmark — 2330/4000  A:85%  42.87 matches/s  ETA 39s
2026-10-05 19:08:03,463 INFO     benchmark — 2340/4000  A:85%  42.90 matches/s  ETA 39s
2026-10-05 19:08:03,633 INFO     benchmark — 2350/4000  A:85%  42.95 matches/s  ETA 38s
2026-10-05 19:08:03,808 INFO     benchmark — 2360/4000  A:85%  42.99 matches/s  ETA 38s
2026-10-05 19:08:03,972 INFO     benchmark — 2370/4000  A:85%  43.05 matches/s  ETA 38s
2026-10-05 19:08:04,208 INFO     benchmark — 2380/4000  A:85%  43.05 matches/s  ETA 38s
2026-10-05 19:08:04,428 INFO     benchmark — 2390/4000  A:85%  43.05 matches/s  ETA 37s
2026-10-05 19:08:04,829 INFO     benchmark — 2400/4000  A:85%  42.92 matches/s  ETA 37s
2026-10-05 19:08:05,153 INFO     benchmark — 2410/4000  A:85%  42.85 matches/s  ETA 37s
2026-10-05 19:08:05,329 INFO     benchmark — 2420/4000  A:85%  42.90 matches/s  ETA 37s
2026-10-05 19:08:05,505 INFO     benchmark — 2430/4000  A:85%  42.94 matches/s  ETA 37s
2026-10-05 19:08:05,685 INFO     benchmark — 2440/4000  A:85%  42.98 matches/s  ETA 36s
2026-10-05 19:08:05,856 INFO     benchmark — 2450/4000  A:85%  43.03 matches/s  ETA 36s
2026-10-05 19:08:06,031 INFO     benchmark — 2460/4000  A:85%  43.07 matches/s  ETA 36s
2026-10-05 19:08:06,208 INFO     benchmark — 2470/4000  A:85%  43.11 matches/s  ETA 35s
2026-10-05 19:08:06,399 INFO     benchmark — 2480/4000  A:85%  43.14 matches/s  ETA 35s
2026-10-05 19:08:06,573 INFO     benchmark — 2490/4000  A:85%  43.19 matches/s  ETA 35s
2026-10-05 19:08:06,747 INFO     benchmark — 2500/4000  A:85%  43.23 matches/s  ETA 35s
2026-10-05 19:08:06,953 INFO     benchmark — 2510/4000  A:85%  43.25 matches/s  ETA 34s
2026-10-05 19:08:07,131 INFO     benchmark — 2520/4000  A:85%  43.29 matches/s  ETA 34s
2026-10-05 19:08:07,303 INFO     benchmark — 2530/4000  A:85%  43.33 matches/s  ETA 34s
2026-10-05 19:08:07,457 INFO     benchmark — 2540/4000  A:85%  43.39 matches/s  ETA 34s
2026-10-05 19:08:07,649 INFO     benchmark — 2550/4000  A:85%  43.42 matches/s  ETA 33s
2026-10-05 19:08:07,849 INFO     benchmark — 2560/4000  A:85%  43.44 matches/s  ETA 33s
2026-10-05 19:08:08,067 INFO     benchmark — 2570/4000  A:85%  43.45 matches/s  ETA 33s
2026-10-05 19:08:08,483 INFO     benchmark — 2580/4000  A:85%  43.31 matches/s  ETA 33s
2026-10-05 19:08:08,914 INFO     benchmark — 2590/4000  A:85%  43.17 matches/s  ETA 33s
2026-10-05 19:08:09,366 INFO     benchmark — 2600/4000  A:85%  43.01 matches/s  ETA 33s
2026-10-05 19:08:09,641 INFO     benchmark — 2610/4000  A:85%  42.98 matches/s  ETA 32s
2026-10-05 19:08:09,818 INFO     benchmark — 2620/4000  A:85%  43.02 matches/s  ETA 32s
2026-10-05 19:08:09,991 INFO     benchmark — 2630/4000  A:85%  43.06 matches/s  ETA 32s
2026-10-05 19:08:10,158 INFO     benchmark — 2640/4000  A:85%  43.11 matches/s  ETA 32s
2026-10-05 19:08:10,323 INFO     benchmark — 2650/4000  A:85%  43.16 matches/s  ETA 31s
2026-10-05 19:08:10,497 INFO     benchmark — 2660/4000  A:85%  43.20 matches/s  ETA 31s
2026-10-05 19:08:10,686 INFO     benchmark — 2670/4000  A:85%  43.23 matches/s  ETA 31s
2026-10-05 19:08:10,865 INFO     benchmark — 2680/4000  A:85%  43.26 matches/s  ETA 31s
2026-10-05 19:08:11,014 INFO     benchmark — 2690/4000  A:85%  43.32 matches/s  ETA 30s
2026-10-05 19:08:11,367 INFO     benchmark — 2700/4000  A:85%  43.23 matches/s  ETA 30s
2026-10-05 19:08:11,806 INFO     benchmark — 2710/4000  A:85%  43.09 matches/s  ETA 30s
2026-10-05 19:08:12,143 INFO     benchmark — 2720/4000  A:85%  43.02 matches/s  ETA 30s
2026-10-05 19:08:12,306 INFO     benchmark — 2730/4000  A:85%  43.07 matches/s  ETA 29s
2026-10-05 19:08:12,485 INFO     benchmark — 2740/4000  A:85%  43.10 matches/s  ETA 29s
2026-10-05 19:08:12,664 INFO     benchmark — 2750/4000  A:85%  43.14 matches/s  ETA 29s
2026-10-05 19:08:12,823 INFO     benchmark — 2760/4000  A:85%  43.19 matches/s  ETA 29s
2026-10-05 19:08:13,005 INFO     benchmark — 2770/4000  A:85%  43.22 matches/s  ETA 28s
2026-10-05 19:08:13,434 INFO     benchmark — 2780/4000  A:85%  43.09 matches/s  ETA 28s
2026-10-05 19:08:13,744 INFO     benchmark — 2790/4000  A:85%  43.04 matches/s  ETA 28s
2026-10-05 19:08:13,904 INFO     benchmark — 2800/4000  A:85%  43.09 matches/s  ETA 28s
2026-10-05 19:08:14,074 INFO     benchmark — 2810/4000  A:85%  43.13 matches/s  ETA 28s
2026-10-05 19:08:14,273 INFO     benchmark — 2820/4000  A:85%  43.15 matches/s  ETA 27s
2026-10-05 19:08:14,453 INFO     benchmark — 2830/4000  A:85%  43.18 matches/s  ETA 27s
2026-10-05 19:08:14,644 INFO     benchmark — 2840/4000  A:85%  43.21 matches/s  ETA 27s
2026-10-05 19:08:14,823 INFO     benchmark — 2850/4000  A:85%  43.24 matches/s  ETA 27s
2026-10-05 19:08:15,002 INFO     benchmark — 2860/4000  A:85%  43.28 matches/s  ETA 26s
2026-10-05 19:08:15,179 INFO     benchmark — 2870/4000  A:85%  43.31 matches/s  ETA 26s
2026-10-05 19:08:15,372 INFO     benchmark — 2880/4000  A:85%  43.34 matches/s  ETA 26s
2026-10-05 19:08:15,558 INFO     benchmark — 2890/4000  A:85%  43.37 matches/s  ETA 26s
2026-10-05 19:08:15,751 INFO     benchmark — 2900/4000  A:85%  43.39 matches/s  ETA 25s
2026-10-05 19:08:15,938 INFO     benchmark — 2910/4000  A:85%  43.42 matches/s  ETA 25s
2026-10-05 19:08:16,111 INFO     benchmark — 2920/4000  A:85%  43.46 matches/s  ETA 25s
2026-10-05 19:08:16,286 INFO     benchmark — 2930/4000  A:85%  43.49 matches/s  ETA 25s
2026-10-05 19:08:16,459 INFO     benchmark — 2940/4000  A:85%  43.53 matches/s  ETA 24s
2026-10-05 19:08:16,624 INFO     benchmark — 2950/4000  A:85%  43.57 matches/s  ETA 24s
2026-10-05 19:08:16,804 INFO     benchmark — 2960/4000  A:85%  43.60 matches/s  ETA 24s
2026-10-05 19:08:16,985 INFO     benchmark — 2970/4000  A:85%  43.63 matches/s  ETA 24s
2026-10-05 19:08:17,158 INFO     benchmark — 2980/4000  A:85%  43.67 matches/s  ETA 23s
2026-10-05 19:08:17,324 INFO     benchmark — 2990/4000  A:85%  43.71 matches/s  ETA 23s
2026-10-05 19:08:17,490 INFO     benchmark — 3000/4000  A:85%  43.75 matches/s  ETA 23s
2026-10-05 19:08:17,667 INFO     benchmark — 3010/4000  A:85%  43.78 matches/s  ETA 23s
2026-10-05 19:08:17,839 INFO     benchmark — 3020/4000  A:85%  43.82 matches/s  ETA 22s
2026-10-05 19:08:18,018 INFO     benchmark — 3030/4000  A:85%  43.85 matches/s  ETA 22s
2026-10-05 19:08:18,196 INFO     benchmark — 3040/4000  A:85%  43.88 matches/s  ETA 22s
2026-10-05 19:08:18,392 INFO     benchmark — 3050/4000  A:85%  43.90 matches/s  ETA 22s
2026-10-05 19:08:18,549 INFO     benchmark — 3060/4000  A:85%  43.95 matches/s  ETA 21s
2026-10-05 19:08:18,728 INFO     benchmark — 3070/4000  A:85%  43.98 matches/s  ETA 21s
2026-10-05 19:08:18,910 INFO     benchmark — 3080/4000  A:85%  44.00 matches/s  ETA 21s
2026-10-05 19:08:19,080 INFO     benchmark — 3090/4000  A:85%  44.04 matches/s  ETA 21s
2026-10-05 19:08:19,259 INFO     benchmark — 3100/4000  A:85%  44.07 matches/s  ETA 20s
2026-10-05 19:08:19,422 INFO     benchmark — 3110/4000  A:85%  44.11 matches/s  ETA 20s
2026-10-05 19:08:19,586 INFO     benchmark — 3120/4000  A:85%  44.15 matches/s  ETA 20s
2026-10-05 19:08:19,770 INFO     benchmark — 3130/4000  A:85%  44.18 matches/s  ETA 20s
2026-10-05 19:08:19,948 INFO     benchmark — 3140/4000  A:85%  44.21 matches/s  ETA 19s
2026-10-05 19:08:20,123 INFO     benchmark — 3150/4000  A:85%  44.24 matches/s  ETA 19s
2026-10-05 19:08:20,301 INFO     benchmark — 3160/4000  A:85%  44.27 matches/s  ETA 19s
2026-10-05 19:08:20,472 INFO     benchmark — 3170/4000  A:85%  44.30 matches/s  ETA 19s
2026-10-05 19:08:20,661 INFO     benchmark — 3180/4000  A:85%  44.32 matches/s  ETA 19s
2026-10-05 19:08:20,854 INFO     benchmark — 3190/4000  A:85%  44.34 matches/s  ETA 18s
2026-10-05 19:08:21,017 INFO     benchmark — 3200/4000  A:85%  44.38 matches/s  ETA 18s
2026-10-05 19:08:21,195 INFO     benchmark — 3210/4000  A:85%  44.41 matches/s  ETA 18s
2026-10-05 19:08:21,394 INFO     benchmark — 3220/4000  A:85%  44.43 matches/s  ETA 18s
2026-10-05 19:08:21,576 INFO     benchmark — 3230/4000  A:85%  44.45 matches/s  ETA 17s
2026-10-05 19:08:21,730 INFO     benchmark — 3240/4000  A:85%  44.50 matches/s  ETA 17s
2026-10-05 19:08:21,907 INFO     benchmark — 3250/4000  A:85%  44.53 matches/s  ETA 17s
2026-10-05 19:08:22,083 INFO     benchmark — 3260/4000  A:85%  44.56 matches/s  ETA 17s
2026-10-05 19:08:22,230 INFO     benchmark — 3270/4000  A:85%  44.60 matches/s  ETA 16s
2026-10-05 19:08:22,408 INFO     benchmark — 3280/4000  A:85%  44.63 matches/s  ETA 16s
2026-10-05 19:08:22,603 INFO     benchmark — 3290/4000  A:85%  44.65 matches/s  ETA 16s
2026-10-05 19:08:22,800 INFO     benchmark — 3300/4000  A:85%  44.67 matches/s  ETA 16s
2026-10-05 19:08:22,997 INFO     benchmark — 3310/4000  A:85%  44.68 matches/s  ETA 15s
2026-10-05 19:08:23,184 INFO     benchmark — 3320/4000  A:85%  44.70 matches/s  ETA 15s
2026-10-05 19:08:23,361 INFO     benchmark — 3330/4000  A:85%  44.73 matches/s  ETA 15s
2026-10-05 19:08:23,536 INFO     benchmark — 3340/4000  A:85%  44.76 matches/s  ETA 15s
2026-10-05 19:08:23,712 INFO     benchmark — 3350/4000  A:85%  44.79 matches/s  ETA 15s
2026-10-05 19:08:23,895 INFO     benchmark — 3360/4000  A:85%  44.81 matches/s  ETA 14s
2026-10-05 19:08:24,078 INFO     benchmark — 3370/4000  A:86%  44.84 matches/s  ETA 14s
2026-10-05 19:08:24,289 INFO     benchmark — 3380/4000  A:86%  44.84 matches/s  ETA 14s
2026-10-05 19:08:24,471 INFO     benchmark — 3390/4000  A:86%  44.87 matches/s  ETA 14s
2026-10-05 19:08:24,675 INFO     benchmark — 3400/4000  A:86%  44.88 matches/s  ETA 13s
2026-10-05 19:08:24,849 INFO     benchmark — 3410/4000  A:86%  44.91 matches/s  ETA 13s
2026-10-05 19:08:25,041 INFO     benchmark — 3420/4000  A:86%  44.93 matches/s  ETA 13s
2026-10-05 19:08:25,225 INFO     benchmark — 3430/4000  A:86%  44.95 matches/s  ETA 13s
2026-10-05 19:08:25,414 INFO     benchmark — 3440/4000  A:85%  44.97 matches/s  ETA 12s
2026-10-05 19:08:25,598 INFO     benchmark — 3450/4000  A:86%  44.99 matches/s  ETA 12s
2026-10-05 19:08:25,785 INFO     benchmark — 3460/4000  A:85%  45.01 matches/s  ETA 12s
2026-10-05 19:08:25,972 INFO     benchmark — 3470/4000  A:85%  45.03 matches/s  ETA 12s
2026-10-05 19:08:26,171 INFO     benchmark — 3480/4000  A:85%  45.05 matches/s  ETA 12s
2026-10-05 19:08:26,353 INFO     benchmark — 3490/4000  A:85%  45.07 matches/s  ETA 11s
2026-10-05 19:08:26,521 INFO     benchmark — 3500/4000  A:85%  45.10 matches/s  ETA 11s
2026-10-05 19:08:26,674 INFO     benchmark — 3510/4000  A:85%  45.14 matches/s  ETA 11s
2026-10-05 19:08:26,847 INFO     benchmark — 3520/4000  A:85%  45.17 matches/s  ETA 11s
2026-10-05 19:08:27,027 INFO     benchmark — 3530/4000  A:85%  45.19 matches/s  ETA 10s
2026-10-05 19:08:27,212 INFO     benchmark — 3540/4000  A:85%  45.21 matches/s  ETA 10s
2026-10-05 19:08:27,382 INFO     benchmark — 3550/4000  A:85%  45.24 matches/s  ETA 10s
2026-10-05 19:08:27,566 INFO     benchmark — 3560/4000  A:85%  45.26 matches/s  ETA 10s
2026-10-05 19:08:27,732 INFO     benchmark — 3570/4000  A:85%  45.30 matches/s  ETA 9s
2026-10-05 19:08:27,935 INFO     benchmark — 3580/4000  A:85%  45.31 matches/s  ETA 9s
2026-10-05 19:08:28,140 INFO     benchmark — 3590/4000  A:85%  45.32 matches/s  ETA 9s
2026-10-05 19:08:28,326 INFO     benchmark — 3600/4000  A:85%  45.33 matches/s  ETA 9s
2026-10-05 19:08:28,522 INFO     benchmark — 3610/4000  A:85%  45.35 matches/s  ETA 9s
2026-10-05 19:08:28,700 INFO     benchmark — 3620/4000  A:85%  45.37 matches/s  ETA 8s
2026-10-05 19:08:28,897 INFO     benchmark — 3630/4000  A:85%  45.39 matches/s  ETA 8s
2026-10-05 19:08:29,069 INFO     benchmark — 3640/4000  A:85%  45.41 matches/s  ETA 8s
2026-10-05 19:08:29,254 INFO     benchmark — 3650/4000  A:85%  45.43 matches/s  ETA 8s
2026-10-05 19:08:29,440 INFO     benchmark — 3660/4000  A:85%  45.45 matches/s  ETA 7s
2026-10-05 19:08:29,631 INFO     benchmark — 3670/4000  A:85%  45.47 matches/s  ETA 7s
2026-10-05 19:08:29,825 INFO     benchmark — 3680/4000  A:85%  45.48 matches/s  ETA 7s
2026-10-05 19:08:30,003 INFO     benchmark — 3690/4000  A:85%  45.51 matches/s  ETA 7s
2026-10-05 19:08:30,180 INFO     benchmark — 3700/4000  A:85%  45.53 matches/s  ETA 7s
2026-10-05 19:08:30,377 INFO     benchmark — 3710/4000  A:85%  45.54 matches/s  ETA 6s
2026-10-05 19:08:30,550 INFO     benchmark — 3720/4000  A:85%  45.57 matches/s  ETA 6s
2026-10-05 19:08:30,722 INFO     benchmark — 3730/4000  A:85%  45.60 matches/s  ETA 6s
2026-10-05 19:08:30,912 INFO     benchmark — 3740/4000  A:85%  45.61 matches/s  ETA 6s
2026-10-05 19:08:31,103 INFO     benchmark — 3750/4000  A:85%  45.63 matches/s  ETA 5s
2026-10-05 19:08:31,275 INFO     benchmark — 3760/4000  A:85%  45.65 matches/s  ETA 5s
2026-10-05 19:08:31,450 INFO     benchmark — 3770/4000  A:85%  45.68 matches/s  ETA 5s
2026-10-05 19:08:31,637 INFO     benchmark — 3780/4000  A:85%  45.70 matches/s  ETA 5s
2026-10-05 19:08:31,822 INFO     benchmark — 3790/4000  A:85%  45.71 matches/s  ETA 5s
2026-10-05 19:08:32,022 INFO     benchmark — 3800/4000  A:85%  45.73 matches/s  ETA 4s
2026-10-05 19:08:32,221 INFO     benchmark — 3810/4000  A:85%  45.74 matches/s  ETA 4s
2026-10-05 19:08:32,417 INFO     benchmark — 3820/4000  A:85%  45.75 matches/s  ETA 4s
2026-10-05 19:08:32,591 INFO     benchmark — 3830/4000  A:85%  45.77 matches/s  ETA 4s
2026-10-05 19:08:32,775 INFO     benchmark — 3840/4000  A:85%  45.79 matches/s  ETA 3s
2026-10-05 19:08:32,949 INFO     benchmark — 3850/4000  A:85%  45.82 matches/s  ETA 3s
2026-10-05 19:08:33,131 INFO     benchmark — 3860/4000  A:85%  45.84 matches/s  ETA 3s
2026-10-05 19:08:33,317 INFO     benchmark — 3870/4000  A:85%  45.85 matches/s  ETA 3s
2026-10-05 19:08:33,488 INFO     benchmark — 3880/4000  A:85%  45.88 matches/s  ETA 3s
2026-10-05 19:08:33,680 INFO     benchmark — 3890/4000  A:85%  45.89 matches/s  ETA 2s
2026-10-05 19:08:33,842 INFO     benchmark — 3900/4000  A:85%  45.92 matches/s  ETA 2s
2026-10-05 19:08:34,035 INFO     benchmark — 3910/4000  A:85%  45.94 matches/s  ETA 2s
2026-10-05 19:08:34,228 INFO     benchmark — 3920/4000  A:85%  45.95 matches/s  ETA 2s
2026-10-05 19:08:34,422 INFO     benchmark — 3930/4000  A:85%  45.96 matches/s  ETA 2s
2026-10-05 19:08:34,594 INFO     benchmark — 3940/4000  A:85%  45.99 matches/s  ETA 1s
2026-10-05 19:08:34,762 INFO     benchmark — 3950/4000  A:85%  46.01 matches/s  ETA 1s
2026-10-05 19:08:34,938 INFO     benchmark — 3960/4000  A:85%  46.04 matches/s  ETA 1s
2026-10-05 19:08:35,126 INFO     benchmark — 3970/4000  A:85%  46.05 matches/s  ETA 1s
2026-10-05 19:08:35,306 INFO     benchmark — 3980/4000  A:85%  46.07 matches/s  ETA 0s
2026-10-05 19:08:35,478 INFO     benchmark — 3990/4000  A:85%  46.09 matches/s  ETA 0s
2026-10-05 19:08:35,674 INFO     benchmark — 4000/4000  A:85%  46.11 matches/s  ETA 0s
2026-10-05 19:08:35,683 INFO     benchmark — wrote results/009/M5M_vs_thr.json

──────────────────────────────────────────────────
Mode:        match_rl_vs_threshold
Matches:      4,000
──────────────────────────────────────────────────
RL(ckpt_0005002240) wins:  3,406  (85.2%)
Threshold wins:  594  (14.8%)
Ties:        0  (0.0%)
──────────────────────────────────────────────────

