2026-10-10 17:25:37,294 INFO     benchmark — 10/2000  A:10%  0.15 matches/s  ETA 13622s
2026-10-10 17:26:11,233 INFO     benchmark — 20/2000  A:25%  0.20 matches/s  ETA 10137s
2026-10-10 17:26:51,809 INFO     benchmark — 30/2000  A:27%  0.21 matches/s  ETA 9388s
2026-10-10 17:27:38,616 INFO     benchmark — 40/2000  A:32%  0.21 matches/s  ETA 9299s
2026-10-10 17:28:12,460 INFO     benchmark — 50/2000  A:30%  0.22 matches/s  ETA 8721s
2026-10-10 17:29:02,214 INFO     benchmark — 60/2000  A:33%  0.22 matches/s  ETA 8839s
2026-10-10 17:30:54,558 INFO     benchmark — 70/2000  A:31%  0.18 matches/s  ETA 10635s
2026-10-10 17:31:30,303 INFO     benchmark — 80/2000  A:32%  0.19 matches/s  ETA 10115s
2026-10-10 17:32:16,172 INFO     benchmark — 90/2000  A:32%  0.19 matches/s  ETA 9918s
2026-10-10 17:33:57,901 INFO     benchmark — 100/2000  A:31%  0.18 matches/s  ETA 10812s
2026-10-10 17:35:28,107 INFO     benchmark — 110/2000  A:29%  0.17 matches/s  ETA 11327s
2026-10-10 17:37:02,014 INFO     benchmark — 120/2000  A:28%  0.16 matches/s  ETA 11800s
2026-10-10 17:37:49,182 INFO     benchmark — 130/2000  A:28%  0.16 matches/s  ETA 11513s
2026-10-10 17:38:49,450 INFO     benchmark — 140/2000  A:29%  0.16 matches/s  ETA 11434s
2026-10-10 17:39:46,890 INFO     benchmark — 150/2000  A:31%  0.16 matches/s  ETA 11323s
2026-10-10 17:40:51,382 INFO     benchmark — 160/2000  A:32%  0.16 matches/s  ETA 11299s
2026-10-10 17:42:22,423 INFO     benchmark — 170/2000  A:32%  0.16 matches/s  ETA 11557s
2026-10-10 17:43:08,809 INFO     benchmark — 180/2000  A:32%  0.16 matches/s  ETA 11324s
2026-10-10 17:44:40,206 INFO     benchmark — 190/2000  A:32%  0.16 matches/s  ETA 11540s
2026-10-10 17:45:21,442 INFO     benchmark — 200/2000  A:32%  0.16 matches/s  ETA 11273s
2026-10-10 17:46:00,847 INFO     benchmark — 210/2000  A:32%  0.16 matches/s  ETA 11013s
2026-10-10 17:46:51,848 INFO     benchmark — 220/2000  A:32%  0.16 matches/s  ETA 10866s
2026-10-10 17:47:38,493 INFO     benchmark — 230/2000  A:32%  0.17 matches/s  ETA 10694s
2026-10-10 17:48:16,198 INFO     benchmark — 240/2000  A:33%  0.17 matches/s  ETA 10467s
2026-10-10 17:49:05,213 INFO     benchmark — 250/2000  A:32%  0.17 matches/s  ETA 10335s
2026-10-10 17:50:37,181 INFO     benchmark — 260/2000  A:32%  0.17 matches/s  ETA 10496s
2026-10-10 17:51:45,448 INFO     benchmark — 270/2000  A:31%  0.16 matches/s  ETA 10486s
2026-10-10 17:52:39,943 INFO     benchmark — 280/2000  A:31%  0.17 matches/s  ETA 10388s
2026-10-10 17:53:43,862 INFO     benchmark — 290/2000  A:31%  0.17 matches/s  ETA 10349s
2026-10-10 17:54:27,662 INFO     benchmark — 300/2000  A:31%  0.17 matches/s  ETA 10193s
2026-10-10 17:55:29,534 INFO     benchmark — 310/2000  A:31%  0.17 matches/s  ETA 10144s
2026-10-10 17:56:04,970 INFO     benchmark — 320/2000  A:32%  0.17 matches/s  ETA 9955s
2026-10-10 17:57:04,531 INFO     benchmark — 330/2000  A:32%  0.17 matches/s  ETA 9897s
2026-10-10 17:58:22,597 INFO     benchmark — 340/2000  A:32%  0.17 matches/s  ETA 9930s
2026-10-10 17:59:14,178 INFO     benchmark — 350/2000  A:32%  0.17 matches/s  ETA 9831s
2026-10-10 17:59:56,494 INFO     benchmark — 360/2000  A:32%  0.17 matches/s  ETA 9693s
2026-10-10 18:01:21,666 INFO     benchmark — 370/2000  A:32%  0.17 matches/s  ETA 9748s
2026-10-10 18:02:29,217 INFO     benchmark — 380/2000  A:32%  0.17 matches/s  ETA 9722s
2026-10-10 18:03:42,730 INFO     benchmark — 390/2000  A:32%  0.17 matches/s  ETA 9717s
2026-10-10 18:04:54,203 INFO     benchmark — 400/2000  A:32%  0.16 matches/s  ETA 9701s
2026-10-10 18:06:49,313 INFO     benchmark — 410/2000  A:32%  0.16 matches/s  ETA 9852s
2026-10-10 18:07:21,189 INFO     benchmark — 420/2000  A:32%  0.16 matches/s  ETA 9677s
2026-10-10 18:08:14,133 INFO     benchmark — 430/2000  A:32%  0.16 matches/s  ETA 9585s
2026-10-10 18:08:58,687 INFO     benchmark — 440/2000  A:31%  0.16 matches/s  ETA 9466s
2026-10-10 18:10:43,852 INFO     benchmark — 450/2000  A:31%  0.16 matches/s  ETA 9558s
2026-10-10 18:11:34,293 INFO     benchmark — 460/2000  A:32%  0.16 matches/s  ETA 9459s
2026-10-10 18:12:16,551 INFO     benchmark — 470/2000  A:31%  0.16 matches/s  ETA 9335s
2026-10-10 18:13:11,651 INFO     benchmark — 480/2000  A:32%  0.16 matches/s  ETA 9256s
2026-10-10 18:14:03,540 INFO     benchmark — 490/2000  A:32%  0.16 matches/s  ETA 9167s
2026-10-10 18:15:01,454 INFO     benchmark — 500/2000  A:32%  0.16 matches/s  ETA 9098s
2026-10-10 18:15:41,917 INFO     benchmark — 510/2000  A:32%  0.17 matches/s  ETA 8978s
2026-10-10 18:16:48,009 INFO     benchmark — 520/2000  A:32%  0.17 matches/s  ETA 8935s
2026-10-10 18:17:27,170 INFO     benchmark — 530/2000  A:32%  0.17 matches/s  ETA 8815s
2026-10-10 18:18:33,623 INFO     benchmark — 540/2000  A:32%  0.17 matches/s  ETA 8773s
2026-10-10 18:19:25,245 INFO     benchmark — 550/2000  A:32%  0.17 matches/s  ETA 8691s
2026-10-10 18:19:51,015 INFO     benchmark — 560/2000  A:32%  0.17 matches/s  ETA 8543s
2026-10-10 18:20:52,448 INFO     benchmark — 570/2000  A:32%  0.17 matches/s  ETA 8489s
2026-10-10 18:21:49,697 INFO     benchmark — 580/2000  A:32%  0.17 matches/s  ETA 8424s
2026-10-10 18:23:21,036 INFO     benchmark — 590/2000  A:32%  0.17 matches/s  ETA 8441s
2026-10-10 18:24:14,306 INFO     benchmark — 600/2000  A:32%  0.17 matches/s  ETA 8366s
2026-10-10 18:25:05,909 INFO     benchmark — 610/2000  A:32%  0.17 matches/s  ETA 8288s
2026-10-10 18:25:54,594 INFO     benchmark — 620/2000  A:32%  0.17 matches/s  ETA 8204s
2026-10-10 18:26:42,624 INFO     benchmark — 630/2000  A:32%  0.17 matches/s  ETA 8119s
2026-10-10 18:27:29,206 INFO     benchmark — 640/2000  A:32%  0.17 matches/s  ETA 8033s
2026-10-10 18:29:39,172 INFO     benchmark — 650/2000  A:31%  0.17 matches/s  ETA 8121s
2026-10-10 18:30:43,585 INFO     benchmark — 660/2000  A:31%  0.17 matches/s  ETA 8070s
2026-10-10 18:31:59,153 INFO     benchmark — 670/2000  A:31%  0.17 matches/s  ETA 8040s
2026-10-10 18:32:53,916 INFO     benchmark — 680/2000  A:32%  0.17 matches/s  ETA 7969s
2026-10-10 18:34:06,410 INFO     benchmark — 690/2000  A:32%  0.17 matches/s  ETA 7931s
2026-10-10 18:34:54,209 INFO     benchmark — 700/2000  A:32%  0.17 matches/s  ETA 7847s
2026-10-10 18:35:52,899 INFO     benchmark — 710/2000  A:32%  0.17 matches/s  ETA 7784s
2026-10-10 18:36:34,030 INFO     benchmark — 720/2000  A:32%  0.17 matches/s  ETA 7689s
2026-10-10 18:37:23,850 INFO     benchmark — 730/2000  A:32%  0.17 matches/s  ETA 7611s
2026-10-10 18:38:17,225 INFO     benchmark — 740/2000  A:32%  0.17 matches/s  ETA 7540s
2026-10-10 18:39:04,523 INFO     benchmark — 750/2000  A:32%  0.17 matches/s  ETA 7459s
2026-10-10 18:40:36,758 INFO     benchmark — 760/2000  A:32%  0.17 matches/s  ETA 7453s
2026-10-10 18:41:51,874 INFO     benchmark — 770/2000  A:32%  0.17 matches/s  ETA 7417s
2026-10-10 18:42:24,460 INFO     benchmark — 780/2000  A:32%  0.17 matches/s  ETA 7313s
2026-10-10 18:43:07,732 INFO     benchmark — 790/2000  A:32%  0.17 matches/s  ETA 7228s
2026-10-10 18:44:07,435 INFO     benchmark — 800/2000  A:32%  0.17 matches/s  ETA 7168s
2026-10-10 18:44:50,416 INFO     benchmark — 810/2000  A:32%  0.17 matches/s  ETA 7084s
2026-10-10 18:45:29,024 INFO     benchmark — 820/2000  A:33%  0.17 matches/s  ETA 6994s
2026-10-10 18:46:45,408 INFO     benchmark — 830/2000  A:33%  0.17 matches/s  ETA 6959s
2026-10-10 18:47:43,342 INFO     benchmark — 840/2000  A:33%  0.17 matches/s  ETA 6897s
2026-10-10 18:49:09,431 INFO     benchmark — 850/2000  A:33%  0.17 matches/s  ETA 6874s
2026-10-10 18:50:01,450 INFO     benchmark — 860/2000  A:33%  0.17 matches/s  ETA 6804s
2026-10-10 18:53:58,024 INFO     benchmark — 870/2000  A:33%  0.16 matches/s  ETA 6974s
2026-10-10 18:54:57,040 INFO     benchmark — 880/2000  A:33%  0.16 matches/s  ETA 6909s
2026-10-10 18:56:02,344 INFO     benchmark — 890/2000  A:33%  0.16 matches/s  ETA 6851s
2026-10-10 18:56:48,973 INFO     benchmark — 900/2000  A:33%  0.16 matches/s  ETA 6771s
2026-10-10 18:57:47,138 INFO     benchmark — 910/2000  A:32%  0.16 matches/s  ETA 6706s
2026-10-10 18:58:28,485 INFO     benchmark — 920/2000  A:32%  0.16 matches/s  ETA 6620s
2026-10-10 18:59:21,663 INFO     benchmark — 930/2000  A:33%  0.16 matches/s  ETA 6550s
2026-10-10 18:59:52,212 INFO     benchmark — 940/2000  A:33%  0.16 matches/s  ETA 6454s
2026-10-10 19:01:03,471 INFO     benchmark — 950/2000  A:33%  0.16 matches/s  ETA 6405s
2026-10-10 19:02:06,478 INFO     benchmark — 960/2000  A:32%  0.16 matches/s  ETA 6346s
2026-10-10 19:02:34,688 INFO     benchmark — 970/2000  A:32%  0.16 matches/s  ETA 6250s
2026-10-10 19:03:23,970 INFO     benchmark — 980/2000  A:32%  0.17 matches/s  ETA 6177s
2026-10-10 19:04:13,253 INFO     benchmark — 990/2000  A:32%  0.17 matches/s  ETA 6105s
2026-10-10 19:05:12,902 INFO     benchmark — 1000/2000  A:32%  0.17 matches/s  ETA 6044s
2026-10-10 19:05:59,254 INFO     benchmark — 1010/2000  A:32%  0.17 matches/s  ETA 5970s
2026-10-10 19:06:49,181 INFO     benchmark — 1020/2000  A:32%  0.17 matches/s  ETA 5900s
2026-10-10 19:07:12,084 INFO     benchmark — 1030/2000  A:32%  0.17 matches/s  ETA 5804s
2026-10-10 19:08:02,160 INFO     benchmark — 1040/2000  A:32%  0.17 matches/s  ETA 5735s
2026-10-10 19:08:30,233 INFO     benchmark — 1050/2000  A:32%  0.17 matches/s  ETA 5647s
2026-10-10 19:09:37,447 INFO     benchmark — 1060/2000  A:32%  0.17 matches/s  ETA 5594s
2026-10-10 19:10:56,505 INFO     benchmark — 1070/2000  A:32%  0.17 matches/s  ETA 5552s
2026-10-10 19:11:29,129 INFO     benchmark — 1080/2000  A:32%  0.17 matches/s  ETA 5469s
2026-10-10 19:12:15,067 INFO     benchmark — 1090/2000  A:32%  0.17 matches/s  ETA 5398s
2026-10-10 19:13:17,213 INFO     benchmark — 1100/2000  A:32%  0.17 matches/s  ETA 5341s
2026-10-10 19:13:52,040 INFO     benchmark — 1110/2000  A:32%  0.17 matches/s  ETA 5262s
2026-10-10 19:14:34,855 INFO     benchmark — 1120/2000  A:32%  0.17 matches/s  ETA 5190s
2026-10-10 19:15:10,340 INFO     benchmark — 1130/2000  A:32%  0.17 matches/s  ETA 5113s
2026-10-10 19:15:40,161 INFO     benchmark — 1140/2000  A:32%  0.17 matches/s  ETA 5033s
2026-10-10 19:16:16,501 INFO     benchmark — 1150/2000  A:32%  0.17 matches/s  ETA 4958s
2026-10-10 19:17:08,569 INFO     benchmark — 1160/2000  A:32%  0.17 matches/s  ETA 4895s
2026-10-10 19:17:32,004 INFO     benchmark — 1170/2000  A:32%  0.17 matches/s  ETA 4812s
2026-10-10 19:18:27,857 INFO     benchmark — 1180/2000  A:32%  0.17 matches/s  ETA 4753s
2026-10-10 19:18:53,515 INFO     benchmark — 1190/2000  A:32%  0.17 matches/s  ETA 4673s
2026-10-10 19:19:26,123 INFO     benchmark — 1200/2000  A:31%  0.17 matches/s  ETA 4598s
2026-10-10 19:20:22,516 INFO     benchmark — 1210/2000  A:31%  0.17 matches/s  ETA 4540s
2026-10-10 19:29:39,786 INFO     benchmark — 1220/2000  A:31%  0.16 matches/s  ETA 4802s
2026-10-10 19:30:11,993 INFO     benchmark — 1230/2000  A:31%  0.16 matches/s  ETA 4722s
2026-10-10 19:30:43,055 INFO     benchmark — 1240/2000  A:31%  0.16 matches/s  ETA 4642s
2026-10-10 19:31:17,869 INFO     benchmark — 1250/2000  A:31%  0.16 matches/s  ETA 4565s
2026-10-10 19:31:51,242 INFO     benchmark — 1260/2000  A:31%  0.16 matches/s  ETA 4488s
2026-10-10 19:32:23,456 INFO     benchmark — 1270/2000  A:32%  0.17 matches/s  ETA 4411s
2026-10-10 19:32:53,656 INFO     benchmark — 1280/2000  A:31%  0.17 matches/s  ETA 4334s
2026-10-10 19:33:30,396 INFO     benchmark — 1290/2000  A:31%  0.17 matches/s  ETA 4261s
2026-10-10 19:34:15,516 INFO     benchmark — 1300/2000  A:31%  0.17 matches/s  ETA 4193s
2026-10-10 19:34:57,471 INFO     benchmark — 1310/2000  A:31%  0.17 matches/s  ETA 4123s
2026-10-10 19:35:31,268 INFO     benchmark — 1320/2000  A:31%  0.17 matches/s  ETA 4050s
2026-10-10 19:37:08,435 INFO     benchmark — 1330/2000  A:31%  0.17 matches/s  ETA 4010s
2026-10-10 19:37:45,033 INFO     benchmark — 1340/2000  A:31%  0.17 matches/s  ETA 3938s
2026-10-10 19:38:18,113 INFO     benchmark — 1350/2000  A:31%  0.17 matches/s  ETA 3866s
2026-10-10 19:39:09,557 INFO     benchmark — 1360/2000  A:31%  0.17 matches/s  ETA 3803s
2026-10-10 19:39:48,374 INFO     benchmark — 1370/2000  A:31%  0.17 matches/s  ETA 3734s
2026-10-10 19:40:17,522 INFO     benchmark — 1380/2000  A:31%  0.17 matches/s  ETA 3661s
2026-10-10 19:40:40,194 INFO     benchmark — 1390/2000  A:31%  0.17 matches/s  ETA 3586s
2026-10-10 19:41:27,060 INFO     benchmark — 1400/2000  A:31%  0.17 matches/s  ETA 3522s
2026-10-10 19:42:00,066 INFO     benchmark — 1410/2000  A:31%  0.17 matches/s  ETA 3453s
2026-10-10 19:42:42,887 INFO     benchmark — 1420/2000  A:31%  0.17 matches/s  ETA 3388s
2026-10-10 19:43:18,421 INFO     benchmark — 1430/2000  A:31%  0.17 matches/s  ETA 3320s
2026-10-10 19:43:49,937 INFO     benchmark — 1440/2000  A:31%  0.17 matches/s  ETA 3252s
2026-10-10 19:44:27,895 INFO     benchmark — 1450/2000  A:31%  0.17 matches/s  ETA 3186s
2026-10-10 19:45:18,863 INFO     benchmark — 1460/2000  A:31%  0.17 matches/s  ETA 3125s
2026-10-10 19:46:21,230 INFO     benchmark — 1470/2000  A:31%  0.17 matches/s  ETA 3069s
2026-10-10 19:46:55,770 INFO     benchmark — 1480/2000  A:31%  0.17 matches/s  ETA 3003s
2026-10-10 19:47:33,497 INFO     benchmark — 1490/2000  A:31%  0.17 matches/s  ETA 2938s
2026-10-10 19:49:38,604 INFO     benchmark — 1500/2000  A:32%  0.17 matches/s  ETA 2903s
2026-10-10 19:50:18,950 INFO     benchmark — 1510/2000  A:31%  0.17 matches/s  ETA 2839s
2026-10-10 19:50:57,810 INFO     benchmark — 1520/2000  A:31%  0.17 matches/s  ETA 2775s
2026-10-10 19:53:06,149 INFO     benchmark — 1530/2000  A:32%  0.17 matches/s  ETA 2739s
2026-10-10 19:53:35,678 INFO     benchmark — 1540/2000  A:31%  0.17 matches/s  ETA 2672s
2026-10-10 19:54:12,407 INFO     benchmark — 1550/2000  A:31%  0.17 matches/s  ETA 2608s
2026-10-10 19:54:40,488 INFO     benchmark — 1560/2000  A:31%  0.17 matches/s  ETA 2542s
2026-10-10 19:55:11,276 INFO     benchmark — 1570/2000  A:31%  0.17 matches/s  ETA 2477s
2026-10-10 19:55:40,421 INFO     benchmark — 1580/2000  A:31%  0.17 matches/s  ETA 2411s
2026-10-10 19:56:10,311 INFO     benchmark — 1590/2000  A:31%  0.17 matches/s  ETA 2347s
2026-10-10 19:56:46,615 INFO     benchmark — 1600/2000  A:31%  0.18 matches/s  ETA 2284s
2026-10-10 19:57:26,531 INFO     benchmark — 1610/2000  A:31%  0.18 matches/s  ETA 2223s
2026-10-10 19:58:02,004 INFO     benchmark — 1620/2000  A:32%  0.18 matches/s  ETA 2161s
2026-10-10 19:58:39,581 INFO     benchmark — 1630/2000  A:31%  0.18 matches/s  ETA 2100s
2026-10-10 19:59:18,233 INFO     benchmark — 1640/2000  A:32%  0.18 matches/s  ETA 2039s
2026-10-10 19:59:35,959 INFO     benchmark — 1650/2000  A:32%  0.18 matches/s  ETA 1974s
2026-10-10 20:00:15,767 INFO     benchmark — 1660/2000  A:32%  0.18 matches/s  ETA 1914s
2026-10-10 20:00:47,764 INFO     benchmark — 1670/2000  A:31%  0.18 matches/s  ETA 1853s
2026-10-10 20:01:22,509 INFO     benchmark — 1680/2000  A:31%  0.18 matches/s  ETA 1793s
2026-10-10 20:01:47,864 INFO     benchmark — 1690/2000  A:31%  0.18 matches/s  ETA 1731s
2026-10-10 20:02:20,576 INFO     benchmark — 1700/2000  A:31%  0.18 matches/s  ETA 1671s
2026-10-10 20:02:42,276 INFO     benchmark — 1710/2000  A:31%  0.18 matches/s  ETA 1610s
2026-10-10 20:03:05,742 INFO     benchmark — 1720/2000  A:31%  0.18 matches/s  ETA 1549s
2026-10-10 20:03:47,167 INFO     benchmark — 1730/2000  A:31%  0.18 matches/s  ETA 1492s
2026-10-10 20:04:33,803 INFO     benchmark — 1740/2000  A:31%  0.18 matches/s  ETA 1435s
2026-10-10 20:05:08,097 INFO     benchmark — 1750/2000  A:31%  0.18 matches/s  ETA 1377s
2026-10-10 20:05:37,617 INFO     benchmark — 1760/2000  A:31%  0.18 matches/s  ETA 1318s
2026-10-10 20:06:32,440 INFO     benchmark — 1770/2000  A:31%  0.18 matches/s  ETA 1264s
2026-10-10 20:07:15,797 INFO     benchmark — 1780/2000  A:31%  0.18 matches/s  ETA 1207s
2026-10-10 20:08:16,721 INFO     benchmark — 1790/2000  A:31%  0.18 matches/s  ETA 1153s
2026-10-10 20:08:48,209 INFO     benchmark — 1800/2000  A:31%  0.18 matches/s  ETA 1095s
2026-10-10 20:09:56,366 INFO     benchmark — 1810/2000  A:31%  0.18 matches/s  ETA 1042s
2026-10-10 20:10:44,408 INFO     benchmark — 1820/2000  A:31%  0.18 matches/s  ETA 987s
2026-10-10 20:11:25,751 INFO     benchmark — 1830/2000  A:31%  0.18 matches/s  ETA 931s
2026-10-10 20:13:09,610 INFO     benchmark — 1840/2000  A:31%  0.18 matches/s  ETA 880s
2026-10-10 20:13:54,160 INFO     benchmark — 1850/2000  A:31%  0.18 matches/s  ETA 824s
2026-10-10 20:14:18,895 INFO     benchmark — 1860/2000  A:31%  0.18 matches/s  ETA 767s
2026-10-10 20:14:55,583 INFO     benchmark — 1870/2000  A:31%  0.18 matches/s  ETA 711s
2026-10-10 20:15:54,050 INFO     benchmark — 1880/2000  A:31%  0.18 matches/s  ETA 657s
2026-10-10 20:16:24,936 INFO     benchmark — 1890/2000  A:31%  0.18 matches/s  ETA 600s
2026-10-10 20:16:45,816 INFO     benchmark — 1900/2000  A:31%  0.18 matches/s  ETA 544s
2026-10-10 20:18:12,263 INFO     benchmark — 1910/2000  A:31%  0.18 matches/s  ETA 491s
2026-10-10 20:18:35,696 INFO     benchmark — 1920/2000  A:31%  0.18 matches/s  ETA 435s
2026-10-10 20:19:19,741 INFO     benchmark — 1930/2000  A:31%  0.18 matches/s  ETA 380s
2026-10-10 20:19:55,083 INFO     benchmark — 1940/2000  A:31%  0.18 matches/s  ETA 326s
2026-10-10 20:20:30,734 INFO     benchmark — 1950/2000  A:31%  0.18 matches/s  ETA 271s
2026-10-10 20:21:13,882 INFO     benchmark — 1960/2000  A:31%  0.18 matches/s  ETA 216s
2026-10-10 20:21:57,406 INFO     benchmark — 1970/2000  A:31%  0.19 matches/s  ETA 162s
2026-10-10 20:22:53,577 INFO     benchmark — 1980/2000  A:31%  0.18 matches/s  ETA 108s
2026-10-10 20:23:33,882 INFO     benchmark — 1990/2000  A:31%  0.19 matches/s  ETA 54s
2026-10-10 20:24:13,011 INFO     benchmark — 2000/2000  A:31%  0.19 matches/s  ETA 0s
2026-10-10 20:24:13,024 INFO     benchmark — wrote results/013/fair_vs_thr.json

──────────────────────────────────────────────────
Mode:        match_von_neumann_determinized_vs_threshold
Matches:      2,000
──────────────────────────────────────────────────
VNDet(r=20) wins:  619  (30.9%)
Threshold wins:  1,381  (69.0%)
Ties:        0  (0.0%)
──────────────────────────────────────────────────

