2026-10-10 00:49:59,166 INFO     benchmark — 10/2000  A:40%  0.16 matches/s  ETA 12133s
2026-10-10 00:50:39,267 INFO     benchmark — 20/2000  A:35%  0.20 matches/s  ETA 10006s
2026-10-10 00:51:11,279 INFO     benchmark — 30/2000  A:33%  0.23 matches/s  ETA 8739s
2026-10-10 00:52:12,073 INFO     benchmark — 40/2000  A:35%  0.21 matches/s  ETA 9500s
2026-10-10 00:52:48,711 INFO     benchmark — 50/2000  A:34%  0.22 matches/s  ETA 8990s
2026-10-10 00:53:40,284 INFO     benchmark — 60/2000  A:40%  0.21 matches/s  ETA 9121s
2026-10-10 00:54:12,624 INFO     benchmark — 70/2000  A:37%  0.22 matches/s  ETA 8669s
2026-10-10 00:55:17,273 INFO     benchmark — 80/2000  A:38%  0.21 matches/s  ETA 9098s
2026-10-10 00:56:12,439 INFO     benchmark — 90/2000  A:37%  0.21 matches/s  ETA 9216s
2026-10-10 00:58:43,574 INFO     benchmark — 100/2000  A:37%  0.17 matches/s  ETA 11122s
2026-10-10 00:59:28,150 INFO     benchmark — 110/2000  A:36%  0.17 matches/s  ETA 10824s
2026-10-10 01:00:43,888 INFO     benchmark — 120/2000  A:36%  0.17 matches/s  ETA 11056s
2026-10-10 01:01:32,205 INFO     benchmark — 130/2000  A:35%  0.17 matches/s  ETA 10846s
2026-10-10 01:02:10,996 INFO     benchmark — 140/2000  A:36%  0.18 matches/s  ETA 10533s
2026-10-10 01:03:28,942 INFO     benchmark — 150/2000  A:37%  0.17 matches/s  ETA 10739s
2026-10-10 01:04:41,448 INFO     benchmark — 160/2000  A:35%  0.17 matches/s  ETA 10847s
2026-10-10 01:05:58,029 INFO     benchmark — 170/2000  A:36%  0.17 matches/s  ETA 10978s
2026-10-10 01:06:37,553 INFO     benchmark — 180/2000  A:37%  0.17 matches/s  ETA 10711s
2026-10-10 01:07:27,803 INFO     benchmark — 190/2000  A:37%  0.17 matches/s  ETA 10570s
2026-10-10 01:08:33,725 INFO     benchmark — 200/2000  A:38%  0.17 matches/s  ETA 10580s
2026-10-10 01:09:14,039 INFO     benchmark — 210/2000  A:38%  0.17 matches/s  ETA 10364s
2026-10-10 01:10:12,898 INFO     benchmark — 220/2000  A:37%  0.17 matches/s  ETA 10313s
2026-10-10 01:11:24,447 INFO     benchmark — 230/2000  A:36%  0.17 matches/s  ETA 10360s
2026-10-10 01:12:26,731 INFO     benchmark — 240/2000  A:36%  0.17 matches/s  ETA 10329s
2026-10-10 01:13:10,463 INFO     benchmark — 250/2000  A:36%  0.17 matches/s  ETA 10166s
2026-10-10 01:13:53,759 INFO     benchmark — 260/2000  A:36%  0.17 matches/s  ETA 10009s
2026-10-10 01:14:33,193 INFO     benchmark — 270/2000  A:36%  0.18 matches/s  ETA 9835s
2026-10-10 01:15:24,854 INFO     benchmark — 280/2000  A:35%  0.18 matches/s  ETA 9747s
2026-10-10 01:15:55,275 INFO     benchmark — 290/2000  A:34%  0.18 matches/s  ETA 9535s
2026-10-10 01:16:53,509 INFO     benchmark — 300/2000  A:34%  0.18 matches/s  ETA 9493s
2026-10-10 01:18:17,223 INFO     benchmark — 310/2000  A:35%  0.18 matches/s  ETA 9590s
2026-10-10 01:19:37,708 INFO     benchmark — 320/2000  A:34%  0.17 matches/s  ETA 9657s
2026-10-10 01:20:20,412 INFO     benchmark — 330/2000  A:33%  0.18 matches/s  ETA 9525s
2026-10-10 01:21:35,909 INFO     benchmark — 340/2000  A:34%  0.17 matches/s  ETA 9558s
2026-10-10 01:22:07,362 INFO     benchmark — 350/2000  A:34%  0.18 matches/s  ETA 9377s
2026-10-10 01:23:13,931 INFO     benchmark — 360/2000  A:34%  0.18 matches/s  ETA 9365s
2026-10-10 01:24:10,282 INFO     benchmark — 370/2000  A:34%  0.18 matches/s  ETA 9305s
2026-10-10 01:25:06,993 INFO     benchmark — 380/2000  A:34%  0.18 matches/s  ETA 9246s
2026-10-10 01:26:28,758 INFO     benchmark — 390/2000  A:34%  0.17 matches/s  ETA 9291s
2026-10-10 01:27:24,699 INFO     benchmark — 400/2000  A:35%  0.17 matches/s  ETA 9226s
2026-10-10 01:28:42,685 INFO     benchmark — 410/2000  A:35%  0.17 matches/s  ETA 9247s
2026-10-10 01:29:40,621 INFO     benchmark — 420/2000  A:35%  0.17 matches/s  ETA 9188s
2026-10-10 01:30:13,986 INFO     benchmark — 430/2000  A:36%  0.17 matches/s  ETA 9040s
2026-10-10 01:30:55,051 INFO     benchmark — 440/2000  A:35%  0.17 matches/s  ETA 8923s
2026-10-10 01:32:13,754 INFO     benchmark — 450/2000  A:35%  0.17 matches/s  ETA 8940s
2026-10-10 01:32:59,345 INFO     benchmark — 460/2000  A:36%  0.17 matches/s  ETA 8842s
2026-10-10 01:33:37,272 INFO     benchmark — 470/2000  A:36%  0.18 matches/s  ETA 8721s
2026-10-10 01:34:49,573 INFO     benchmark — 480/2000  A:36%  0.17 matches/s  ETA 8713s
2026-10-10 01:35:21,754 INFO     benchmark — 490/2000  A:36%  0.18 matches/s  ETA 8578s
2026-10-10 01:36:25,926 INFO     benchmark — 500/2000  A:35%  0.18 matches/s  ETA 8543s
2026-10-10 01:37:12,986 INFO     benchmark — 510/2000  A:36%  0.18 matches/s  ETA 8457s
2026-10-10 01:38:26,302 INFO     benchmark — 520/2000  A:36%  0.18 matches/s  ETA 8448s
2026-10-10 01:39:21,389 INFO     benchmark — 530/2000  A:36%  0.18 matches/s  ETA 8385s
2026-10-10 01:40:20,939 INFO     benchmark — 540/2000  A:36%  0.18 matches/s  ETA 8335s
2026-10-10 01:41:14,506 INFO     benchmark — 550/2000  A:36%  0.18 matches/s  ETA 8268s
2026-10-10 01:42:20,386 INFO     benchmark — 560/2000  A:36%  0.17 matches/s  ETA 8234s
2026-10-10 01:43:24,002 INFO     benchmark — 570/2000  A:36%  0.17 matches/s  ETA 8193s
2026-10-10 01:44:41,994 INFO     benchmark — 580/2000  A:36%  0.17 matches/s  ETA 8187s
2026-10-10 01:45:21,890 INFO     benchmark — 590/2000  A:36%  0.17 matches/s  ETA 8086s
2026-10-10 01:46:05,259 INFO     benchmark — 600/2000  A:36%  0.18 matches/s  ETA 7996s
2026-10-10 01:46:56,695 INFO     benchmark — 610/2000  A:36%  0.18 matches/s  ETA 7926s
2026-10-10 01:48:05,387 INFO     benchmark — 620/2000  A:36%  0.17 matches/s  ETA 7895s
2026-10-10 01:48:49,906 INFO     benchmark — 630/2000  A:36%  0.18 matches/s  ETA 7811s
2026-10-10 01:49:22,665 INFO     benchmark — 640/2000  A:35%  0.18 matches/s  ETA 7702s
2026-10-10 01:50:26,416 INFO     benchmark — 650/2000  A:35%  0.18 matches/s  ETA 7660s
2026-10-10 01:51:05,196 INFO     benchmark — 660/2000  A:35%  0.18 matches/s  ETA 7567s
2026-10-10 01:52:14,780 INFO     benchmark — 670/2000  A:35%  0.18 matches/s  ETA 7536s
2026-10-10 01:53:29,801 INFO     benchmark — 680/2000  A:36%  0.18 matches/s  ETA 7515s
2026-10-10 01:55:08,065 INFO     benchmark — 690/2000  A:36%  0.17 matches/s  ETA 7537s
2026-10-10 01:56:17,814 INFO     benchmark — 700/2000  A:36%  0.17 matches/s  ETA 7502s
2026-10-10 01:57:15,985 INFO     benchmark — 710/2000  A:36%  0.17 matches/s  ETA 7445s
2026-10-10 01:58:12,011 INFO     benchmark — 720/2000  A:36%  0.17 matches/s  ETA 7385s
2026-10-10 01:58:54,655 INFO     benchmark — 730/2000  A:35%  0.17 matches/s  ETA 7301s
2026-10-10 01:59:38,722 INFO     benchmark — 740/2000  A:36%  0.17 matches/s  ETA 7220s
2026-10-10 02:00:41,063 INFO     benchmark — 750/2000  A:36%  0.17 matches/s  ETA 7171s
2026-10-10 02:01:51,997 INFO     benchmark — 760/2000  A:36%  0.17 matches/s  ETA 7136s
2026-10-10 02:03:06,245 INFO     benchmark — 770/2000  A:36%  0.17 matches/s  ETA 7105s
2026-10-10 02:04:04,520 INFO     benchmark — 780/2000  A:36%  0.17 matches/s  ETA 7048s
2026-10-10 02:05:08,717 INFO     benchmark — 790/2000  A:36%  0.17 matches/s  ETA 7000s
2026-10-10 02:05:56,155 INFO     benchmark — 800/2000  A:36%  0.17 matches/s  ETA 6927s
2026-10-10 02:06:41,075 INFO     benchmark — 810/2000  A:37%  0.17 matches/s  ETA 6850s
2026-10-10 02:07:29,988 INFO     benchmark — 820/2000  A:36%  0.17 matches/s  ETA 6780s
2026-10-10 02:08:40,052 INFO     benchmark — 830/2000  A:37%  0.17 matches/s  ETA 6741s
2026-10-10 02:09:41,470 INFO     benchmark — 840/2000  A:37%  0.17 matches/s  ETA 6688s
2026-10-10 02:10:41,779 INFO     benchmark — 850/2000  A:37%  0.17 matches/s  ETA 6634s
2026-10-10 02:11:29,777 INFO     benchmark — 860/2000  A:37%  0.17 matches/s  ETA 6564s
2026-10-10 02:12:20,340 INFO     benchmark — 870/2000  A:37%  0.17 matches/s  ETA 6497s
2026-10-10 02:13:19,909 INFO     benchmark — 880/2000  A:37%  0.17 matches/s  ETA 6442s
2026-10-10 02:14:16,458 INFO     benchmark — 890/2000  A:37%  0.17 matches/s  ETA 6383s
2026-10-10 02:15:03,971 INFO     benchmark — 900/2000  A:37%  0.17 matches/s  ETA 6314s
2026-10-10 02:16:15,212 INFO     benchmark — 910/2000  A:37%  0.17 matches/s  ETA 6273s
2026-10-10 02:17:06,972 INFO     benchmark — 920/2000  A:36%  0.17 matches/s  ETA 6209s
2026-10-10 02:17:46,917 INFO     benchmark — 930/2000  A:36%  0.17 matches/s  ETA 6131s
2026-10-10 02:18:47,642 INFO     benchmark — 940/2000  A:36%  0.17 matches/s  ETA 6077s
2026-10-10 02:20:05,097 INFO     benchmark — 950/2000  A:36%  0.17 matches/s  ETA 6042s
2026-10-10 02:21:13,233 INFO     benchmark — 960/2000  A:36%  0.17 matches/s  ETA 5996s
2026-10-10 02:21:51,112 INFO     benchmark — 970/2000  A:36%  0.17 matches/s  ETA 5918s
2026-10-10 02:22:49,924 INFO     benchmark — 980/2000  A:36%  0.17 matches/s  ETA 5862s
2026-10-10 02:24:33,837 INFO     benchmark — 990/2000  A:36%  0.17 matches/s  ETA 5852s
2026-10-10 02:25:29,345 INFO     benchmark — 1000/2000  A:36%  0.17 matches/s  ETA 5791s
2026-10-10 02:26:26,185 INFO     benchmark — 1010/2000  A:36%  0.17 matches/s  ETA 5732s
2026-10-10 02:26:55,504 INFO     benchmark — 1020/2000  A:36%  0.17 matches/s  ETA 5647s
2026-10-10 02:27:26,540 INFO     benchmark — 1030/2000  A:36%  0.17 matches/s  ETA 5564s
2026-10-10 02:28:42,902 INFO     benchmark — 1040/2000  A:36%  0.17 matches/s  ETA 5524s
2026-10-10 02:29:28,874 INFO     benchmark — 1050/2000  A:36%  0.17 matches/s  ETA 5456s
2026-10-10 02:31:15,763 INFO     benchmark — 1060/2000  A:36%  0.17 matches/s  ETA 5443s
2026-10-10 02:32:18,686 INFO     benchmark — 1070/2000  A:36%  0.17 matches/s  ETA 5389s
2026-10-10 02:32:42,924 INFO     benchmark — 1080/2000  A:36%  0.17 matches/s  ETA 5303s
2026-10-10 02:33:26,550 INFO     benchmark — 1090/2000  A:36%  0.17 matches/s  ETA 5233s
2026-10-10 02:34:51,768 INFO     benchmark — 1100/2000  A:36%  0.17 matches/s  ETA 5198s
2026-10-10 02:36:05,427 INFO     benchmark — 1110/2000  A:36%  0.17 matches/s  ETA 5153s
2026-10-10 02:37:06,613 INFO     benchmark — 1120/2000  A:36%  0.17 matches/s  ETA 5098s
2026-10-10 02:37:51,441 INFO     benchmark — 1130/2000  A:36%  0.17 matches/s  ETA 5030s
2026-10-10 02:38:48,909 INFO     benchmark — 1140/2000  A:36%  0.17 matches/s  ETA 4972s
2026-10-10 02:39:28,144 INFO     benchmark — 1150/2000  A:36%  0.17 matches/s  ETA 4900s
2026-10-10 02:40:25,679 INFO     benchmark — 1160/2000  A:36%  0.17 matches/s  ETA 4843s
2026-10-10 02:41:10,286 INFO     benchmark — 1170/2000  A:36%  0.17 matches/s  ETA 4776s
2026-10-10 02:41:54,320 INFO     benchmark — 1180/2000  A:36%  0.17 matches/s  ETA 4709s
2026-10-10 02:42:33,813 INFO     benchmark — 1190/2000  A:35%  0.17 matches/s  ETA 4639s
2026-10-10 02:43:25,825 INFO     benchmark — 1200/2000  A:35%  0.17 matches/s  ETA 4578s
2026-10-10 02:44:53,278 INFO     benchmark — 1210/2000  A:35%  0.17 matches/s  ETA 4541s
2026-10-10 02:45:58,238 INFO     benchmark — 1220/2000  A:35%  0.17 matches/s  ETA 4488s
2026-10-10 02:46:52,950 INFO     benchmark — 1230/2000  A:35%  0.17 matches/s  ETA 4429s
2026-10-10 02:47:35,337 INFO     benchmark — 1240/2000  A:35%  0.17 matches/s  ETA 4362s
2026-10-10 02:48:53,818 INFO     benchmark — 1250/2000  A:35%  0.17 matches/s  ETA 4317s
2026-10-10 02:49:51,834 INFO     benchmark — 1260/2000  A:35%  0.17 matches/s  ETA 4260s
2026-10-10 02:50:47,844 INFO     benchmark — 1270/2000  A:35%  0.17 matches/s  ETA 4202s
2026-10-10 02:51:15,933 INFO     benchmark — 1280/2000  A:35%  0.17 matches/s  ETA 4127s
2026-10-10 02:52:01,474 INFO     benchmark — 1290/2000  A:35%  0.17 matches/s  ETA 4064s
2026-10-10 02:52:40,291 INFO     benchmark — 1300/2000  A:35%  0.18 matches/s  ETA 3997s
2026-10-10 02:53:13,771 INFO     benchmark — 1310/2000  A:35%  0.18 matches/s  ETA 3927s
2026-10-10 02:54:42,806 INFO     benchmark — 1320/2000  A:35%  0.17 matches/s  ETA 3887s
2026-10-10 02:55:48,855 INFO     benchmark — 1330/2000  A:35%  0.17 matches/s  ETA 3834s
2026-10-10 02:56:40,363 INFO     benchmark — 1340/2000  A:35%  0.17 matches/s  ETA 3774s
2026-10-10 02:57:50,557 INFO     benchmark — 1350/2000  A:35%  0.17 matches/s  ETA 3723s
2026-10-10 02:58:57,236 INFO     benchmark — 1360/2000  A:35%  0.17 matches/s  ETA 3670s
2026-10-10 02:59:50,633 INFO     benchmark — 1370/2000  A:35%  0.17 matches/s  ETA 3611s
2026-10-10 03:00:46,693 INFO     benchmark — 1380/2000  A:35%  0.17 matches/s  ETA 3553s
2026-10-10 03:01:11,844 INFO     benchmark — 1390/2000  A:35%  0.18 matches/s  ETA 3482s
2026-10-10 03:02:31,032 INFO     benchmark — 1400/2000  A:35%  0.17 matches/s  ETA 3434s
2026-10-10 03:03:39,997 INFO     benchmark — 1410/2000  A:35%  0.17 matches/s  ETA 3382s
2026-10-10 03:04:51,662 INFO     benchmark — 1420/2000  A:36%  0.17 matches/s  ETA 3330s
2026-10-10 03:05:52,738 INFO     benchmark — 1430/2000  A:35%  0.17 matches/s  ETA 3274s
2026-10-10 03:06:53,664 INFO     benchmark — 1440/2000  A:35%  0.17 matches/s  ETA 3218s
2026-10-10 03:07:44,458 INFO     benchmark — 1450/2000  A:35%  0.17 matches/s  ETA 3158s
2026-10-10 03:08:59,014 INFO     benchmark — 1460/2000  A:35%  0.17 matches/s  ETA 3107s
2026-10-10 03:09:54,161 INFO     benchmark — 1470/2000  A:35%  0.17 matches/s  ETA 3049s
2026-10-10 03:10:50,586 INFO     benchmark — 1480/2000  A:35%  0.17 matches/s  ETA 2991s
2026-10-10 03:11:55,207 INFO     benchmark — 1490/2000  A:35%  0.17 matches/s  ETA 2936s
2026-10-10 03:12:44,067 INFO     benchmark — 1500/2000  A:36%  0.17 matches/s  ETA 2875s
2026-10-10 03:13:53,275 INFO     benchmark — 1510/2000  A:35%  0.17 matches/s  ETA 2822s
2026-10-10 03:14:32,675 INFO     benchmark — 1520/2000  A:35%  0.17 matches/s  ETA 2758s
2026-10-10 03:16:01,428 INFO     benchmark — 1530/2000  A:35%  0.17 matches/s  ETA 2710s
2026-10-10 03:16:54,258 INFO     benchmark — 1540/2000  A:35%  0.17 matches/s  ETA 2651s
2026-10-10 03:17:35,162 INFO     benchmark — 1550/2000  A:35%  0.17 matches/s  ETA 2589s
2026-10-10 03:18:17,724 INFO     benchmark — 1560/2000  A:35%  0.17 matches/s  ETA 2527s
2026-10-10 03:19:08,345 INFO     benchmark — 1570/2000  A:35%  0.17 matches/s  ETA 2468s
2026-10-10 03:20:16,760 INFO     benchmark — 1580/2000  A:35%  0.17 matches/s  ETA 2413s
2026-10-10 03:21:24,126 INFO     benchmark — 1590/2000  A:35%  0.17 matches/s  ETA 2358s
2026-10-10 03:22:22,642 INFO     benchmark — 1600/2000  A:35%  0.17 matches/s  ETA 2301s
2026-10-10 03:23:47,154 INFO     benchmark — 1610/2000  A:35%  0.17 matches/s  ETA 2250s
2026-10-10 03:25:18,159 INFO     benchmark — 1620/2000  A:35%  0.17 matches/s  ETA 2200s
2026-10-10 03:26:12,180 INFO     benchmark — 1630/2000  A:35%  0.17 matches/s  ETA 2141s
2026-10-10 03:27:01,167 INFO     benchmark — 1640/2000  A:35%  0.17 matches/s  ETA 2082s
2026-10-10 03:27:33,410 INFO     benchmark — 1650/2000  A:35%  0.17 matches/s  ETA 2018s
2026-10-10 03:28:30,277 INFO     benchmark — 1660/2000  A:35%  0.17 matches/s  ETA 1961s
2026-10-10 03:29:27,057 INFO     benchmark — 1670/2000  A:35%  0.17 matches/s  ETA 1903s
2026-10-10 03:30:27,146 INFO     benchmark — 1680/2000  A:35%  0.17 matches/s  ETA 1846s
2026-10-10 03:31:13,194 INFO     benchmark — 1690/2000  A:35%  0.17 matches/s  ETA 1786s
2026-10-10 03:31:54,136 INFO     benchmark — 1700/2000  A:35%  0.17 matches/s  ETA 1725s
2026-10-10 03:32:41,228 INFO     benchmark — 1710/2000  A:35%  0.17 matches/s  ETA 1666s
2026-10-10 03:33:31,240 INFO     benchmark — 1720/2000  A:35%  0.17 matches/s  ETA 1607s
2026-10-10 03:34:24,618 INFO     benchmark — 1730/2000  A:35%  0.17 matches/s  ETA 1549s
2026-10-10 03:34:55,033 INFO     benchmark — 1740/2000  A:35%  0.17 matches/s  ETA 1488s
2026-10-10 03:35:36,624 INFO     benchmark — 1750/2000  A:35%  0.18 matches/s  ETA 1428s
2026-10-10 03:36:18,297 INFO     benchmark — 1760/2000  A:35%  0.18 matches/s  ETA 1369s
2026-10-10 03:37:24,099 INFO     benchmark — 1770/2000  A:35%  0.18 matches/s  ETA 1313s
2026-10-10 03:38:16,174 INFO     benchmark — 1780/2000  A:35%  0.18 matches/s  ETA 1255s
2026-10-10 03:39:14,455 INFO     benchmark — 1790/2000  A:35%  0.18 matches/s  ETA 1199s
2026-10-10 03:39:59,858 INFO     benchmark — 1800/2000  A:35%  0.18 matches/s  ETA 1140s
2026-10-10 03:41:15,959 INFO     benchmark — 1810/2000  A:35%  0.18 matches/s  ETA 1085s
2026-10-10 03:41:57,169 INFO     benchmark — 1820/2000  A:35%  0.18 matches/s  ETA 1026s
2026-10-10 03:42:47,514 INFO     benchmark — 1830/2000  A:35%  0.18 matches/s  ETA 969s
2026-10-10 03:43:25,042 INFO     benchmark — 1840/2000  A:35%  0.18 matches/s  ETA 910s
2026-10-10 03:44:15,618 INFO     benchmark — 1850/2000  A:35%  0.18 matches/s  ETA 853s
2026-10-10 03:44:48,011 INFO     benchmark — 1860/2000  A:35%  0.18 matches/s  ETA 794s
2026-10-10 03:45:54,517 INFO     benchmark — 1870/2000  A:35%  0.18 matches/s  ETA 738s
2026-10-10 03:46:41,704 INFO     benchmark — 1880/2000  A:35%  0.18 matches/s  ETA 681s
2026-10-10 03:47:09,418 INFO     benchmark — 1890/2000  A:35%  0.18 matches/s  ETA 622s
2026-10-10 03:47:31,541 INFO     benchmark — 1900/2000  A:35%  0.18 matches/s  ETA 564s
2026-10-10 03:48:37,932 INFO     benchmark — 1910/2000  A:35%  0.18 matches/s  ETA 508s
2026-10-10 03:49:49,365 INFO     benchmark — 1920/2000  A:35%  0.18 matches/s  ETA 452s
2026-10-10 03:50:30,214 INFO     benchmark — 1930/2000  A:35%  0.18 matches/s  ETA 395s
2026-10-10 03:51:16,173 INFO     benchmark — 1940/2000  A:35%  0.18 matches/s  ETA 338s
2026-10-10 03:51:51,481 INFO     benchmark — 1950/2000  A:35%  0.18 matches/s  ETA 281s
2026-10-10 03:52:21,604 INFO     benchmark — 1960/2000  A:34%  0.18 matches/s  ETA 225s
2026-10-10 03:53:09,899 INFO     benchmark — 1970/2000  A:34%  0.18 matches/s  ETA 168s
2026-10-10 03:54:31,313 INFO     benchmark — 1980/2000  A:34%  0.18 matches/s  ETA 112s
2026-10-10 03:55:39,637 INFO     benchmark — 1990/2000  A:34%  0.18 matches/s  ETA 56s
2026-10-10 03:56:42,321 INFO     benchmark — 2000/2000  A:34%  0.18 matches/s  ETA 0s
2026-10-10 03:56:42,337 INFO     benchmark — wrote results/013/fair_vs_omni.json

──────────────────────────────────────────────────
Mode:        match_von_neumann_determinized_vs_von_neumann_omniscient
Matches:      2,000
──────────────────────────────────────────────────
VNDet(r=20) wins:  686  (34.3%)
VonNeumann-Omniscient(r=20) wins:  1,314  (65.7%)
Ties:        0  (0.0%)
──────────────────────────────────────────────────

