
Behavioral Cloning — Truco RL
  Games to collect : 50,000
  Epochs           : 10
  Load checkpoint  : None (fresh model)
  Output           : checkpoints/bc_init.zip

[1/3] Collecting trajectories...
  collected 5,000/50,000 games (65,251 steps)
  collected 10,000/50,000 games (130,179 steps)
  collected 15,000/50,000 games (195,502 steps)
  collected 20,000/50,000 games (261,163 steps)
  collected 25,000/50,000 games (326,219 steps)
  collected 30,000/50,000 games (390,997 steps)
  collected 35,000/50,000 games (456,007 steps)
  collected 40,000/50,000 games (520,522 steps)
  collected 45,000/50,000 games (584,893 steps)
  collected 50,000/50,000 games (650,312 steps)
  Done: 650,312 (obs, action) pairs

[2/3] Building model...
  Built fresh model (256x256, device=cuda)

[3/3] Training...

  BC training: 650,312 samples, 10 epochs, batch=2048
  epoch  1/10  loss=0.4621  acc=0.821
  epoch  2/10  loss=0.3293  acc=0.868
  epoch  3/10  loss=0.2819  acc=0.890
  epoch  4/10  loss=0.2556  acc=0.901
  epoch  5/10  loss=0.2386  acc=0.908
  epoch  6/10  loss=0.2266  acc=0.913
  epoch  7/10  loss=0.2175  acc=0.916
  epoch  8/10  loss=0.2104  acc=0.918
  epoch  9/10  loss=0.2046  acc=0.919
  epoch 10/10  loss=0.1999  acc=0.920

Done in 1050.1s. Saved to checkpoints/bc_init.zip

Next step — PPO fine-tuning from BC checkpoint:
  uv run training/train.py --opponents threshold --steps 2000000
